Archive member included because of file (symbol)

/home/think/ti/syslink_2_21_01_05/packages/ti/syslink/lib/syslink.a_debug(SharedRegion.o)
                              bin/debug/obj/sharearea.ov5T (SharedRegion_getSRPtr)
/home/think/ti/syslink_2_21_01_05/packages/ti/syslink/lib/syslink.a_debug(Notify.o)
                              bin/debug/obj/sharearea.ov5T (Notify_registerEvent)
/home/think/ti/syslink_2_21_01_05/packages/ti/syslink/lib/syslink.a_debug(MessageQ.o)
                              bin/debug/obj/sharearea.ov5T (MessageQ_Params_init)
/home/think/ti/syslink_2_21_01_05/packages/ti/syslink/lib/syslink.a_debug(Ipc.o)
                              bin/debug/obj/arm_main.ov5T (Ipc_control)
/home/think/ti/syslink_2_21_01_05/packages/ti/syslink/lib/syslink.a_debug(RingIO.o)
                              /home/think/ti/syslink_2_21_01_05/packages/ti/syslink/lib/syslink.a_debug(Ipc.o) (RingIO_getConfig)
/home/think/ti/syslink_2_21_01_05/packages/ti/syslink/lib/syslink.a_debug(RingIOShm.o)
                              /home/think/ti/syslink_2_21_01_05/packages/ti/syslink/lib/syslink.a_debug(Ipc.o) (RingIOShm_getConfig)
/home/think/ti/syslink_2_21_01_05/packages/ti/syslink/lib/syslink.a_debug(FrameQ.o)
                              /home/think/ti/syslink_2_21_01_05/packages/ti/syslink/lib/syslink.a_debug(Ipc.o) (FrameQ_getConfig)
/home/think/ti/syslink_2_21_01_05/packages/ti/syslink/lib/syslink.a_debug(FrameQBufMgr.o)
                              /home/think/ti/syslink_2_21_01_05/packages/ti/syslink/lib/syslink.a_debug(Ipc.o) (FrameQBufMgr_getConfig)
/home/think/ti/syslink_2_21_01_05/packages/ti/syslink/lib/syslink.a_debug(ClientNotifyMgr.o)
                              /home/think/ti/syslink_2_21_01_05/packages/ti/syslink/lib/syslink.a_debug(RingIO.o) (ClientNotifyMgr_sharedMemReq)
/home/think/ti/syslink_2_21_01_05/packages/ti/syslink/lib/syslink.a_debug(HeapMemMP.o)
                              /home/think/ti/syslink_2_21_01_05/packages/ti/syslink/lib/syslink.a_debug(Ipc.o) (HeapMemMP_getConfig)
/home/think/ti/syslink_2_21_01_05/packages/ti/syslink/lib/syslink.a_debug(HeapBufMP.o)
                              /home/think/ti/syslink_2_21_01_05/packages/ti/syslink/lib/syslink.a_debug(Ipc.o) (HeapBufMP_getConfig)
/home/think/ti/syslink_2_21_01_05/packages/ti/syslink/lib/syslink.a_debug(GateMP.o)
                              /home/think/ti/syslink_2_21_01_05/packages/ti/syslink/lib/syslink.a_debug(Ipc.o) (GateMP_getConfig)
/home/think/ti/syslink_2_21_01_05/packages/ti/syslink/lib/syslink.a_debug(SharedRegionDrv.o)
                              /home/think/ti/syslink_2_21_01_05/packages/ti/syslink/lib/syslink.a_debug(SharedRegion.o) (SharedRegionDrv_open)
/home/think/ti/syslink_2_21_01_05/packages/ti/syslink/lib/syslink.a_debug(NotifyDrvUsr.o)
                              /home/think/ti/syslink_2_21_01_05/packages/ti/syslink/lib/syslink.a_debug(Notify.o) (NotifyDrvUsr_open)
/home/think/ti/syslink_2_21_01_05/packages/ti/syslink/lib/syslink.a_debug(HeapBufMPDrv.o)
                              /home/think/ti/syslink_2_21_01_05/packages/ti/syslink/lib/syslink.a_debug(HeapBufMP.o) (HeapBufMPDrv_open)
/home/think/ti/syslink_2_21_01_05/packages/ti/syslink/lib/syslink.a_debug(MessageQDrv.o)
                              /home/think/ti/syslink_2_21_01_05/packages/ti/syslink/lib/syslink.a_debug(MessageQ.o) (MessageQDrv_open)
/home/think/ti/syslink_2_21_01_05/packages/ti/syslink/lib/syslink.a_debug(IpcDrv.o)
                              /home/think/ti/syslink_2_21_01_05/packages/ti/syslink/lib/syslink.a_debug(Ipc.o) (IpcDrv_open)
/home/think/ti/syslink_2_21_01_05/packages/ti/syslink/lib/syslink.a_debug(FrameQDrv.o)
                              /home/think/ti/syslink_2_21_01_05/packages/ti/syslink/lib/syslink.a_debug(FrameQ.o) (FrameQDrv_open)
/home/think/ti/syslink_2_21_01_05/packages/ti/syslink/lib/syslink.a_debug(FrameQBufMgrDrv.o)
                              /home/think/ti/syslink_2_21_01_05/packages/ti/syslink/lib/syslink.a_debug(FrameQBufMgr.o) (FrameQBufMgrDrv_open)
/home/think/ti/syslink_2_21_01_05/packages/ti/syslink/lib/syslink.a_debug(ClientNotifyMgrDrv.o)
                              /home/think/ti/syslink_2_21_01_05/packages/ti/syslink/lib/syslink.a_debug(ClientNotifyMgr.o) (ClientNotifyMgrDrv_open)
/home/think/ti/syslink_2_21_01_05/packages/ti/syslink/lib/syslink.a_debug(RingIODrv.o)
                              /home/think/ti/syslink_2_21_01_05/packages/ti/syslink/lib/syslink.a_debug(RingIO.o) (RingIODrv_open)
/home/think/ti/syslink_2_21_01_05/packages/ti/syslink/lib/syslink.a_debug(RingIOShmDrv.o)
                              /home/think/ti/syslink_2_21_01_05/packages/ti/syslink/lib/syslink.a_debug(RingIOShm.o) (RingIOShmDrv_open)
/home/think/ti/syslink_2_21_01_05/packages/ti/syslink/lib/syslink.a_debug(HeapMemMPDrv.o)
                              /home/think/ti/syslink_2_21_01_05/packages/ti/syslink/lib/syslink.a_debug(HeapMemMP.o) (HeapMemMPDrv_open)
[...]
Memory Configuration

Name             Origin             Length             Attributes
*default*        0x00000000         0xffffffff

Linker script and memory map

LOAD /home/think/l138/arm-2009q1/bin/../arm-none-linux-gnueabi/libc/usr/lib/crt1.o
LOAD /home/think/l138/arm-2009q1/bin/../arm-none-linux-gnueabi/libc/usr/lib/crti.o
LOAD /home/think/l138/arm-2009q1/bin/../lib/gcc/arm-none-linux-gnueabi/4.3.3/crtbegin.o
LOAD bin/debug/obj/arm_main.ov5T
LOAD bin/debug/obj/iec101.ov5T
LOAD bin/debug/obj/iec104.ov5T
LOAD bin/debug/obj/sharearea.ov5T
LOAD bin/debug/obj/common.ov5T
LOAD bin/debug/obj/monitorpc.ov5T
LOAD bin/debug/obj/readconfig.ov5T
LOAD bin/debug/obj/readsysconfig.ov5T
LOAD bin/debug/obj/nand_rw.ov5T
LOAD /home/think/ti/syslink_2_21_01_05/packages/ti/syslink/lib/syslink.a_debug
LOAD /home/think/l138/arm-2009q1/bin/../arm-none-linux-gnueabi/libc/usr/lib/libpthread.so
START GROUP
LOAD /home/think/l138/arm-2009q1/bin/../arm-none-linux-gnueabi/libc/lib/libpthread.so.0
LOAD /home/think/l138/arm-2009q1/bin/../arm-none-linux-gnueabi/libc/usr/lib/libpthread_nonshared.a
END GROUP
LOAD /home/think/l138/arm-2009q1/bin/../arm-none-linux-gnueabi/libc/usr/lib/libc.so
START GROUP
LOAD /home/think/l138/arm-2009q1/bin/../arm-none-linux-gnueabi/libc/lib/libc.so.6
LOAD /home/think/l138/arm-2009q1/bin/../arm-none-linux-gnueabi/libc/usr/lib/libc_nonshared.a
LOAD /home/think/l138/arm-2009q1/bin/../arm-none-linux-gnueabi/libc/lib/ld-linux.so.3
END GROUP
LOAD /home/think/l138/arm-2009q1/bin/../arm-none-linux-gnueabi/libc/usr/lib/librt.so
LOAD /home/think/l138/arm-2009q1/bin/../lib/gcc/arm-none-linux-gnueabi/4.3.3/libgcc.a
LOAD /home/think/l138/arm-2009q1/bin/../arm-none-linux-gnueabi/libc/lib/libgcc_s.so
LOAD /home/think/l138/arm-2009q1/bin/../arm-none-linux-gnueabi/libc/usr/lib/libc.so
START GROUP
LOAD /home/think/l138/arm-2009q1/bin/../arm-none-linux-gnueabi/libc/lib/libc.so.6
LOAD /home/think/l138/arm-2009q1/bin/../arm-none-linux-gnueabi/libc/usr/lib/libc_nonshared.a
LOAD /home/think/l138/arm-2009q1/bin/../arm-none-linux-gnueabi/libc/lib/ld-linux.so.3
END GROUP
LOAD /home/think/l138/arm-2009q1/bin/../lib/gcc/arm-none-linux-gnueabi/4.3.3/libgcc.a
LOAD /home/think/l138/arm-2009q1/bin/../arm-none-linux-gnueabi/libc/lib/libgcc_s.so
LOAD /home/think/l138/arm-2009q1/bin/../lib/gcc/arm-none-linux-gnueabi/4.3.3/crtend.o
LOAD /home/think/l138/arm-2009q1/bin/../arm-none-linux-gnueabi/libc/usr/lib/crtn.o
                0x00008000                PROVIDE (__executable_start, 0x8000)
                0x00008134                . = (0x8000 + SIZEOF_HEADERS)

.interp         0x00008134       0x13
 *(.interp)
 .interp        0x00008134       0x13 /home/think/l138/arm-2009q1/bin/../arm-none-linux-gnueabi/libc/usr/lib/crti.o

.note.ABI-tag   0x00008148       0x20
 .note.ABI-tag  0x00008148       0x20 /home/think/l138/arm-2009q1/bin/../arm-none-linux-gnueabi/libc/usr/lib/crt1.o

.note.gnu.build-id
 *(.note.gnu.build-id)

.hash           0x00008168      0x35c
 *(.hash)
 .hash          0x00008168      0x35c /home/think/l138/arm-2009q1/bin/../arm-none-linux-gnueabi/libc/usr/lib/crti.o

.gnu.hash
 *(.gnu.hash)

.dynsym         0x000084c4      0x740
 *(.dynsym)
 .dynsym        0x000084c4      0x740 /home/think/l138/arm-2009q1/bin/../arm-none-linux-gnueabi/libc/usr/lib/crti.o

.dynstr         0x00008c04      0x46e
 *(.dynstr)
 .dynstr        0x00008c04      0x46e /home/think/l138/arm-2009q1/bin/../arm-none-linux-gnueabi/libc/usr/lib/crti.o

.gnu.version    0x00009072       0xe8
 *(.gnu.version)
 .gnu.version   0x00009072       0xe8 /home/think/l138/arm-2009q1/bin/../arm-none-linux-gnueabi/libc/usr/lib/crti.o

.gnu.version_d  0x0000915c        0x0 load address 0x0000915a
 *(.gnu.version_d)
 .gnu.version_d
                0x00000000        0x0 /home/think/l138/arm-2009q1/bin/../arm-none-linux-gnueabi/libc/usr/lib/crti.o

.gnu.version_r  0x0000915c       0x60
 *(.gnu.version_r)
 .gnu.version_r
                0x0000915c       0x60 /home/think/l138/arm-2009q1/bin/../arm-none-linux-gnueabi/libc/usr/lib/crti.o

.rel.dyn        0x000091bc       0xf8
 *(.rel.init)
 *(.rel.text .rel.text.* .rel.gnu.linkonce.t.*)
 *(.rel.fini)
 *(.rel.rodata .rel.rodata.* .rel.gnu.linkonce.r.*)
 *(.rel.data.rel.ro* .rel.gnu.linkonce.d.rel.ro.*)
 *(.rel.data .rel.data.* .rel.gnu.linkonce.d.*)
 *(.rel.tdata .rel.tdata.* .rel.gnu.linkonce.td.*)
 *(.rel.tbss .rel.tbss.* .rel.gnu.linkonce.tb.*)
 *(.rel.ctors)
 *(.rel.dtors)
 *(.rel.got)
 .rel.got       0x000091bc       0xf0 /home/think/l138/arm-2009q1/bin/../arm-none-linux-gnueabi/libc/usr/lib/crti.o
 *(.rel.bss .rel.bss.* .rel.gnu.linkonce.b.*)
 .rel.bss       0x000092ac        0x8 /home/think/l138/arm-2009q1/bin/../arm-none-linux-gnueabi/libc/usr/lib/crti.o

.rel.ifunc.dyn
 *(.rel.ifunc.*)

.rela.dyn
 *(.rela.init)
 *(.rela.text .rela.text.* .rela.gnu.linkonce.t.*)
 *(.rela.fini)
 *(.rela.rodata .rela.rodata.* .rela.gnu.linkonce.r.*)
 *(.rela.data .rela.data.* .rela.gnu.linkonce.d.*)
 *(.rela.tdata .rela.tdata.* .rela.gnu.linkonce.td.*)
 *(.rela.tbss .rela.tbss.* .rela.gnu.linkonce.tb.*)
 *(.rela.ctors)
 *(.rela.dtors)
 *(.rela.got)
 *(.rela.bss .rela.bss.* .rela.gnu.linkonce.b.*)

.rela.ifunc.dyn
 *(.rela.ifunc.*)

.rel.plt        0x000092b4      0x298
 *(.rel.plt)
 .rel.plt       0x000092b4      0x298 /home/think/l138/arm-2009q1/bin/../arm-none-linux-gnueabi/libc/usr/lib/crti.o

.rela.plt
 *(.rela.plt)

.init           0x0000954c        0xc
 *(.init)
 .init          0x0000954c        0x8 /home/think/l138/arm-2009q1/bin/../arm-none-linux-gnueabi/libc/usr/lib/crti.o
                0x0000954c                _init
 .init          0x00009554        0x4 /home/think/l138/arm-2009q1/bin/../arm-none-linux-gnueabi/libc/usr/lib/crtn.o

.plt            0x00009558      0x3f8
 *(.plt)
 .plt           0x00009558      0x3f8 /home/think/l138/arm-2009q1/bin/../arm-none-linux-gnueabi/libc/usr/lib/crti.o
                0x0000956c                open@@GLIBC_2.4
                0x00009578                strerror@@GLIBC_2.4
                0x00009584                mmap@@GLIBC_2.4
                0x00009590                abort@@GLIBC_2.4
                0x0000959c                localtime@@GLIBC_2.4
                0x000095a8                pthread_exit@@GLIBC_2.4
                0x000095b4                __libc_start_main@@GLIBC_2.4
                0x000095c0                inet_ntoa@@GLIBC_2.4
                0x000095cc                signal@@GLIBC_2.4
                0x000095e4                vsprintf@@GLIBC_2.4
                0x000095f0                strncpy@@GLIBC_2.4
                0x000095fc                fclose@@GLIBC_2.4
                0x00009608                fgets@@GLIBC_2.4
                0x00009614                recv@@GLIBC_2.4
                0x00009620                getenv@@GLIBC_2.4
                0x0000962c                system@@GLIBC_2.4
                0x00009638                listen@@GLIBC_2.4
                0x00009644                sem_init@@GLIBC_2.4
                0x00009650                htons@@GLIBC_2.4
                0x0000965c                fopen@@GLIBC_2.4
                0x00009668                mktime@@GLIBC_2.4
                0x00009674                memset@@GLIBC_2.4
                0x00009680                sem_destroy@@GLIBC_2.4
                0x0000968c                setitimer@@GLIBC_2.4
                0x00009698                perror@@GLIBC_2.4
                0x000096a4                usleep@@GLIBC_2.4
                0x000096b0                free@@GLIBC_2.4
                0x000096bc                read@@GLIBC_2.4
                0x000096c8                write@@GLIBC_2.4
                0x000096d4                gettimeofday@@GLIBC_2.4
                0x000096e0                fseek@@GLIBC_2.4
                0x000096ec                accept@@GLIBC_2.4
                0x000096f8                tcgetattr@@GLIBC_2.4
                0x00009704                pthread_mutex_unlock@@GLIBC_2.4
                0x00009710                tcflush@@GLIBC_2.4
                0x0000971c                socket@@GLIBC_2.4
                0x00009728                ioctl@@GLIBC_2.4
                0x00009734                ntohs@@GLIBC_2.4
                0x00009740                pthread_mutex_lock@@GLIBC_2.4
                0x0000974c                strlen@@GLIBC_2.4
                0x00009758                sscanf@@GLIBC_2.4
                0x00009764                pthread_create@@GLIBC_2.4
                0x00009770                memcpy@@GLIBC_2.4
                0x0000977c                alarm@@GLIBC_2.4
                0x00009788                strtol@@GLIBC_2.4
                0x00009794                sem_post@@GLIBC_2.4
                0x000097a0                pthread_sigmask@@GLIBC_2.4
                0x000097ac                settimeofday@@GLIBC_2.4
                0x000097b8                printf@@GLIBC_2.4
                0x000097c4                raise@@GLIBC_2.4
                0x000097d0                atoi@@GLIBC_2.4
                0x000097dc                pthread_mutex_init@@GLIBC_2.4
                0x000097e8                bind@@GLIBC_2.4
                0x000097f4                strstr@@GLIBC_2.4
                0x00009800                select@@GLIBC_2.4
                0x0000980c                close@@GLIBC_2.4
                0x00009818                fwrite@@GLIBC_2.4
                0x00009824                time@@GLIBC_2.4
                0x00009830                __ctype_b_loc@@GLIBC_2.4
                0x0000983c                malloc@@GLIBC_2.4
                0x00009848                cfsetospeed@@GLIBC_2.4
                0x00009854                strtok@@GLIBC_2.4
                0x00009860                send@@GLIBC_2.4
                0x0000986c                sigfillset@@GLIBC_2.4
                0x00009878                puts@@GLIBC_2.4
                0x00009884                tcsetattr@@GLIBC_2.4
                0x00009890                getpid@@GLIBC_2.4
                0x0000989c                fcntl@@GLIBC_2.4
                0x000098a8                bzero@@GLIBC_2.4
                0x000098b4                lseek@@GLIBC_2.4
                0x000098c0                munmap@@GLIBC_2.4
                0x000098cc                nanosleep@@GLIBC_2.4
                0x000098d8                setsockopt@@GLIBC_2.4
                0x000098e4                sem_wait@@GLIBC_2.4
                0x000098f0                exit@@GLIBC_2.4
                0x000098fc                cfsetispeed@@GLIBC_2.4
                0x00009908                __errno_location@@GLIBC_2.4
                0x00009914                pthread_self@@GLIBC_2.4
                0x00009920                pthread_cancel@@GLIBC_2.4
                0x0000992c                sprintf@@GLIBC_2.4
                0x00009938                pthread_join@@GLIBC_2.4
                0x00009944                getpagesize@@GLIBC_2.4

.text           0x00009950    0x51320
 *(.text .stub .text.* .gnu.linkonce.t.*)
 .text          0x00009950       0x38 /home/think/l138/arm-2009q1/bin/../arm-none-linux-gnueabi/libc/usr/lib/crt1.o
                0x00009950                _start
 .text          0x00009988       0x24 /home/think/l138/arm-2009q1/bin/../arm-none-linux-gnueabi/libc/usr/lib/crti.o
 .text          0x000099ac       0x4c /home/think/l138/arm-2009q1/bin/../lib/gcc/arm-none-linux-gnueabi/4.3.3/crtbegin.o
 .text          0x000099f8     0x1820 bin/debug/obj/arm_main.ov5T
                0x000099f8                Ipc_Init
                0x00009b54                Ipc_Exit
                0x00009e8c                main
 .text          0x0000b218     0x7920 bin/debug/obj/iec101.ov5T
                0x00011c54                IEC101_Process_Message
                0x00010f34                IEC101_Free_Buf
                0x00010d68                Iec101_Thread
                0x00012674                Uart_Thread
                0x00012a9c                IEC101_Senddata2pc
                0x0001105c                IEC101_Init_Buf
 .text          0x00012b38     0x6e40 bin/debug/obj/iec104.ov5T
                0x0001960c                PC_Send_YX
                0x00014cd8                Iec104_Thread
                0x000190c0                sig_handler
                0x00019198                uninit_time
                0x0001414c                file_wc
                0x000192a4                PC_Send_YC
                0x00019124                set_timer
                0x0001920c                IEC104_Senddata2pc
                0x00013da0                Send_Soe_Data
                0x00013170                IEC104_Init_Buf
                0x00014504                Network_Thread
                0x00014344                IEC104_Free_Buf
                0x00013704                IEC104_Process_Message
 .text          0x00019978     0x1e0c bin/debug/obj/sharearea.ov5T
                0x0001b650                Send_Event_By_Message
                0x0001a57c                Write_Sys_Sharearea
                0x0001a904                Message_Thread
                0x0001a1b0                Write_To_Sharearea
                0x0001a528                Write_Fa_Sharearea
                0x00019fa4                Read_From_Sharearea
                0x0001a5d4                Sharearea_Destory
                0x0001b5c4                Send_Event_By_Notify
                0x00019978                Sharearea_Creat
 .text          0x0001b784      0x7bc bin/debug/obj/common.ov5T
                0x0001b784                Set_Rtc_Time
                0x0001baa0                Init_SOEfile
                0x0001ba04                Init_Logfile
                0x0001b960                Get_Rtc_Time
                0x0001bb38                Log_Frame
 .text          0x0001bf40     0x11b4 bin/debug/obj/monitorpc.ov5T
                0x0001cb8c                PC_Creat_connection
                0x0001c980                PC_Check_Sum
                0x0001ca20                PC_Send_Data
 .text          0x0001d0f4     0x1378 bin/debug/obj/readconfig.ov5T
                0x0001d0f4                Read_Faconfig_Conf
 .text          0x0001e46c      0x7d4 bin/debug/obj/readsysconfig.ov5T
                0x0001e46c                Read_Sysconfig_Conf
 .text          0x0001ec40      0x310 bin/debug/obj/nand_rw.ov5T
                0x0001ee10                Nand_Read_Config
                0x0001ec40                Nand_Write_Config
 .text          0x0001ef50     0x36f8 /home/think/ti/syslink_2_21_01_05/packages/ti/syslink/lib/syslink.a_debug(SharedRegion.o)
                0x000204d4                SharedRegion_getPtr
                0x0001f0d4                SharedRegion_setup
                0x0002157c                SharedRegion_isCacheEnabled
                0x00021e58                SharedRegion_getRegionInfo
                0x000217f8                SharedRegion_getNumRegions
                0x00021150                SharedRegion_getEntry
                0x00020680                SharedRegion_getSRPtr
                0x000209a0                SharedRegion_clearEntry
                0x0001ef50                SharedRegion_getConfig
                0x0001fc58                SharedRegion_stop
                0x0001f788                SharedRegion_destroy
                0x00022058                _SharedRegion_setRegions
                0x00020f38                SharedRegion_getIdByName
                0x00021a10                SharedRegion_reserveMemory
                0x00020ccc                SharedRegion_getHeap
                0x000219f4                SharedRegion_invalidSRPtr
                0x0001fb38                SharedRegion_start
                0x0001fd78                SharedRegion_attach
                0x00020314                SharedRegion_getId
                0x0001fedc                SharedRegion_detach
                0x00021370                SharedRegion_getCacheLineSize
                0x00020044                SharedRegion_setEntry
                0x0002178c                SharedRegion_translateEnabled
                0x000223fc                _SharedRegion_clearRegions
                0x00021864                SharedRegion_entryInit
 .text          0x00022648     0x2af0 /home/think/ti/syslink_2_21_01_05/packages/ti/syslink/lib/syslink.a_debug(Notify.o)
                0x00022648                Notify_getConfig
                0x00023418                Notify_registerEventSingle
                0x000248c4                Notify_restore
                0x00024334                Notify_sendEvent
                0x00024ab8                Notify_disableEvent
                0x000231e8                Notify_intLineRegistered
                0x00022db0                Notify_sharedMemReq
                0x00023f84                Notify_unregisterEvent
                0x000227e8                Notify_setup
                0x00023c14                Notify_unregisterEventSingle
                0x00022f48                Notify_eventAvailable
                0x000229d8                Notify_destroy
                0x00022ca0                Notify_detach
                0x00022b0c                Notify_attach
                0x00023814                Notify_registerEvent
                0x000246c4                Notify_disable
                0x00024df8                Notify_enableEvent
 .text          0x00025138     0x26ec /home/think/ti/syslink_2_21_01_05/packages/ti/syslink/lib/syslink.a_debug(MessageQ.o)
                0x00025e2c                MessageQ_close
                0x000270e0                MessageQ_setReplyQueue
                0x000266e0                MessageQ_staticMsgInit
                0x00027264                MessageQ_getQueueId
                0x00027730                MessageQ_detach
                0x00027364                MessageQ_setMsgTrace
                0x00026e0c                MessageQ_unregisterHeap
                0x00025138                MessageQ_getConfig
                0x00026238                MessageQ_get
                0x000269c0                MessageQ_free
                0x000252bc                MessageQ_setup
                0x00025bac                MessageQ_open
                0x00025fdc                MessageQ_put
                0x00026844                MessageQ_alloc
                0x000256cc                MessageQ_create
                0x00025540                MessageQ_Params_init
                0x00026f48                MessageQ_unblock
                0x000264fc                MessageQ_count
                0x00025448                MessageQ_destroy
                0x00025920                MessageQ_delete
                0x00027604                MessageQ_attach
                0x00026ba0                MessageQ_registerHeap
                0x000274dc                MessageQ_sharedMemReq
 .text          0x00027824     0x1bd0 /home/think/ti/syslink_2_21_01_05/packages/ti/syslink/lib/syslink.a_debug(Ipc.o)
                0x0002904c                Ipc_writeConfig
                0x00029340                Ipc_runtimeId
                0x00028b7c                Ipc_control
                0x00027a5c                Ipc_isAttached
                0x000283d8                Ipc_destroy
                0x00027b2c                Ipc_setup
                0x00027824                Ipc_getConfig
                0x00028f2c                Ipc_readConfig
 .text          0x000293f4     0x3040 /home/think/ti/syslink_2_21_01_05/packages/ti/syslink/lib/syslink.a_debug(RingIO.o)
                0x0002b004                RingIO_unregisterNotifier
                0x00029714                RingIO_destroy
                0x0002aa98                RingIO_close
                0x000293f4                RingIO_getConfig
                0x0002c0fc                RingIO_flush
                0x0002bf04                RingIO_setAttribute
                0x0002b300                RingIO_getValidSize
                0x0002c220                RingIO_sendNotify
                0x0002c304                RingIO_sharedMemReq
                0x00029fd4                RingIO_delete
                0x0002a694                RingIO_openByAddr
                0x0002b828                RingIO_getWaterMark
                0x00029840                RingIO_Params_init
                0x0002b594                RingIO_getEmptyAttrSize
                0x0002bb74                RingIO_release
                0x0002b670                RingIO_getAcquiredOffset
                0x0002ad74                RingIO_registerNotifier
                0x0002b1c4                RingIO_setNotifyType
                0x0002a294                RingIO_open
                0x0002bdd8                RingIO_getvAttribute
                0x0002b9d8                RingIO_acquire
                0x0002b3dc                RingIO_getEmptySize
                0x0002b904                RingIO_setWaterMark
                0x0002bc48                RingIO_cancel
                0x0002bd04                RingIO_getAttribute
                0x000299cc                RingIO_create
                0x0002b4b8                RingIO_getValidAttrSize
                0x00029578                RingIO_setup
                0x0002bfe8                RingIO_setvAttribute
                0x0002b74c                RingIO_getAcquiredSize
 .text          0x0002c434      0x5d4 /home/think/ti/syslink_2_21_01_05/packages/ti/syslink/lib/syslink.a_debug(RingIOShm.o)
                0x0002c5b8                RingIOShm_setup
                0x0002c87c                RingIOShm_Params_init
                0x0002c754                RingIOShm_destroy
                0x0002c434                RingIOShm_getConfig
 .text          0x0002ca08     0x5bf8 /home/think/ti/syslink_2_21_01_05/packages/ti/syslink/lib/syslink.a_debug(FrameQ.o)
                0x0002ed58                FrameQ_freev
                0x00030b30                FrameQ_sendNotify
                0x0002eaf0                FrameQ_free
                0x0002e180                FrameQ_close
                0x0002fbcc                FrameQ_getv
                0x00030088                FrameQ_registerNotifier
                0x0002d7f8                FrameQ_open
                0x0002e7f0                FrameQ_allocv
                0x00030518                FrameQ_unregisterNotifier
                0x0002d064                FrameQ_create
                0x0002e554                FrameQ_alloc
                0x000317fc                FrameQ_ShMem_Params_init
                0x000313ec                FrameQ_getvNumFreeFrames
                0x00031680                FrameQ_control
                0x0003086c                FrameQ_dup
                0x00032454                FrameQ_ShMem_sharedMemReq
                0x00030fac                FrameQ_getvNumFrames
                0x00031994                FrameQ_Params_init
                0x0002f06c                FrameQ_put
                0x0002ca08                FrameQ_getConfig
                0x00031214                FrameQ_getNumFreeFrames
                0x0002f86c                FrameQ_get
                0x0002ce4c                FrameQ_destroy
                0x00030d4c                FrameQ_getNumFrames
                0x0002cba4                FrameQ_setup
                0x0002d400                FrameQ_delete
                0x0002f408                FrameQ_putv
 .text          0x00032600     0x5f20 /home/think/ti/syslink_2_21_01_05/packages/ti/syslink/lib/syslink.a_debug(FrameQBufMgr.o)
                0x000373d0                FrameQBufMgr_getKnlHandle
                0x00034a10                FrameQBufMgr_freev
                0x00035b6c                FrameQBufMgr_add
                0x00033d5c                FrameQBufMgr_close
                0x000362b0                FrameQBufMgr_writeBackFrameBuf
                0x000371e8                FrameQBufMgr_getId
                0x00036e98                FrameQBufMgr_translateAddr
                0x0003300c                FrameQBufMgr_delete
                0x00037670                FrameQBufMgr_getvNumFreeFrames
                0x000351c4                FrameQBufMgr_dupv
                0x000379ac                FrameQBufMgr_isSupportedBufInterface
                0x0003421c                FrameQBufMgr_allocv
                0x00032a50                FrameQBufMgr_destroy
                0x00032600                FrameQBufMgr_getConfig
                0x000346f0                FrameQBufMgr_free
                0x00036b84                FrameQBufMgr_invalidate
                0x0003728c                FrameQBufMgr_getHandle
                0x0003749c                FrameQBufMgr_getNumFreeFrames
                0x00036860                FrameQBufMgr_writeBack
                0x0003796c                FrameQBufMgr_isSupportedInterface
                0x00037a08                FrameQBufMgr_ShMem_Params_init
                0x00032c84                FrameQBufMgr_create
                0x00035e5c                FrameQBufMgr_writeBackHeaderBuf
                0x00037904                FrameQBufMgr_getBaseHeaderSize
                0x00034e40                FrameQBufMgr_dup
                0x00033f2c                FrameQBufMgr_alloc
                0x000355b4                FrameQBufMgr_registerNotifier
                0x00036588                FrameQBufMgr_invalidateFrameBuf
                0x000327a4                FrameQBufMgr_setup
                0x00035cc8                FrameQBufMgr_remove
                0x00037ba0                FrameQBufMgr_Params_init
                0x000358d8                FrameQBufMgr_unregisterNotifier
                0x0003607c                FrameQBufMgr_invalidateHeaderBuf
                0x00033440                FrameQBufMgr_open
 .text          0x00038520     0x519c /home/think/ti/syslink_2_21_01_05/packages/ti/syslink/lib/syslink.a_debug(ClientNotifyMgr.o)
                0x0003bc10                ClientNotifyMgr_sendNotification
                0x0003d17c                ClientNotifyMgr_sendForceNotificationMulti
                0x0003a864                ClientNotifyMgr_close
                0x0003b940                ClientNotifyMgr_disableNotification
                0x00038584                ClientNotifyMgr_sharedMemReq
                0x0003975c                ClientNotifyMgr_create
                0x00039410                ClientNotifyMgr_destroy
                0x000386fc                ClientNotifyMgr_callBack
                0x00039074                ClientNotifyMgr_setup
                0x00038520                ClientNotifyMgr_sharedMemModReq
                0x0003c888                ClientNotifyMgr_sendNotificationMulti
                0x0003b0c4                ClientNotifyMgr_unregisterClient
                0x00038ed0                ClientNotifyMgr_getConfig
                0x0003b668                ClientNotifyMgr_enableNotification
                0x0003c3e8                ClientNotifyMgr_sendForceNotification
                0x000395bc                ClientNotifyMgr_Params_init
                0x0003a148                ClientNotifyMgr_delete
                0x0003a98c                ClientNotifyMgr_registerClient
                0x0003a6e0                ClientNotifyMgr_open
 .text          0x0003d6bc     0x2440 /home/think/ti/syslink_2_21_01_05/packages/ti/syslink/lib/syslink.a_debug(HeapMemMP.o)
                0x0003d6bc                HeapMemMP_getConfig
                0x0003eebc                HeapMemMP_getStats
                0x0003dc88                HeapMemMP_create
                0x0003f0e8                HeapMemMP_getExtendedStats
                0x0003f7c4                _HeapMemMP_create
                0x0003f480                HeapMemMP_getKnlHandle
                0x0003d848                HeapMemMP_setup
                0x0003d9d0                HeapMemMP_destroy
                0x0003db00                HeapMemMP_Params_init
                0x0003f608                HeapMemMP_getUsrHandle
                0x0003e7d4                HeapMemMP_close
                0x0003f2fc                HeapMemMP_sharedMemReq
                0x0003f9bc                HeapMemMP_restore
                0x0003dfac                HeapMemMP_delete
                0x0003ec60                HeapMemMP_free
                0x0003ea50                HeapMemMP_alloc
                0x0003e230                HeapMemMP_openByAddr
                0x0003e4f8                HeapMemMP_open
 .text          0x0003fafc     0x2268 /home/think/ti/syslink_2_21_01_05/packages/ti/syslink/lib/syslink.a_debug(HeapBufMP.o)
                0x000400d8                HeapBufMP_create
                0x00040c08                HeapBufMP_close
                0x00040660                HeapBufMP_openByAddr
                0x00041858                HeapBufMP_sharedMemReq
                0x00041530                HeapBufMP_isBlocking
                0x00041300                HeapBufMP_getStats
                0x0003fe18                HeapBufMP_destroy
                0x0003fc88                HeapBufMP_setup
                0x00041b68                _HeapBufMP_create
                0x00040e88                HeapBufMP_alloc
                0x0003fafc                HeapBufMP_getConfig
                0x0003ff4c                HeapBufMP_Params_init
                0x000403e4                HeapBufMP_delete
                0x000419e0                HeapBufMP_getKnlHandle
                0x0004109c                HeapBufMP_free
                0x00040930                HeapBufMP_open
                0x00041624                HeapBufMP_getExtendedStats
 .text          0x00041d64     0x2224 /home/think/ti/syslink_2_21_01_05/packages/ti/syslink/lib/syslink.a_debug(GateMP.o)
                0x00041d64                GateMP_getConfig
                0x00043ae4                GateMP_getDefaultRemote
                0x0004361c                GateMP_enter
                0x0004269c                GateMP_Instance_finalize
                0x00041efc                GateMP_setup
                0x00042a64                GateMP_delete
                0x00042ff0                GateMP_openByAddr
                0x000424e0                GateMP_Instance_init
                0x00043be8                GateMP_getSharedAddr
                0x00043310                GateMP_close
                0x00042334                GateMP_Params_init
                0x00042ce4                GateMP_open
                0x00043d98                GateMP_getLocalProtect
                0x000426f8                _GateMP_create
                0x000439cc                GateMP_sharedMemReq
                0x000437ec                GateMP_leave
                0x00043de8                GateMP_getRemoteProtect
                0x00042830                GateMP_create
                0x00043e38                GateMP_getKnlHandle
                0x00042174                GateMP_destroy
                0x00043ce0                GateMP_setReserved
 .text          0x00043f88      0x5d4 /home/think/ti/syslink_2_21_01_05/packages/ti/syslink/lib/syslink.a_debug(SharedRegionDrv.o)
                0x0004423c                SharedRegionDrv_ioctl
                0x00044120                SharedRegionDrv_close
                0x00043f88                SharedRegionDrv_open
 .text          0x0004455c      0x814 /home/think/ti/syslink_2_21_01_05/packages/ti/syslink/lib/syslink.a_debug(NotifyDrvUsr.o)
                0x00044bf4                _NotifyDrvUsr_eventWorker
                0x000448d8                NotifyDrvUsr_close
                0x00044ab4                NotifyDrvUsr_ioctl
                0x0004455c                NotifyDrvUsr_open
 .text          0x00044d70      0x484 /home/think/ti/syslink_2_21_01_05/packages/ti/syslink/lib/syslink.a_debug(HeapBufMPDrv.o)
                0x00044d70                HeapBufMPDrv_open
                0x000450bc                HeapBufMPDrv_ioctl
                0x00044fa0                HeapBufMPDrv_close
 .text          0x000451f4      0x498 /home/think/ti/syslink_2_21_01_05/packages/ti/syslink/lib/syslink.a_debug(MessageQDrv.o)
                0x00045554                MessageQDrv_ioctl
                0x000451f4                MessageQDrv_open
                0x00045438                MessageQDrv_close
 .text          0x0004568c      0x464 /home/think/ti/syslink_2_21_01_05/packages/ti/syslink/lib/syslink.a_debug(IpcDrv.o)
                0x0004568c                IpcDrv_open
                0x000459b8                IpcDrv_ioctl
                0x0004589c                IpcDrv_close
 .text          0x00045af0      0x3e8 /home/think/ti/syslink_2_21_01_05/packages/ti/syslink/lib/syslink.a_debug(FrameQDrv.o)
                0x00045da0                FrameQDrv_ioctl
                0x00045af0                FrameQDrv_open
                0x00045c84                FrameQDrv_close
 .text          0x00045ed8      0x3e8 /home/think/ti/syslink_2_21_01_05/packages/ti/syslink/lib/syslink.a_debug(FrameQBufMgrDrv.o)
                0x00045ed8                FrameQBufMgrDrv_open
                0x0004606c                FrameQBufMgrDrv_close
                0x00046188                FrameQBufMgrDrv_ioctl
 .text          0x000462c0      0x3e8 /home/think/ti/syslink_2_21_01_05/packages/ti/syslink/lib/syslink.a_debug(ClientNotifyMgrDrv.o)
                0x000462c0                ClientNotifyMgrDrv_open
                0x00046570                ClientNotifyMgrDrv_ioctl
                0x00046454                ClientNotifyMgrDrv_close
 .text          0x000466a8      0x3e8 /home/think/ti/syslink_2_21_01_05/packages/ti/syslink/lib/syslink.a_debug(RingIODrv.o)
                0x0004683c                RingIODrv_close
                0x00046958                RingIODrv_ioctl
                0x000466a8                RingIODrv_open
 .text          0x00046a90      0x3e8 /home/think/ti/syslink_2_21_01_05/packages/ti/syslink/lib/syslink.a_debug(RingIOShmDrv.o)
                0x00046d40                RingIOShmDrv_ioctl
                0x00046c24                RingIOShmDrv_close
                0x00046a90                RingIOShmDrv_open
 .text          0x00046e78      0x3ec /home/think/ti/syslink_2_21_01_05/packages/ti/syslink/lib/syslink.a_debug(HeapMemMPDrv.o)
                0x00047010                HeapMemMPDrv_close
                0x0004712c                HeapMemMPDrv_ioctl
                0x00046e78                HeapMemMPDrv_open
 .text          0x00047264      0x3ec /home/think/ti/syslink_2_21_01_05/packages/ti/syslink/lib/syslink.a_debug(GateMPDrv.o)
                0x00047264                GateMPDrv_open
                0x000473fc                GateMPDrv_close
                0x00047518                GateMPDrv_ioctl
 .text          0x00047650       0x50 /home/think/ti/syslink_2_21_01_05/packages/ti/syslink/lib/syslink.a_debug(OsalProcess.o)
                0x00047678                OsalProcess_getTid
                0x00047650                OsalProcess_getPid
 .text          0x000476a0      0x5a8 /home/think/ti/syslink_2_21_01_05/packages/ti/syslink/lib/syslink.a_debug(GateMutex.o)
                0x00047914                GateMutex_leave
                0x00047ae4                GateMutex_delete
                0x000479d0                GateMutex_create
                0x00047840                GateMutex_enter
                0x000476a0                GateMutex_Instance_init
                0x000477a8                GateMutex_Instance_finalize
 .text          0x00047c48      0xa34 /home/think/ti/syslink_2_21_01_05/packages/ti/syslink/lib/syslink.a_debug(Memory.o)
                0x000483d4                Memory_getMaxDefaultTypeAlign
                0x0004814c                Memory_getStats
                0x000485e4                Memory_translate
                0x000483f0                Memory_valloc
                0x00047e60                Memory_calloc
                0x00047c48                Memory_alloc
                0x00048280                Memory_query
                0x00047fec                Memory_free
 .text          0x0004867c     0x15ec /home/think/ti/syslink_2_21_01_05/packages/ti/syslink/lib/syslink.a_debug(List.o)
                0x00048dd8                List_get
                0x000489d0                List_construct
                0x00048ef8                List_put
                0x00049368                List_insert
                0x0004867c                List_Params_init
                0x00048ac4                List_destruct
                0x00048744                List_create
                0x00048864                List_delete
                0x00049538                List_remove
                0x00049818                List_dequeue
                0x00048cac                List_empty
                0x00049078                List_next
                0x00049950                List_enqueue
                0x00048bc0                List_elemClear
                0x00049adc                List_enqueueHead
                0x000491bc                List_prev
                0x000496a8                List_putHead
 .text          0x00049c68      0x600 /home/think/ti/syslink_2_21_01_05/packages/ti/syslink/lib/syslink.a_debug(String.o)
                0x0004a1cc                String_hash
                0x00049f6c                String_cpy
                0x00049d18                String_cmp
                0x00049e48                String_ncmp
                0x0004a138                String_hexToStr
                0x00049fe4                String_ncpy
                0x00049c68                String_cat
                0x0004a0c4                String_len
 .text          0x0004a268      0x53c /home/think/ti/syslink_2_21_01_05/packages/ti/syslink/lib/syslink.a_debug(Trace.o)
                0x0004a268                _GT_0trace
                0x0004a550                _GT_5trace
                0x0004a738                _GT_setTrace
                0x0004a2e8                _GT_1trace
                0x0004a4a4                _GT_4trace
                0x0004a408                _GT_3trace
                0x0004a374                _GT_2trace
                0x0004a60c                _GT_6trace
                0x0004a6d8                _GT_setFailureReason
 .text          0x0004a7a4     0x2de8 /home/think/ti/syslink_2_21_01_05/packages/ti/syslink/lib/syslink.a_debug(NameServer.o)
                0x0004ad6c                NameServer_create
                0x0004cec4                NameServer_match
                0x0004c570                NameServer_getLocal
                0x0004bac4                NameServer_addUInt32
                0x0004b01c                NameServer_delete
                0x0004b780                NameServer_add
                0x0004aadc                NameServer_destroy
                0x0004d190                NameServer_getHandle
                0x0004cc08                NameServer_getLocalUInt32
                0x0004a95c                NameServer_setup
                0x0004abd8                NameServer_Params_init
                0x0004bef0                NameServer_removeEntry
                0x0004b25c                NameServer_open
                0x0004c12c                NameServer_get
                0x0004b518                NameServer_close
                0x0004bca0                NameServer_remove
                0x0004d3bc                NameServer_isRegistered
                0x0004c934                NameServer_getUInt32
                0x0004a7a4                NameServer_getConfig
 .text          0x0004d58c      0xcd0 /home/think/ti/syslink_2_21_01_05/packages/ti/syslink/lib/syslink.a_debug(MultiProc.o)
                0x0004d8e8                MultiProc_destroy
                0x0004dff0                MultiProc_self
                0x0004df7c                MultiProc_getNumProcessors
                0x0004d744                MultiProc_setup
                0x0004d9e4                MultiProc_setLocalId
                0x0004dde8                MultiProc_getName
                0x0004dbe8                MultiProc_getId
                0x0004e064                MultiProc_getSlot
                0x0004d58c                MultiProc_getConfig
 .text          0x0004e25c      0x104 /home/think/ti/syslink_2_21_01_05/packages/ti/syslink/lib/syslink.a_debug(Gate.o)
                0x0004e2c0                Gate_leaveSystem
                0x0004e25c                Gate_enterSystem
 .text          0x0004e360      0x178 /home/think/ti/syslink_2_21_01_05/packages/ti/syslink/lib/syslink.a_debug(SysLink.o)
                0x0004e488                SysLink_destroy
                0x0004e360                SysLink_setup
 .text          0x0004e4d8      0x4c0 /home/think/ti/syslink_2_21_01_05/packages/ti/syslink/lib/syslink.a_debug(Cache.o)
                0x0004e8a8                Cache_setMode
                0x0004e7f0                Cache_wait
                0x0004e4d8                Cache_inv
                0x0004e5e0                Cache_wb
                0x0004e6e8                Cache_wbInv
 .text          0x0004e998      0x484 /home/think/ti/syslink_2_21_01_05/packages/ti/syslink/lib/syslink.a_debug(NameServerDrv.o)
                0x0004e998                NameServerDrv_open
                0x0004ebc8                NameServerDrv_close
                0x0004ece4                NameServerDrv_ioctl
 .text          0x0004ee1c      0x3b8 /home/think/ti/syslink_2_21_01_05/packages/ti/syslink/lib/syslink.a_debug(MultiProcDrv.o)
                0x0004f0cc                MultiProcDrv_ioctl
                0x0004efb0                MultiProcDrv_close
                0x0004ee1c                MultiProcDrv_open
 .text          0x0004f1d4      0x164 /home/think/ti/syslink_2_21_01_05/packages/ti/syslink/lib/syslink.a_debug(TraceDrv.o)
                0x0004f1d4                TraceDrv_ioctl
 .text          0x0004f338       0xf4 /home/think/ti/syslink_2_21_01_05/packages/ti/syslink/lib/syslink.a_debug(CacheDrv.o)
                0x0004f338                CacheDrv_ioctl
 .text          0x0004f42c      0x194 /home/think/ti/syslink_2_21_01_05/packages/ti/syslink/lib/syslink.a_debug(Dev.o)
                0x0004f42c                Dev_pollOpen
 .text          0x0004f5c0     0x163c /home/think/ti/syslink_2_21_01_05/packages/ti/syslink/lib/syslink.a_debug(MemoryOS.o)
                0x00050864                MemoryOS_set
                0x000506cc                MemoryOS_copy
                0x0004fe04                MemoryOS_map
                0x0004f5c0                MemoryOS_setup
                0x000509f0                MemoryOS_translate
                0x0004faf0                MemoryOS_alloc
                0x0004f860                MemoryOS_destroy
                0x00050370                MemoryOS_unmap
                0x0004fc04                MemoryOS_calloc
                0x0004fd10                MemoryOS_free
 .text          0x00050bfc      0x6f0 /home/think/ti/syslink_2_21_01_05/packages/ti/syslink/lib/syslink.a_debug(OsalDrv.o)
                0x00050d9c                OsalDrv_close
                0x00050bfc                OsalDrv_open
                0x000510d0                OsalDrv_unmap
                0x000511b0                OsalDrv_ioctl
                0x00050ec0                OsalDrv_map
 .text          0x000512ec      0x52c /home/think/ti/syslink_2_21_01_05/packages/ti/syslink/lib/syslink.a_debug(OsalMutex.o)
                0x00051450                OsalMutex_delete
                0x000512ec                OsalMutex_create
                0x000515b8                OsalMutex_enter
                0x000516e8                OsalMutex_leave
 .text          0x00051818       0x50 /home/think/ti/syslink_2_21_01_05/packages/ti/syslink/lib/syslink.a_debug(OsalPrint.o)
                0x00051818                Osal_printf
 .text          0x00051868     0x4d5c /home/think/ti/syslink_2_21_01_05/packages/ti/syslink/lib/syslink.a_debug(ProcMgr.o)
                0x00054eb8                ProcMgr_getSymbolAddress
                0x00051ba4                ProcMgr_destroy
                0x00055660                ProcMgr_unmap
                0x0005233c                ProcMgr_delete
                0x0005393c                ProcMgr_load
                0x00053dd0                ProcMgr_getStartParams
                0x000536e0                ProcMgr_detach
                0x00056228                ProcMgr_getSectionData
                0x00051868                ProcMgr_getConfig
                0x00053f34                ProcMgr_start
                0x00055d58                ProcMgr_getMaxMemoryRegions
                0x000540b0                ProcMgr_stop
                0x00052600                ProcMgr_open
                0x00055150                ProcMgr_map
                0x00051d78                ProcMgr_Params_init
                0x00053c54                ProcMgr_unload
                0x00053258                ProcMgr_attach
                0x00054380                ProcMgr_read
                0x00054a44                ProcMgr_translateAddr
                0x00051efc                ProcMgr_create
                0x00054214                ProcMgr_getState
                0x00056464                ProcMgr_getLoadedFileId
                0x000530dc                ProcMgr_getAttachParams
                0x00052ca8                ProcMgr_close
                0x00054618                ProcMgr_write
                0x000548b4                ProcMgr_control
                0x00055e18                ProcMgr_getProcInfo
                0x00056014                ProcMgr_getSectionInfo
                0x000519ec                ProcMgr_setup
 .text          0x000565c4      0x500 /home/think/ti/syslink_2_21_01_05/packages/ti/syslink/lib/syslink.a_debug(ProcMgrDrvUsr.o)
                0x000565c4                ProcMgrDrvUsr_open
                0x0005675c                ProcMgrDrvUsr_close
                0x00056878                ProcMgrDrvUsr_ioctl
 .text          0x00056ac4      0xa24 /home/think/ti/syslink_2_21_01_05/packages/ti/syslink/lib/syslink.a_debug(FrameQ_common.o)
                0x00056b80                FrameQ_getNumFrameBuffers
                0x00056f10                FrameQ_getFrameBufValidSize
                0x00057354                FrameQ_setFrameBufDataStartOffset
                0x000571c0                FrameQ_setFrameBufValidSize
                0x00056c6c                FrameQ_getFrameBuffer
                0x00056dc0                FrameQ_getFrameBufSize
                0x00056ac4                FrameQ_isSupportedInterface
                0x00057068                FrameQ_getFrameBufDataStartOffset
                0x00056b04                FrameQ_getExtendedHeaderPtr
 .text          0x000574e8     0x295c /home/think/ti/syslink_2_21_01_05/packages/ti/syslink/lib/syslink.a_debug(ListMP.o)
                0x000574e8                ListMP_getConfig
                0x00057abc                ListMP_create
                0x00059d00                _ListMP_create
                0x00059afc                ListMP_prev
                0x00059698                ListMP_remove
                0x0005875c                ListMP_close
                0x0005766c                ListMP_setup
                0x00058280                ListMP_open
                0x0005851c                ListMP_openByAddr
                0x00057e30                ListMP_delete
                0x00059e20                ListMP_getGate
                0x00058d3c                ListMP_getTail
                0x000577f8                ListMP_destroy
                0x000593c0                ListMP_insert
                0x0005792c                ListMP_Params_init
                0x00058b78                ListMP_getHead
                0x00059164                ListMP_putTail
                0x000598f4                ListMP_next
                0x000580a0                ListMP_sharedMemReq
                0x00058f08                ListMP_putHead
                0x000589bc                ListMP_empty
 .text          0x00059e44      0x3ec /home/think/ti/syslink_2_21_01_05/packages/ti/syslink/lib/syslink.a_debug(ListMPDrv.o)
                0x00059fdc                ListMPDrv_close
                0x0005a0f8                ListMPDrv_ioctl
                0x00059e44                ListMPDrv_open
 .text          0x0005a230       0x70 /home/think/l138/arm-2009q1/bin/../arm-none-linux-gnueabi/libc/usr/lib/libc_nonshared.a(elf-init.oS)
                0x0005a230                __libc_csu_fini
                0x0005a234                __libc_csu_init
 .text          0x0005a2a0      0x20c /home/think/l138/arm-2009q1/bin/../lib/gcc/arm-none-linux-gnueabi/4.3.3/libgcc.a(_udivsi3.o)
                0x0005a2a0                __udivsi3
                0x0005a2a0                __aeabi_uidiv
                0x0005a48c                __aeabi_uidivmod
 .text          0x0005a4ac      0x3b8 /home/think/l138/arm-2009q1/bin/../lib/gcc/arm-none-linux-gnueabi/4.3.3/libgcc.a(_arm_addsubdf3.o)
                0x0005a7f0                __floatundidf
                0x0005a788                __floatsidf
                0x0005a764                __aeabi_ui2d
                0x0005a788                __aeabi_i2d
                0x0005a764                __floatunsidf
                0x0005a4b4                __subdf3
                0x0005a804                __floatdidf
                0x0005a4b8                __adddf3
                0x0005a804                __aeabi_l2d
                0x0005a7b0                __aeabi_f2d
                0x0005a7f0                __aeabi_ul2d
                0x0005a4ac                __aeabi_drsub
                0x0005a7b0                __extendsfdf2
                0x0005a4b8                __aeabi_dadd
                0x0005a4b4                __aeabi_dsub
 .text          0x0005a864      0x250 /home/think/l138/arm-2009q1/bin/../lib/gcc/arm-none-linux-gnueabi/4.3.3/libgcc.a(_arm_addsubsf3.o)
                0x0005a870                __aeabi_fadd
                0x0005aa38                __aeabi_l2f
                0x0005aa28                __aeabi_ul2f
                0x0005a86c                __subsf3
                0x0005aa08                __floatsisf
                0x0005a870                __addsf3
                0x0005a864                __aeabi_frsub
                0x0005aa38                __floatdisf
                0x0005a86c                __aeabi_fsub
                0x0005aa00                __aeabi_ui2f
                0x0005aa08                __aeabi_i2f
                0x0005aa00                __floatunsisf
                0x0005aa28                __floatundisf
 .text          0x0005aab4       0xfc /home/think/l138/arm-2009q1/bin/../lib/gcc/arm-none-linux-gnueabi/4.3.3/libgcc.a(_arm_cmpsf2.o)
                0x0005aab4                __gesf2
                0x0005ab88                __aeabi_fcmpge
                0x0005ab38                __aeabi_cfcmple
                0x0005aac4                __cmpsf2
                0x0005ab28                __aeabi_cfrcmple
                0x0005ab38                __aeabi_cfcmpeq
                0x0005aabc                __lesf2
                0x0005aabc                __ltsf2
                0x0005aab4                __gtsf2
                0x0005ab60                __aeabi_fcmplt
                0x0005aac4                __eqsf2
                0x0005ab4c                __aeabi_fcmpeq
                0x0005aac4                __nesf2
                0x0005ab74                __aeabi_fcmple
                0x0005ab9c                __aeabi_fcmpgt
 .text          0x0005abb0       0x5c /home/think/l138/arm-2009q1/bin/../lib/gcc/arm-none-linux-gnueabi/4.3.3/libgcc.a(_arm_fixsfsi.o)
                0x0005abb0                __fixsfsi
                0x0005abb0                __aeabi_f2iz
 .text          0x0005ac0c       0x54 /home/think/l138/arm-2009q1/bin/../lib/gcc/arm-none-linux-gnueabi/4.3.3/libgcc.a(_arm_fixunssfsi.o)
                0x0005ac0c                __aeabi_f2uiz
                0x0005ac0c                __fixunssfsi
 .text          0x0005ac60       0x10 /home/think/l138/arm-2009q1/bin/../lib/gcc/arm-none-linux-gnueabi/4.3.3/libgcc.a(_dvmd_lnx.o)
                0x0005ac60                __aeabi_idiv0
                0x0005ac60                __aeabi_ldiv0
 .text          0x0005ac70        0x0 /home/think/l138/arm-2009q1/bin/../lib/gcc/arm-none-linux-gnueabi/4.3.3/crtend.o
 .text          0x0005ac70        0x0 /home/think/l138/arm-2009q1/bin/../arm-none-linux-gnueabi/libc/usr/lib/crtn.o
 *(.gnu.warning)
 *(.glue_7t)
 .glue_7t       0x00000000        0x0 linker stubs
 *(.glue_7)
 .glue_7        0x00000000        0x0 linker stubs
 *(.vfp11_veneer)
 .vfp11_veneer  0x00000000        0x0 linker stubs
 *(.v4_bx)
 .v4_bx         0x00000000        0x0 linker stubs

.fini           0x0005ac70        0x8
 *(.fini)
 .fini          0x0005ac70        0x4 /home/think/l138/arm-2009q1/bin/../arm-none-linux-gnueabi/libc/usr/lib/crti.o
                0x0005ac70                _fini
 .fini          0x0005ac74        0x4 /home/think/l138/arm-2009q1/bin/../arm-none-linux-gnueabi/libc/usr/lib/crtn.o
                0x0005ac78                PROVIDE (__etext, .)
                0x0005ac78                PROVIDE (_etext, .)
                0x0005ac78                PROVIDE (etext, .)

.rodata         0x0005ac78    0x17138
 *(.rodata .rodata.* .gnu.linkonce.r.*)
 .rodata.cst4   0x0005ac78        0x4 /home/think/l138/arm-2009q1/bin/../arm-none-linux-gnueabi/libc/usr/lib/crt1.o
                0x0005ac78                _IO_stdin_used
 .rodata        0x0005ac7c      0x1cc bin/debug/obj/arm_main.ov5T
 .rodata        0x0005ae48      0x3e0 bin/debug/obj/iec101.ov5T
 .rodata        0x0005b228      0x5e4 bin/debug/obj/iec104.ov5T
 .rodata        0x0005b80c      0x48c bin/debug/obj/sharearea.ov5T
 .rodata        0x0005bc98       0x8c bin/debug/obj/common.ov5T
 .rodata        0x0005bd24       0xf4 bin/debug/obj/monitorpc.ov5T
 .rodata        0x0005be18      0x440 bin/debug/obj/readconfig.ov5T
 .rodata        0x0005c258      0x144 bin/debug/obj/readsysconfig.ov5T
 .rodata        0x0005c39c       0x98 bin/debug/obj/nand_rw.ov5T
 .rodata        0x0005c434     0x1170 /home/think/ti/syslink_2_21_01_05/packages/ti/syslink/lib/syslink.a_debug(SharedRegion.o)
 .rodata        0x0005d5a4      0xc40 /home/think/ti/syslink_2_21_01_05/packages/ti/syslink/lib/syslink.a_debug(Notify.o)
 .rodata        0x0005e1e4      0xf68 /home/think/ti/syslink_2_21_01_05/packages/ti/syslink/lib/syslink.a_debug(MessageQ.o)
 .rodata        0x0005f14c      0x8c0 /home/think/ti/syslink_2_21_01_05/packages/ti/syslink/lib/syslink.a_debug(Ipc.o)
 .rodata        0x0005fa0c     0x11d8 /home/think/ti/syslink_2_21_01_05/packages/ti/syslink/lib/syslink.a_debug(RingIO.o)
 .rodata        0x00060be4      0x354 /home/think/ti/syslink_2_21_01_05/packages/ti/syslink/lib/syslink.a_debug(RingIOShm.o)
 .rodata        0x00060f38     0x1c70 /home/think/ti/syslink_2_21_01_05/packages/ti/syslink/lib/syslink.a_debug(FrameQ.o)
 .rodata        0x00062ba8     0x201c /home/think/ti/syslink_2_21_01_05/packages/ti/syslink/lib/syslink.a_debug(FrameQBufMgr.o)
 .rodata        0x00064bc4     0x13b4 /home/think/ti/syslink_2_21_01_05/packages/ti/syslink/lib/syslink.a_debug(ClientNotifyMgr.o)
 .rodata        0x00065f78      0xd14 /home/think/ti/syslink_2_21_01_05/packages/ti/syslink/lib/syslink.a_debug(HeapMemMP.o)
 .rodata        0x00066c8c      0xcb4 /home/think/ti/syslink_2_21_01_05/packages/ti/syslink/lib/syslink.a_debug(HeapBufMP.o)
 .rodata        0x00067940      0x9e8 /home/think/ti/syslink_2_21_01_05/packages/ti/syslink/lib/syslink.a_debug(GateMP.o)
 .rodata        0x00068328      0x308 /home/think/ti/syslink_2_21_01_05/packages/ti/syslink/lib/syslink.a_debug(SharedRegionDrv.o)
 .rodata        0x00068630      0x410 /home/think/ti/syslink_2_21_01_05/packages/ti/syslink/lib/syslink.a_debug(NotifyDrvUsr.o)
 .rodata        0x00068a40      0x2c0 /home/think/ti/syslink_2_21_01_05/packages/ti/syslink/lib/syslink.a_debug(HeapBufMPDrv.o)
 .rodata        0x00068d00      0x2b4 /home/think/ti/syslink_2_21_01_05/packages/ti/syslink/lib/syslink.a_debug(MessageQDrv.o)
 .rodata        0x00068fb4      0x26c /home/think/ti/syslink_2_21_01_05/packages/ti/syslink/lib/syslink.a_debug(IpcDrv.o)
 .rodata        0x00069220      0x274 /home/think/ti/syslink_2_21_01_05/packages/ti/syslink/lib/syslink.a_debug(FrameQDrv.o)
 .rodata        0x00069494      0x2d8 /home/think/ti/syslink_2_21_01_05/packages/ti/syslink/lib/syslink.a_debug(FrameQBufMgrDrv.o)
 .rodata        0x0006976c      0x304 /home/think/ti/syslink_2_21_01_05/packages/ti/syslink/lib/syslink.a_debug(ClientNotifyMgrDrv.o)
 .rodata        0x00069a70      0x274 /home/think/ti/syslink_2_21_01_05/packages/ti/syslink/lib/syslink.a_debug(RingIODrv.o)
 .rodata        0x00069ce4      0x298 /home/think/ti/syslink_2_21_01_05/packages/ti/syslink/lib/syslink.a_debug(RingIOShmDrv.o)
 .rodata        0x00069f7c      0x2a4 /home/think/ti/syslink_2_21_01_05/packages/ti/syslink/lib/syslink.a_debug(HeapMemMPDrv.o)
 .rodata        0x0006a220      0x274 /home/think/ti/syslink_2_21_01_05/packages/ti/syslink/lib/syslink.a_debug(GateMPDrv.o)
 .rodata        0x0006a494      0x234 /home/think/ti/syslink_2_21_01_05/packages/ti/syslink/lib/syslink.a_debug(GateMutex.o)
 .rodata        0x0006a6c8      0x4e0 /home/think/ti/syslink_2_21_01_05/packages/ti/syslink/lib/syslink.a_debug(Memory.o)
 .rodata        0x0006aba8      0x884 /home/think/ti/syslink_2_21_01_05/packages/ti/syslink/lib/syslink.a_debug(List.o)
 .rodata        0x0006b42c      0x414 /home/think/ti/syslink_2_21_01_05/packages/ti/syslink/lib/syslink.a_debug(String.o)
 .rodata        0x0006b840       0x50 /home/think/ti/syslink_2_21_01_05/packages/ti/syslink/lib/syslink.a_debug(Trace.o)
 .rodata        0x0006b890      0xe08 /home/think/ti/syslink_2_21_01_05/packages/ti/syslink/lib/syslink.a_debug(NameServer.o)
 .rodata        0x0006c698      0x618 /home/think/ti/syslink_2_21_01_05/packages/ti/syslink/lib/syslink.a_debug(MultiProc.o)
 .rodata        0x0006ccb0       0x88 /home/think/ti/syslink_2_21_01_05/packages/ti/syslink/lib/syslink.a_debug(Gate.o)
 .rodata        0x0006cd38       0x74 /home/think/ti/syslink_2_21_01_05/packages/ti/syslink/lib/syslink.a_debug(SysLink.o)
 .rodata        0x0006cdac      0x254 /home/think/ti/syslink_2_21_01_05/packages/ti/syslink/lib/syslink.a_debug(Cache.o)
 .rodata        0x0006d000      0x2cc /home/think/ti/syslink_2_21_01_05/packages/ti/syslink/lib/syslink.a_debug(NameServerDrv.o)
 .rodata        0x0006d2cc      0x25c /home/think/ti/syslink_2_21_01_05/packages/ti/syslink/lib/syslink.a_debug(MultiProcDrv.o)
 .rodata        0x0006d528      0x10c /home/think/ti/syslink_2_21_01_05/packages/ti/syslink/lib/syslink.a_debug(TraceDrv.o)
 .rodata        0x0006d634       0xdc /home/think/ti/syslink_2_21_01_05/packages/ti/syslink/lib/syslink.a_debug(CacheDrv.o)
 .rodata        0x0006d710       0xd8 /home/think/ti/syslink_2_21_01_05/packages/ti/syslink/lib/syslink.a_debug(Dev.o)
 .rodata        0x0006d7e8      0x8e4 /home/think/ti/syslink_2_21_01_05/packages/ti/syslink/lib/syslink.a_debug(MemoryOS.o)
 .rodata        0x0006e0cc      0x380 /home/think/ti/syslink_2_21_01_05/packages/ti/syslink/lib/syslink.a_debug(OsalDrv.o)
 .rodata        0x0006e44c      0x330 /home/think/ti/syslink_2_21_01_05/packages/ti/syslink/lib/syslink.a_debug(OsalMutex.o)
 .rodata        0x0006e77c        0x4 /home/think/ti/syslink_2_21_01_05/packages/ti/syslink/lib/syslink.a_debug(OsalPrint.o)
 .rodata        0x0006e780     0x1e78 /home/think/ti/syslink_2_21_01_05/packages/ti/syslink/lib/syslink.a_debug(ProcMgr.o)
 .rodata        0x000705f8      0x360 /home/think/ti/syslink_2_21_01_05/packages/ti/syslink/lib/syslink.a_debug(ProcMgrDrvUsr.o)
 .rodata        0x00070958      0x5f4 /home/think/ti/syslink_2_21_01_05/packages/ti/syslink/lib/syslink.a_debug(FrameQ_common.o)
 .rodata        0x00070f4c      0xbf0 /home/think/ti/syslink_2_21_01_05/packages/ti/syslink/lib/syslink.a_debug(ListMP.o)
 .rodata        0x00071b3c      0x274 /home/think/ti/syslink_2_21_01_05/packages/ti/syslink/lib/syslink.a_debug(ListMPDrv.o)

.rodata1
 *(.rodata1)

.ARM.extab      0x00071db0     0x1b84
 *(.ARM.extab* .gnu.linkonce.armextab.*)
 .ARM.extab     0x00071db0        0x0 /home/think/l138/arm-2009q1/bin/../arm-none-linux-gnueabi/libc/usr/lib/crt1.o
 .ARM.extab     0x00071db0        0x0 /home/think/l138/arm-2009q1/bin/../arm-none-linux-gnueabi/libc/usr/lib/crti.o
 .ARM.extab     0x00071db0        0x0 /home/think/l138/arm-2009q1/bin/../lib/gcc/arm-none-linux-gnueabi/4.3.3/crtbegin.o
 .ARM.extab     0x00071db0       0x54 bin/debug/obj/arm_main.ov5T
 .ARM.extab     0x00071e04      0x1b0 bin/debug/obj/iec101.ov5T
 .ARM.extab     0x00071fb4      0x204 bin/debug/obj/iec104.ov5T
 .ARM.extab     0x000721b8       0x9c bin/debug/obj/sharearea.ov5T
 .ARM.extab     0x00072254       0x3c bin/debug/obj/common.ov5T
 .ARM.extab     0x00072290       0x24 bin/debug/obj/monitorpc.ov5T
 .ARM.extab     0x000722b4       0x18 bin/debug/obj/readconfig.ov5T
 .ARM.extab     0x000722cc       0x18 bin/debug/obj/readsysconfig.ov5T
 .ARM.extab     0x000722e4       0x18 bin/debug/obj/nand_rw.ov5T
 .ARM.extab     0x000722fc      0x144 /home/think/ti/syslink_2_21_01_05/packages/ti/syslink/lib/syslink.a_debug(SharedRegion.o)
 .ARM.extab     0x00072440       0xcc /home/think/ti/syslink_2_21_01_05/packages/ti/syslink/lib/syslink.a_debug(Notify.o)
 .ARM.extab     0x0007250c      0x120 /home/think/ti/syslink_2_21_01_05/packages/ti/syslink/lib/syslink.a_debug(MessageQ.o)
 .ARM.extab     0x0007262c       0x78 /home/think/ti/syslink_2_21_01_05/packages/ti/syslink/lib/syslink.a_debug(Ipc.o)
 .ARM.extab     0x000726a4      0x168 /home/think/ti/syslink_2_21_01_05/packages/ti/syslink/lib/syslink.a_debug(RingIO.o)
 .ARM.extab     0x0007280c       0x30 /home/think/ti/syslink_2_21_01_05/packages/ti/syslink/lib/syslink.a_debug(RingIOShm.o)
 .ARM.extab     0x0007283c      0x168 /home/think/ti/syslink_2_21_01_05/packages/ti/syslink/lib/syslink.a_debug(FrameQ.o)
 .ARM.extab     0x000729a4      0x1a4 /home/think/ti/syslink_2_21_01_05/packages/ti/syslink/lib/syslink.a_debug(FrameQBufMgr.o)
 .ARM.extab     0x00072b48       0xe4 /home/think/ti/syslink_2_21_01_05/packages/ti/syslink/lib/syslink.a_debug(ClientNotifyMgr.o)
 .ARM.extab     0x00072c2c       0xd8 /home/think/ti/syslink_2_21_01_05/packages/ti/syslink/lib/syslink.a_debug(HeapMemMP.o)
 .ARM.extab     0x00072d04       0xcc /home/think/ti/syslink_2_21_01_05/packages/ti/syslink/lib/syslink.a_debug(HeapBufMP.o)
 .ARM.extab     0x00072dd0       0xfc /home/think/ti/syslink_2_21_01_05/packages/ti/syslink/lib/syslink.a_debug(GateMP.o)
 .ARM.extab     0x00072ecc       0x24 /home/think/ti/syslink_2_21_01_05/packages/ti/syslink/lib/syslink.a_debug(SharedRegionDrv.o)
 .ARM.extab     0x00072ef0       0x30 /home/think/ti/syslink_2_21_01_05/packages/ti/syslink/lib/syslink.a_debug(NotifyDrvUsr.o)
 .ARM.extab     0x00072f20       0x24 /home/think/ti/syslink_2_21_01_05/packages/ti/syslink/lib/syslink.a_debug(HeapBufMPDrv.o)
 .ARM.extab     0x00072f44       0x24 /home/think/ti/syslink_2_21_01_05/packages/ti/syslink/lib/syslink.a_debug(MessageQDrv.o)
 .ARM.extab     0x00072f68       0x24 /home/think/ti/syslink_2_21_01_05/packages/ti/syslink/lib/syslink.a_debug(IpcDrv.o)
 .ARM.extab     0x00072f8c       0x24 /home/think/ti/syslink_2_21_01_05/packages/ti/syslink/lib/syslink.a_debug(FrameQDrv.o)
 .ARM.extab     0x00072fb0       0x24 /home/think/ti/syslink_2_21_01_05/packages/ti/syslink/lib/syslink.a_debug(FrameQBufMgrDrv.o)
 .ARM.extab     0x00072fd4       0x24 /home/think/ti/syslink_2_21_01_05/packages/ti/syslink/lib/syslink.a_debug(ClientNotifyMgrDrv.o)
 .ARM.extab     0x00072ff8       0x24 /home/think/ti/syslink_2_21_01_05/packages/ti/syslink/lib/syslink.a_debug(RingIODrv.o)
 .ARM.extab     0x0007301c       0x24 /home/think/ti/syslink_2_21_01_05/packages/ti/syslink/lib/syslink.a_debug(RingIOShmDrv.o)
 .ARM.extab     0x00073040       0x24 /home/think/ti/syslink_2_21_01_05/packages/ti/syslink/lib/syslink.a_debug(HeapMemMPDrv.o)
 .ARM.extab     0x00073064       0x24 /home/think/ti/syslink_2_21_01_05/packages/ti/syslink/lib/syslink.a_debug(GateMPDrv.o)
 .ARM.extab     0x00073088       0x18 /home/think/ti/syslink_2_21_01_05/packages/ti/syslink/lib/syslink.a_debug(OsalProcess.o)
 .ARM.extab     0x000730a0       0x48 /home/think/ti/syslink_2_21_01_05/packages/ti/syslink/lib/syslink.a_debug(GateMutex.o)
 .ARM.extab     0x000730e8       0x84 /home/think/ti/syslink_2_21_01_05/packages/ti/syslink/lib/syslink.a_debug(Memory.o)
 .ARM.extab     0x0007316c       0xcc /home/think/ti/syslink_2_21_01_05/packages/ti/syslink/lib/syslink.a_debug(List.o)
 .ARM.extab     0x00073238       0x18 /home/think/ti/syslink_2_21_01_05/packages/ti/syslink/lib/syslink.a_debug(String.o)
 .ARM.extab     0x00073250       0x6c /home/think/ti/syslink_2_21_01_05/packages/ti/syslink/lib/syslink.a_debug(Trace.o)
 .ARM.extab     0x000732bc       0xe4 /home/think/ti/syslink_2_21_01_05/packages/ti/syslink/lib/syslink.a_debug(NameServer.o)
 .ARM.extab     0x000733a0       0x6c /home/think/ti/syslink_2_21_01_05/packages/ti/syslink/lib/syslink.a_debug(MultiProc.o)
 .ARM.extab     0x0007340c       0x30 /home/think/ti/syslink_2_21_01_05/packages/ti/syslink/lib/syslink.a_debug(Gate.o)
 .ARM.extab     0x0007343c       0x18 /home/think/ti/syslink_2_21_01_05/packages/ti/syslink/lib/syslink.a_debug(SysLink.o)
 .ARM.extab     0x00073454       0x3c /home/think/ti/syslink_2_21_01_05/packages/ti/syslink/lib/syslink.a_debug(Cache.o)
 .ARM.extab     0x00073490       0x24 /home/think/ti/syslink_2_21_01_05/packages/ti/syslink/lib/syslink.a_debug(NameServerDrv.o)
 .ARM.extab     0x000734b4       0x24 /home/think/ti/syslink_2_21_01_05/packages/ti/syslink/lib/syslink.a_debug(MultiProcDrv.o)
 .ARM.extab     0x000734d8        0xc /home/think/ti/syslink_2_21_01_05/packages/ti/syslink/lib/syslink.a_debug(TraceDrv.o)
 .ARM.extab     0x000734e4        0xc /home/think/ti/syslink_2_21_01_05/packages/ti/syslink/lib/syslink.a_debug(CacheDrv.o)
 .ARM.extab     0x000734f0        0xc /home/think/ti/syslink_2_21_01_05/packages/ti/syslink/lib/syslink.a_debug(Dev.o)
 .ARM.extab     0x000734fc       0xcc /home/think/ti/syslink_2_21_01_05/packages/ti/syslink/lib/syslink.a_debug(MemoryOS.o)
 .ARM.extab     0x000735c8       0x3c /home/think/ti/syslink_2_21_01_05/packages/ti/syslink/lib/syslink.a_debug(OsalDrv.o)
 .ARM.extab     0x00073604       0x30 /home/think/ti/syslink_2_21_01_05/packages/ti/syslink/lib/syslink.a_debug(OsalMutex.o)
 .ARM.extab     0x00073634        0xc /home/think/ti/syslink_2_21_01_05/packages/ti/syslink/lib/syslink.a_debug(OsalPrint.o)
 .ARM.extab     0x00073640      0x15c /home/think/ti/syslink_2_21_01_05/packages/ti/syslink/lib/syslink.a_debug(ProcMgr.o)
 .ARM.extab     0x0007379c       0x24 /home/think/ti/syslink_2_21_01_05/packages/ti/syslink/lib/syslink.a_debug(ProcMgrDrvUsr.o)
 .ARM.extab     0x000737c0       0x60 /home/think/ti/syslink_2_21_01_05/packages/ti/syslink/lib/syslink.a_debug(FrameQ_common.o)
 .ARM.extab     0x00073820       0xf0 /home/think/ti/syslink_2_21_01_05/packages/ti/syslink/lib/syslink.a_debug(ListMP.o)
 .ARM.extab     0x00073910       0x24 /home/think/ti/syslink_2_21_01_05/packages/ti/syslink/lib/syslink.a_debug(ListMPDrv.o)
 .ARM.extab     0x00073934        0x0 /home/think/l138/arm-2009q1/bin/../arm-none-linux-gnueabi/libc/usr/lib/libc_nonshared.a(elf-init.oS)
 .ARM.extab.init
                0x00073934        0x0 /home/think/l138/arm-2009q1/bin/../arm-none-linux-gnueabi/libc/usr/lib/crtn.o
 .ARM.extab.fini
                0x00073934        0x0 /home/think/l138/arm-2009q1/bin/../arm-none-linux-gnueabi/libc/usr/lib/crtn.o
                0x00073934                __exidx_start = .

.ARM.exidx      0x00073934     0x1308
 *(.ARM.exidx* .gnu.linkonce.armexidx.*)
 .ARM.exidx     0x00073944        0x0 /home/think/l138/arm-2009q1/bin/../arm-none-linux-gnueabi/libc/usr/lib/crt1.o
                                  0x8 (size before relaxing)
 .ARM.exidx     0x00073944        0x8 /home/think/l138/arm-2009q1/bin/../arm-none-linux-gnueabi/libc/usr/lib/crti.o
 .ARM.exidx     0x0007394c        0x8 /home/think/l138/arm-2009q1/bin/../lib/gcc/arm-none-linux-gnueabi/4.3.3/crtbegin.o
                                 0x10 (size before relaxing)
 .ARM.exidx     0x00073954       0x38 bin/debug/obj/arm_main.ov5T
 .ARM.exidx     0x0007398c      0x138 bin/debug/obj/iec101.ov5T
 .ARM.exidx     0x00073ac4      0x160 bin/debug/obj/iec104.ov5T
 .ARM.exidx     0x00073c24       0x70 bin/debug/obj/sharearea.ov5T
 .ARM.exidx     0x00073c94       0x28 bin/debug/obj/common.ov5T
 .ARM.exidx     0x00073cbc       0x20 bin/debug/obj/monitorpc.ov5T
 .ARM.exidx     0x00073cdc       0x10 bin/debug/obj/readconfig.ov5T
 .ARM.exidx     0x00073cec       0x10 bin/debug/obj/readsysconfig.ov5T
 .ARM.exidx     0x00073cfc       0x10 bin/debug/obj/nand_rw.ov5T
 .ARM.exidx     0x00073d0c       0xe0 /home/think/ti/syslink_2_21_01_05/packages/ti/syslink/lib/syslink.a_debug(SharedRegion.o)
 .ARM.exidx     0x00073dec       0x88 /home/think/ti/syslink_2_21_01_05/packages/ti/syslink/lib/syslink.a_debug(Notify.o)
 .ARM.exidx     0x00073e74       0xc0 /home/think/ti/syslink_2_21_01_05/packages/ti/syslink/lib/syslink.a_debug(MessageQ.o)
 .ARM.exidx     0x00073f34       0x50 /home/think/ti/syslink_2_21_01_05/packages/ti/syslink/lib/syslink.a_debug(Ipc.o)
 .ARM.exidx     0x00073f84       0xf0 /home/think/ti/syslink_2_21_01_05/packages/ti/syslink/lib/syslink.a_debug(RingIO.o)
 .ARM.exidx     0x00074074       0x20 /home/think/ti/syslink_2_21_01_05/packages/ti/syslink/lib/syslink.a_debug(RingIOShm.o)
 .ARM.exidx     0x00074094       0xf0 /home/think/ti/syslink_2_21_01_05/packages/ti/syslink/lib/syslink.a_debug(FrameQ.o)
 .ARM.exidx     0x00074184      0x120 /home/think/ti/syslink_2_21_01_05/packages/ti/syslink/lib/syslink.a_debug(FrameQBufMgr.o)
                                0x128 (size before relaxing)
 .ARM.exidx     0x000742a4       0x98 /home/think/ti/syslink_2_21_01_05/packages/ti/syslink/lib/syslink.a_debug(ClientNotifyMgr.o)
 .ARM.exidx     0x0007433c       0x90 /home/think/ti/syslink_2_21_01_05/packages/ti/syslink/lib/syslink.a_debug(HeapMemMP.o)
 .ARM.exidx     0x000743cc       0x88 /home/think/ti/syslink_2_21_01_05/packages/ti/syslink/lib/syslink.a_debug(HeapBufMP.o)
 .ARM.exidx     0x00074454       0xa8 /home/think/ti/syslink_2_21_01_05/packages/ti/syslink/lib/syslink.a_debug(GateMP.o)
 .ARM.exidx     0x000744fc       0x18 /home/think/ti/syslink_2_21_01_05/packages/ti/syslink/lib/syslink.a_debug(SharedRegionDrv.o)
 .ARM.exidx     0x00074514       0x20 /home/think/ti/syslink_2_21_01_05/packages/ti/syslink/lib/syslink.a_debug(NotifyDrvUsr.o)
 .ARM.exidx     0x00074534       0x18 /home/think/ti/syslink_2_21_01_05/packages/ti/syslink/lib/syslink.a_debug(HeapBufMPDrv.o)
 .ARM.exidx     0x0007454c       0x18 /home/think/ti/syslink_2_21_01_05/packages/ti/syslink/lib/syslink.a_debug(MessageQDrv.o)
 .ARM.exidx     0x00074564       0x18 /home/think/ti/syslink_2_21_01_05/packages/ti/syslink/lib/syslink.a_debug(IpcDrv.o)
 .ARM.exidx     0x0007457c       0x18 /home/think/ti/syslink_2_21_01_05/packages/ti/syslink/lib/syslink.a_debug(FrameQDrv.o)
 .ARM.exidx     0x00074594       0x18 /home/think/ti/syslink_2_21_01_05/packages/ti/syslink/lib/syslink.a_debug(FrameQBufMgrDrv.o)
 .ARM.exidx     0x000745ac       0x18 /home/think/ti/syslink_2_21_01_05/packages/ti/syslink/lib/syslink.a_debug(ClientNotifyMgrDrv.o)
 .ARM.exidx     0x000745c4       0x18 /home/think/ti/syslink_2_21_01_05/packages/ti/syslink/lib/syslink.a_debug(RingIODrv.o)
 .ARM.exidx     0x000745dc       0x18 /home/think/ti/syslink_2_21_01_05/packages/ti/syslink/lib/syslink.a_debug(RingIOShmDrv.o)
 .ARM.exidx     0x000745f4       0x18 /home/think/ti/syslink_2_21_01_05/packages/ti/syslink/lib/syslink.a_debug(HeapMemMPDrv.o)
 .ARM.exidx     0x0007460c       0x18 /home/think/ti/syslink_2_21_01_05/packages/ti/syslink/lib/syslink.a_debug(GateMPDrv.o)
 .ARM.exidx     0x00074624       0x10 /home/think/ti/syslink_2_21_01_05/packages/ti/syslink/lib/syslink.a_debug(OsalProcess.o)
 .ARM.exidx     0x00074634       0x30 /home/think/ti/syslink_2_21_01_05/packages/ti/syslink/lib/syslink.a_debug(GateMutex.o)
 .ARM.exidx     0x00074664       0x60 /home/think/ti/syslink_2_21_01_05/packages/ti/syslink/lib/syslink.a_debug(Memory.o)
 .ARM.exidx     0x000746c4       0x88 /home/think/ti/syslink_2_21_01_05/packages/ti/syslink/lib/syslink.a_debug(List.o)
 .ARM.exidx     0x0007474c       0x20 /home/think/ti/syslink_2_21_01_05/packages/ti/syslink/lib/syslink.a_debug(String.o)
                                 0x40 (size before relaxing)
 .ARM.exidx     0x0007476c       0x48 /home/think/ti/syslink_2_21_01_05/packages/ti/syslink/lib/syslink.a_debug(Trace.o)
 .ARM.exidx     0x000747b4       0x98 /home/think/ti/syslink_2_21_01_05/packages/ti/syslink/lib/syslink.a_debug(NameServer.o)
 .ARM.exidx     0x0007484c       0x48 /home/think/ti/syslink_2_21_01_05/packages/ti/syslink/lib/syslink.a_debug(MultiProc.o)
 .ARM.exidx     0x00074894       0x20 /home/think/ti/syslink_2_21_01_05/packages/ti/syslink/lib/syslink.a_debug(Gate.o)
 .ARM.exidx     0x000748b4       0x10 /home/think/ti/syslink_2_21_01_05/packages/ti/syslink/lib/syslink.a_debug(SysLink.o)
 .ARM.exidx     0x000748c4       0x28 /home/think/ti/syslink_2_21_01_05/packages/ti/syslink/lib/syslink.a_debug(Cache.o)
 .ARM.exidx     0x000748ec       0x18 /home/think/ti/syslink_2_21_01_05/packages/ti/syslink/lib/syslink.a_debug(NameServerDrv.o)
 .ARM.exidx     0x00074904       0x18 /home/think/ti/syslink_2_21_01_05/packages/ti/syslink/lib/syslink.a_debug(MultiProcDrv.o)
 .ARM.exidx     0x0007491c        0x8 /home/think/ti/syslink_2_21_01_05/packages/ti/syslink/lib/syslink.a_debug(TraceDrv.o)
 .ARM.exidx     0x00074924        0x8 /home/think/ti/syslink_2_21_01_05/packages/ti/syslink/lib/syslink.a_debug(CacheDrv.o)
 .ARM.exidx     0x0007492c        0x8 /home/think/ti/syslink_2_21_01_05/packages/ti/syslink/lib/syslink.a_debug(Dev.o)
 .ARM.exidx     0x00074934       0x88 /home/think/ti/syslink_2_21_01_05/packages/ti/syslink/lib/syslink.a_debug(MemoryOS.o)
 .ARM.exidx     0x000749bc       0x28 /home/think/ti/syslink_2_21_01_05/packages/ti/syslink/lib/syslink.a_debug(OsalDrv.o)
 .ARM.exidx     0x000749e4       0x20 /home/think/ti/syslink_2_21_01_05/packages/ti/syslink/lib/syslink.a_debug(OsalMutex.o)
 .ARM.exidx     0x00074a04        0x8 /home/think/ti/syslink_2_21_01_05/packages/ti/syslink/lib/syslink.a_debug(OsalPrint.o)
 .ARM.exidx     0x00074a0c       0xe8 /home/think/ti/syslink_2_21_01_05/packages/ti/syslink/lib/syslink.a_debug(ProcMgr.o)
 .ARM.exidx     0x00074af4       0x18 /home/think/ti/syslink_2_21_01_05/packages/ti/syslink/lib/syslink.a_debug(ProcMgrDrvUsr.o)
 .ARM.exidx     0x00074b0c       0x48 /home/think/ti/syslink_2_21_01_05/packages/ti/syslink/lib/syslink.a_debug(FrameQ_common.o)
 .ARM.exidx     0x00074b54       0xa8 /home/think/ti/syslink_2_21_01_05/packages/ti/syslink/lib/syslink.a_debug(ListMP.o)
 .ARM.exidx     0x00074bfc       0x18 /home/think/ti/syslink_2_21_01_05/packages/ti/syslink/lib/syslink.a_debug(ListMPDrv.o)
 .ARM.exidx     0x00074c14       0x18 /home/think/l138/arm-2009q1/bin/../arm-none-linux-gnueabi/libc/usr/lib/libc_nonshared.a(elf-init.oS)
                                 0x10 (size before relaxing)
 .ARM.exidx.init
                0x00073934       0x10 /home/think/l138/arm-2009q1/bin/../arm-none-linux-gnueabi/libc/usr/lib/crtn.o
                                  0x8 (size before relaxing)
 .ARM.exidx.fini
                0x00074c2c       0x10 /home/think/l138/arm-2009q1/bin/../arm-none-linux-gnueabi/libc/usr/lib/crtn.o
                                  0x8 (size before relaxing)
                0x00074c3c                __exidx_end = .

.eh_frame_hdr
 *(.eh_frame_hdr)

.eh_frame       0x00074c3c        0x4
 *(.eh_frame)
 .eh_frame      0x00074c3c        0x4 /home/think/l138/arm-2009q1/bin/../lib/gcc/arm-none-linux-gnueabi/4.3.3/crtend.o

.gcc_except_table
 *(.gcc_except_table .gcc_except_table.*)
                0x00074c40                . = (ALIGN (0x8000) - ((0x8000 - .) & 0x7fff))
                0x0007d000                . = (0x8000 DATA_SEGMENT_ALIGN 0x1000)

.eh_frame
 *(.eh_frame)

.gcc_except_table
 *(.gcc_except_table .gcc_except_table.*)

.tdata
 *(.tdata .tdata.* .gnu.linkonce.td.*)

.tbss
 *(.tbss .tbss.* .gnu.linkonce.tb.*)
 *(.tcommon)

.preinit_array  0x0007d000        0x0
                0x0007d000                PROVIDE (__preinit_array_start, .)
 *(.preinit_array)
                0x0007d000                PROVIDE (__preinit_array_end, .)

.init_array     0x0007d000        0x4
                0x0007d000                PROVIDE (__init_array_start, .)
 *(SORT(.init_array.*))
 *(.init_array)
 .init_array    0x0007d000        0x4 /home/think/l138/arm-2009q1/bin/../lib/gcc/arm-none-linux-gnueabi/4.3.3/crtbegin.o
                0x0007d004                PROVIDE (__init_array_end, .)

.fini_array     0x0007d004        0x4
                0x0007d004                PROVIDE (__fini_array_start, .)
 *(.fini_array)
 .fini_array    0x0007d004        0x4 /home/think/l138/arm-2009q1/bin/../lib/gcc/arm-none-linux-gnueabi/4.3.3/crtbegin.o
 *(SORT(.fini_array.*))
                0x0007d008                PROVIDE (__fini_array_end, .)

.ctors
 *crtbegin.o(.ctors)
 *crtbegin?.o(.ctors)
 *(EXCLUDE_FILE(*crtend?.o *crtend.o) .ctors)
 *(SORT(.ctors.*))
 *(.ctors)

.dtors
 *crtbegin.o(.dtors)
 *crtbegin?.o(.dtors)
 *(EXCLUDE_FILE(*crtend?.o *crtend.o) .dtors)
 *(SORT(.dtors.*))
 *(.dtors)

.jcr            0x0007d008        0x4
 *(.jcr)
 .jcr           0x0007d008        0x0 /home/think/l138/arm-2009q1/bin/../lib/gcc/arm-none-linux-gnueabi/4.3.3/crtbegin.o
 .jcr           0x0007d008        0x4 /home/think/l138/arm-2009q1/bin/../lib/gcc/arm-none-linux-gnueabi/4.3.3/crtend.o

.data.rel.ro
 *(.data.rel.ro.local* .gnu.linkonce.d.rel.ro.local.*)
 *(.data.rel.ro* .gnu.linkonce.d.rel.ro.*)

.dynamic        0x0007d00c      0x100
 *(.dynamic)
 .dynamic       0x0007d00c      0x100 /home/think/l138/arm-2009q1/bin/../arm-none-linux-gnueabi/libc/usr/lib/crti.o
                0x0007d00c                _DYNAMIC
                0x0007d10c                . = (. DATA_SEGMENT_RELRO_END 0x0)

.got            0x0007d10c      0x1d0
 *(.got.plt)
 .got.plt       0x0007d10c      0x158 /home/think/l138/arm-2009q1/bin/../arm-none-linux-gnueabi/libc/usr/lib/crti.o
                0x0007d10c                _GLOBAL_OFFSET_TABLE_
 *(.got)
 .got           0x0007d264       0x78 /home/think/l138/arm-2009q1/bin/../arm-none-linux-gnueabi/libc/usr/lib/crti.o

.data           0x0007d2dc      0x110
                0x0007d2dc                __data_start = .
 *(.data .data.* .gnu.linkonce.d.*)
 .data          0x0007d2dc        0x4 /home/think/l138/arm-2009q1/bin/../arm-none-linux-gnueabi/libc/usr/lib/crt1.o
                0x0007d2dc                data_start
 .data          0x0007d2e0        0x0 /home/think/l138/arm-2009q1/bin/../arm-none-linux-gnueabi/libc/usr/lib/crti.o
 .data          0x0007d2e0        0x4 /home/think/l138/arm-2009q1/bin/../lib/gcc/arm-none-linux-gnueabi/4.3.3/crtbegin.o
                0x0007d2e0                __dso_handle
 .data          0x0007d2e4        0x0 bin/debug/obj/arm_main.ov5T
 .data          0x0007d2e4       0x60 bin/debug/obj/iec101.ov5T
 .data          0x0007d344        0x8 bin/debug/obj/iec104.ov5T
 .data          0x0007d34c        0x0 bin/debug/obj/sharearea.ov5T
 .data          0x0007d34c        0x0 bin/debug/obj/common.ov5T
 .data          0x0007d34c        0x0 bin/debug/obj/monitorpc.ov5T
 .data          0x0007d34c        0x0 bin/debug/obj/readconfig.ov5T
 .data          0x0007d34c       0x60 bin/debug/obj/readsysconfig.ov5T
 .data          0x0007d3ac        0x0 bin/debug/obj/nand_rw.ov5T
 .data          0x0007d3ac        0x4 /home/think/ti/syslink_2_21_01_05/packages/ti/syslink/lib/syslink.a_debug(SharedRegion.o)
                0x0007d3ac                SharedRegion_module
 .data          0x0007d3b0        0x0 /home/think/ti/syslink_2_21_01_05/packages/ti/syslink/lib/syslink.a_debug(Notify.o)
 .data          0x0007d3b0        0x4 /home/think/ti/syslink_2_21_01_05/packages/ti/syslink/lib/syslink.a_debug(MessageQ.o)
                0x0007d3b0                MessageQ_module
 .data          0x0007d3b4        0x0 /home/think/ti/syslink_2_21_01_05/packages/ti/syslink/lib/syslink.a_debug(Ipc.o)
 .data          0x0007d3b4        0x0 /home/think/ti/syslink_2_21_01_05/packages/ti/syslink/lib/syslink.a_debug(RingIO.o)
 .data          0x0007d3b4        0x0 /home/think/ti/syslink_2_21_01_05/packages/ti/syslink/lib/syslink.a_debug(RingIOShm.o)
 .data          0x0007d3b4        0x4 /home/think/ti/syslink_2_21_01_05/packages/ti/syslink/lib/syslink.a_debug(FrameQ.o)
                0x0007d3b4                FrameQ_module
 .data          0x0007d3b8        0x4 /home/think/ti/syslink_2_21_01_05/packages/ti/syslink/lib/syslink.a_debug(FrameQBufMgr.o)
                0x0007d3b8                FrameQBufMgr_module
 .data          0x0007d3bc        0x4 /home/think/ti/syslink_2_21_01_05/packages/ti/syslink/lib/syslink.a_debug(ClientNotifyMgr.o)
                0x0007d3bc                ClientNotifyMgr_module
 .data          0x0007d3c0        0x0 /home/think/ti/syslink_2_21_01_05/packages/ti/syslink/lib/syslink.a_debug(HeapMemMP.o)
 .data          0x0007d3c0        0x4 /home/think/ti/syslink_2_21_01_05/packages/ti/syslink/lib/syslink.a_debug(HeapBufMP.o)
                0x0007d3c0                HeapBufMP_module
 .data          0x0007d3c4        0x4 /home/think/ti/syslink_2_21_01_05/packages/ti/syslink/lib/syslink.a_debug(GateMP.o)
 .data          0x0007d3c8        0x0 /home/think/ti/syslink_2_21_01_05/packages/ti/syslink/lib/syslink.a_debug(SharedRegionDrv.o)
 .data          0x0007d3c8        0x4 /home/think/ti/syslink_2_21_01_05/packages/ti/syslink/lib/syslink.a_debug(NotifyDrvUsr.o)
 .data          0x0007d3cc        0x0 /home/think/ti/syslink_2_21_01_05/packages/ti/syslink/lib/syslink.a_debug(HeapBufMPDrv.o)
 .data          0x0007d3cc        0x0 /home/think/ti/syslink_2_21_01_05/packages/ti/syslink/lib/syslink.a_debug(MessageQDrv.o)
 .data          0x0007d3cc        0x0 /home/think/ti/syslink_2_21_01_05/packages/ti/syslink/lib/syslink.a_debug(IpcDrv.o)
 .data          0x0007d3cc        0x0 /home/think/ti/syslink_2_21_01_05/packages/ti/syslink/lib/syslink.a_debug(FrameQDrv.o)
 .data          0x0007d3cc        0x0 /home/think/ti/syslink_2_21_01_05/packages/ti/syslink/lib/syslink.a_debug(FrameQBufMgrDrv.o)
 .data          0x0007d3cc        0x0 /home/think/ti/syslink_2_21_01_05/packages/ti/syslink/lib/syslink.a_debug(ClientNotifyMgrDrv.o)
 .data          0x0007d3cc        0x0 /home/think/ti/syslink_2_21_01_05/packages/ti/syslink/lib/syslink.a_debug(RingIODrv.o)
 .data          0x0007d3cc        0x0 /home/think/ti/syslink_2_21_01_05/packages/ti/syslink/lib/syslink.a_debug(RingIOShmDrv.o)
 .data          0x0007d3cc        0x0 /home/think/ti/syslink_2_21_01_05/packages/ti/syslink/lib/syslink.a_debug(HeapMemMPDrv.o)
 .data          0x0007d3cc        0x0 /home/think/ti/syslink_2_21_01_05/packages/ti/syslink/lib/syslink.a_debug(GateMPDrv.o)
 .data          0x0007d3cc        0x0 /home/think/ti/syslink_2_21_01_05/packages/ti/syslink/lib/syslink.a_debug(OsalProcess.o)
 .data          0x0007d3cc        0x0 /home/think/ti/syslink_2_21_01_05/packages/ti/syslink/lib/syslink.a_debug(GateMutex.o)
 .data          0x0007d3cc        0x0 /home/think/ti/syslink_2_21_01_05/packages/ti/syslink/lib/syslink.a_debug(Memory.o)
 .data          0x0007d3cc        0x0 /home/think/ti/syslink_2_21_01_05/packages/ti/syslink/lib/syslink.a_debug(List.o)
 .data          0x0007d3cc        0x0 /home/think/ti/syslink_2_21_01_05/packages/ti/syslink/lib/syslink.a_debug(String.o)
 .data          0x0007d3cc        0x0 /home/think/ti/syslink_2_21_01_05/packages/ti/syslink/lib/syslink.a_debug(Trace.o)
 .data          0x0007d3cc        0x4 /home/think/ti/syslink_2_21_01_05/packages/ti/syslink/lib/syslink.a_debug(NameServer.o)
                0x0007d3cc                NameServer_module
 .data          0x0007d3d0        0x4 /home/think/ti/syslink_2_21_01_05/packages/ti/syslink/lib/syslink.a_debug(MultiProc.o)
                0x0007d3d0                MultiProc_module
 .data          0x0007d3d4        0xc /home/think/ti/syslink_2_21_01_05/packages/ti/syslink/lib/syslink.a_debug(Gate.o)
                0x0007d3dc                Gate_systemHandle
                0x0007d3d4                Gate_systemObject
 .data          0x0007d3e0        0x0 /home/think/ti/syslink_2_21_01_05/packages/ti/syslink/lib/syslink.a_debug(SysLink.o)
 .data          0x0007d3e0        0x0 /home/think/ti/syslink_2_21_01_05/packages/ti/syslink/lib/syslink.a_debug(Cache.o)
 .data          0x0007d3e0        0x0 /home/think/ti/syslink_2_21_01_05/packages/ti/syslink/lib/syslink.a_debug(NameServerDrv.o)
 .data          0x0007d3e0        0x0 /home/think/ti/syslink_2_21_01_05/packages/ti/syslink/lib/syslink.a_debug(MultiProcDrv.o)
 .data          0x0007d3e0        0x0 /home/think/ti/syslink_2_21_01_05/packages/ti/syslink/lib/syslink.a_debug(TraceDrv.o)
 .data          0x0007d3e0        0x0 /home/think/ti/syslink_2_21_01_05/packages/ti/syslink/lib/syslink.a_debug(CacheDrv.o)
 .data          0x0007d3e0        0x0 /home/think/ti/syslink_2_21_01_05/packages/ti/syslink/lib/syslink.a_debug(Dev.o)
 .data          0x0007d3e0        0x0 /home/think/ti/syslink_2_21_01_05/packages/ti/syslink/lib/syslink.a_debug(MemoryOS.o)
 .data          0x0007d3e0        0x4 /home/think/ti/syslink_2_21_01_05/packages/ti/syslink/lib/syslink.a_debug(OsalDrv.o)
 .data          0x0007d3e4        0x0 /home/think/ti/syslink_2_21_01_05/packages/ti/syslink/lib/syslink.a_debug(OsalMutex.o)
 .data          0x0007d3e4        0x0 /home/think/ti/syslink_2_21_01_05/packages/ti/syslink/lib/syslink.a_debug(OsalPrint.o)
 .data          0x0007d3e4        0x0 /home/think/ti/syslink_2_21_01_05/packages/ti/syslink/lib/syslink.a_debug(ProcMgr.o)
 .data          0x0007d3e4        0x4 /home/think/ti/syslink_2_21_01_05/packages/ti/syslink/lib/syslink.a_debug(ProcMgrDrvUsr.o)
 .data          0x0007d3e8        0x0 /home/think/ti/syslink_2_21_01_05/packages/ti/syslink/lib/syslink.a_debug(FrameQ_common.o)
 .data          0x0007d3e8        0x4 /home/think/ti/syslink_2_21_01_05/packages/ti/syslink/lib/syslink.a_debug(ListMP.o)
                0x0007d3e8                ListMP_module
 .data          0x0007d3ec        0x0 /home/think/ti/syslink_2_21_01_05/packages/ti/syslink/lib/syslink.a_debug(ListMPDrv.o)
 .data          0x0007d3ec        0x0 /home/think/l138/arm-2009q1/bin/../arm-none-linux-gnueabi/libc/usr/lib/libc_nonshared.a(elf-init.oS)
 .data          0x0007d3ec        0x0 /home/think/l138/arm-2009q1/bin/../lib/gcc/arm-none-linux-gnueabi/4.3.3/libgcc.a(_udivsi3.o)
 .data          0x0007d3ec        0x0 /home/think/l138/arm-2009q1/bin/../lib/gcc/arm-none-linux-gnueabi/4.3.3/libgcc.a(_arm_addsubdf3.o)
 .data          0x0007d3ec        0x0 /home/think/l138/arm-2009q1/bin/../lib/gcc/arm-none-linux-gnueabi/4.3.3/libgcc.a(_arm_addsubsf3.o)
 .data          0x0007d3ec        0x0 /home/think/l138/arm-2009q1/bin/../lib/gcc/arm-none-linux-gnueabi/4.3.3/libgcc.a(_arm_cmpsf2.o)
 .data          0x0007d3ec        0x0 /home/think/l138/arm-2009q1/bin/../lib/gcc/arm-none-linux-gnueabi/4.3.3/libgcc.a(_arm_fixsfsi.o)
 .data          0x0007d3ec        0x0 /home/think/l138/arm-2009q1/bin/../lib/gcc/arm-none-linux-gnueabi/4.3.3/libgcc.a(_arm_fixunssfsi.o)
 .data          0x0007d3ec        0x0 /home/think/l138/arm-2009q1/bin/../lib/gcc/arm-none-linux-gnueabi/4.3.3/libgcc.a(_dvmd_lnx.o)
 .data          0x0007d3ec        0x0 /home/think/l138/arm-2009q1/bin/../lib/gcc/arm-none-linux-gnueabi/4.3.3/crtend.o
 .data          0x0007d3ec        0x0 /home/think/l138/arm-2009q1/bin/../arm-none-linux-gnueabi/libc/usr/lib/crtn.o

.data1
 *(.data1)
                0x0007d3ec                _edata = .
                0x0007d3ec                PROVIDE (edata, .)
                0x0007d3ec                __bss_start = .
                0x0007d3ec                __bss_start__ = .

.bss            0x0007d3f0    0x2e2a0
 *(.dynbss)
 *fill*         0x0007d3f0        0x0 00
 .dynbss        0x0007d3f0        0x4 /home/think/l138/arm-2009q1/bin/../arm-none-linux-gnueabi/libc/usr/lib/crti.o
                0x0007d3f0                stderr@@GLIBC_2.4
 *(.bss .bss.* .gnu.linkonce.b.*)
 .bss           0x0007d3f4        0x0 /home/think/l138/arm-2009q1/bin/../arm-none-linux-gnueabi/libc/usr/lib/crt1.o
 .bss           0x0007d3f4        0x0 /home/think/l138/arm-2009q1/bin/../arm-none-linux-gnueabi/libc/usr/lib/crti.o
 .bss           0x0007d3f4        0x1 /home/think/l138/arm-2009q1/bin/../lib/gcc/arm-none-linux-gnueabi/4.3.3/crtbegin.o
 *fill*         0x0007d3f5        0x3 00
 .bss           0x0007d3f8       0x18 bin/debug/obj/arm_main.ov5T
 .bss           0x0007d410      0x520 bin/debug/obj/iec101.ov5T
 .bss           0x0007d930      0x538 bin/debug/obj/iec104.ov5T
 .bss           0x0007de68       0x8c bin/debug/obj/sharearea.ov5T
                0x0007de68                INDEX
 .bss           0x0007def4        0x2 bin/debug/obj/common.ov5T
 .bss           0x0007def6        0x0 bin/debug/obj/monitorpc.ov5T
 .bss           0x0007def6        0x0 bin/debug/obj/readconfig.ov5T
 .bss           0x0007def6        0x0 bin/debug/obj/readsysconfig.ov5T
 .bss           0x0007def6        0x0 bin/debug/obj/nand_rw.ov5T
 *fill*         0x0007def6        0x2 00
 .bss           0x0007def8      0x138 /home/think/ti/syslink_2_21_01_05/packages/ti/syslink/lib/syslink.a_debug(SharedRegion.o)
                0x0007def8                SharedRegion_state
 .bss           0x0007e030       0x14 /home/think/ti/syslink_2_21_01_05/packages/ti/syslink/lib/syslink.a_debug(Notify.o)
                0x0007e030                Notify_state
 .bss           0x0007e044        0x4 /home/think/ti/syslink_2_21_01_05/packages/ti/syslink/lib/syslink.a_debug(MessageQ.o)
                0x0007e044                MessageQ_state
 .bss           0x0007e048       0x5c /home/think/ti/syslink_2_21_01_05/packages/ti/syslink/lib/syslink.a_debug(Ipc.o)
                0x0007e098                SysLinkCfg_sysMemMap
                0x0007e048                Ipc_state
                0x0007e0a0                SysLink_params
 .bss           0x0007e0a4        0xc /home/think/ti/syslink_2_21_01_05/packages/ti/syslink/lib/syslink.a_debug(RingIO.o)
                0x0007e0a4                RingIO_state
 .bss           0x0007e0b0        0x8 /home/think/ti/syslink_2_21_01_05/packages/ti/syslink/lib/syslink.a_debug(RingIOShm.o)
                0x0007e0b0                RingIOShm_state
 .bss           0x0007e0b8       0x20 /home/think/ti/syslink_2_21_01_05/packages/ti/syslink/lib/syslink.a_debug(FrameQ.o)
                0x0007e0b8                FrameQ_module_obj
 .bss           0x0007e0d8       0x20 /home/think/ti/syslink_2_21_01_05/packages/ti/syslink/lib/syslink.a_debug(FrameQBufMgr.o)
                0x0007e0d8                FrameQBufMgr_module_obj
 .bss           0x0007e0f8    0x2d024 /home/think/ti/syslink_2_21_01_05/packages/ti/syslink/lib/syslink.a_debug(ClientNotifyMgr.o)
                0x0007e0f8                ClientNotifyMgr_module_obj
 .bss           0x000ab11c        0x4 /home/think/ti/syslink_2_21_01_05/packages/ti/syslink/lib/syslink.a_debug(HeapMemMP.o)
                0x000ab11c                HeapMemMP_state
 .bss           0x000ab120        0x4 /home/think/ti/syslink_2_21_01_05/packages/ti/syslink/lib/syslink.a_debug(HeapBufMP.o)
                0x000ab120                HeapBufMP_state
 .bss           0x000ab124       0x1c /home/think/ti/syslink_2_21_01_05/packages/ti/syslink/lib/syslink.a_debug(GateMP.o)
 .bss           0x000ab140        0x8 /home/think/ti/syslink_2_21_01_05/packages/ti/syslink/lib/syslink.a_debug(SharedRegionDrv.o)
 .bss           0x000ab148        0xc /home/think/ti/syslink_2_21_01_05/packages/ti/syslink/lib/syslink.a_debug(NotifyDrvUsr.o)
 .bss           0x000ab154        0x8 /home/think/ti/syslink_2_21_01_05/packages/ti/syslink/lib/syslink.a_debug(HeapBufMPDrv.o)
 .bss           0x000ab15c        0x8 /home/think/ti/syslink_2_21_01_05/packages/ti/syslink/lib/syslink.a_debug(MessageQDrv.o)
 .bss           0x000ab164        0x8 /home/think/ti/syslink_2_21_01_05/packages/ti/syslink/lib/syslink.a_debug(IpcDrv.o)
 .bss           0x000ab16c        0x8 /home/think/ti/syslink_2_21_01_05/packages/ti/syslink/lib/syslink.a_debug(FrameQDrv.o)
 .bss           0x000ab174        0x8 /home/think/ti/syslink_2_21_01_05/packages/ti/syslink/lib/syslink.a_debug(FrameQBufMgrDrv.o)
 .bss           0x000ab17c        0x8 /home/think/ti/syslink_2_21_01_05/packages/ti/syslink/lib/syslink.a_debug(ClientNotifyMgrDrv.o)
 .bss           0x000ab184        0x8 /home/think/ti/syslink_2_21_01_05/packages/ti/syslink/lib/syslink.a_debug(RingIODrv.o)
 .bss           0x000ab18c        0x8 /home/think/ti/syslink_2_21_01_05/packages/ti/syslink/lib/syslink.a_debug(RingIOShmDrv.o)
 .bss           0x000ab194        0x8 /home/think/ti/syslink_2_21_01_05/packages/ti/syslink/lib/syslink.a_debug(HeapMemMPDrv.o)
 .bss           0x000ab19c        0x8 /home/think/ti/syslink_2_21_01_05/packages/ti/syslink/lib/syslink.a_debug(GateMPDrv.o)
 .bss           0x000ab1a4        0x0 /home/think/ti/syslink_2_21_01_05/packages/ti/syslink/lib/syslink.a_debug(OsalProcess.o)
 .bss           0x000ab1a4        0x4 /home/think/ti/syslink_2_21_01_05/packages/ti/syslink/lib/syslink.a_debug(GateMutex.o)
 .bss           0x000ab1a8        0x0 /home/think/ti/syslink_2_21_01_05/packages/ti/syslink/lib/syslink.a_debug(Memory.o)
 .bss           0x000ab1a8        0x0 /home/think/ti/syslink_2_21_01_05/packages/ti/syslink/lib/syslink.a_debug(List.o)
 .bss           0x000ab1a8        0x0 /home/think/ti/syslink_2_21_01_05/packages/ti/syslink/lib/syslink.a_debug(String.o)
 .bss           0x000ab1a8        0x4 /home/think/ti/syslink_2_21_01_05/packages/ti/syslink/lib/syslink.a_debug(Trace.o)
                0x000ab1a8                curTrace
 .bss           0x000ab1ac        0xc /home/think/ti/syslink_2_21_01_05/packages/ti/syslink/lib/syslink.a_debug(NameServer.o)
                0x000ab1ac                NameServer_state
 .bss           0x000ab1b8      0x298 /home/think/ti/syslink_2_21_01_05/packages/ti/syslink/lib/syslink.a_debug(MultiProc.o)
                0x000ab1b8                MultiProc_state