Archive member included because of file (symbol)

/home/think/ti/syslink_2_21_01_05/packages/ti/syslink/lib/syslink.a_debug(SharedRegion.o)
                              bin/debug/obj/sharearea.ov5T (SharedRegion_getSRPtr)
/home/think/ti/syslink_2_21_01_05/packages/ti/syslink/lib/syslink.a_debug(Notify.o)
                              bin/debug/obj/sharearea.ov5T (Notify_registerEvent)
/home/think/ti/syslink_2_21_01_05/packages/ti/syslink/lib/syslink.a_debug(MessageQ.o)
                              bin/debug/obj/sharearea.ov5T (MessageQ_Params_init)
/home/think/ti/syslink_2_21_01_05/packages/ti/syslink/lib/syslink.a_debug(Ipc.o)
                              bin/debug/obj/arm_main.ov5T (Ipc_control)
/home/think/ti/syslink_2_21_01_05/packages/ti/syslink/lib/syslink.a_debug(RingIO.o)
                              /home/think/ti/syslink_2_21_01_05/packages/ti/syslink/lib/syslink.a_debug(Ipc.o) (RingIO_getConfig)
/home/think/ti/syslink_2_21_01_05/packages/ti/syslink/lib/syslink.a_debug(RingIOShm.o)
                              /home/think/ti/syslink_2_21_01_05/packages/ti/syslink/lib/syslink.a_debug(Ipc.o) (RingIOShm_getConfig)
/home/think/ti/syslink_2_21_01_05/packages/ti/syslink/lib/syslink.a_debug(FrameQ.o)
                              /home/think/ti/syslink_2_21_01_05/packages/ti/syslink/lib/syslink.a_debug(Ipc.o) (FrameQ_getConfig)
/home/think/ti/syslink_2_21_01_05/packages/ti/syslink/lib/syslink.a_debug(FrameQBufMgr.o)
                              /home/think/ti/syslink_2_21_01_05/packages/ti/syslink/lib/syslink.a_debug(Ipc.o) (FrameQBufMgr_getConfig)
/home/think/ti/syslink_2_21_01_05/packages/ti/syslink/lib/syslink.a_debug(ClientNotifyMgr.o)
                              /home/think/ti/syslink_2_21_01_05/packages/ti/syslink/lib/syslink.a_debug(RingIO.o) (ClientNotifyMgr_sharedMemReq)
/home/think/ti/syslink_2_21_01_05/packages/ti/syslink/lib/syslink.a_debug(HeapMemMP.o)
                              /home/think/ti/syslink_2_21_01_05/packages/ti/syslink/lib/syslink.a_debug(Ipc.o) (HeapMemMP_getConfig)
/home/think/ti/syslink_2_21_01_05/packages/ti/syslink/lib/syslink.a_debug(HeapBufMP.o)
                              /home/think/ti/syslink_2_21_01_05/packages/ti/syslink/lib/syslink.a_debug(Ipc.o) (HeapBufMP_getConfig)
/home/think/ti/syslink_2_21_01_05/packages/ti/syslink/lib/syslink.a_debug(GateMP.o)
                              /home/think/ti/syslink_2_21_01_05/packages/ti/syslink/lib/syslink.a_debug(Ipc.o) (GateMP_getConfig)
/home/think/ti/syslink_2_21_01_05/packages/ti/syslink/lib/syslink.a_debug(SharedRegionDrv.o)
                              /home/think/ti/syslink_2_21_01_05/packages/ti/syslink/lib/syslink.a_debug(SharedRegion.o) (SharedRegionDrv_open)
/home/think/ti/syslink_2_21_01_05/packages/ti/syslink/lib/syslink.a_debug(NotifyDrvUsr.o)
                              /home/think/ti/syslink_2_21_01_05/packages/ti/syslink/lib/syslink.a_debug(Notify.o) (NotifyDrvUsr_open)
/home/think/ti/syslink_2_21_01_05/packages/ti/syslink/lib/syslink.a_debug(HeapBufMPDrv.o)
                              /home/think/ti/syslink_2_21_01_05/packages/ti/syslink/lib/syslink.a_debug(HeapBufMP.o) (HeapBufMPDrv_open)
/home/think/ti/syslink_2_21_01_05/packages/ti/syslink/lib/syslink.a_debug(MessageQDrv.o)
                              /home/think/ti/syslink_2_21_01_05/packages/ti/syslink/lib/syslink.a_debug(MessageQ.o) (MessageQDrv_open)
/home/think/ti/syslink_2_21_01_05/packages/ti/syslink/lib/syslink.a_debug(IpcDrv.o)
                              /home/think/ti/syslink_2_21_01_05/packages/ti/syslink/lib/syslink.a_debug(Ipc.o) (IpcDrv_open)
/home/think/ti/syslink_2_21_01_05/packages/ti/syslink/lib/syslink.a_debug(FrameQDrv.o)
                              /home/think/ti/syslink_2_21_01_05/packages/ti/syslink/lib/syslink.a_debug(FrameQ.o) (FrameQDrv_open)
/home/think/ti/syslink_2_21_01_05/packages/ti/syslink/lib/syslink.a_debug(FrameQBufMgrDrv.o)
                              /home/think/ti/syslink_2_21_01_05/packages/ti/syslink/lib/syslink.a_debug(FrameQBufMgr.o) (FrameQBufMgrDrv_open)
/home/think/ti/syslink_2_21_01_05/packages/ti/syslink/lib/syslink.a_debug(ClientNotifyMgrDrv.o)
                              /home/think/ti/syslink_2_21_01_05/packages/ti/syslink/lib/syslink.a_debug(ClientNotifyMgr.o) (ClientNotifyMgrDrv_open)
/home/think/ti/syslink_2_21_01_05/packages/ti/syslink/lib/syslink.a_debug(RingIODrv.o)
                              /home/think/ti/syslink_2_21_01_05/packages/ti/syslink/lib/syslink.a_debug(RingIO.o) (RingIODrv_open)
/home/think/ti/syslink_2_21_01_05/packages/ti/syslink/lib/syslink.a_debug(RingIOShmDrv.o)
                              /home/think/ti/syslink_2_21_01_05/packages/ti/syslink/lib/syslink.a_debug(RingIOShm.o) (RingIOShmDrv_open)
/home/think/ti/syslink_2_21_01_05/packages/ti/syslink/lib/syslink.a_debug(HeapMemMPDrv.o)
                              /home/think/ti/syslink_2_21_01_05/packages/ti/syslink/lib/syslink.a_debug(HeapMemMP.o) (HeapMemMPDrv_open)
[...]
Memory Configuration

Name             Origin             Length             Attributes
*default*        0x00000000         0xffffffff

Linker script and memory map

LOAD /home/think/l138/arm-2009q1/bin/../arm-none-linux-gnueabi/libc/usr/lib/crt1.o
LOAD /home/think/l138/arm-2009q1/bin/../arm-none-linux-gnueabi/libc/usr/lib/crti.o
LOAD /home/think/l138/arm-2009q1/bin/../lib/gcc/arm-none-linux-gnueabi/4.3.3/crtbegin.o
LOAD bin/debug/obj/arm_main.ov5T
LOAD bin/debug/obj/iec101.ov5T
LOAD bin/debug/obj/iec104.ov5T
LOAD bin/debug/obj/sharearea.ov5T
LOAD bin/debug/obj/common.ov5T
LOAD bin/debug/obj/monitorpc.ov5T
LOAD bin/debug/obj/readconfig.ov5T
LOAD bin/debug/obj/readsysconfig.ov5T
LOAD bin/debug/obj/nand_rw.ov5T
LOAD /home/think/ti/syslink_2_21_01_05/packages/ti/syslink/lib/syslink.a_debug
LOAD /home/think/l138/arm-2009q1/bin/../arm-none-linux-gnueabi/libc/usr/lib/libpthread.so
START GROUP
LOAD /home/think/l138/arm-2009q1/bin/../arm-none-linux-gnueabi/libc/lib/libpthread.so.0
LOAD /home/think/l138/arm-2009q1/bin/../arm-none-linux-gnueabi/libc/usr/lib/libpthread_nonshared.a
END GROUP
LOAD /home/think/l138/arm-2009q1/bin/../arm-none-linux-gnueabi/libc/usr/lib/libc.so
START GROUP
LOAD /home/think/l138/arm-2009q1/bin/../arm-none-linux-gnueabi/libc/lib/libc.so.6
LOAD /home/think/l138/arm-2009q1/bin/../arm-none-linux-gnueabi/libc/usr/lib/libc_nonshared.a
LOAD /home/think/l138/arm-2009q1/bin/../arm-none-linux-gnueabi/libc/lib/ld-linux.so.3
END GROUP
LOAD /home/think/l138/arm-2009q1/bin/../arm-none-linux-gnueabi/libc/usr/lib/librt.so
LOAD /home/think/l138/arm-2009q1/bin/../lib/gcc/arm-none-linux-gnueabi/4.3.3/libgcc.a
LOAD /home/think/l138/arm-2009q1/bin/../arm-none-linux-gnueabi/libc/lib/libgcc_s.so
LOAD /home/think/l138/arm-2009q1/bin/../arm-none-linux-gnueabi/libc/usr/lib/libc.so
START GROUP
LOAD /home/think/l138/arm-2009q1/bin/../arm-none-linux-gnueabi/libc/lib/libc.so.6
LOAD /home/think/l138/arm-2009q1/bin/../arm-none-linux-gnueabi/libc/usr/lib/libc_nonshared.a
LOAD /home/think/l138/arm-2009q1/bin/../arm-none-linux-gnueabi/libc/lib/ld-linux.so.3
END GROUP
LOAD /home/think/l138/arm-2009q1/bin/../lib/gcc/arm-none-linux-gnueabi/4.3.3/libgcc.a
LOAD /home/think/l138/arm-2009q1/bin/../arm-none-linux-gnueabi/libc/lib/libgcc_s.so
LOAD /home/think/l138/arm-2009q1/bin/../lib/gcc/arm-none-linux-gnueabi/4.3.3/crtend.o
LOAD /home/think/l138/arm-2009q1/bin/../arm-none-linux-gnueabi/libc/usr/lib/crtn.o
                0x00008000                PROVIDE (__executable_start, 0x8000)
                0x00008134                . = (0x8000 + SIZEOF_HEADERS)

.interp         0x00008134       0x13
 *(.interp)
 .interp        0x00008134       0x13 /home/think/l138/arm-2009q1/bin/../arm-none-linux-gnueabi/libc/usr/lib/crti.o

.note.ABI-tag   0x00008148       0x20
 .note.ABI-tag  0x00008148       0x20 /home/think/l138/arm-2009q1/bin/../arm-none-linux-gnueabi/libc/usr/lib/crt1.o

.note.gnu.build-id
 *(.note.gnu.build-id)

.hash           0x00008168      0x358
 *(.hash)
 .hash          0x00008168      0x358 /home/think/l138/arm-2009q1/bin/../arm-none-linux-gnueabi/libc/usr/lib/crti.o

.gnu.hash
 *(.gnu.hash)

.dynsym         0x000084c0      0x730
 *(.dynsym)
 .dynsym        0x000084c0      0x730 /home/think/l138/arm-2009q1/bin/../arm-none-linux-gnueabi/libc/usr/lib/crti.o

.dynstr         0x00008bf0      0x45c
 *(.dynstr)
 .dynstr        0x00008bf0      0x45c /home/think/l138/arm-2009q1/bin/../arm-none-linux-gnueabi/libc/usr/lib/crti.o

.gnu.version    0x0000904c       0xe6
 *(.gnu.version)
 .gnu.version   0x0000904c       0xe6 /home/think/l138/arm-2009q1/bin/../arm-none-linux-gnueabi/libc/usr/lib/crti.o

.gnu.version_d  0x00009134        0x0 load address 0x00009132
 *(.gnu.version_d)
 .gnu.version_d
                0x00000000        0x0 /home/think/l138/arm-2009q1/bin/../arm-none-linux-gnueabi/libc/usr/lib/crti.o

.gnu.version_r  0x00009134       0x60
 *(.gnu.version_r)
 .gnu.version_r
                0x00009134       0x60 /home/think/l138/arm-2009q1/bin/../arm-none-linux-gnueabi/libc/usr/lib/crti.o

.rel.dyn        0x00009194       0xf0
 *(.rel.init)
 *(.rel.text .rel.text.* .rel.gnu.linkonce.t.*)
 *(.rel.fini)
 *(.rel.rodata .rel.rodata.* .rel.gnu.linkonce.r.*)
 *(.rel.data.rel.ro* .rel.gnu.linkonce.d.rel.ro.*)
 *(.rel.data .rel.data.* .rel.gnu.linkonce.d.*)
 *(.rel.tdata .rel.tdata.* .rel.gnu.linkonce.td.*)
 *(.rel.tbss .rel.tbss.* .rel.gnu.linkonce.tb.*)
 *(.rel.ctors)
 *(.rel.dtors)
 *(.rel.got)
 .rel.got       0x00009194       0xe8 /home/think/l138/arm-2009q1/bin/../arm-none-linux-gnueabi/libc/usr/lib/crti.o
 *(.rel.bss .rel.bss.* .rel.gnu.linkonce.b.*)
 .rel.bss       0x0000927c        0x8 /home/think/l138/arm-2009q1/bin/../arm-none-linux-gnueabi/libc/usr/lib/crti.o

.rel.ifunc.dyn
 *(.rel.ifunc.*)

.rela.dyn
 *(.rela.init)
 *(.rela.text .rela.text.* .rela.gnu.linkonce.t.*)
 *(.rela.fini)
 *(.rela.rodata .rela.rodata.* .rela.gnu.linkonce.r.*)
 *(.rela.data .rela.data.* .rela.gnu.linkonce.d.*)
 *(.rela.tdata .rela.tdata.* .rela.gnu.linkonce.td.*)
 *(.rela.tbss .rela.tbss.* .rela.gnu.linkonce.tb.*)
 *(.rela.ctors)
 *(.rela.dtors)
 *(.rela.got)
 *(.rela.bss .rela.bss.* .rela.gnu.linkonce.b.*)

.rela.ifunc.dyn
 *(.rela.ifunc.*)

.rel.plt        0x00009284      0x298
 *(.rel.plt)
 .rel.plt       0x00009284      0x298 /home/think/l138/arm-2009q1/bin/../arm-none-linux-gnueabi/libc/usr/lib/crti.o

.rela.plt
 *(.rela.plt)

.init           0x0000951c        0xc
 *(.init)
 .init          0x0000951c        0x8 /home/think/l138/arm-2009q1/bin/../arm-none-linux-gnueabi/libc/usr/lib/crti.o
                0x0000951c                _init
 .init          0x00009524        0x4 /home/think/l138/arm-2009q1/bin/../arm-none-linux-gnueabi/libc/usr/lib/crtn.o

.plt            0x00009528      0x3f8
 *(.plt)
 .plt           0x00009528      0x3f8 /home/think/l138/arm-2009q1/bin/../arm-none-linux-gnueabi/libc/usr/lib/crti.o
                0x0000953c                open@@GLIBC_2.4
                0x00009548                strerror@@GLIBC_2.4
                0x00009554                mmap@@GLIBC_2.4
                0x00009560                abort@@GLIBC_2.4
                0x0000956c                localtime@@GLIBC_2.4
                0x00009578                pthread_exit@@GLIBC_2.4
                0x00009584                __libc_start_main@@GLIBC_2.4
                0x00009590                inet_ntoa@@GLIBC_2.4
                0x0000959c                signal@@GLIBC_2.4
                0x000095b4                vsprintf@@GLIBC_2.4
                0x000095c0                strncpy@@GLIBC_2.4
                0x000095cc                fclose@@GLIBC_2.4
                0x000095d8                fgets@@GLIBC_2.4
                0x000095e4                recv@@GLIBC_2.4
                0x000095f0                getenv@@GLIBC_2.4
                0x000095fc                system@@GLIBC_2.4
                0x00009608                listen@@GLIBC_2.4
                0x00009614                sem_init@@GLIBC_2.4
                0x00009620                htons@@GLIBC_2.4
                0x0000962c                fopen@@GLIBC_2.4
                0x00009638                mktime@@GLIBC_2.4
                0x00009644                memset@@GLIBC_2.4
                0x00009650                sem_destroy@@GLIBC_2.4
                0x0000965c                setitimer@@GLIBC_2.4
                0x00009668                perror@@GLIBC_2.4
                0x00009674                usleep@@GLIBC_2.4
                0x00009680                free@@GLIBC_2.4
                0x0000968c                read@@GLIBC_2.4
                0x00009698                write@@GLIBC_2.4
                0x000096a4                gettimeofday@@GLIBC_2.4
                0x000096b0                fseek@@GLIBC_2.4
                0x000096bc                accept@@GLIBC_2.4
                0x000096c8                tcgetattr@@GLIBC_2.4
                0x000096d4                pthread_mutex_unlock@@GLIBC_2.4
                0x000096e0                tcflush@@GLIBC_2.4
                0x000096ec                socket@@GLIBC_2.4
                0x000096f8                ioctl@@GLIBC_2.4
                0x00009704                ntohs@@GLIBC_2.4
                0x00009710                pthread_mutex_lock@@GLIBC_2.4
                0x0000971c                strlen@@GLIBC_2.4
                0x00009728                sscanf@@GLIBC_2.4
                0x00009734                pthread_create@@GLIBC_2.4
                0x00009740                memcpy@@GLIBC_2.4
                0x0000974c                alarm@@GLIBC_2.4
                0x00009758                strtol@@GLIBC_2.4
                0x00009764                sem_post@@GLIBC_2.4
                0x00009770                pthread_sigmask@@GLIBC_2.4
                0x0000977c                settimeofday@@GLIBC_2.4
                0x00009788                printf@@GLIBC_2.4
                0x00009794                raise@@GLIBC_2.4
                0x000097a0                atoi@@GLIBC_2.4
                0x000097ac                pthread_mutex_init@@GLIBC_2.4
                0x000097b8                bind@@GLIBC_2.4
                0x000097c4                strstr@@GLIBC_2.4
                0x000097d0                select@@GLIBC_2.4
                0x000097dc                close@@GLIBC_2.4
                0x000097e8                fwrite@@GLIBC_2.4
                0x000097f4                time@@GLIBC_2.4
                0x00009800                __ctype_b_loc@@GLIBC_2.4
                0x0000980c                malloc@@GLIBC_2.4
                0x00009818                cfsetospeed@@GLIBC_2.4
                0x00009824                strtok@@GLIBC_2.4
                0x00009830                send@@GLIBC_2.4
                0x0000983c                sigfillset@@GLIBC_2.4
                0x00009848                puts@@GLIBC_2.4
                0x00009854                tcsetattr@@GLIBC_2.4
                0x00009860                getpid@@GLIBC_2.4
                0x0000986c                fcntl@@GLIBC_2.4
                0x00009878                bzero@@GLIBC_2.4
                0x00009884                lseek@@GLIBC_2.4
                0x00009890                munmap@@GLIBC_2.4
                0x0000989c                nanosleep@@GLIBC_2.4
                0x000098a8                setsockopt@@GLIBC_2.4
                0x000098b4                sem_wait@@GLIBC_2.4
                0x000098c0                exit@@GLIBC_2.4
                0x000098cc                cfsetispeed@@GLIBC_2.4
                0x000098d8                __errno_location@@GLIBC_2.4
                0x000098e4                pthread_self@@GLIBC_2.4
                0x000098f0                pthread_cancel@@GLIBC_2.4
                0x000098fc                sprintf@@GLIBC_2.4
                0x00009908                pthread_join@@GLIBC_2.4
                0x00009914                getpagesize@@GLIBC_2.4

.text           0x00009920    0x50fac
 *(.text .stub .text.* .gnu.linkonce.t.*)
 .text          0x00009920       0x38 /home/think/l138/arm-2009q1/bin/../arm-none-linux-gnueabi/libc/usr/lib/crt1.o
                0x00009920                _start
 .text          0x00009958       0x24 /home/think/l138/arm-2009q1/bin/../arm-none-linux-gnueabi/libc/usr/lib/crti.o
 .text          0x0000997c       0x4c /home/think/l138/arm-2009q1/bin/../lib/gcc/arm-none-linux-gnueabi/4.3.3/crtbegin.o
 .text          0x000099c8     0x185c bin/debug/obj/arm_main.ov5T
                0x000099c8                Ipc_Init
                0x00009b24                Ipc_Exit
                0x00009e5c                main
 .text          0x0000b224     0x7938 bin/debug/obj/iec101.ov5T
                0x00011c60                IEC101_Process_Message
                0x00010f40                IEC101_Free_Buf
                0x00010d74                Iec101_Thread
                0x00012680                Uart_Thread
                0x00012ac0                IEC101_Senddata2pc
                0x00011068                IEC101_Init_Buf
 .text          0x00012b5c     0x6e00 bin/debug/obj/iec104.ov5T
                0x000195e0                PC_Send_YX
                0x00014cac                Iec104_Thread
                0x00019094                sig_handler
                0x0001916c                uninit_time
                0x00014120                file_wc
                0x00019278                PC_Send_YC
                0x000190f8                set_timer
                0x000191e0                IEC104_Senddata2pc
                0x00013d74                Send_Soe_Data
                0x00013194                IEC104_Init_Buf
                0x000144d8                Network_Thread
                0x00014318                IEC104_Free_Buf
                0x00013728                IEC104_Process_Message
 .text          0x0001995c     0x1a84 bin/debug/obj/sharearea.ov5T
                0x0001b270                Send_Event_By_Message
                0x0001a538                Write_Sys_Sharearea
                0x0001a8c0                Message_Thread
                0x0001a16c                Write_To_Sharearea
                0x0001a4e4                Write_Fa_Sharearea
                0x00019f60                Read_From_Sharearea
                0x0001a590                Sharearea_Destory
                0x0001b1e4                Send_Event_By_Notify
                0x0001995c                Sharearea_Creat
 .text          0x0001b3e0      0x7bc bin/debug/obj/common.ov5T
                0x0001b3e0                Set_Rtc_Time
                0x0001b6fc                Init_SOEfile
                0x0001b660                Init_Logfile
                0x0001b5bc                Get_Rtc_Time
                0x0001b794                Log_Frame
 .text          0x0001bb9c     0x11b4 bin/debug/obj/monitorpc.ov5T
                0x0001c7e8                PC_Creat_connection
                0x0001c5dc                PC_Check_Sum
                0x0001c67c                PC_Send_Data
 .text          0x0001cd50     0x1378 bin/debug/obj/readconfig.ov5T
                0x0001cd50                Read_Faconfig_Conf
 .text          0x0001e0c8      0x7d4 bin/debug/obj/readsysconfig.ov5T
                0x0001e0c8                Read_Sysconfig_Conf
 .text          0x0001e89c      0x310 bin/debug/obj/nand_rw.ov5T
                0x0001ea6c                Nand_Read_Config
                0x0001e89c                Nand_Write_Config
 .text          0x0001ebac     0x36f8 /home/think/ti/syslink_2_21_01_05/packages/ti/syslink/lib/syslink.a_debug(SharedRegion.o)
                0x00020130                SharedRegion_getPtr
                0x0001ed30                SharedRegion_setup
                0x000211d8                SharedRegion_isCacheEnabled
                0x00021ab4                SharedRegion_getRegionInfo
                0x00021454                SharedRegion_getNumRegions
                0x00020dac                SharedRegion_getEntry
                0x000202dc                SharedRegion_getSRPtr
                0x000205fc                SharedRegion_clearEntry
                0x0001ebac                SharedRegion_getConfig
                0x0001f8b4                SharedRegion_stop
                0x0001f3e4                SharedRegion_destroy
                0x00021cb4                _SharedRegion_setRegions
                0x00020b94                SharedRegion_getIdByName
                0x0002166c                SharedRegion_reserveMemory
                0x00020928                SharedRegion_getHeap
                0x00021650                SharedRegion_invalidSRPtr
                0x0001f794                SharedRegion_start
                0x0001f9d4                SharedRegion_attach
                0x0001ff70                SharedRegion_getId
                0x0001fb38                SharedRegion_detach
                0x00020fcc                SharedRegion_getCacheLineSize
                0x0001fca0                SharedRegion_setEntry
                0x000213e8                SharedRegion_translateEnabled
                0x00022058                _SharedRegion_clearRegions
                0x000214c0                SharedRegion_entryInit
 .text          0x000222a4     0x2af0 /home/think/ti/syslink_2_21_01_05/packages/ti/syslink/lib/syslink.a_debug(Notify.o)
                0x000222a4                Notify_getConfig
                0x00023074                Notify_registerEventSingle
                0x00024520                Notify_restore
                0x00023f90                Notify_sendEvent
                0x00024714                Notify_disableEvent
                0x00022e44                Notify_intLineRegistered
                0x00022a0c                Notify_sharedMemReq
                0x00023be0                Notify_unregisterEvent
                0x00022444                Notify_setup
                0x00023870                Notify_unregisterEventSingle
                0x00022ba4                Notify_eventAvailable
                0x00022634                Notify_destroy
                0x000228fc                Notify_detach
                0x00022768                Notify_attach
                0x00023470                Notify_registerEvent
                0x00024320                Notify_disable
                0x00024a54                Notify_enableEvent
 .text          0x00024d94     0x26ec /home/think/ti/syslink_2_21_01_05/packages/ti/syslink/lib/syslink.a_debug(MessageQ.o)
                0x00025a88                MessageQ_close
                0x00026d3c                MessageQ_setReplyQueue
                0x0002633c                MessageQ_staticMsgInit
                0x00026ec0                MessageQ_getQueueId
                0x0002738c                MessageQ_detach
                0x00026fc0                MessageQ_setMsgTrace
                0x00026a68                MessageQ_unregisterHeap
                0x00024d94                MessageQ_getConfig
                0x00025e94                MessageQ_get
                0x0002661c                MessageQ_free
                0x00024f18                MessageQ_setup
                0x00025808                MessageQ_open
                0x00025c38                MessageQ_put
                0x000264a0                MessageQ_alloc
                0x00025328                MessageQ_create
                0x0002519c                MessageQ_Params_init
                0x00026ba4                MessageQ_unblock
                0x00026158                MessageQ_count
                0x000250a4                MessageQ_destroy
                0x0002557c                MessageQ_delete
                0x00027260                MessageQ_attach
                0x000267fc                MessageQ_registerHeap
                0x00027138                MessageQ_sharedMemReq
 .text          0x00027480     0x1bd0 /home/think/ti/syslink_2_21_01_05/packages/ti/syslink/lib/syslink.a_debug(Ipc.o)
                0x00028ca8                Ipc_writeConfig
                0x00028f9c                Ipc_runtimeId
                0x000287d8                Ipc_control
                0x000276b8                Ipc_isAttached
                0x00028034                Ipc_destroy
                0x00027788                Ipc_setup
                0x00027480                Ipc_getConfig
                0x00028b88                Ipc_readConfig
 .text          0x00029050     0x3040 /home/think/ti/syslink_2_21_01_05/packages/ti/syslink/lib/syslink.a_debug(RingIO.o)
                0x0002ac60                RingIO_unregisterNotifier
                0x00029370                RingIO_destroy
                0x0002a6f4                RingIO_close
                0x00029050                RingIO_getConfig
                0x0002bd58                RingIO_flush
                0x0002bb60                RingIO_setAttribute
                0x0002af5c                RingIO_getValidSize
                0x0002be7c                RingIO_sendNotify
                0x0002bf60                RingIO_sharedMemReq
                0x00029c30                RingIO_delete
                0x0002a2f0                RingIO_openByAddr
                0x0002b484                RingIO_getWaterMark
                0x0002949c                RingIO_Params_init
                0x0002b1f0                RingIO_getEmptyAttrSize
                0x0002b7d0                RingIO_release
                0x0002b2cc                RingIO_getAcquiredOffset
                0x0002a9d0                RingIO_registerNotifier
                0x0002ae20                RingIO_setNotifyType
                0x00029ef0                RingIO_open
                0x0002ba34                RingIO_getvAttribute
                0x0002b634                RingIO_acquire
                0x0002b038                RingIO_getEmptySize
                0x0002b560                RingIO_setWaterMark
                0x0002b8a4                RingIO_cancel
                0x0002b960                RingIO_getAttribute
                0x00029628                RingIO_create
                0x0002b114                RingIO_getValidAttrSize
                0x000291d4                RingIO_setup
                0x0002bc44                RingIO_setvAttribute
                0x0002b3a8                RingIO_getAcquiredSize
 .text          0x0002c090      0x5d4 /home/think/ti/syslink_2_21_01_05/packages/ti/syslink/lib/syslink.a_debug(RingIOShm.o)
                0x0002c214                RingIOShm_setup
                0x0002c4d8                RingIOShm_Params_init
                0x0002c3b0                RingIOShm_destroy
                0x0002c090                RingIOShm_getConfig
 .text          0x0002c664     0x5bf8 /home/think/ti/syslink_2_21_01_05/packages/ti/syslink/lib/syslink.a_debug(FrameQ.o)
                0x0002e9b4                FrameQ_freev
                0x0003078c                FrameQ_sendNotify
                0x0002e74c                FrameQ_free
                0x0002dddc                FrameQ_close
                0x0002f828                FrameQ_getv
                0x0002fce4                FrameQ_registerNotifier
                0x0002d454                FrameQ_open
                0x0002e44c                FrameQ_allocv
                0x00030174                FrameQ_unregisterNotifier
                0x0002ccc0                FrameQ_create
                0x0002e1b0                FrameQ_alloc
                0x00031458                FrameQ_ShMem_Params_init
                0x00031048                FrameQ_getvNumFreeFrames
                0x000312dc                FrameQ_control
                0x000304c8                FrameQ_dup
                0x000320b0                FrameQ_ShMem_sharedMemReq
                0x00030c08                FrameQ_getvNumFrames
                0x000315f0                FrameQ_Params_init
                0x0002ecc8                FrameQ_put
                0x0002c664                FrameQ_getConfig
                0x00030e70                FrameQ_getNumFreeFrames
                0x0002f4c8                FrameQ_get
                0x0002caa8                FrameQ_destroy
                0x000309a8                FrameQ_getNumFrames
                0x0002c800                FrameQ_setup
                0x0002d05c                FrameQ_delete
                0x0002f064                FrameQ_putv
 .text          0x0003225c     0x5f20 /home/think/ti/syslink_2_21_01_05/packages/ti/syslink/lib/syslink.a_debug(FrameQBufMgr.o)
                0x0003702c                FrameQBufMgr_getKnlHandle
                0x0003466c                FrameQBufMgr_freev
                0x000357c8                FrameQBufMgr_add
                0x000339b8                FrameQBufMgr_close
                0x00035f0c                FrameQBufMgr_writeBackFrameBuf
                0x00036e44                FrameQBufMgr_getId
                0x00036af4                FrameQBufMgr_translateAddr
                0x00032c68                FrameQBufMgr_delete
                0x000372cc                FrameQBufMgr_getvNumFreeFrames
                0x00034e20                FrameQBufMgr_dupv
                0x00037608                FrameQBufMgr_isSupportedBufInterface
                0x00033e78                FrameQBufMgr_allocv
                0x000326ac                FrameQBufMgr_destroy
                0x0003225c                FrameQBufMgr_getConfig
                0x0003434c                FrameQBufMgr_free
                0x000367e0                FrameQBufMgr_invalidate
                0x00036ee8                FrameQBufMgr_getHandle
                0x000370f8                FrameQBufMgr_getNumFreeFrames
                0x000364bc                FrameQBufMgr_writeBack
                0x000375c8                FrameQBufMgr_isSupportedInterface
                0x00037664                FrameQBufMgr_ShMem_Params_init
                0x000328e0                FrameQBufMgr_create
                0x00035ab8                FrameQBufMgr_writeBackHeaderBuf
                0x00037560                FrameQBufMgr_getBaseHeaderSize
                0x00034a9c                FrameQBufMgr_dup
                0x00033b88                FrameQBufMgr_alloc
                0x00035210                FrameQBufMgr_registerNotifier
                0x000361e4                FrameQBufMgr_invalidateFrameBuf
                0x00032400                FrameQBufMgr_setup
                0x00035924                FrameQBufMgr_remove
                0x000377fc                FrameQBufMgr_Params_init
                0x00035534                FrameQBufMgr_unregisterNotifier
                0x00035cd8                FrameQBufMgr_invalidateHeaderBuf
                0x0003309c                FrameQBufMgr_open
 .text          0x0003817c     0x519c /home/think/ti/syslink_2_21_01_05/packages/ti/syslink/lib/syslink.a_debug(ClientNotifyMgr.o)
                0x0003b86c                ClientNotifyMgr_sendNotification
                0x0003cdd8                ClientNotifyMgr_sendForceNotificationMulti
                0x0003a4c0                ClientNotifyMgr_close
                0x0003b59c                ClientNotifyMgr_disableNotification
                0x000381e0                ClientNotifyMgr_sharedMemReq
                0x000393b8                ClientNotifyMgr_create
                0x0003906c                ClientNotifyMgr_destroy
                0x00038358                ClientNotifyMgr_callBack
                0x00038cd0                ClientNotifyMgr_setup
                0x0003817c                ClientNotifyMgr_sharedMemModReq
                0x0003c4e4                ClientNotifyMgr_sendNotificationMulti
                0x0003ad20                ClientNotifyMgr_unregisterClient
                0x00038b2c                ClientNotifyMgr_getConfig
                0x0003b2c4                ClientNotifyMgr_enableNotification
                0x0003c044                ClientNotifyMgr_sendForceNotification
                0x00039218                ClientNotifyMgr_Params_init
                0x00039da4                ClientNotifyMgr_delete
                0x0003a5e8                ClientNotifyMgr_registerClient
                0x0003a33c                ClientNotifyMgr_open
 .text          0x0003d318     0x2440 /home/think/ti/syslink_2_21_01_05/packages/ti/syslink/lib/syslink.a_debug(HeapMemMP.o)
                0x0003d318                HeapMemMP_getConfig
                0x0003eb18                HeapMemMP_getStats
                0x0003d8e4                HeapMemMP_create
                0x0003ed44                HeapMemMP_getExtendedStats
                0x0003f420                _HeapMemMP_create
                0x0003f0dc                HeapMemMP_getKnlHandle
                0x0003d4a4                HeapMemMP_setup
                0x0003d62c                HeapMemMP_destroy
                0x0003d75c                HeapMemMP_Params_init
                0x0003f264                HeapMemMP_getUsrHandle
                0x0003e430                HeapMemMP_close
                0x0003ef58                HeapMemMP_sharedMemReq
                0x0003f618                HeapMemMP_restore
                0x0003dc08                HeapMemMP_delete
                0x0003e8bc                HeapMemMP_free
                0x0003e6ac                HeapMemMP_alloc
                0x0003de8c                HeapMemMP_openByAddr
                0x0003e154                HeapMemMP_open
 .text          0x0003f758     0x2268 /home/think/ti/syslink_2_21_01_05/packages/ti/syslink/lib/syslink.a_debug(HeapBufMP.o)
                0x0003fd34                HeapBufMP_create
                0x00040864                HeapBufMP_close
                0x000402bc                HeapBufMP_openByAddr
                0x000414b4                HeapBufMP_sharedMemReq
                0x0004118c                HeapBufMP_isBlocking
                0x00040f5c                HeapBufMP_getStats
                0x0003fa74                HeapBufMP_destroy
                0x0003f8e4                HeapBufMP_setup
                0x000417c4                _HeapBufMP_create
                0x00040ae4                HeapBufMP_alloc
                0x0003f758                HeapBufMP_getConfig
                0x0003fba8                HeapBufMP_Params_init
                0x00040040                HeapBufMP_delete
                0x0004163c                HeapBufMP_getKnlHandle
                0x00040cf8                HeapBufMP_free
                0x0004058c                HeapBufMP_open
                0x00041280                HeapBufMP_getExtendedStats
 .text          0x000419c0     0x2224 /home/think/ti/syslink_2_21_01_05/packages/ti/syslink/lib/syslink.a_debug(GateMP.o)
                0x000419c0                GateMP_getConfig
                0x00043740                GateMP_getDefaultRemote
                0x00043278                GateMP_enter
                0x000422f8                GateMP_Instance_finalize
                0x00041b58                GateMP_setup
                0x000426c0                GateMP_delete
                0x00042c4c                GateMP_openByAddr
                0x0004213c                GateMP_Instance_init
                0x00043844                GateMP_getSharedAddr
                0x00042f6c                GateMP_close
                0x00041f90                GateMP_Params_init
                0x00042940                GateMP_open
                0x000439f4                GateMP_getLocalProtect
                0x00042354                _GateMP_create
                0x00043628                GateMP_sharedMemReq
                0x00043448                GateMP_leave
                0x00043a44                GateMP_getRemoteProtect
                0x0004248c                GateMP_create
                0x00043a94                GateMP_getKnlHandle
                0x00041dd0                GateMP_destroy
                0x0004393c                GateMP_setReserved
 .text          0x00043be4      0x5d4 /home/think/ti/syslink_2_21_01_05/packages/ti/syslink/lib/syslink.a_debug(SharedRegionDrv.o)
                0x00043e98                SharedRegionDrv_ioctl
                0x00043d7c                SharedRegionDrv_close
                0x00043be4                SharedRegionDrv_open
 .text          0x000441b8      0x814 /home/think/ti/syslink_2_21_01_05/packages/ti/syslink/lib/syslink.a_debug(NotifyDrvUsr.o)
                0x00044850                _NotifyDrvUsr_eventWorker
                0x00044534                NotifyDrvUsr_close
                0x00044710                NotifyDrvUsr_ioctl
                0x000441b8                NotifyDrvUsr_open
 .text          0x000449cc      0x484 /home/think/ti/syslink_2_21_01_05/packages/ti/syslink/lib/syslink.a_debug(HeapBufMPDrv.o)
                0x000449cc                HeapBufMPDrv_open
                0x00044d18                HeapBufMPDrv_ioctl
                0x00044bfc                HeapBufMPDrv_close
 .text          0x00044e50      0x498 /home/think/ti/syslink_2_21_01_05/packages/ti/syslink/lib/syslink.a_debug(MessageQDrv.o)
                0x000451b0                MessageQDrv_ioctl
                0x00044e50                MessageQDrv_open
                0x00045094                MessageQDrv_close
 .text          0x000452e8      0x464 /home/think/ti/syslink_2_21_01_05/packages/ti/syslink/lib/syslink.a_debug(IpcDrv.o)
                0x000452e8                IpcDrv_open
                0x00045614                IpcDrv_ioctl
                0x000454f8                IpcDrv_close
 .text          0x0004574c      0x3e8 /home/think/ti/syslink_2_21_01_05/packages/ti/syslink/lib/syslink.a_debug(FrameQDrv.o)
                0x000459fc                FrameQDrv_ioctl
                0x0004574c                FrameQDrv_open
                0x000458e0                FrameQDrv_close
 .text          0x00045b34      0x3e8 /home/think/ti/syslink_2_21_01_05/packages/ti/syslink/lib/syslink.a_debug(FrameQBufMgrDrv.o)
                0x00045b34                FrameQBufMgrDrv_open
                0x00045cc8                FrameQBufMgrDrv_close
                0x00045de4                FrameQBufMgrDrv_ioctl
 .text          0x00045f1c      0x3e8 /home/think/ti/syslink_2_21_01_05/packages/ti/syslink/lib/syslink.a_debug(ClientNotifyMgrDrv.o)
                0x00045f1c                ClientNotifyMgrDrv_open
                0x000461cc                ClientNotifyMgrDrv_ioctl
                0x000460b0                ClientNotifyMgrDrv_close
 .text          0x00046304      0x3e8 /home/think/ti/syslink_2_21_01_05/packages/ti/syslink/lib/syslink.a_debug(RingIODrv.o)
                0x00046498                RingIODrv_close
                0x000465b4                RingIODrv_ioctl
                0x00046304                RingIODrv_open
 .text          0x000466ec      0x3e8 /home/think/ti/syslink_2_21_01_05/packages/ti/syslink/lib/syslink.a_debug(RingIOShmDrv.o)
                0x0004699c                RingIOShmDrv_ioctl
                0x00046880                RingIOShmDrv_close
                0x000466ec                RingIOShmDrv_open
 .text          0x00046ad4      0x3ec /home/think/ti/syslink_2_21_01_05/packages/ti/syslink/lib/syslink.a_debug(HeapMemMPDrv.o)
                0x00046c6c                HeapMemMPDrv_close
                0x00046d88                HeapMemMPDrv_ioctl
                0x00046ad4                HeapMemMPDrv_open
 .text          0x00046ec0      0x3ec /home/think/ti/syslink_2_21_01_05/packages/ti/syslink/lib/syslink.a_debug(GateMPDrv.o)
                0x00046ec0                GateMPDrv_open
                0x00047058                GateMPDrv_close
                0x00047174                GateMPDrv_ioctl
 .text          0x000472ac       0x50 /home/think/ti/syslink_2_21_01_05/packages/ti/syslink/lib/syslink.a_debug(OsalProcess.o)
                0x000472d4                OsalProcess_getTid
                0x000472ac                OsalProcess_getPid
 .text          0x000472fc      0x5a8 /home/think/ti/syslink_2_21_01_05/packages/ti/syslink/lib/syslink.a_debug(GateMutex.o)
                0x00047570                GateMutex_leave
                0x00047740                GateMutex_delete
                0x0004762c                GateMutex_create
                0x0004749c                GateMutex_enter
                0x000472fc                GateMutex_Instance_init
                0x00047404                GateMutex_Instance_finalize
 .text          0x000478a4      0xa34 /home/think/ti/syslink_2_21_01_05/packages/ti/syslink/lib/syslink.a_debug(Memory.o)
                0x00048030                Memory_getMaxDefaultTypeAlign
                0x00047da8                Memory_getStats
                0x00048240                Memory_translate
                0x0004804c                Memory_valloc
                0x00047abc                Memory_calloc
                0x000478a4                Memory_alloc
                0x00047edc                Memory_query
                0x00047c48                Memory_free
 .text          0x000482d8     0x15ec /home/think/ti/syslink_2_21_01_05/packages/ti/syslink/lib/syslink.a_debug(List.o)
                0x00048a34                List_get
                0x0004862c                List_construct
                0x00048b54                List_put
                0x00048fc4                List_insert
                0x000482d8                List_Params_init
                0x00048720                List_destruct
                0x000483a0                List_create
                0x000484c0                List_delete
                0x00049194                List_remove
                0x00049474                List_dequeue
                0x00048908                List_empty
                0x00048cd4                List_next
                0x000495ac                List_enqueue
                0x0004881c                List_elemClear
                0x00049738                List_enqueueHead
                0x00048e18                List_prev
                0x00049304                List_putHead
 .text          0x000498c4      0x600 /home/think/ti/syslink_2_21_01_05/packages/ti/syslink/lib/syslink.a_debug(String.o)
                0x00049e28                String_hash
                0x00049bc8                String_cpy
                0x00049974                String_cmp
                0x00049aa4                String_ncmp
                0x00049d94                String_hexToStr
                0x00049c40                String_ncpy
                0x000498c4                String_cat
                0x00049d20                String_len
 .text          0x00049ec4      0x53c /home/think/ti/syslink_2_21_01_05/packages/ti/syslink/lib/syslink.a_debug(Trace.o)
                0x00049ec4                _GT_0trace
                0x0004a1ac                _GT_5trace
                0x0004a394                _GT_setTrace
                0x00049f44                _GT_1trace
                0x0004a100                _GT_4trace
                0x0004a064                _GT_3trace
                0x00049fd0                _GT_2trace
                0x0004a268                _GT_6trace
                0x0004a334                _GT_setFailureReason
 .text          0x0004a400     0x2de8 /home/think/ti/syslink_2_21_01_05/packages/ti/syslink/lib/syslink.a_debug(NameServer.o)
                0x0004a9c8                NameServer_create
                0x0004cb20                NameServer_match
                0x0004c1cc                NameServer_getLocal
                0x0004b720                NameServer_addUInt32
                0x0004ac78                NameServer_delete
                0x0004b3dc                NameServer_add
                0x0004a738                NameServer_destroy
                0x0004cdec                NameServer_getHandle
                0x0004c864                NameServer_getLocalUInt32
                0x0004a5b8                NameServer_setup
                0x0004a834                NameServer_Params_init
                0x0004bb4c                NameServer_removeEntry
                0x0004aeb8                NameServer_open
                0x0004bd88                NameServer_get
                0x0004b174                NameServer_close
                0x0004b8fc                NameServer_remove
                0x0004d018                NameServer_isRegistered
                0x0004c590                NameServer_getUInt32
                0x0004a400                NameServer_getConfig
 .text          0x0004d1e8      0xcd0 /home/think/ti/syslink_2_21_01_05/packages/ti/syslink/lib/syslink.a_debug(MultiProc.o)
                0x0004d544                MultiProc_destroy
                0x0004dc4c                MultiProc_self
                0x0004dbd8                MultiProc_getNumProcessors
                0x0004d3a0                MultiProc_setup
                0x0004d640                MultiProc_setLocalId
                0x0004da44                MultiProc_getName
                0x0004d844                MultiProc_getId
                0x0004dcc0                MultiProc_getSlot
                0x0004d1e8                MultiProc_getConfig
 .text          0x0004deb8      0x104 /home/think/ti/syslink_2_21_01_05/packages/ti/syslink/lib/syslink.a_debug(Gate.o)
                0x0004df1c                Gate_leaveSystem
                0x0004deb8                Gate_enterSystem
 .text          0x0004dfbc      0x178 /home/think/ti/syslink_2_21_01_05/packages/ti/syslink/lib/syslink.a_debug(SysLink.o)
                0x0004e0e4                SysLink_destroy
                0x0004dfbc                SysLink_setup
 .text          0x0004e134      0x4c0 /home/think/ti/syslink_2_21_01_05/packages/ti/syslink/lib/syslink.a_debug(Cache.o)
                0x0004e504                Cache_setMode
                0x0004e44c                Cache_wait
                0x0004e134                Cache_inv
                0x0004e23c                Cache_wb
                0x0004e344                Cache_wbInv
 .text          0x0004e5f4      0x484 /home/think/ti/syslink_2_21_01_05/packages/ti/syslink/lib/syslink.a_debug(NameServerDrv.o)
                0x0004e5f4                NameServerDrv_open
                0x0004e824                NameServerDrv_close
                0x0004e940                NameServerDrv_ioctl
 .text          0x0004ea78      0x3b8 /home/think/ti/syslink_2_21_01_05/packages/ti/syslink/lib/syslink.a_debug(MultiProcDrv.o)
                0x0004ed28                MultiProcDrv_ioctl
                0x0004ec0c                MultiProcDrv_close
                0x0004ea78                MultiProcDrv_open
 .text          0x0004ee30      0x164 /home/think/ti/syslink_2_21_01_05/packages/ti/syslink/lib/syslink.a_debug(TraceDrv.o)
                0x0004ee30                TraceDrv_ioctl
 .text          0x0004ef94       0xf4 /home/think/ti/syslink_2_21_01_05/packages/ti/syslink/lib/syslink.a_debug(CacheDrv.o)
                0x0004ef94                CacheDrv_ioctl
 .text          0x0004f088      0x194 /home/think/ti/syslink_2_21_01_05/packages/ti/syslink/lib/syslink.a_debug(Dev.o)
                0x0004f088                Dev_pollOpen
 .text          0x0004f21c     0x163c /home/think/ti/syslink_2_21_01_05/packages/ti/syslink/lib/syslink.a_debug(MemoryOS.o)
                0x000504c0                MemoryOS_set
                0x00050328                MemoryOS_copy
                0x0004fa60                MemoryOS_map
                0x0004f21c                MemoryOS_setup
                0x0005064c                MemoryOS_translate
                0x0004f74c                MemoryOS_alloc
                0x0004f4bc                MemoryOS_destroy
                0x0004ffcc                MemoryOS_unmap
                0x0004f860                MemoryOS_calloc
                0x0004f96c                MemoryOS_free
 .text          0x00050858      0x6f0 /home/think/ti/syslink_2_21_01_05/packages/ti/syslink/lib/syslink.a_debug(OsalDrv.o)
                0x000509f8                OsalDrv_close
                0x00050858                OsalDrv_open
                0x00050d2c                OsalDrv_unmap
                0x00050e0c                OsalDrv_ioctl
                0x00050b1c                OsalDrv_map
 .text          0x00050f48      0x52c /home/think/ti/syslink_2_21_01_05/packages/ti/syslink/lib/syslink.a_debug(OsalMutex.o)
                0x000510ac                OsalMutex_delete
                0x00050f48                OsalMutex_create
                0x00051214                OsalMutex_enter
                0x00051344                OsalMutex_leave
 .text          0x00051474       0x50 /home/think/ti/syslink_2_21_01_05/packages/ti/syslink/lib/syslink.a_debug(OsalPrint.o)
                0x00051474                Osal_printf
 .text          0x000514c4     0x4d5c /home/think/ti/syslink_2_21_01_05/packages/ti/syslink/lib/syslink.a_debug(ProcMgr.o)
                0x00054b14                ProcMgr_getSymbolAddress
                0x00051800                ProcMgr_destroy
                0x000552bc                ProcMgr_unmap
                0x00051f98                ProcMgr_delete
                0x00053598                ProcMgr_load
                0x00053a2c                ProcMgr_getStartParams
                0x0005333c                ProcMgr_detach
                0x00055e84                ProcMgr_getSectionData
                0x000514c4                ProcMgr_getConfig
                0x00053b90                ProcMgr_start
                0x000559b4                ProcMgr_getMaxMemoryRegions
                0x00053d0c                ProcMgr_stop
                0x0005225c                ProcMgr_open
                0x00054dac                ProcMgr_map
                0x000519d4                ProcMgr_Params_init
                0x000538b0                ProcMgr_unload
                0x00052eb4                ProcMgr_attach
                0x00053fdc                ProcMgr_read
                0x000546a0                ProcMgr_translateAddr
                0x00051b58                ProcMgr_create
                0x00053e70                ProcMgr_getState
                0x000560c0                ProcMgr_getLoadedFileId
                0x00052d38                ProcMgr_getAttachParams
                0x00052904                ProcMgr_close
                0x00054274                ProcMgr_write
                0x00054510                ProcMgr_control
                0x00055a74                ProcMgr_getProcInfo
                0x00055c70                ProcMgr_getSectionInfo
                0x00051648                ProcMgr_setup
 .text          0x00056220      0x500 /home/think/ti/syslink_2_21_01_05/packages/ti/syslink/lib/syslink.a_debug(ProcMgrDrvUsr.o)
                0x00056220                ProcMgrDrvUsr_open
                0x000563b8                ProcMgrDrvUsr_close
                0x000564d4                ProcMgrDrvUsr_ioctl
 .text          0x00056720      0xa24 /home/think/ti/syslink_2_21_01_05/packages/ti/syslink/lib/syslink.a_debug(FrameQ_common.o)
                0x000567dc                FrameQ_getNumFrameBuffers
                0x00056b6c                FrameQ_getFrameBufValidSize
                0x00056fb0                FrameQ_setFrameBufDataStartOffset
                0x00056e1c                FrameQ_setFrameBufValidSize
                0x000568c8                FrameQ_getFrameBuffer
                0x00056a1c                FrameQ_getFrameBufSize
                0x00056720                FrameQ_isSupportedInterface
                0x00056cc4                FrameQ_getFrameBufDataStartOffset
                0x00056760                FrameQ_getExtendedHeaderPtr
 .text          0x00057144     0x295c /home/think/ti/syslink_2_21_01_05/packages/ti/syslink/lib/syslink.a_debug(ListMP.o)
                0x00057144                ListMP_getConfig
                0x00057718                ListMP_create
                0x0005995c                _ListMP_create
                0x00059758                ListMP_prev
                0x000592f4                ListMP_remove
                0x000583b8                ListMP_close
                0x000572c8                ListMP_setup
                0x00057edc                ListMP_open
                0x00058178                ListMP_openByAddr
                0x00057a8c                ListMP_delete
                0x00059a7c                ListMP_getGate
                0x00058998                ListMP_getTail
                0x00057454                ListMP_destroy
                0x0005901c                ListMP_insert
                0x00057588                ListMP_Params_init
                0x000587d4                ListMP_getHead
                0x00058dc0                ListMP_putTail
                0x00059550                ListMP_next
                0x00057cfc                ListMP_sharedMemReq
                0x00058b64                ListMP_putHead
                0x00058618                ListMP_empty
 .text          0x00059aa0      0x3ec /home/think/ti/syslink_2_21_01_05/packages/ti/syslink/lib/syslink.a_debug(ListMPDrv.o)
                0x00059c38                ListMPDrv_close
                0x00059d54                ListMPDrv_ioctl
                0x00059aa0                ListMPDrv_open
 .text          0x00059e8c       0x70 /home/think/l138/arm-2009q1/bin/../arm-none-linux-gnueabi/libc/usr/lib/libc_nonshared.a(elf-init.oS)
                0x00059e8c                __libc_csu_fini
                0x00059e90                __libc_csu_init
 .text          0x00059efc      0x20c /home/think/l138/arm-2009q1/bin/../lib/gcc/arm-none-linux-gnueabi/4.3.3/libgcc.a(_udivsi3.o)
                0x00059efc                __udivsi3
                0x00059efc                __aeabi_uidiv
                0x0005a0e8                __aeabi_uidivmod
 .text          0x0005a108      0x3b8 /home/think/l138/arm-2009q1/bin/../lib/gcc/arm-none-linux-gnueabi/4.3.3/libgcc.a(_arm_addsubdf3.o)
                0x0005a44c                __floatundidf
                0x0005a3e4                __floatsidf
                0x0005a3c0                __aeabi_ui2d
                0x0005a3e4                __aeabi_i2d
                0x0005a3c0                __floatunsidf
                0x0005a110                __subdf3
                0x0005a460                __floatdidf
                0x0005a114                __adddf3
                0x0005a460                __aeabi_l2d
                0x0005a40c                __aeabi_f2d
                0x0005a44c                __aeabi_ul2d
                0x0005a108                __aeabi_drsub
                0x0005a40c                __extendsfdf2
                0x0005a114                __aeabi_dadd
                0x0005a110                __aeabi_dsub
 .text          0x0005a4c0      0x250 /home/think/l138/arm-2009q1/bin/../lib/gcc/arm-none-linux-gnueabi/4.3.3/libgcc.a(_arm_addsubsf3.o)
                0x0005a4cc                __aeabi_fadd
                0x0005a694                __aeabi_l2f
                0x0005a684                __aeabi_ul2f
                0x0005a4c8                __subsf3
                0x0005a664                __floatsisf
                0x0005a4cc                __addsf3
                0x0005a4c0                __aeabi_frsub
                0x0005a694                __floatdisf
                0x0005a4c8                __aeabi_fsub
                0x0005a65c                __aeabi_ui2f
                0x0005a664                __aeabi_i2f
                0x0005a65c                __floatunsisf
                0x0005a684                __floatundisf
 .text          0x0005a710       0xfc /home/think/l138/arm-2009q1/bin/../lib/gcc/arm-none-linux-gnueabi/4.3.3/libgcc.a(_arm_cmpsf2.o)
                0x0005a710                __gesf2
                0x0005a7e4                __aeabi_fcmpge
                0x0005a794                __aeabi_cfcmple
                0x0005a720                __cmpsf2
                0x0005a784                __aeabi_cfrcmple
                0x0005a794                __aeabi_cfcmpeq
                0x0005a718                __lesf2
                0x0005a718                __ltsf2
                0x0005a710                __gtsf2
                0x0005a7bc                __aeabi_fcmplt
                0x0005a720                __eqsf2
                0x0005a7a8                __aeabi_fcmpeq
                0x0005a720                __nesf2
                0x0005a7d0                __aeabi_fcmple
                0x0005a7f8                __aeabi_fcmpgt
 .text          0x0005a80c       0x5c /home/think/l138/arm-2009q1/bin/../lib/gcc/arm-none-linux-gnueabi/4.3.3/libgcc.a(_arm_fixsfsi.o)
                0x0005a80c                __fixsfsi
                0x0005a80c                __aeabi_f2iz
 .text          0x0005a868       0x54 /home/think/l138/arm-2009q1/bin/../lib/gcc/arm-none-linux-gnueabi/4.3.3/libgcc.a(_arm_fixunssfsi.o)
                0x0005a868                __aeabi_f2uiz
                0x0005a868                __fixunssfsi
 .text          0x0005a8bc       0x10 /home/think/l138/arm-2009q1/bin/../lib/gcc/arm-none-linux-gnueabi/4.3.3/libgcc.a(_dvmd_lnx.o)
                0x0005a8bc                __aeabi_idiv0
                0x0005a8bc                __aeabi_ldiv0
 .text          0x0005a8cc        0x0 /home/think/l138/arm-2009q1/bin/../lib/gcc/arm-none-linux-gnueabi/4.3.3/crtend.o
 .text          0x0005a8cc        0x0 /home/think/l138/arm-2009q1/bin/../arm-none-linux-gnueabi/libc/usr/lib/crtn.o
 *(.gnu.warning)
 *(.glue_7t)
 .glue_7t       0x00000000        0x0 linker stubs
 *(.glue_7)
 .glue_7        0x00000000        0x0 linker stubs
 *(.vfp11_veneer)
 .vfp11_veneer  0x00000000        0x0 linker stubs
 *(.v4_bx)
 .v4_bx         0x00000000        0x0 linker stubs

.fini           0x0005a8cc        0x8
 *(.fini)
 .fini          0x0005a8cc        0x4 /home/think/l138/arm-2009q1/bin/../arm-none-linux-gnueabi/libc/usr/lib/crti.o
                0x0005a8cc                _fini
 .fini          0x0005a8d0        0x4 /home/think/l138/arm-2009q1/bin/../arm-none-linux-gnueabi/libc/usr/lib/crtn.o
                0x0005a8d4                PROVIDE (__etext, .)
                0x0005a8d4                PROVIDE (_etext, .)
                0x0005a8d4                PROVIDE (etext, .)

.rodata         0x0005a8d4    0x170f8
 *(.rodata .rodata.* .gnu.linkonce.r.*)
 .rodata.cst4   0x0005a8d4        0x4 /home/think/l138/arm-2009q1/bin/../arm-none-linux-gnueabi/libc/usr/lib/crt1.o
                0x0005a8d4                _IO_stdin_used
 .rodata        0x0005a8d8      0x1cc bin/debug/obj/arm_main.ov5T
 .rodata        0x0005aaa4      0x3ec bin/debug/obj/iec101.ov5T
 .rodata        0x0005ae90      0x5ac bin/debug/obj/iec104.ov5T
 .rodata        0x0005b43c      0x478 bin/debug/obj/sharearea.ov5T
 .rodata        0x0005b8b4       0x8c bin/debug/obj/common.ov5T
 .rodata        0x0005b940       0xf4 bin/debug/obj/monitorpc.ov5T
 .rodata        0x0005ba34      0x440 bin/debug/obj/readconfig.ov5T
 .rodata        0x0005be74      0x144 bin/debug/obj/readsysconfig.ov5T
 .rodata        0x0005bfb8       0x98 bin/debug/obj/nand_rw.ov5T
 .rodata        0x0005c050     0x1170 /home/think/ti/syslink_2_21_01_05/packages/ti/syslink/lib/syslink.a_debug(SharedRegion.o)
 .rodata        0x0005d1c0      0xc40 /home/think/ti/syslink_2_21_01_05/packages/ti/syslink/lib/syslink.a_debug(Notify.o)
 .rodata        0x0005de00      0xf68 /home/think/ti/syslink_2_21_01_05/packages/ti/syslink/lib/syslink.a_debug(MessageQ.o)
 .rodata        0x0005ed68      0x8c0 /home/think/ti/syslink_2_21_01_05/packages/ti/syslink/lib/syslink.a_debug(Ipc.o)
 .rodata        0x0005f628     0x11d8 /home/think/ti/syslink_2_21_01_05/packages/ti/syslink/lib/syslink.a_debug(RingIO.o)
 .rodata        0x00060800      0x354 /home/think/ti/syslink_2_21_01_05/packages/ti/syslink/lib/syslink.a_debug(RingIOShm.o)
 .rodata        0x00060b54     0x1c70 /home/think/ti/syslink_2_21_01_05/packages/ti/syslink/lib/syslink.a_debug(FrameQ.o)
 .rodata        0x000627c4     0x201c /home/think/ti/syslink_2_21_01_05/packages/ti/syslink/lib/syslink.a_debug(FrameQBufMgr.o)
 .rodata        0x000647e0     0x13b4 /home/think/ti/syslink_2_21_01_05/packages/ti/syslink/lib/syslink.a_debug(ClientNotifyMgr.o)
 .rodata        0x00065b94      0xd14 /home/think/ti/syslink_2_21_01_05/packages/ti/syslink/lib/syslink.a_debug(HeapMemMP.o)
 .rodata        0x000668a8      0xcb4 /home/think/ti/syslink_2_21_01_05/packages/ti/syslink/lib/syslink.a_debug(HeapBufMP.o)
 .rodata        0x0006755c      0x9e8 /home/think/ti/syslink_2_21_01_05/packages/ti/syslink/lib/syslink.a_debug(GateMP.o)
 .rodata        0x00067f44      0x308 /home/think/ti/syslink_2_21_01_05/packages/ti/syslink/lib/syslink.a_debug(SharedRegionDrv.o)
 .rodata        0x0006824c      0x410 /home/think/ti/syslink_2_21_01_05/packages/ti/syslink/lib/syslink.a_debug(NotifyDrvUsr.o)
 .rodata        0x0006865c      0x2c0 /home/think/ti/syslink_2_21_01_05/packages/ti/syslink/lib/syslink.a_debug(HeapBufMPDrv.o)
 .rodata        0x0006891c      0x2b4 /home/think/ti/syslink_2_21_01_05/packages/ti/syslink/lib/syslink.a_debug(MessageQDrv.o)
 .rodata        0x00068bd0      0x26c /home/think/ti/syslink_2_21_01_05/packages/ti/syslink/lib/syslink.a_debug(IpcDrv.o)
 .rodata        0x00068e3c      0x274 /home/think/ti/syslink_2_21_01_05/packages/ti/syslink/lib/syslink.a_debug(FrameQDrv.o)
 .rodata        0x000690b0      0x2d8 /home/think/ti/syslink_2_21_01_05/packages/ti/syslink/lib/syslink.a_debug(FrameQBufMgrDrv.o)
 .rodata        0x00069388      0x304 /home/think/ti/syslink_2_21_01_05/packages/ti/syslink/lib/syslink.a_debug(ClientNotifyMgrDrv.o)
 .rodata        0x0006968c      0x274 /home/think/ti/syslink_2_21_01_05/packages/ti/syslink/lib/syslink.a_debug(RingIODrv.o)
 .rodata        0x00069900      0x298 /home/think/ti/syslink_2_21_01_05/packages/ti/syslink/lib/syslink.a_debug(RingIOShmDrv.o)
 .rodata        0x00069b98      0x2a4 /home/think/ti/syslink_2_21_01_05/packages/ti/syslink/lib/syslink.a_debug(HeapMemMPDrv.o)
 .rodata        0x00069e3c      0x274 /home/think/ti/syslink_2_21_01_05/packages/ti/syslink/lib/syslink.a_debug(GateMPDrv.o)
 .rodata        0x0006a0b0      0x234 /home/think/ti/syslink_2_21_01_05/packages/ti/syslink/lib/syslink.a_debug(GateMutex.o)
 .rodata        0x0006a2e4      0x4e0 /home/think/ti/syslink_2_21_01_05/packages/ti/syslink/lib/syslink.a_debug(Memory.o)
 .rodata        0x0006a7c4      0x884 /home/think/ti/syslink_2_21_01_05/packages/ti/syslink/lib/syslink.a_debug(List.o)
 .rodata        0x0006b048      0x414 /home/think/ti/syslink_2_21_01_05/packages/ti/syslink/lib/syslink.a_debug(String.o)
 .rodata        0x0006b45c       0x50 /home/think/ti/syslink_2_21_01_05/packages/ti/syslink/lib/syslink.a_debug(Trace.o)
 .rodata        0x0006b4ac      0xe08 /home/think/ti/syslink_2_21_01_05/packages/ti/syslink/lib/syslink.a_debug(NameServer.o)
 .rodata        0x0006c2b4      0x618 /home/think/ti/syslink_2_21_01_05/packages/ti/syslink/lib/syslink.a_debug(MultiProc.o)
 .rodata        0x0006c8cc       0x88 /home/think/ti/syslink_2_21_01_05/packages/ti/syslink/lib/syslink.a_debug(Gate.o)
 .rodata        0x0006c954       0x74 /home/think/ti/syslink_2_21_01_05/packages/ti/syslink/lib/syslink.a_debug(SysLink.o)
 .rodata        0x0006c9c8      0x254 /home/think/ti/syslink_2_21_01_05/packages/ti/syslink/lib/syslink.a_debug(Cache.o)
 .rodata        0x0006cc1c      0x2cc /home/think/ti/syslink_2_21_01_05/packages/ti/syslink/lib/syslink.a_debug(NameServerDrv.o)
 .rodata        0x0006cee8      0x25c /home/think/ti/syslink_2_21_01_05/packages/ti/syslink/lib/syslink.a_debug(MultiProcDrv.o)
 .rodata        0x0006d144      0x10c /home/think/ti/syslink_2_21_01_05/packages/ti/syslink/lib/syslink.a_debug(TraceDrv.o)
 .rodata        0x0006d250       0xdc /home/think/ti/syslink_2_21_01_05/packages/ti/syslink/lib/syslink.a_debug(CacheDrv.o)
 .rodata        0x0006d32c       0xd8 /home/think/ti/syslink_2_21_01_05/packages/ti/syslink/lib/syslink.a_debug(Dev.o)
 .rodata        0x0006d404      0x8e4 /home/think/ti/syslink_2_21_01_05/packages/ti/syslink/lib/syslink.a_debug(MemoryOS.o)
 .rodata        0x0006dce8      0x380 /home/think/ti/syslink_2_21_01_05/packages/ti/syslink/lib/syslink.a_debug(OsalDrv.o)
 .rodata        0x0006e068      0x330 /home/think/ti/syslink_2_21_01_05/packages/ti/syslink/lib/syslink.a_debug(OsalMutex.o)
 .rodata        0x0006e398        0x4 /home/think/ti/syslink_2_21_01_05/packages/ti/syslink/lib/syslink.a_debug(OsalPrint.o)
 .rodata        0x0006e39c     0x1e78 /home/think/ti/syslink_2_21_01_05/packages/ti/syslink/lib/syslink.a_debug(ProcMgr.o)
 .rodata        0x00070214      0x360 /home/think/ti/syslink_2_21_01_05/packages/ti/syslink/lib/syslink.a_debug(ProcMgrDrvUsr.o)
 .rodata        0x00070574      0x5f4 /home/think/ti/syslink_2_21_01_05/packages/ti/syslink/lib/syslink.a_debug(FrameQ_common.o)
 .rodata        0x00070b68      0xbf0 /home/think/ti/syslink_2_21_01_05/packages/ti/syslink/lib/syslink.a_debug(ListMP.o)
 .rodata        0x00071758      0x274 /home/think/ti/syslink_2_21_01_05/packages/ti/syslink/lib/syslink.a_debug(ListMPDrv.o)

.rodata1
 *(.rodata1)

.ARM.extab      0x000719cc     0x1b84
 *(.ARM.extab* .gnu.linkonce.armextab.*)
 .ARM.extab     0x000719cc        0x0 /home/think/l138/arm-2009q1/bin/../arm-none-linux-gnueabi/libc/usr/lib/crt1.o
 .ARM.extab     0x000719cc        0x0 /home/think/l138/arm-2009q1/bin/../arm-none-linux-gnueabi/libc/usr/lib/crti.o
 .ARM.extab     0x000719cc        0x0 /home/think/l138/arm-2009q1/bin/../lib/gcc/arm-none-linux-gnueabi/4.3.3/crtbegin.o
 .ARM.extab     0x000719cc       0x54 bin/debug/obj/arm_main.ov5T
 .ARM.extab     0x00071a20      0x1b0 bin/debug/obj/iec101.ov5T
 .ARM.extab     0x00071bd0      0x204 bin/debug/obj/iec104.ov5T
 .ARM.extab     0x00071dd4       0x9c bin/debug/obj/sharearea.ov5T
 .ARM.extab     0x00071e70       0x3c bin/debug/obj/common.ov5T
 .ARM.extab     0x00071eac       0x24 bin/debug/obj/monitorpc.ov5T
 .ARM.extab     0x00071ed0       0x18 bin/debug/obj/readconfig.ov5T
 .ARM.extab     0x00071ee8       0x18 bin/debug/obj/readsysconfig.ov5T
 .ARM.extab     0x00071f00       0x18 bin/debug/obj/nand_rw.ov5T
 .ARM.extab     0x00071f18      0x144 /home/think/ti/syslink_2_21_01_05/packages/ti/syslink/lib/syslink.a_debug(SharedRegion.o)
 .ARM.extab     0x0007205c       0xcc /home/think/ti/syslink_2_21_01_05/packages/ti/syslink/lib/syslink.a_debug(Notify.o)
 .ARM.extab     0x00072128      0x120 /home/think/ti/syslink_2_21_01_05/packages/ti/syslink/lib/syslink.a_debug(MessageQ.o)
 .ARM.extab     0x00072248       0x78 /home/think/ti/syslink_2_21_01_05/packages/ti/syslink/lib/syslink.a_debug(Ipc.o)
 .ARM.extab     0x000722c0      0x168 /home/think/ti/syslink_2_21_01_05/packages/ti/syslink/lib/syslink.a_debug(RingIO.o)
 .ARM.extab     0x00072428       0x30 /home/think/ti/syslink_2_21_01_05/packages/ti/syslink/lib/syslink.a_debug(RingIOShm.o)
 .ARM.extab     0x00072458      0x168 /home/think/ti/syslink_2_21_01_05/packages/ti/syslink/lib/syslink.a_debug(FrameQ.o)
 .ARM.extab     0x000725c0      0x1a4 /home/think/ti/syslink_2_21_01_05/packages/ti/syslink/lib/syslink.a_debug(FrameQBufMgr.o)
 .ARM.extab     0x00072764       0xe4 /home/think/ti/syslink_2_21_01_05/packages/ti/syslink/lib/syslink.a_debug(ClientNotifyMgr.o)
 .ARM.extab     0x00072848       0xd8 /home/think/ti/syslink_2_21_01_05/packages/ti/syslink/lib/syslink.a_debug(HeapMemMP.o)
 .ARM.extab     0x00072920       0xcc /home/think/ti/syslink_2_21_01_05/packages/ti/syslink/lib/syslink.a_debug(HeapBufMP.o)
 .ARM.extab     0x000729ec       0xfc /home/think/ti/syslink_2_21_01_05/packages/ti/syslink/lib/syslink.a_debug(GateMP.o)
 .ARM.extab     0x00072ae8       0x24 /home/think/ti/syslink_2_21_01_05/packages/ti/syslink/lib/syslink.a_debug(SharedRegionDrv.o)
 .ARM.extab     0x00072b0c       0x30 /home/think/ti/syslink_2_21_01_05/packages/ti/syslink/lib/syslink.a_debug(NotifyDrvUsr.o)
 .ARM.extab     0x00072b3c       0x24 /home/think/ti/syslink_2_21_01_05/packages/ti/syslink/lib/syslink.a_debug(HeapBufMPDrv.o)
 .ARM.extab     0x00072b60       0x24 /home/think/ti/syslink_2_21_01_05/packages/ti/syslink/lib/syslink.a_debug(MessageQDrv.o)
 .ARM.extab     0x00072b84       0x24 /home/think/ti/syslink_2_21_01_05/packages/ti/syslink/lib/syslink.a_debug(IpcDrv.o)
 .ARM.extab     0x00072ba8       0x24 /home/think/ti/syslink_2_21_01_05/packages/ti/syslink/lib/syslink.a_debug(FrameQDrv.o)
 .ARM.extab     0x00072bcc       0x24 /home/think/ti/syslink_2_21_01_05/packages/ti/syslink/lib/syslink.a_debug(FrameQBufMgrDrv.o)
 .ARM.extab     0x00072bf0       0x24 /home/think/ti/syslink_2_21_01_05/packages/ti/syslink/lib/syslink.a_debug(ClientNotifyMgrDrv.o)
 .ARM.extab     0x00072c14       0x24 /home/think/ti/syslink_2_21_01_05/packages/ti/syslink/lib/syslink.a_debug(RingIODrv.o)
 .ARM.extab     0x00072c38       0x24 /home/think/ti/syslink_2_21_01_05/packages/ti/syslink/lib/syslink.a_debug(RingIOShmDrv.o)
 .ARM.extab     0x00072c5c       0x24 /home/think/ti/syslink_2_21_01_05/packages/ti/syslink/lib/syslink.a_debug(HeapMemMPDrv.o)
 .ARM.extab     0x00072c80       0x24 /home/think/ti/syslink_2_21_01_05/packages/ti/syslink/lib/syslink.a_debug(GateMPDrv.o)
 .ARM.extab     0x00072ca4       0x18 /home/think/ti/syslink_2_21_01_05/packages/ti/syslink/lib/syslink.a_debug(OsalProcess.o)
 .ARM.extab     0x00072cbc       0x48 /home/think/ti/syslink_2_21_01_05/packages/ti/syslink/lib/syslink.a_debug(GateMutex.o)
 .ARM.extab     0x00072d04       0x84 /home/think/ti/syslink_2_21_01_05/packages/ti/syslink/lib/syslink.a_debug(Memory.o)
 .ARM.extab     0x00072d88       0xcc /home/think/ti/syslink_2_21_01_05/packages/ti/syslink/lib/syslink.a_debug(List.o)
 .ARM.extab     0x00072e54       0x18 /home/think/ti/syslink_2_21_01_05/packages/ti/syslink/lib/syslink.a_debug(String.o)
 .ARM.extab     0x00072e6c       0x6c /home/think/ti/syslink_2_21_01_05/packages/ti/syslink/lib/syslink.a_debug(Trace.o)
 .ARM.extab     0x00072ed8       0xe4 /home/think/ti/syslink_2_21_01_05/packages/ti/syslink/lib/syslink.a_debug(NameServer.o)
 .ARM.extab     0x00072fbc       0x6c /home/think/ti/syslink_2_21_01_05/packages/ti/syslink/lib/syslink.a_debug(MultiProc.o)
 .ARM.extab     0x00073028       0x30 /home/think/ti/syslink_2_21_01_05/packages/ti/syslink/lib/syslink.a_debug(Gate.o)
 .ARM.extab     0x00073058       0x18 /home/think/ti/syslink_2_21_01_05/packages/ti/syslink/lib/syslink.a_debug(SysLink.o)
 .ARM.extab     0x00073070       0x3c /home/think/ti/syslink_2_21_01_05/packages/ti/syslink/lib/syslink.a_debug(Cache.o)
 .ARM.extab     0x000730ac       0x24 /home/think/ti/syslink_2_21_01_05/packages/ti/syslink/lib/syslink.a_debug(NameServerDrv.o)
 .ARM.extab     0x000730d0       0x24 /home/think/ti/syslink_2_21_01_05/packages/ti/syslink/lib/syslink.a_debug(MultiProcDrv.o)
 .ARM.extab     0x000730f4        0xc /home/think/ti/syslink_2_21_01_05/packages/ti/syslink/lib/syslink.a_debug(TraceDrv.o)
 .ARM.extab     0x00073100        0xc /home/think/ti/syslink_2_21_01_05/packages/ti/syslink/lib/syslink.a_debug(CacheDrv.o)
 .ARM.extab     0x0007310c        0xc /home/think/ti/syslink_2_21_01_05/packages/ti/syslink/lib/syslink.a_debug(Dev.o)
 .ARM.extab     0x00073118       0xcc /home/think/ti/syslink_2_21_01_05/packages/ti/syslink/lib/syslink.a_debug(MemoryOS.o)
 .ARM.extab     0x000731e4       0x3c /home/think/ti/syslink_2_21_01_05/packages/ti/syslink/lib/syslink.a_debug(OsalDrv.o)
 .ARM.extab     0x00073220       0x30 /home/think/ti/syslink_2_21_01_05/packages/ti/syslink/lib/syslink.a_debug(OsalMutex.o)
 .ARM.extab     0x00073250        0xc /home/think/ti/syslink_2_21_01_05/packages/ti/syslink/lib/syslink.a_debug(OsalPrint.o)
 .ARM.extab     0x0007325c      0x15c /home/think/ti/syslink_2_21_01_05/packages/ti/syslink/lib/syslink.a_debug(ProcMgr.o)
 .ARM.extab     0x000733b8       0x24 /home/think/ti/syslink_2_21_01_05/packages/ti/syslink/lib/syslink.a_debug(ProcMgrDrvUsr.o)
 .ARM.extab     0x000733dc       0x60 /home/think/ti/syslink_2_21_01_05/packages/ti/syslink/lib/syslink.a_debug(FrameQ_common.o)
 .ARM.extab     0x0007343c       0xf0 /home/think/ti/syslink_2_21_01_05/packages/ti/syslink/lib/syslink.a_debug(ListMP.o)
 .ARM.extab     0x0007352c       0x24 /home/think/ti/syslink_2_21_01_05/packages/ti/syslink/lib/syslink.a_debug(ListMPDrv.o)
 .ARM.extab     0x00073550        0x0 /home/think/l138/arm-2009q1/bin/../arm-none-linux-gnueabi/libc/usr/lib/libc_nonshared.a(elf-init.oS)
 .ARM.extab.init
                0x00073550        0x0 /home/think/l138/arm-2009q1/bin/../arm-none-linux-gnueabi/libc/usr/lib/crtn.o
 .ARM.extab.fini
                0x00073550        0x0 /home/think/l138/arm-2009q1/bin/../arm-none-linux-gnueabi/libc/usr/lib/crtn.o
                0x00073550                __exidx_start = .

.ARM.exidx      0x00073550     0x1300
 *(.ARM.exidx* .gnu.linkonce.armexidx.*)
 .ARM.exidx     0x00073560        0x0 /home/think/l138/arm-2009q1/bin/../arm-none-linux-gnueabi/libc/usr/lib/crt1.o
                                  0x8 (size before relaxing)
 .ARM.exidx     0x00073560        0x8 /home/think/l138/arm-2009q1/bin/../arm-none-linux-gnueabi/libc/usr/lib/crti.o
 .ARM.exidx     0x00073568        0x8 /home/think/l138/arm-2009q1/bin/../lib/gcc/arm-none-linux-gnueabi/4.3.3/crtbegin.o
                                 0x10 (size before relaxing)
 .ARM.exidx     0x00073570       0x38 bin/debug/obj/arm_main.ov5T
 .ARM.exidx     0x000735a8      0x138 bin/debug/obj/iec101.ov5T
 .ARM.exidx     0x000736e0      0x160 bin/debug/obj/iec104.ov5T
 .ARM.exidx     0x00073840       0x68 bin/debug/obj/sharearea.ov5T
 .ARM.exidx     0x000738a8       0x28 bin/debug/obj/common.ov5T
 .ARM.exidx     0x000738d0       0x20 bin/debug/obj/monitorpc.ov5T
 .ARM.exidx     0x000738f0       0x10 bin/debug/obj/readconfig.ov5T
 .ARM.exidx     0x00073900       0x10 bin/debug/obj/readsysconfig.ov5T
 .ARM.exidx     0x00073910       0x10 bin/debug/obj/nand_rw.ov5T
 .ARM.exidx     0x00073920       0xe0 /home/think/ti/syslink_2_21_01_05/packages/ti/syslink/lib/syslink.a_debug(SharedRegion.o)
 .ARM.exidx     0x00073a00       0x88 /home/think/ti/syslink_2_21_01_05/packages/ti/syslink/lib/syslink.a_debug(Notify.o)
 .ARM.exidx     0x00073a88       0xc0 /home/think/ti/syslink_2_21_01_05/packages/ti/syslink/lib/syslink.a_debug(MessageQ.o)
 .ARM.exidx     0x00073b48       0x50 /home/think/ti/syslink_2_21_01_05/packages/ti/syslink/lib/syslink.a_debug(Ipc.o)
 .ARM.exidx     0x00073b98       0xf0 /home/think/ti/syslink_2_21_01_05/packages/ti/syslink/lib/syslink.a_debug(RingIO.o)
 .ARM.exidx     0x00073c88       0x20 /home/think/ti/syslink_2_21_01_05/packages/ti/syslink/lib/syslink.a_debug(RingIOShm.o)
 .ARM.exidx     0x00073ca8       0xf0 /home/think/ti/syslink_2_21_01_05/packages/ti/syslink/lib/syslink.a_debug(FrameQ.o)
 .ARM.exidx     0x00073d98      0x120 /home/think/ti/syslink_2_21_01_05/packages/ti/syslink/lib/syslink.a_debug(FrameQBufMgr.o)
                                0x128 (size before relaxing)
 .ARM.exidx     0x00073eb8       0x98 /home/think/ti/syslink_2_21_01_05/packages/ti/syslink/lib/syslink.a_debug(ClientNotifyMgr.o)
 .ARM.exidx     0x00073f50       0x90 /home/think/ti/syslink_2_21_01_05/packages/ti/syslink/lib/syslink.a_debug(HeapMemMP.o)
 .ARM.exidx     0x00073fe0       0x88 /home/think/ti/syslink_2_21_01_05/packages/ti/syslink/lib/syslink.a_debug(HeapBufMP.o)
 .ARM.exidx     0x00074068       0xa8 /home/think/ti/syslink_2_21_01_05/packages/ti/syslink/lib/syslink.a_debug(GateMP.o)
 .ARM.exidx     0x00074110       0x18 /home/think/ti/syslink_2_21_01_05/packages/ti/syslink/lib/syslink.a_debug(SharedRegionDrv.o)
 .ARM.exidx     0x00074128       0x20 /home/think/ti/syslink_2_21_01_05/packages/ti/syslink/lib/syslink.a_debug(NotifyDrvUsr.o)
 .ARM.exidx     0x00074148       0x18 /home/think/ti/syslink_2_21_01_05/packages/ti/syslink/lib/syslink.a_debug(HeapBufMPDrv.o)
 .ARM.exidx     0x00074160       0x18 /home/think/ti/syslink_2_21_01_05/packages/ti/syslink/lib/syslink.a_debug(MessageQDrv.o)
 .ARM.exidx     0x00074178       0x18 /home/think/ti/syslink_2_21_01_05/packages/ti/syslink/lib/syslink.a_debug(IpcDrv.o)
 .ARM.exidx     0x00074190       0x18 /home/think/ti/syslink_2_21_01_05/packages/ti/syslink/lib/syslink.a_debug(FrameQDrv.o)
 .ARM.exidx     0x000741a8       0x18 /home/think/ti/syslink_2_21_01_05/packages/ti/syslink/lib/syslink.a_debug(FrameQBufMgrDrv.o)
 .ARM.exidx     0x000741c0       0x18 /home/think/ti/syslink_2_21_01_05/packages/ti/syslink/lib/syslink.a_debug(ClientNotifyMgrDrv.o)
 .ARM.exidx     0x000741d8       0x18 /home/think/ti/syslink_2_21_01_05/packages/ti/syslink/lib/syslink.a_debug(RingIODrv.o)
 .ARM.exidx     0x000741f0       0x18 /home/think/ti/syslink_2_21_01_05/packages/ti/syslink/lib/syslink.a_debug(RingIOShmDrv.o)
 .ARM.exidx     0x00074208       0x18 /home/think/ti/syslink_2_21_01_05/packages/ti/syslink/lib/syslink.a_debug(HeapMemMPDrv.o)
 .ARM.exidx     0x00074220       0x18 /home/think/ti/syslink_2_21_01_05/packages/ti/syslink/lib/syslink.a_debug(GateMPDrv.o)
 .ARM.exidx     0x00074238       0x10 /home/think/ti/syslink_2_21_01_05/packages/ti/syslink/lib/syslink.a_debug(OsalProcess.o)
 .ARM.exidx     0x00074248       0x30 /home/think/ti/syslink_2_21_01_05/packages/ti/syslink/lib/syslink.a_debug(GateMutex.o)
 .ARM.exidx     0x00074278       0x60 /home/think/ti/syslink_2_21_01_05/packages/ti/syslink/lib/syslink.a_debug(Memory.o)
 .ARM.exidx     0x000742d8       0x88 /home/think/ti/syslink_2_21_01_05/packages/ti/syslink/lib/syslink.a_debug(List.o)
 .ARM.exidx     0x00074360       0x20 /home/think/ti/syslink_2_21_01_05/packages/ti/syslink/lib/syslink.a_debug(String.o)
                                 0x40 (size before relaxing)
 .ARM.exidx     0x00074380       0x48 /home/think/ti/syslink_2_21_01_05/packages/ti/syslink/lib/syslink.a_debug(Trace.o)
 .ARM.exidx     0x000743c8       0x98 /home/think/ti/syslink_2_21_01_05/packages/ti/syslink/lib/syslink.a_debug(NameServer.o)
 .ARM.exidx     0x00074460       0x48 /home/think/ti/syslink_2_21_01_05/packages/ti/syslink/lib/syslink.a_debug(MultiProc.o)
 .ARM.exidx     0x000744a8       0x20 /home/think/ti/syslink_2_21_01_05/packages/ti/syslink/lib/syslink.a_debug(Gate.o)
 .ARM.exidx     0x000744c8       0x10 /home/think/ti/syslink_2_21_01_05/packages/ti/syslink/lib/syslink.a_debug(SysLink.o)
 .ARM.exidx     0x000744d8       0x28 /home/think/ti/syslink_2_21_01_05/packages/ti/syslink/lib/syslink.a_debug(Cache.o)
 .ARM.exidx     0x00074500       0x18 /home/think/ti/syslink_2_21_01_05/packages/ti/syslink/lib/syslink.a_debug(NameServerDrv.o)
 .ARM.exidx     0x00074518       0x18 /home/think/ti/syslink_2_21_01_05/packages/ti/syslink/lib/syslink.a_debug(MultiProcDrv.o)
 .ARM.exidx     0x00074530        0x8 /home/think/ti/syslink_2_21_01_05/packages/ti/syslink/lib/syslink.a_debug(TraceDrv.o)
 .ARM.exidx     0x00074538        0x8 /home/think/ti/syslink_2_21_01_05/packages/ti/syslink/lib/syslink.a_debug(CacheDrv.o)
 .ARM.exidx     0x00074540        0x8 /home/think/ti/syslink_2_21_01_05/packages/ti/syslink/lib/syslink.a_debug(Dev.o)
 .ARM.exidx     0x00074548       0x88 /home/think/ti/syslink_2_21_01_05/packages/ti/syslink/lib/syslink.a_debug(MemoryOS.o)
 .ARM.exidx     0x000745d0       0x28 /home/think/ti/syslink_2_21_01_05/packages/ti/syslink/lib/syslink.a_debug(OsalDrv.o)
 .ARM.exidx     0x000745f8       0x20 /home/think/ti/syslink_2_21_01_05/packages/ti/syslink/lib/syslink.a_debug(OsalMutex.o)
 .ARM.exidx     0x00074618        0x8 /home/think/ti/syslink_2_21_01_05/packages/ti/syslink/lib/syslink.a_debug(OsalPrint.o)
 .ARM.exidx     0x00074620       0xe8 /home/think/ti/syslink_2_21_01_05/packages/ti/syslink/lib/syslink.a_debug(ProcMgr.o)
 .ARM.exidx     0x00074708       0x18 /home/think/ti/syslink_2_21_01_05/packages/ti/syslink/lib/syslink.a_debug(ProcMgrDrvUsr.o)
 .ARM.exidx     0x00074720       0x48 /home/think/ti/syslink_2_21_01_05/packages/ti/syslink/lib/syslink.a_debug(FrameQ_common.o)
 .ARM.exidx     0x00074768       0xa8 /home/think/ti/syslink_2_21_01_05/packages/ti/syslink/lib/syslink.a_debug(ListMP.o)
 .ARM.exidx     0x00074810       0x18 /home/think/ti/syslink_2_21_01_05/packages/ti/syslink/lib/syslink.a_debug(ListMPDrv.o)
 .ARM.exidx     0x00074828       0x18 /home/think/l138/arm-2009q1/bin/../arm-none-linux-gnueabi/libc/usr/lib/libc_nonshared.a(elf-init.oS)
                                 0x10 (size before relaxing)
 .ARM.exidx.init
                0x00073550       0x10 /home/think/l138/arm-2009q1/bin/../arm-none-linux-gnueabi/libc/usr/lib/crtn.o
                                  0x8 (size before relaxing)
 .ARM.exidx.fini
                0x00074840       0x10 /home/think/l138/arm-2009q1/bin/../arm-none-linux-gnueabi/libc/usr/lib/crtn.o
                                  0x8 (size before relaxing)
                0x00074850                __exidx_end = .

.eh_frame_hdr
 *(.eh_frame_hdr)

.eh_frame       0x00074850        0x4
 *(.eh_frame)
 .eh_frame      0x00074850        0x4 /home/think/l138/arm-2009q1/bin/../lib/gcc/arm-none-linux-gnueabi/4.3.3/crtend.o

.gcc_except_table
 *(.gcc_except_table .gcc_except_table.*)
                0x00074854                . = (ALIGN (0x8000) - ((0x8000 - .) & 0x7fff))
                0x0007c854                . = (0x8000 DATA_SEGMENT_ALIGN 0x1000)

.eh_frame
 *(.eh_frame)

.gcc_except_table
 *(.gcc_except_table .gcc_except_table.*)

.tdata
 *(.tdata .tdata.* .gnu.linkonce.td.*)

.tbss
 *(.tbss .tbss.* .gnu.linkonce.tb.*)
 *(.tcommon)

.preinit_array  0x0007c854        0x0
                0x0007c854                PROVIDE (__preinit_array_start, .)
 *(.preinit_array)
                0x0007c854                PROVIDE (__preinit_array_end, .)

.init_array     0x0007c854        0x4
                0x0007c854                PROVIDE (__init_array_start, .)
 *(SORT(.init_array.*))
 *(.init_array)
 .init_array    0x0007c854        0x4 /home/think/l138/arm-2009q1/bin/../lib/gcc/arm-none-linux-gnueabi/4.3.3/crtbegin.o
                0x0007c858                PROVIDE (__init_array_end, .)

.fini_array     0x0007c858        0x4
                0x0007c858                PROVIDE (__fini_array_start, .)
 *(.fini_array)
 .fini_array    0x0007c858        0x4 /home/think/l138/arm-2009q1/bin/../lib/gcc/arm-none-linux-gnueabi/4.3.3/crtbegin.o
 *(SORT(.fini_array.*))
                0x0007c85c                PROVIDE (__fini_array_end, .)

.ctors
 *crtbegin.o(.ctors)
 *crtbegin?.o(.ctors)
 *(EXCLUDE_FILE(*crtend?.o *crtend.o) .ctors)
 *(SORT(.ctors.*))
 *(.ctors)

.dtors
 *crtbegin.o(.dtors)
 *crtbegin?.o(.dtors)
 *(EXCLUDE_FILE(*crtend?.o *crtend.o) .dtors)
 *(SORT(.dtors.*))
 *(.dtors)

.jcr            0x0007c85c        0x4
 *(.jcr)
 .jcr           0x0007c85c        0x0 /home/think/l138/arm-2009q1/bin/../lib/gcc/arm-none-linux-gnueabi/4.3.3/crtbegin.o
 .jcr           0x0007c85c        0x4 /home/think/l138/arm-2009q1/bin/../lib/gcc/arm-none-linux-gnueabi/4.3.3/crtend.o

.data.rel.ro
 *(.data.rel.ro.local* .gnu.linkonce.d.rel.ro.local.*)
 *(.data.rel.ro* .gnu.linkonce.d.rel.ro.*)

.dynamic        0x0007c860      0x100
 *(.dynamic)
 .dynamic       0x0007c860      0x100 /home/think/l138/arm-2009q1/bin/../arm-none-linux-gnueabi/libc/usr/lib/crti.o
                0x0007c860                _DYNAMIC
                0x0007c960                . = (. DATA_SEGMENT_RELRO_END 0x0)

.got            0x0007c960      0x1cc
 *(.got.plt)
 .got.plt       0x0007c960      0x158 /home/think/l138/arm-2009q1/bin/../arm-none-linux-gnueabi/libc/usr/lib/crti.o
                0x0007c960                _GLOBAL_OFFSET_TABLE_
 *(.got)
 .got           0x0007cab8       0x74 /home/think/l138/arm-2009q1/bin/../arm-none-linux-gnueabi/libc/usr/lib/crti.o

.data           0x0007cb2c      0x110
                0x0007cb2c                __data_start = .
 *(.data .data.* .gnu.linkonce.d.*)
 .data          0x0007cb2c        0x4 /home/think/l138/arm-2009q1/bin/../arm-none-linux-gnueabi/libc/usr/lib/crt1.o
                0x0007cb2c                data_start
 .data          0x0007cb30        0x0 /home/think/l138/arm-2009q1/bin/../arm-none-linux-gnueabi/libc/usr/lib/crti.o
 .data          0x0007cb30        0x4 /home/think/l138/arm-2009q1/bin/../lib/gcc/arm-none-linux-gnueabi/4.3.3/crtbegin.o
                0x0007cb30                __dso_handle
 .data          0x0007cb34        0x0 bin/debug/obj/arm_main.ov5T
 .data          0x0007cb34       0x60 bin/debug/obj/iec101.ov5T
 .data          0x0007cb94        0x8 bin/debug/obj/iec104.ov5T
 .data          0x0007cb9c        0x0 bin/debug/obj/sharearea.ov5T
 .data          0x0007cb9c        0x0 bin/debug/obj/common.ov5T
 .data          0x0007cb9c        0x0 bin/debug/obj/monitorpc.ov5T
 .data          0x0007cb9c        0x0 bin/debug/obj/readconfig.ov5T
 .data          0x0007cb9c       0x60 bin/debug/obj/readsysconfig.ov5T
 .data          0x0007cbfc        0x0 bin/debug/obj/nand_rw.ov5T
 .data          0x0007cbfc        0x4 /home/think/ti/syslink_2_21_01_05/packages/ti/syslink/lib/syslink.a_debug(SharedRegion.o)
                0x0007cbfc                SharedRegion_module
 .data          0x0007cc00        0x0 /home/think/ti/syslink_2_21_01_05/packages/ti/syslink/lib/syslink.a_debug(Notify.o)
 .data          0x0007cc00        0x4 /home/think/ti/syslink_2_21_01_05/packages/ti/syslink/lib/syslink.a_debug(MessageQ.o)
                0x0007cc00                MessageQ_module
 .data          0x0007cc04        0x0 /home/think/ti/syslink_2_21_01_05/packages/ti/syslink/lib/syslink.a_debug(Ipc.o)
 .data          0x0007cc04        0x0 /home/think/ti/syslink_2_21_01_05/packages/ti/syslink/lib/syslink.a_debug(RingIO.o)
 .data          0x0007cc04        0x0 /home/think/ti/syslink_2_21_01_05/packages/ti/syslink/lib/syslink.a_debug(RingIOShm.o)
 .data          0x0007cc04        0x4 /home/think/ti/syslink_2_21_01_05/packages/ti/syslink/lib/syslink.a_debug(FrameQ.o)
                0x0007cc04                FrameQ_module
 .data          0x0007cc08        0x4 /home/think/ti/syslink_2_21_01_05/packages/ti/syslink/lib/syslink.a_debug(FrameQBufMgr.o)
                0x0007cc08                FrameQBufMgr_module
 .data          0x0007cc0c        0x4 /home/think/ti/syslink_2_21_01_05/packages/ti/syslink/lib/syslink.a_debug(ClientNotifyMgr.o)
                0x0007cc0c                ClientNotifyMgr_module
 .data          0x0007cc10        0x0 /home/think/ti/syslink_2_21_01_05/packages/ti/syslink/lib/syslink.a_debug(HeapMemMP.o)
 .data          0x0007cc10        0x4 /home/think/ti/syslink_2_21_01_05/packages/ti/syslink/lib/syslink.a_debug(HeapBufMP.o)
                0x0007cc10                HeapBufMP_module
 .data          0x0007cc14        0x4 /home/think/ti/syslink_2_21_01_05/packages/ti/syslink/lib/syslink.a_debug(GateMP.o)
 .data          0x0007cc18        0x0 /home/think/ti/syslink_2_21_01_05/packages/ti/syslink/lib/syslink.a_debug(SharedRegionDrv.o)
 .data          0x0007cc18        0x4 /home/think/ti/syslink_2_21_01_05/packages/ti/syslink/lib/syslink.a_debug(NotifyDrvUsr.o)
 .data          0x0007cc1c        0x0 /home/think/ti/syslink_2_21_01_05/packages/ti/syslink/lib/syslink.a_debug(HeapBufMPDrv.o)
 .data          0x0007cc1c        0x0 /home/think/ti/syslink_2_21_01_05/packages/ti/syslink/lib/syslink.a_debug(MessageQDrv.o)
 .data          0x0007cc1c        0x0 /home/think/ti/syslink_2_21_01_05/packages/ti/syslink/lib/syslink.a_debug(IpcDrv.o)
 .data          0x0007cc1c        0x0 /home/think/ti/syslink_2_21_01_05/packages/ti/syslink/lib/syslink.a_debug(FrameQDrv.o)
 .data          0x0007cc1c        0x0 /home/think/ti/syslink_2_21_01_05/packages/ti/syslink/lib/syslink.a_debug(FrameQBufMgrDrv.o)
 .data          0x0007cc1c        0x0 /home/think/ti/syslink_2_21_01_05/packages/ti/syslink/lib/syslink.a_debug(ClientNotifyMgrDrv.o)
 .data          0x0007cc1c        0x0 /home/think/ti/syslink_2_21_01_05/packages/ti/syslink/lib/syslink.a_debug(RingIODrv.o)
 .data          0x0007cc1c        0x0 /home/think/ti/syslink_2_21_01_05/packages/ti/syslink/lib/syslink.a_debug(RingIOShmDrv.o)
 .data          0x0007cc1c        0x0 /home/think/ti/syslink_2_21_01_05/packages/ti/syslink/lib/syslink.a_debug(HeapMemMPDrv.o)
 .data          0x0007cc1c        0x0 /home/think/ti/syslink_2_21_01_05/packages/ti/syslink/lib/syslink.a_debug(GateMPDrv.o)
 .data          0x0007cc1c        0x0 /home/think/ti/syslink_2_21_01_05/packages/ti/syslink/lib/syslink.a_debug(OsalProcess.o)
 .data          0x0007cc1c        0x0 /home/think/ti/syslink_2_21_01_05/packages/ti/syslink/lib/syslink.a_debug(GateMutex.o)
 .data          0x0007cc1c        0x0 /home/think/ti/syslink_2_21_01_05/packages/ti/syslink/lib/syslink.a_debug(Memory.o)
 .data          0x0007cc1c        0x0 /home/think/ti/syslink_2_21_01_05/packages/ti/syslink/lib/syslink.a_debug(List.o)
 .data          0x0007cc1c        0x0 /home/think/ti/syslink_2_21_01_05/packages/ti/syslink/lib/syslink.a_debug(String.o)
 .data          0x0007cc1c        0x0 /home/think/ti/syslink_2_21_01_05/packages/ti/syslink/lib/syslink.a_debug(Trace.o)
 .data          0x0007cc1c        0x4 /home/think/ti/syslink_2_21_01_05/packages/ti/syslink/lib/syslink.a_debug(NameServer.o)
                0x0007cc1c                NameServer_module
 .data          0x0007cc20        0x4 /home/think/ti/syslink_2_21_01_05/packages/ti/syslink/lib/syslink.a_debug(MultiProc.o)
                0x0007cc20                MultiProc_module
 .data          0x0007cc24        0xc /home/think/ti/syslink_2_21_01_05/packages/ti/syslink/lib/syslink.a_debug(Gate.o)
                0x0007cc2c                Gate_systemHandle
                0x0007cc24                Gate_systemObject
 .data          0x0007cc30        0x0 /home/think/ti/syslink_2_21_01_05/packages/ti/syslink/lib/syslink.a_debug(SysLink.o)
 .data          0x0007cc30        0x0 /home/think/ti/syslink_2_21_01_05/packages/ti/syslink/lib/syslink.a_debug(Cache.o)
 .data          0x0007cc30        0x0 /home/think/ti/syslink_2_21_01_05/packages/ti/syslink/lib/syslink.a_debug(NameServerDrv.o)
 .data          0x0007cc30        0x0 /home/think/ti/syslink_2_21_01_05/packages/ti/syslink/lib/syslink.a_debug(MultiProcDrv.o)
 .data          0x0007cc30        0x0 /home/think/ti/syslink_2_21_01_05/packages/ti/syslink/lib/syslink.a_debug(TraceDrv.o)
 .data          0x0007cc30        0x0 /home/think/ti/syslink_2_21_01_05/packages/ti/syslink/lib/syslink.a_debug(CacheDrv.o)
 .data          0x0007cc30        0x0 /home/think/ti/syslink_2_21_01_05/packages/ti/syslink/lib/syslink.a_debug(Dev.o)
 .data          0x0007cc30        0x0 /home/think/ti/syslink_2_21_01_05/packages/ti/syslink/lib/syslink.a_debug(MemoryOS.o)
 .data          0x0007cc30        0x4 /home/think/ti/syslink_2_21_01_05/packages/ti/syslink/lib/syslink.a_debug(OsalDrv.o)
 .data          0x0007cc34        0x0 /home/think/ti/syslink_2_21_01_05/packages/ti/syslink/lib/syslink.a_debug(OsalMutex.o)
 .data          0x0007cc34        0x0 /home/think/ti/syslink_2_21_01_05/packages/ti/syslink/lib/syslink.a_debug(OsalPrint.o)
 .data          0x0007cc34        0x0 /home/think/ti/syslink_2_21_01_05/packages/ti/syslink/lib/syslink.a_debug(ProcMgr.o)
 .data          0x0007cc34        0x4 /home/think/ti/syslink_2_21_01_05/packages/ti/syslink/lib/syslink.a_debug(ProcMgrDrvUsr.o)
 .data          0x0007cc38        0x0 /home/think/ti/syslink_2_21_01_05/packages/ti/syslink/lib/syslink.a_debug(FrameQ_common.o)
 .data          0x0007cc38        0x4 /home/think/ti/syslink_2_21_01_05/packages/ti/syslink/lib/syslink.a_debug(ListMP.o)
                0x0007cc38                ListMP_module
 .data          0x0007cc3c        0x0 /home/think/ti/syslink_2_21_01_05/packages/ti/syslink/lib/syslink.a_debug(ListMPDrv.o)
 .data          0x0007cc3c        0x0 /home/think/l138/arm-2009q1/bin/../arm-none-linux-gnueabi/libc/usr/lib/libc_nonshared.a(elf-init.oS)
 .data          0x0007cc3c        0x0 /home/think/l138/arm-2009q1/bin/../lib/gcc/arm-none-linux-gnueabi/4.3.3/libgcc.a(_udivsi3.o)
 .data          0x0007cc3c        0x0 /home/think/l138/arm-2009q1/bin/../lib/gcc/arm-none-linux-gnueabi/4.3.3/libgcc.a(_arm_addsubdf3.o)
 .data          0x0007cc3c        0x0 /home/think/l138/arm-2009q1/bin/../lib/gcc/arm-none-linux-gnueabi/4.3.3/libgcc.a(_arm_addsubsf3.o)
 .data          0x0007cc3c        0x0 /home/think/l138/arm-2009q1/bin/../lib/gcc/arm-none-linux-gnueabi/4.3.3/libgcc.a(_arm_cmpsf2.o)
 .data          0x0007cc3c        0x0 /home/think/l138/arm-2009q1/bin/../lib/gcc/arm-none-linux-gnueabi/4.3.3/libgcc.a(_arm_fixsfsi.o)
 .data          0x0007cc3c        0x0 /home/think/l138/arm-2009q1/bin/../lib/gcc/arm-none-linux-gnueabi/4.3.3/libgcc.a(_arm_fixunssfsi.o)
 .data          0x0007cc3c        0x0 /home/think/l138/arm-2009q1/bin/../lib/gcc/arm-none-linux-gnueabi/4.3.3/libgcc.a(_dvmd_lnx.o)
 .data          0x0007cc3c        0x0 /home/think/l138/arm-2009q1/bin/../lib/gcc/arm-none-linux-gnueabi/4.3.3/crtend.o
 .data          0x0007cc3c        0x0 /home/think/l138/arm-2009q1/bin/../arm-none-linux-gnueabi/libc/usr/lib/crtn.o

.data1
 *(.data1)
                0x0007cc3c                _edata = .
                0x0007cc3c                PROVIDE (edata, .)
                0x0007cc3c                __bss_start = .
                0x0007cc3c                __bss_start__ = .

.bss            0x0007cc40    0x2e29c
 *(.dynbss)
 *fill*         0x0007cc40        0x0 00
 .dynbss        0x0007cc40        0x4 /home/think/l138/arm-2009q1/bin/../arm-none-linux-gnueabi/libc/usr/lib/crti.o
                0x0007cc40                stderr@@GLIBC_2.4
 *(.bss .bss.* .gnu.linkonce.b.*)
 .bss           0x0007cc44        0x0 /home/think/l138/arm-2009q1/bin/../arm-none-linux-gnueabi/libc/usr/lib/crt1.o
 .bss           0x0007cc44        0x0 /home/think/l138/arm-2009q1/bin/../arm-none-linux-gnueabi/libc/usr/lib/crti.o
 .bss           0x0007cc44        0x1 /home/think/l138/arm-2009q1/bin/../lib/gcc/arm-none-linux-gnueabi/4.3.3/crtbegin.o
 *fill*         0x0007cc45        0x3 00
 .bss           0x0007cc48       0x18 bin/debug/obj/arm_main.ov5T
 .bss           0x0007cc60      0x520 bin/debug/obj/iec101.ov5T
 .bss           0x0007d180      0x538 bin/debug/obj/iec104.ov5T
 .bss           0x0007d6b8       0x8c bin/debug/obj/sharearea.ov5T
                0x0007d6b8                INDEX
 .bss           0x0007d744        0x2 bin/debug/obj/common.ov5T
 .bss           0x0007d746        0x0 bin/debug/obj/monitorpc.ov5T
 .bss           0x0007d746        0x0 bin/debug/obj/readconfig.ov5T
 .bss           0x0007d746        0x0 bin/debug/obj/readsysconfig.ov5T
 .bss           0x0007d746        0x0 bin/debug/obj/nand_rw.ov5T
 *fill*         0x0007d746        0x2 00
 .bss           0x0007d748      0x138 /home/think/ti/syslink_2_21_01_05/packages/ti/syslink/lib/syslink.a_debug(SharedRegion.o)
                0x0007d748                SharedRegion_state
 .bss           0x0007d880       0x14 /home/think/ti/syslink_2_21_01_05/packages/ti/syslink/lib/syslink.a_debug(Notify.o)
                0x0007d880                Notify_state
 .bss           0x0007d894        0x4 /home/think/ti/syslink_2_21_01_05/packages/ti/syslink/lib/syslink.a_debug(MessageQ.o)
                0x0007d894                MessageQ_state
 .bss           0x0007d898       0x5c /home/think/ti/syslink_2_21_01_05/packages/ti/syslink/lib/syslink.a_debug(Ipc.o)
                0x0007d8e8                SysLinkCfg_sysMemMap
                0x0007d898                Ipc_state
                0x0007d8f0                SysLink_params
 .bss           0x0007d8f4        0xc /home/think/ti/syslink_2_21_01_05/packages/ti/syslink/lib/syslink.a_debug(RingIO.o)
                0x0007d8f4                RingIO_state
 .bss           0x0007d900        0x8 /home/think/ti/syslink_2_21_01_05/packages/ti/syslink/lib/syslink.a_debug(RingIOShm.o)
                0x0007d900                RingIOShm_state
 .bss           0x0007d908       0x20 /home/think/ti/syslink_2_21_01_05/packages/ti/syslink/lib/syslink.a_debug(FrameQ.o)
                0x0007d908                FrameQ_module_obj
 .bss           0x0007d928       0x20 /home/think/ti/syslink_2_21_01_05/packages/ti/syslink/lib/syslink.a_debug(FrameQBufMgr.o)
                0x0007d928                FrameQBufMgr_module_obj
 .bss           0x0007d948    0x2d024 /home/think/ti/syslink_2_21_01_05/packages/ti/syslink/lib/syslink.a_debug(ClientNotifyMgr.o)
                0x0007d948                ClientNotifyMgr_module_obj
 .bss           0x000aa96c        0x4 /home/think/ti/syslink_2_21_01_05/packages/ti/syslink/lib/syslink.a_debug(HeapMemMP.o)
                0x000aa96c                HeapMemMP_state
 .bss           0x000aa970        0x4 /home/think/ti/syslink_2_21_01_05/packages/ti/syslink/lib/syslink.a_debug(HeapBufMP.o)
                0x000aa970                HeapBufMP_state
 .bss           0x000aa974       0x1c /home/think/ti/syslink_2_21_01_05/packages/ti/syslink/lib/syslink.a_debug(GateMP.o)
 .bss           0x000aa990        0x8 /home/think/ti/syslink_2_21_01_05/packages/ti/syslink/lib/syslink.a_debug(SharedRegionDrv.o)
 .bss           0x000aa998        0xc /home/think/ti/syslink_2_21_01_05/packages/ti/syslink/lib/syslink.a_debug(NotifyDrvUsr.o)
 .bss           0x000aa9a4        0x8 /home/think/ti/syslink_2_21_01_05/packages/ti/syslink/lib/syslink.a_debug(HeapBufMPDrv.o)
 .bss           0x000aa9ac        0x8 /home/think/ti/syslink_2_21_01_05/packages/ti/syslink/lib/syslink.a_debug(MessageQDrv.o)
 .bss           0x000aa9b4        0x8 /home/think/ti/syslink_2_21_01_05/packages/ti/syslink/lib/syslink.a_debug(IpcDrv.o)
 .bss           0x000aa9bc        0x8 /home/think/ti/syslink_2_21_01_05/packages/ti/syslink/lib/syslink.a_debug(FrameQDrv.o)
 .bss           0x000aa9c4        0x8 /home/think/ti/syslink_2_21_01_05/packages/ti/syslink/lib/syslink.a_debug(FrameQBufMgrDrv.o)
 .bss           0x000aa9cc        0x8 /home/think/ti/syslink_2_21_01_05/packages/ti/syslink/lib/syslink.a_debug(ClientNotifyMgrDrv.o)
 .bss           0x000aa9d4        0x8 /home/think/ti/syslink_2_21_01_05/packages/ti/syslink/lib/syslink.a_debug(RingIODrv.o)
 .bss           0x000aa9dc        0x8 /home/think/ti/syslink_2_21_01_05/packages/ti/syslink/lib/syslink.a_debug(RingIOShmDrv.o)
 .bss           0x000aa9e4        0x8 /home/think/ti/syslink_2_21_01_05/packages/ti/syslink/lib/syslink.a_debug(HeapMemMPDrv.o)
 .bss           0x000aa9ec        0x8 /home/think/ti/syslink_2_21_01_05/packages/ti/syslink/lib/syslink.a_debug(GateMPDrv.o)
 .bss           0x000aa9f4        0x0 /home/think/ti/syslink_2_21_01_05/packages/ti/syslink/lib/syslink.a_debug(OsalProcess.o)
 .bss           0x000aa9f4        0x4 /home/think/ti/syslink_2_21_01_05/packages/ti/syslink/lib/syslink.a_debug(GateMutex.o)
 .bss           0x000aa9f8        0x0 /home/think/ti/syslink_2_21_01_05/packages/ti/syslink/lib/syslink.a_debug(Memory.o)
 .bss           0x000aa9f8        0x0 /home/think/ti/syslink_2_21_01_05/packages/ti/syslink/lib/syslink.a_debug(List.o)
 .bss           0x000aa9f8        0x0 /home/think/ti/syslink_2_21_01_05/packages/ti/syslink/lib/syslink.a_debug(String.o)
 .bss           0x000aa9f8        0x4 /home/think/ti/syslink_2_21_01_05/packages/ti/syslink/lib/syslink.a_debug(Trace.o)
                0x000aa9f8                curTrace
 .bss           0x000aa9fc        0xc /home/think/ti/syslink_2_21_01_05/packages/ti/syslink/lib/syslink.a_debug(NameServer.o)
                0x000aa9fc                NameServer_state
 .bss           0x000aaa08      0x298 /home/think/ti/syslink_2_21_01_05/packages/ti/syslink/lib/syslink.a_debug(MultiProc.o)
                0x000aaa08                MultiProc_state