Archive member included because of file (symbol)

/home/think/ti/syslink_2_21_01_05/packages/ti/syslink/lib/syslink.a_debug(SharedRegion.o)
                              bin/debug/obj/sharearea.ov5T (SharedRegion_getSRPtr)
/home/think/ti/syslink_2_21_01_05/packages/ti/syslink/lib/syslink.a_debug(Notify.o)
                              bin/debug/obj/sharearea.ov5T (Notify_registerEvent)
/home/think/ti/syslink_2_21_01_05/packages/ti/syslink/lib/syslink.a_debug(MessageQ.o)
                              bin/debug/obj/sharearea.ov5T (MessageQ_Params_init)
/home/think/ti/syslink_2_21_01_05/packages/ti/syslink/lib/syslink.a_debug(Ipc.o)
                              bin/debug/obj/arm_main.ov5T (Ipc_control)
/home/think/ti/syslink_2_21_01_05/packages/ti/syslink/lib/syslink.a_debug(RingIO.o)
                              /home/think/ti/syslink_2_21_01_05/packages/ti/syslink/lib/syslink.a_debug(Ipc.o) (RingIO_getConfig)
/home/think/ti/syslink_2_21_01_05/packages/ti/syslink/lib/syslink.a_debug(RingIOShm.o)
                              /home/think/ti/syslink_2_21_01_05/packages/ti/syslink/lib/syslink.a_debug(Ipc.o) (RingIOShm_getConfig)
/home/think/ti/syslink_2_21_01_05/packages/ti/syslink/lib/syslink.a_debug(FrameQ.o)
                              /home/think/ti/syslink_2_21_01_05/packages/ti/syslink/lib/syslink.a_debug(Ipc.o) (FrameQ_getConfig)
/home/think/ti/syslink_2_21_01_05/packages/ti/syslink/lib/syslink.a_debug(FrameQBufMgr.o)
                              /home/think/ti/syslink_2_21_01_05/packages/ti/syslink/lib/syslink.a_debug(Ipc.o) (FrameQBufMgr_getConfig)
/home/think/ti/syslink_2_21_01_05/packages/ti/syslink/lib/syslink.a_debug(ClientNotifyMgr.o)
                              /home/think/ti/syslink_2_21_01_05/packages/ti/syslink/lib/syslink.a_debug(RingIO.o) (ClientNotifyMgr_sharedMemReq)
/home/think/ti/syslink_2_21_01_05/packages/ti/syslink/lib/syslink.a_debug(HeapMemMP.o)
                              /home/think/ti/syslink_2_21_01_05/packages/ti/syslink/lib/syslink.a_debug(Ipc.o) (HeapMemMP_getConfig)
/home/think/ti/syslink_2_21_01_05/packages/ti/syslink/lib/syslink.a_debug(HeapBufMP.o)
                              /home/think/ti/syslink_2_21_01_05/packages/ti/syslink/lib/syslink.a_debug(Ipc.o) (HeapBufMP_getConfig)
/home/think/ti/syslink_2_21_01_05/packages/ti/syslink/lib/syslink.a_debug(GateMP.o)
                              /home/think/ti/syslink_2_21_01_05/packages/ti/syslink/lib/syslink.a_debug(Ipc.o) (GateMP_getConfig)
/home/think/ti/syslink_2_21_01_05/packages/ti/syslink/lib/syslink.a_debug(SharedRegionDrv.o)
                              /home/think/ti/syslink_2_21_01_05/packages/ti/syslink/lib/syslink.a_debug(SharedRegion.o) (SharedRegionDrv_open)
/home/think/ti/syslink_2_21_01_05/packages/ti/syslink/lib/syslink.a_debug(NotifyDrvUsr.o)
                              /home/think/ti/syslink_2_21_01_05/packages/ti/syslink/lib/syslink.a_debug(Notify.o) (NotifyDrvUsr_open)
/home/think/ti/syslink_2_21_01_05/packages/ti/syslink/lib/syslink.a_debug(HeapBufMPDrv.o)
                              /home/think/ti/syslink_2_21_01_05/packages/ti/syslink/lib/syslink.a_debug(HeapBufMP.o) (HeapBufMPDrv_open)
/home/think/ti/syslink_2_21_01_05/packages/ti/syslink/lib/syslink.a_debug(MessageQDrv.o)
                              /home/think/ti/syslink_2_21_01_05/packages/ti/syslink/lib/syslink.a_debug(MessageQ.o) (MessageQDrv_open)
/home/think/ti/syslink_2_21_01_05/packages/ti/syslink/lib/syslink.a_debug(IpcDrv.o)
                              /home/think/ti/syslink_2_21_01_05/packages/ti/syslink/lib/syslink.a_debug(Ipc.o) (IpcDrv_open)
/home/think/ti/syslink_2_21_01_05/packages/ti/syslink/lib/syslink.a_debug(FrameQDrv.o)
                              /home/think/ti/syslink_2_21_01_05/packages/ti/syslink/lib/syslink.a_debug(FrameQ.o) (FrameQDrv_open)
/home/think/ti/syslink_2_21_01_05/packages/ti/syslink/lib/syslink.a_debug(FrameQBufMgrDrv.o)
                              /home/think/ti/syslink_2_21_01_05/packages/ti/syslink/lib/syslink.a_debug(FrameQBufMgr.o) (FrameQBufMgrDrv_open)
/home/think/ti/syslink_2_21_01_05/packages/ti/syslink/lib/syslink.a_debug(ClientNotifyMgrDrv.o)
                              /home/think/ti/syslink_2_21_01_05/packages/ti/syslink/lib/syslink.a_debug(ClientNotifyMgr.o) (ClientNotifyMgrDrv_open)
/home/think/ti/syslink_2_21_01_05/packages/ti/syslink/lib/syslink.a_debug(RingIODrv.o)
                              /home/think/ti/syslink_2_21_01_05/packages/ti/syslink/lib/syslink.a_debug(RingIO.o) (RingIODrv_open)
/home/think/ti/syslink_2_21_01_05/packages/ti/syslink/lib/syslink.a_debug(RingIOShmDrv.o)
                              /home/think/ti/syslink_2_21_01_05/packages/ti/syslink/lib/syslink.a_debug(RingIOShm.o) (RingIOShmDrv_open)
/home/think/ti/syslink_2_21_01_05/packages/ti/syslink/lib/syslink.a_debug(HeapMemMPDrv.o)
                              /home/think/ti/syslink_2_21_01_05/packages/ti/syslink/lib/syslink.a_debug(HeapMemMP.o) (HeapMemMPDrv_open)
[...]
Memory Configuration

Name             Origin             Length             Attributes
*default*        0x00000000         0xffffffff

Linker script and memory map

LOAD /home/think/l138/arm-2009q1/bin/../arm-none-linux-gnueabi/libc/usr/lib/crt1.o
LOAD /home/think/l138/arm-2009q1/bin/../arm-none-linux-gnueabi/libc/usr/lib/crti.o
LOAD /home/think/l138/arm-2009q1/bin/../lib/gcc/arm-none-linux-gnueabi/4.3.3/crtbegin.o
LOAD bin/debug/obj/arm_main.ov5T
LOAD bin/debug/obj/iec101.ov5T
LOAD bin/debug/obj/iec104.ov5T
LOAD bin/debug/obj/sharearea.ov5T
LOAD bin/debug/obj/common.ov5T
LOAD bin/debug/obj/monitorpc.ov5T
LOAD bin/debug/obj/readconfig.ov5T
LOAD bin/debug/obj/readsysconfig.ov5T
LOAD bin/debug/obj/nand_rw.ov5T
LOAD bin/debug/obj/DL_101.ov5T
LOAD /home/think/ti/syslink_2_21_01_05/packages/ti/syslink/lib/syslink.a_debug
LOAD /home/think/l138/arm-2009q1/bin/../arm-none-linux-gnueabi/libc/usr/lib/libpthread.so
START GROUP
LOAD /home/think/l138/arm-2009q1/bin/../arm-none-linux-gnueabi/libc/lib/libpthread.so.0
LOAD /home/think/l138/arm-2009q1/bin/../arm-none-linux-gnueabi/libc/usr/lib/libpthread_nonshared.a
END GROUP
LOAD /home/think/l138/arm-2009q1/bin/../arm-none-linux-gnueabi/libc/usr/lib/libc.so
START GROUP
LOAD /home/think/l138/arm-2009q1/bin/../arm-none-linux-gnueabi/libc/lib/libc.so.6
LOAD /home/think/l138/arm-2009q1/bin/../arm-none-linux-gnueabi/libc/usr/lib/libc_nonshared.a
LOAD /home/think/l138/arm-2009q1/bin/../arm-none-linux-gnueabi/libc/lib/ld-linux.so.3
END GROUP
LOAD /home/think/l138/arm-2009q1/bin/../arm-none-linux-gnueabi/libc/usr/lib/librt.so
LOAD /home/think/l138/arm-2009q1/bin/../lib/gcc/arm-none-linux-gnueabi/4.3.3/libgcc.a
LOAD /home/think/l138/arm-2009q1/bin/../arm-none-linux-gnueabi/libc/lib/libgcc_s.so
LOAD /home/think/l138/arm-2009q1/bin/../arm-none-linux-gnueabi/libc/usr/lib/libc.so
START GROUP
LOAD /home/think/l138/arm-2009q1/bin/../arm-none-linux-gnueabi/libc/lib/libc.so.6
LOAD /home/think/l138/arm-2009q1/bin/../arm-none-linux-gnueabi/libc/usr/lib/libc_nonshared.a
LOAD /home/think/l138/arm-2009q1/bin/../arm-none-linux-gnueabi/libc/lib/ld-linux.so.3
END GROUP
LOAD /home/think/l138/arm-2009q1/bin/../lib/gcc/arm-none-linux-gnueabi/4.3.3/libgcc.a
LOAD /home/think/l138/arm-2009q1/bin/../arm-none-linux-gnueabi/libc/lib/libgcc_s.so
LOAD /home/think/l138/arm-2009q1/bin/../lib/gcc/arm-none-linux-gnueabi/4.3.3/crtend.o
LOAD /home/think/l138/arm-2009q1/bin/../arm-none-linux-gnueabi/libc/usr/lib/crtn.o
                0x00008000                PROVIDE (__executable_start, 0x8000)
                0x00008134                . = (0x8000 + SIZEOF_HEADERS)

.interp         0x00008134       0x13
 *(.interp)
 .interp        0x00008134       0x13 /home/think/l138/arm-2009q1/bin/../arm-none-linux-gnueabi/libc/usr/lib/crti.o

.note.ABI-tag   0x00008148       0x20
 .note.ABI-tag  0x00008148       0x20 /home/think/l138/arm-2009q1/bin/../arm-none-linux-gnueabi/libc/usr/lib/crt1.o

.note.gnu.build-id
 *(.note.gnu.build-id)

.hash           0x00008168      0x394
 *(.hash)
 .hash          0x00008168      0x394 /home/think/l138/arm-2009q1/bin/../arm-none-linux-gnueabi/libc/usr/lib/crti.o

.gnu.hash
 *(.gnu.hash)

.dynsym         0x000084fc      0x820
 *(.dynsym)
 .dynsym        0x000084fc      0x820 /home/think/l138/arm-2009q1/bin/../arm-none-linux-gnueabi/libc/usr/lib/crti.o

.dynstr         0x00008d1c      0x520
 *(.dynstr)
 .dynstr        0x00008d1c      0x520 /home/think/l138/arm-2009q1/bin/../arm-none-linux-gnueabi/libc/usr/lib/crti.o

.gnu.version    0x0000923c      0x104
 *(.gnu.version)
 .gnu.version   0x0000923c      0x104 /home/think/l138/arm-2009q1/bin/../arm-none-linux-gnueabi/libc/usr/lib/crti.o

.gnu.version_d  0x00009340        0x0
 *(.gnu.version_d)
 .gnu.version_d
                0x00000000        0x0 /home/think/l138/arm-2009q1/bin/../arm-none-linux-gnueabi/libc/usr/lib/crti.o

.gnu.version_r  0x00009340       0x60
 *(.gnu.version_r)
 .gnu.version_r
                0x00009340       0x60 /home/think/l138/arm-2009q1/bin/../arm-none-linux-gnueabi/libc/usr/lib/crti.o

.rel.dyn        0x000093a0      0x140
 *(.rel.init)
 *(.rel.text .rel.text.* .rel.gnu.linkonce.t.*)
 *(.rel.fini)
 *(.rel.rodata .rel.rodata.* .rel.gnu.linkonce.r.*)
 *(.rel.data.rel.ro* .rel.gnu.linkonce.d.rel.ro.*)
 *(.rel.data .rel.data.* .rel.gnu.linkonce.d.*)
 *(.rel.tdata .rel.tdata.* .rel.gnu.linkonce.td.*)
 *(.rel.tbss .rel.tbss.* .rel.gnu.linkonce.tb.*)
 *(.rel.ctors)
 *(.rel.dtors)
 *(.rel.got)
 .rel.got       0x000093a0      0x138 /home/think/l138/arm-2009q1/bin/../arm-none-linux-gnueabi/libc/usr/lib/crti.o
 *(.rel.bss .rel.bss.* .rel.gnu.linkonce.b.*)
 .rel.bss       0x000094d8        0x8 /home/think/l138/arm-2009q1/bin/../arm-none-linux-gnueabi/libc/usr/lib/crti.o

.rel.ifunc.dyn
 *(.rel.ifunc.*)

.rela.dyn
 *(.rela.init)
 *(.rela.text .rela.text.* .rela.gnu.linkonce.t.*)
 *(.rela.fini)
 *(.rela.rodata .rela.rodata.* .rela.gnu.linkonce.r.*)
 *(.rela.data .rela.data.* .rela.gnu.linkonce.d.*)
 *(.rela.tdata .rela.tdata.* .rela.gnu.linkonce.td.*)
 *(.rela.tbss .rela.tbss.* .rela.gnu.linkonce.tb.*)
 *(.rela.ctors)
 *(.rela.dtors)
 *(.rela.got)
 *(.rela.bss .rela.bss.* .rela.gnu.linkonce.b.*)

.rela.ifunc.dyn
 *(.rela.ifunc.*)

.rel.plt        0x000094e0      0x2c0
 *(.rel.plt)
 .rel.plt       0x000094e0      0x2c0 /home/think/l138/arm-2009q1/bin/../arm-none-linux-gnueabi/libc/usr/lib/crti.o

.rela.plt
 *(.rela.plt)

.init           0x000097a0        0xc
 *(.init)
 .init          0x000097a0        0x8 /home/think/l138/arm-2009q1/bin/../arm-none-linux-gnueabi/libc/usr/lib/crti.o
                0x000097a0                _init
 .init          0x000097a8        0x4 /home/think/l138/arm-2009q1/bin/../arm-none-linux-gnueabi/libc/usr/lib/crtn.o

.plt            0x000097ac      0x434
 *(.plt)
 .plt           0x000097ac      0x434 /home/think/l138/arm-2009q1/bin/../arm-none-linux-gnueabi/libc/usr/lib/crti.o
                0x000097c0                open@@GLIBC_2.4
                0x000097cc                strerror@@GLIBC_2.4
                0x000097d8                mmap@@GLIBC_2.4
                0x000097e4                abort@@GLIBC_2.4
                0x000097f0                localtime@@GLIBC_2.4
                0x000097fc                pthread_exit@@GLIBC_2.4
                0x00009808                __libc_start_main@@GLIBC_2.4
                0x00009814                inet_ntoa@@GLIBC_2.4
                0x00009820                signal@@GLIBC_2.4
                0x00009838                vsprintf@@GLIBC_2.4
                0x00009844                strncpy@@GLIBC_2.4
                0x00009850                fclose@@GLIBC_2.4
                0x0000985c                fgets@@GLIBC_2.4
                0x00009868                recv@@GLIBC_2.4
                0x00009874                getenv@@GLIBC_2.4
                0x00009880                system@@GLIBC_2.4
                0x0000988c                listen@@GLIBC_2.4
                0x00009898                sem_init@@GLIBC_2.4
                0x000098a4                htons@@GLIBC_2.4
                0x000098b0                fopen@@GLIBC_2.4
                0x000098bc                mktime@@GLIBC_2.4
                0x000098c8                memset@@GLIBC_2.4
                0x000098d4                sem_destroy@@GLIBC_2.4
                0x000098e0                setitimer@@GLIBC_2.4
                0x000098ec                perror@@GLIBC_2.4
                0x000098f8                wait@@GLIBC_2.4
                0x00009904                usleep@@GLIBC_2.4
                0x00009910                free@@GLIBC_2.4
                0x0000991c                read@@GLIBC_2.4
                0x00009928                write@@GLIBC_2.4
                0x00009934                gettimeofday@@GLIBC_2.4
                0x00009940                fseek@@GLIBC_2.4
                0x0000994c                accept@@GLIBC_2.4
                0x00009958                tcgetattr@@GLIBC_2.4
                0x00009964                pthread_mutex_unlock@@GLIBC_2.4
                0x00009970                tcflush@@GLIBC_2.4
                0x0000997c                socket@@GLIBC_2.4
                0x00009988                ioctl@@GLIBC_2.4
                0x00009994                ntohs@@GLIBC_2.4
                0x000099a0                pthread_mutex_lock@@GLIBC_2.4
                0x000099ac                strlen@@GLIBC_2.4
                0x000099b8                sscanf@@GLIBC_2.4
                0x000099c4                pthread_create@@GLIBC_2.4
                0x000099d0                memcpy@@GLIBC_2.4
                0x000099dc                getppid@@GLIBC_2.4
                0x000099e8                alarm@@GLIBC_2.4
                0x000099f4                strtol@@GLIBC_2.4
                0x00009a00                sem_post@@GLIBC_2.4
                0x00009a0c                pthread_sigmask@@GLIBC_2.4
                0x00009a18                settimeofday@@GLIBC_2.4
                0x00009a24                printf@@GLIBC_2.4
                0x00009a30                raise@@GLIBC_2.4
                0x00009a3c                atoi@@GLIBC_2.4
                0x00009a48                pthread_mutex_init@@GLIBC_2.4
                0x00009a54                bind@@GLIBC_2.4
                0x00009a60                atof@@GLIBC_2.4
                0x00009a6c                strstr@@GLIBC_2.4
                0x00009a78                select@@GLIBC_2.4
                0x00009a84                close@@GLIBC_2.4
                0x00009a90                fwrite@@GLIBC_2.4
                0x00009a9c                time@@GLIBC_2.4
                0x00009aa8                __ctype_b_loc@@GLIBC_2.4
                0x00009ab4                malloc@@GLIBC_2.4
                0x00009ac0                cfsetospeed@@GLIBC_2.4
                0x00009acc                strtok@@GLIBC_2.4
                0x00009ad8                send@@GLIBC_2.4
                0x00009ae4                sigfillset@@GLIBC_2.4
                0x00009af0                pause@@GLIBC_2.4
                0x00009afc                puts@@GLIBC_2.4
                0x00009b08                tcsetattr@@GLIBC_2.4
                0x00009b14                getpid@@GLIBC_2.4
                0x00009b20                fcntl@@GLIBC_2.4
                0x00009b2c                bzero@@GLIBC_2.4
                0x00009b38                fork@@GLIBC_2.4
                0x00009b44                lseek@@GLIBC_2.4
                0x00009b50                munmap@@GLIBC_2.4
                0x00009b5c                nanosleep@@GLIBC_2.4
                0x00009b68                setsockopt@@GLIBC_2.4
                0x00009b74                sem_wait@@GLIBC_2.4
                0x00009b80                exit@@GLIBC_2.4
                0x00009b8c                cfsetispeed@@GLIBC_2.4
                0x00009b98                __errno_location@@GLIBC_2.4
                0x00009ba4                pthread_self@@GLIBC_2.4
                0x00009bb0                pthread_cancel@@GLIBC_2.4
                0x00009bbc                sprintf@@GLIBC_2.4
                0x00009bc8                pthread_join@@GLIBC_2.4
                0x00009bd4                getpagesize@@GLIBC_2.4

.text           0x00009be0    0x585b4
 *(.text .stub .text.* .gnu.linkonce.t.*)
 .text          0x00009be0       0x38 /home/think/l138/arm-2009q1/bin/../arm-none-linux-gnueabi/libc/usr/lib/crt1.o
                0x00009be0                _start
 .text          0x00009c18       0x24 /home/think/l138/arm-2009q1/bin/../arm-none-linux-gnueabi/libc/usr/lib/crti.o
 .text          0x00009c3c       0x4c /home/think/l138/arm-2009q1/bin/../lib/gcc/arm-none-linux-gnueabi/4.3.3/crtbegin.o
 .text          0x00009c88     0x1a60 bin/debug/obj/arm_main.ov5T
                0x00009c88                Ipc_Init
                0x0000a154                fork_child
                0x00009de4                Ipc_Exit
                0x0000a328                child_fun
                0x0000a11c                process_reboot
                0x0000a228                main
 .text          0x0000b6e8     0x8ea4 bin/debug/obj/iec101.ov5T
                0x000135d8                IEC101_Process_Message
                0x00012898                IEC101_Free_Buf
                0x00012508                Iec101_Thread
                0x0000f66c                BL101_Process_COS
                0x00014038                Uart_Thread
                0x000144f0                IEC101_Senddata2pc
                0x00012268                QLY_101_FrameSend
                0x000129c0                IEC101_Init_Buf
                0x0001067c                BL101_Process_SOE
 .text          0x0001458c     0x7208 bin/debug/obj/iec104.ov5T
                0x0001b428                PC_Send_YX
                0x00016ae4                Iec104_Thread
                0x0001aecc                sig_handler
                0x0001afb4                uninit_time
                0x00015f0c                file_wc
                0x0001b0c0                PC_Send_YC
                0x0001af3c                set_timer
                0x0001b028                IEC104_Senddata2pc
                0x00015a88                Send_Soe_Data
                0x00014bc4                IEC104_Init_Buf
                0x000162c4                Network_Thread
                0x00016104                IEC104_Free_Buf
                0x0001526c                IEC104_Process_Message
 .text          0x0001b794     0x1edc bin/debug/obj/sharearea.ov5T
                0x0001d53c                Send_Event_By_Message
                0x0001c3c4                Write_Sys_Sharearea
                0x0001c74c                Message_Thread
                0x0001bff8                Write_To_Sharearea
                0x0001c370                Write_Fa_Sharearea
                0x0001bdec                Read_From_Sharearea
                0x0001c41c                Sharearea_Destory
                0x0001d4b0                Send_Event_By_Notify
                0x0001b794                Sharearea_Creat
 .text          0x0001d670      0x7bc bin/debug/obj/common.ov5T
                0x0001d670                Set_Rtc_Time
                0x0001d98c                Init_SOEfile
                0x0001d8f0                Init_Logfile
                0x0001d84c                Get_Rtc_Time
                0x0001da24                Log_Frame
 .text          0x0001de2c     0x11b4 bin/debug/obj/monitorpc.ov5T
                0x0001ea78                PC_Creat_connection
                0x0001e86c                PC_Check_Sum
                0x0001e90c                PC_Send_Data
 .text          0x0001efe0     0x1578 bin/debug/obj/readconfig.ov5T
                0x0001efe0                Read_Faconfig_Conf
 .text          0x00020558      0x7d4 bin/debug/obj/readsysconfig.ov5T
                0x00020558                Read_Sysconfig_Conf
 .text          0x00020d2c      0x310 bin/debug/obj/nand_rw.ov5T
                0x00020efc                Nand_Read_Config
                0x00020d2c                Nand_Write_Config
 .text          0x0002103c     0x4f6c bin/debug/obj/DL_101.ov5T
                0x00023c64                QLY_Fix101frame_check
                0x00025910                QLY_BL101_SpontTrans_Control
                0x0002103c                QLY_101_link_Init
                0x00025f34                QLY_101FrameProcess
                0x00021130                QLY_101send_one_level_Data
                0x00025e8c                QLY_BL101_SpontTrans
                0x00023d00                QLY_Var101frame_check
                0x000235f0                BL101_CheckSum
                0x00025b08                QLY_BL101frame_switch
                0x00023e04                QLY_101frame_check
                0x000210b4                QLY_101FrameLen
                0x000241a8                QLY_101Frame_1s_RsendCheck
                0x00025c20                QLY_BL101FrameProcess
                0x00023f88                QLY_101frame_FCB_detect
                0x00023ec4                QLY_get101frame_controltype
                0x00021160                QLY_101send_two_level_Data
 .text          0x00025fa8     0x36f8 /home/think/ti/syslink_2_21_01_05/packages/ti/syslink/lib/syslink.a_debug(SharedRegion.o)
                0x0002752c                SharedRegion_getPtr
                0x0002612c                SharedRegion_setup
                0x000285d4                SharedRegion_isCacheEnabled
                0x00028eb0                SharedRegion_getRegionInfo
                0x00028850                SharedRegion_getNumRegions
                0x000281a8                SharedRegion_getEntry
                0x000276d8                SharedRegion_getSRPtr
                0x000279f8                SharedRegion_clearEntry
                0x00025fa8                SharedRegion_getConfig
                0x00026cb0                SharedRegion_stop
                0x000267e0                SharedRegion_destroy
                0x000290b0                _SharedRegion_setRegions
                0x00027f90                SharedRegion_getIdByName
                0x00028a68                SharedRegion_reserveMemory
                0x00027d24                SharedRegion_getHeap
                0x00028a4c                SharedRegion_invalidSRPtr
                0x00026b90                SharedRegion_start
                0x00026dd0                SharedRegion_attach
                0x0002736c                SharedRegion_getId
                0x00026f34                SharedRegion_detach
                0x000283c8                SharedRegion_getCacheLineSize
                0x0002709c                SharedRegion_setEntry
                0x000287e4                SharedRegion_translateEnabled
                0x00029454                _SharedRegion_clearRegions
                0x000288bc                SharedRegion_entryInit
 .text          0x000296a0     0x2af0 /home/think/ti/syslink_2_21_01_05/packages/ti/syslink/lib/syslink.a_debug(Notify.o)
                0x000296a0                Notify_getConfig
                0x0002a470                Notify_registerEventSingle
                0x0002b91c                Notify_restore
                0x0002b38c                Notify_sendEvent
                0x0002bb10                Notify_disableEvent
                0x0002a240                Notify_intLineRegistered
                0x00029e08                Notify_sharedMemReq
                0x0002afdc                Notify_unregisterEvent
                0x00029840                Notify_setup
                0x0002ac6c                Notify_unregisterEventSingle
                0x00029fa0                Notify_eventAvailable
                0x00029a30                Notify_destroy
                0x00029cf8                Notify_detach
                0x00029b64                Notify_attach
                0x0002a86c                Notify_registerEvent
                0x0002b71c                Notify_disable
                0x0002be50                Notify_enableEvent
 .text          0x0002c190     0x26ec /home/think/ti/syslink_2_21_01_05/packages/ti/syslink/lib/syslink.a_debug(MessageQ.o)
                0x0002ce84                MessageQ_close
                0x0002e138                MessageQ_setReplyQueue
                0x0002d738                MessageQ_staticMsgInit
                0x0002e2bc                MessageQ_getQueueId
                0x0002e788                MessageQ_detach
                0x0002e3bc                MessageQ_setMsgTrace
                0x0002de64                MessageQ_unregisterHeap
                0x0002c190                MessageQ_getConfig
                0x0002d290                MessageQ_get
                0x0002da18                MessageQ_free
                0x0002c314                MessageQ_setup
                0x0002cc04                MessageQ_open
                0x0002d034                MessageQ_put
                0x0002d89c                MessageQ_alloc
                0x0002c724                MessageQ_create
                0x0002c598                MessageQ_Params_init
                0x0002dfa0                MessageQ_unblock
                0x0002d554                MessageQ_count
                0x0002c4a0                MessageQ_destroy
                0x0002c978                MessageQ_delete
                0x0002e65c                MessageQ_attach
                0x0002dbf8                MessageQ_registerHeap
                0x0002e534                MessageQ_sharedMemReq
 .text          0x0002e87c     0x1bd0 /home/think/ti/syslink_2_21_01_05/packages/ti/syslink/lib/syslink.a_debug(Ipc.o)
                0x000300a4                Ipc_writeConfig
                0x00030398                Ipc_runtimeId
                0x0002fbd4                Ipc_control
                0x0002eab4                Ipc_isAttached
                0x0002f430                Ipc_destroy
                0x0002eb84                Ipc_setup
                0x0002e87c                Ipc_getConfig
                0x0002ff84                Ipc_readConfig
 .text          0x0003044c     0x3040 /home/think/ti/syslink_2_21_01_05/packages/ti/syslink/lib/syslink.a_debug(RingIO.o)
                0x0003205c                RingIO_unregisterNotifier
                0x0003076c                RingIO_destroy
                0x00031af0                RingIO_close
                0x0003044c                RingIO_getConfig
                0x00033154                RingIO_flush
                0x00032f5c                RingIO_setAttribute
                0x00032358                RingIO_getValidSize
                0x00033278                RingIO_sendNotify
                0x0003335c                RingIO_sharedMemReq
                0x0003102c                RingIO_delete
                0x000316ec                RingIO_openByAddr
                0x00032880                RingIO_getWaterMark
                0x00030898                RingIO_Params_init
                0x000325ec                RingIO_getEmptyAttrSize
                0x00032bcc                RingIO_release
                0x000326c8                RingIO_getAcquiredOffset
                0x00031dcc                RingIO_registerNotifier
                0x0003221c                RingIO_setNotifyType
                0x000312ec                RingIO_open
                0x00032e30                RingIO_getvAttribute
                0x00032a30                RingIO_acquire
                0x00032434                RingIO_getEmptySize
                0x0003295c                RingIO_setWaterMark
                0x00032ca0                RingIO_cancel
                0x00032d5c                RingIO_getAttribute
                0x00030a24                RingIO_create
                0x00032510                RingIO_getValidAttrSize
                0x000305d0                RingIO_setup
                0x00033040                RingIO_setvAttribute
                0x000327a4                RingIO_getAcquiredSize
 .text          0x0003348c      0x5d4 /home/think/ti/syslink_2_21_01_05/packages/ti/syslink/lib/syslink.a_debug(RingIOShm.o)
                0x00033610                RingIOShm_setup
                0x000338d4                RingIOShm_Params_init
                0x000337ac                RingIOShm_destroy
                0x0003348c                RingIOShm_getConfig
 .text          0x00033a60     0x5bf8 /home/think/ti/syslink_2_21_01_05/packages/ti/syslink/lib/syslink.a_debug(FrameQ.o)
                0x00035db0                FrameQ_freev
                0x00037b88                FrameQ_sendNotify
                0x00035b48                FrameQ_free
                0x000351d8                FrameQ_close
                0x00036c24                FrameQ_getv
                0x000370e0                FrameQ_registerNotifier
                0x00034850                FrameQ_open
                0x00035848                FrameQ_allocv
                0x00037570                FrameQ_unregisterNotifier
                0x000340bc                FrameQ_create
                0x000355ac                FrameQ_alloc
                0x00038854                FrameQ_ShMem_Params_init
                0x00038444                FrameQ_getvNumFreeFrames
                0x000386d8                FrameQ_control
                0x000378c4                FrameQ_dup
                0x000394ac                FrameQ_ShMem_sharedMemReq
                0x00038004                FrameQ_getvNumFrames
                0x000389ec                FrameQ_Params_init
                0x000360c4                FrameQ_put
                0x00033a60                FrameQ_getConfig
                0x0003826c                FrameQ_getNumFreeFrames
                0x000368c4                FrameQ_get
                0x00033ea4                FrameQ_destroy
                0x00037da4                FrameQ_getNumFrames
                0x00033bfc                FrameQ_setup
                0x00034458                FrameQ_delete
                0x00036460                FrameQ_putv
 .text          0x00039658     0x5f20 /home/think/ti/syslink_2_21_01_05/packages/ti/syslink/lib/syslink.a_debug(FrameQBufMgr.o)
                0x0003e428                FrameQBufMgr_getKnlHandle
                0x0003ba68                FrameQBufMgr_freev
                0x0003cbc4                FrameQBufMgr_add
                0x0003adb4                FrameQBufMgr_close
                0x0003d308                FrameQBufMgr_writeBackFrameBuf
                0x0003e240                FrameQBufMgr_getId
                0x0003def0                FrameQBufMgr_translateAddr
                0x0003a064                FrameQBufMgr_delete
                0x0003e6c8                FrameQBufMgr_getvNumFreeFrames
                0x0003c21c                FrameQBufMgr_dupv
                0x0003ea04                FrameQBufMgr_isSupportedBufInterface
                0x0003b274                FrameQBufMgr_allocv
                0x00039aa8                FrameQBufMgr_destroy
                0x00039658                FrameQBufMgr_getConfig
                0x0003b748                FrameQBufMgr_free
                0x0003dbdc                FrameQBufMgr_invalidate
                0x0003e2e4                FrameQBufMgr_getHandle
                0x0003e4f4                FrameQBufMgr_getNumFreeFrames
                0x0003d8b8                FrameQBufMgr_writeBack
                0x0003e9c4                FrameQBufMgr_isSupportedInterface
                0x0003ea60                FrameQBufMgr_ShMem_Params_init
                0x00039cdc                FrameQBufMgr_create
                0x0003ceb4                FrameQBufMgr_writeBackHeaderBuf
                0x0003e95c                FrameQBufMgr_getBaseHeaderSize
                0x0003be98                FrameQBufMgr_dup
                0x0003af84                FrameQBufMgr_alloc
                0x0003c60c                FrameQBufMgr_registerNotifier
                0x0003d5e0                FrameQBufMgr_invalidateFrameBuf
                0x000397fc                FrameQBufMgr_setup
                0x0003cd20                FrameQBufMgr_remove
                0x0003ebf8                FrameQBufMgr_Params_init
                0x0003c930                FrameQBufMgr_unregisterNotifier
                0x0003d0d4                FrameQBufMgr_invalidateHeaderBuf
                0x0003a498                FrameQBufMgr_open
 .text          0x0003f578     0x519c /home/think/ti/syslink_2_21_01_05/packages/ti/syslink/lib/syslink.a_debug(ClientNotifyMgr.o)
                0x00042c68                ClientNotifyMgr_sendNotification
                0x000441d4                ClientNotifyMgr_sendForceNotificationMulti
                0x000418bc                ClientNotifyMgr_close
                0x00042998                ClientNotifyMgr_disableNotification
                0x0003f5dc                ClientNotifyMgr_sharedMemReq
                0x000407b4                ClientNotifyMgr_create
                0x00040468                ClientNotifyMgr_destroy
                0x0003f754                ClientNotifyMgr_callBack
                0x000400cc                ClientNotifyMgr_setup
                0x0003f578                ClientNotifyMgr_sharedMemModReq
                0x000438e0                ClientNotifyMgr_sendNotificationMulti
                0x0004211c                ClientNotifyMgr_unregisterClient
                0x0003ff28                ClientNotifyMgr_getConfig
                0x000426c0                ClientNotifyMgr_enableNotification
                0x00043440                ClientNotifyMgr_sendForceNotification
                0x00040614                ClientNotifyMgr_Params_init
                0x000411a0                ClientNotifyMgr_delete
                0x000419e4                ClientNotifyMgr_registerClient
                0x00041738                ClientNotifyMgr_open
 .text          0x00044714     0x2440 /home/think/ti/syslink_2_21_01_05/packages/ti/syslink/lib/syslink.a_debug(HeapMemMP.o)
                0x00044714                HeapMemMP_getConfig
                0x00045f14                HeapMemMP_getStats
                0x00044ce0                HeapMemMP_create
                0x00046140                HeapMemMP_getExtendedStats
                0x0004681c                _HeapMemMP_create
                0x000464d8                HeapMemMP_getKnlHandle
                0x000448a0                HeapMemMP_setup
                0x00044a28                HeapMemMP_destroy
                0x00044b58                HeapMemMP_Params_init
                0x00046660                HeapMemMP_getUsrHandle
                0x0004582c                HeapMemMP_close
                0x00046354                HeapMemMP_sharedMemReq
                0x00046a14                HeapMemMP_restore
                0x00045004                HeapMemMP_delete
                0x00045cb8                HeapMemMP_free
                0x00045aa8                HeapMemMP_alloc
                0x00045288                HeapMemMP_openByAddr
                0x00045550                HeapMemMP_open
 .text          0x00046b54     0x2268 /home/think/ti/syslink_2_21_01_05/packages/ti/syslink/lib/syslink.a_debug(HeapBufMP.o)
                0x00047130                HeapBufMP_create
                0x00047c60                HeapBufMP_close
                0x000476b8                HeapBufMP_openByAddr
                0x000488b0                HeapBufMP_sharedMemReq
                0x00048588                HeapBufMP_isBlocking
                0x00048358                HeapBufMP_getStats
                0x00046e70                HeapBufMP_destroy
                0x00046ce0                HeapBufMP_setup
                0x00048bc0                _HeapBufMP_create
                0x00047ee0                HeapBufMP_alloc
                0x00046b54                HeapBufMP_getConfig
                0x00046fa4                HeapBufMP_Params_init
                0x0004743c                HeapBufMP_delete
                0x00048a38                HeapBufMP_getKnlHandle
                0x000480f4                HeapBufMP_free
                0x00047988                HeapBufMP_open
                0x0004867c                HeapBufMP_getExtendedStats
 .text          0x00048dbc     0x2224 /home/think/ti/syslink_2_21_01_05/packages/ti/syslink/lib/syslink.a_debug(GateMP.o)
                0x00048dbc                GateMP_getConfig
                0x0004ab3c                GateMP_getDefaultRemote
                0x0004a674                GateMP_enter
                0x000496f4                GateMP_Instance_finalize
                0x00048f54                GateMP_setup
                0x00049abc                GateMP_delete
                0x0004a048                GateMP_openByAddr
                0x00049538                GateMP_Instance_init
                0x0004ac40                GateMP_getSharedAddr
                0x0004a368                GateMP_close
                0x0004938c                GateMP_Params_init
                0x00049d3c                GateMP_open
                0x0004adf0                GateMP_getLocalProtect
                0x00049750                _GateMP_create
                0x0004aa24                GateMP_sharedMemReq
                0x0004a844                GateMP_leave
                0x0004ae40                GateMP_getRemoteProtect
                0x00049888                GateMP_create
                0x0004ae90                GateMP_getKnlHandle
                0x000491cc                GateMP_destroy
                0x0004ad38                GateMP_setReserved
 .text          0x0004afe0      0x5d4 /home/think/ti/syslink_2_21_01_05/packages/ti/syslink/lib/syslink.a_debug(SharedRegionDrv.o)
                0x0004b294                SharedRegionDrv_ioctl
                0x0004b178                SharedRegionDrv_close
                0x0004afe0                SharedRegionDrv_open
 .text          0x0004b5b4      0x814 /home/think/ti/syslink_2_21_01_05/packages/ti/syslink/lib/syslink.a_debug(NotifyDrvUsr.o)
                0x0004bc4c                _NotifyDrvUsr_eventWorker
                0x0004b930                NotifyDrvUsr_close
                0x0004bb0c                NotifyDrvUsr_ioctl
                0x0004b5b4                NotifyDrvUsr_open
 .text          0x0004bdc8      0x484 /home/think/ti/syslink_2_21_01_05/packages/ti/syslink/lib/syslink.a_debug(HeapBufMPDrv.o)
                0x0004bdc8                HeapBufMPDrv_open
                0x0004c114                HeapBufMPDrv_ioctl
                0x0004bff8                HeapBufMPDrv_close
 .text          0x0004c24c      0x498 /home/think/ti/syslink_2_21_01_05/packages/ti/syslink/lib/syslink.a_debug(MessageQDrv.o)
                0x0004c5ac                MessageQDrv_ioctl
                0x0004c24c                MessageQDrv_open
                0x0004c490                MessageQDrv_close
 .text          0x0004c6e4      0x464 /home/think/ti/syslink_2_21_01_05/packages/ti/syslink/lib/syslink.a_debug(IpcDrv.o)
                0x0004c6e4                IpcDrv_open
                0x0004ca10                IpcDrv_ioctl
                0x0004c8f4                IpcDrv_close
 .text          0x0004cb48      0x3e8 /home/think/ti/syslink_2_21_01_05/packages/ti/syslink/lib/syslink.a_debug(FrameQDrv.o)
                0x0004cdf8                FrameQDrv_ioctl
                0x0004cb48                FrameQDrv_open
                0x0004ccdc                FrameQDrv_close
 .text          0x0004cf30      0x3e8 /home/think/ti/syslink_2_21_01_05/packages/ti/syslink/lib/syslink.a_debug(FrameQBufMgrDrv.o)
                0x0004cf30                FrameQBufMgrDrv_open
                0x0004d0c4                FrameQBufMgrDrv_close
                0x0004d1e0                FrameQBufMgrDrv_ioctl
 .text          0x0004d318      0x3e8 /home/think/ti/syslink_2_21_01_05/packages/ti/syslink/lib/syslink.a_debug(ClientNotifyMgrDrv.o)
                0x0004d318                ClientNotifyMgrDrv_open
                0x0004d5c8                ClientNotifyMgrDrv_ioctl
                0x0004d4ac                ClientNotifyMgrDrv_close
 .text          0x0004d700      0x3e8 /home/think/ti/syslink_2_21_01_05/packages/ti/syslink/lib/syslink.a_debug(RingIODrv.o)
                0x0004d894                RingIODrv_close
                0x0004d9b0                RingIODrv_ioctl
                0x0004d700                RingIODrv_open
 .text          0x0004dae8      0x3e8 /home/think/ti/syslink_2_21_01_05/packages/ti/syslink/lib/syslink.a_debug(RingIOShmDrv.o)
                0x0004dd98                RingIOShmDrv_ioctl
                0x0004dc7c                RingIOShmDrv_close
                0x0004dae8                RingIOShmDrv_open
 .text          0x0004ded0      0x3ec /home/think/ti/syslink_2_21_01_05/packages/ti/syslink/lib/syslink.a_debug(HeapMemMPDrv.o)
                0x0004e068                HeapMemMPDrv_close
                0x0004e184                HeapMemMPDrv_ioctl
                0x0004ded0                HeapMemMPDrv_open
 .text          0x0004e2bc      0x3ec /home/think/ti/syslink_2_21_01_05/packages/ti/syslink/lib/syslink.a_debug(GateMPDrv.o)
                0x0004e2bc                GateMPDrv_open
                0x0004e454                GateMPDrv_close
                0x0004e570                GateMPDrv_ioctl
 .text          0x0004e6a8       0x50 /home/think/ti/syslink_2_21_01_05/packages/ti/syslink/lib/syslink.a_debug(OsalProcess.o)
                0x0004e6d0                OsalProcess_getTid
                0x0004e6a8                OsalProcess_getPid
 .text          0x0004e6f8      0x5a8 /home/think/ti/syslink_2_21_01_05/packages/ti/syslink/lib/syslink.a_debug(GateMutex.o)
                0x0004e96c                GateMutex_leave
                0x0004eb3c                GateMutex_delete
                0x0004ea28                GateMutex_create
                0x0004e898                GateMutex_enter
                0x0004e6f8                GateMutex_Instance_init
                0x0004e800                GateMutex_Instance_finalize
 .text          0x0004eca0      0xa34 /home/think/ti/syslink_2_21_01_05/packages/ti/syslink/lib/syslink.a_debug(Memory.o)
                0x0004f42c                Memory_getMaxDefaultTypeAlign
                0x0004f1a4                Memory_getStats
                0x0004f63c                Memory_translate
                0x0004f448                Memory_valloc
                0x0004eeb8                Memory_calloc
                0x0004eca0                Memory_alloc
                0x0004f2d8                Memory_query
                0x0004f044                Memory_free
 .text          0x0004f6d4     0x15ec /home/think/ti/syslink_2_21_01_05/packages/ti/syslink/lib/syslink.a_debug(List.o)
                0x0004fe30                List_get
                0x0004fa28                List_construct
                0x0004ff50                List_put
                0x000503c0                List_insert
                0x0004f6d4                List_Params_init
                0x0004fb1c                List_destruct
                0x0004f79c                List_create
                0x0004f8bc                List_delete
                0x00050590                List_remove
                0x00050870                List_dequeue
                0x0004fd04                List_empty
                0x000500d0                List_next
                0x000509a8                List_enqueue
                0x0004fc18                List_elemClear
                0x00050b34                List_enqueueHead
                0x00050214                List_prev
                0x00050700                List_putHead
 .text          0x00050cc0      0x600 /home/think/ti/syslink_2_21_01_05/packages/ti/syslink/lib/syslink.a_debug(String.o)
                0x00051224                String_hash
                0x00050fc4                String_cpy
                0x00050d70                String_cmp
                0x00050ea0                String_ncmp
                0x00051190                String_hexToStr
                0x0005103c                String_ncpy
                0x00050cc0                String_cat
                0x0005111c                String_len
 .text          0x000512c0      0x53c /home/think/ti/syslink_2_21_01_05/packages/ti/syslink/lib/syslink.a_debug(Trace.o)
                0x000512c0                _GT_0trace
                0x000515a8                _GT_5trace
                0x00051790                _GT_setTrace
                0x00051340                _GT_1trace
                0x000514fc                _GT_4trace
                0x00051460                _GT_3trace
                0x000513cc                _GT_2trace
                0x00051664                _GT_6trace
                0x00051730                _GT_setFailureReason
 .text          0x000517fc     0x2de8 /home/think/ti/syslink_2_21_01_05/packages/ti/syslink/lib/syslink.a_debug(NameServer.o)
                0x00051dc4                NameServer_create
                0x00053f1c                NameServer_match
                0x000535c8                NameServer_getLocal
                0x00052b1c                NameServer_addUInt32
                0x00052074                NameServer_delete
                0x000527d8                NameServer_add
                0x00051b34                NameServer_destroy
                0x000541e8                NameServer_getHandle
                0x00053c60                NameServer_getLocalUInt32
                0x000519b4                NameServer_setup
                0x00051c30                NameServer_Params_init
                0x00052f48                NameServer_removeEntry
                0x000522b4                NameServer_open
                0x00053184                NameServer_get
                0x00052570                NameServer_close
                0x00052cf8                NameServer_remove
                0x00054414                NameServer_isRegistered
                0x0005398c                NameServer_getUInt32
                0x000517fc                NameServer_getConfig
 .text          0x000545e4      0xcd0 /home/think/ti/syslink_2_21_01_05/packages/ti/syslink/lib/syslink.a_debug(MultiProc.o)
                0x00054940                MultiProc_destroy
                0x00055048                MultiProc_self
                0x00054fd4                MultiProc_getNumProcessors
                0x0005479c                MultiProc_setup
                0x00054a3c                MultiProc_setLocalId
                0x00054e40                MultiProc_getName
                0x00054c40                MultiProc_getId
                0x000550bc                MultiProc_getSlot
                0x000545e4                MultiProc_getConfig
 .text          0x000552b4      0x104 /home/think/ti/syslink_2_21_01_05/packages/ti/syslink/lib/syslink.a_debug(Gate.o)
                0x00055318                Gate_leaveSystem
                0x000552b4                Gate_enterSystem
 .text          0x000553b8      0x178 /home/think/ti/syslink_2_21_01_05/packages/ti/syslink/lib/syslink.a_debug(SysLink.o)
                0x000554e0                SysLink_destroy
                0x000553b8                SysLink_setup
 .text          0x00055530      0x4c0 /home/think/ti/syslink_2_21_01_05/packages/ti/syslink/lib/syslink.a_debug(Cache.o)
                0x00055900                Cache_setMode
                0x00055848                Cache_wait
                0x00055530                Cache_inv
                0x00055638                Cache_wb
                0x00055740                Cache_wbInv
 .text          0x000559f0      0x484 /home/think/ti/syslink_2_21_01_05/packages/ti/syslink/lib/syslink.a_debug(NameServerDrv.o)
                0x000559f0                NameServerDrv_open
                0x00055c20                NameServerDrv_close
                0x00055d3c                NameServerDrv_ioctl
 .text          0x00055e74      0x3b8 /home/think/ti/syslink_2_21_01_05/packages/ti/syslink/lib/syslink.a_debug(MultiProcDrv.o)
                0x00056124                MultiProcDrv_ioctl
                0x00056008                MultiProcDrv_close
                0x00055e74                MultiProcDrv_open
 .text          0x0005622c      0x164 /home/think/ti/syslink_2_21_01_05/packages/ti/syslink/lib/syslink.a_debug(TraceDrv.o)
                0x0005622c                TraceDrv_ioctl
 .text          0x00056390       0xf4 /home/think/ti/syslink_2_21_01_05/packages/ti/syslink/lib/syslink.a_debug(CacheDrv.o)
                0x00056390                CacheDrv_ioctl
 .text          0x00056484      0x194 /home/think/ti/syslink_2_21_01_05/packages/ti/syslink/lib/syslink.a_debug(Dev.o)
                0x00056484                Dev_pollOpen
 .text          0x00056618     0x163c /home/think/ti/syslink_2_21_01_05/packages/ti/syslink/lib/syslink.a_debug(MemoryOS.o)
                0x000578bc                MemoryOS_set
                0x00057724                MemoryOS_copy
                0x00056e5c                MemoryOS_map
                0x00056618                MemoryOS_setup
                0x00057a48                MemoryOS_translate
                0x00056b48                MemoryOS_alloc
                0x000568b8                MemoryOS_destroy
                0x000573c8                MemoryOS_unmap
                0x00056c5c                MemoryOS_calloc
                0x00056d68                MemoryOS_free
 .text          0x00057c54      0x6f0 /home/think/ti/syslink_2_21_01_05/packages/ti/syslink/lib/syslink.a_debug(OsalDrv.o)
                0x00057df4                OsalDrv_close
                0x00057c54                OsalDrv_open
                0x00058128                OsalDrv_unmap
                0x00058208                OsalDrv_ioctl
                0x00057f18                OsalDrv_map
 .text          0x00058344      0x52c /home/think/ti/syslink_2_21_01_05/packages/ti/syslink/lib/syslink.a_debug(OsalMutex.o)
                0x000584a8                OsalMutex_delete
                0x00058344                OsalMutex_create
                0x00058610                OsalMutex_enter
                0x00058740                OsalMutex_leave
 .text          0x00058870       0x50 /home/think/ti/syslink_2_21_01_05/packages/ti/syslink/lib/syslink.a_debug(OsalPrint.o)
                0x00058870                Osal_printf
 .text          0x000588c0     0x4d5c /home/think/ti/syslink_2_21_01_05/packages/ti/syslink/lib/syslink.a_debug(ProcMgr.o)
                0x0005bf10                ProcMgr_getSymbolAddress
                0x00058bfc                ProcMgr_destroy
                0x0005c6b8                ProcMgr_unmap
                0x00059394                ProcMgr_delete
                0x0005a994                ProcMgr_load
                0x0005ae28                ProcMgr_getStartParams
                0x0005a738                ProcMgr_detach
                0x0005d280                ProcMgr_getSectionData
                0x000588c0                ProcMgr_getConfig
                0x0005af8c                ProcMgr_start
                0x0005cdb0                ProcMgr_getMaxMemoryRegions
                0x0005b108                ProcMgr_stop
                0x00059658                ProcMgr_open
                0x0005c1a8                ProcMgr_map
                0x00058dd0                ProcMgr_Params_init
                0x0005acac                ProcMgr_unload
                0x0005a2b0                ProcMgr_attach
                0x0005b3d8                ProcMgr_read
                0x0005ba9c                ProcMgr_translateAddr
                0x00058f54                ProcMgr_create
                0x0005b26c                ProcMgr_getState
                0x0005d4bc                ProcMgr_getLoadedFileId
                0x0005a134                ProcMgr_getAttachParams
                0x00059d00                ProcMgr_close
                0x0005b670                ProcMgr_write
                0x0005b90c                ProcMgr_control
                0x0005ce70                ProcMgr_getProcInfo
                0x0005d06c                ProcMgr_getSectionInfo
                0x00058a44                ProcMgr_setup
 .text          0x0005d61c      0x500 /home/think/ti/syslink_2_21_01_05/packages/ti/syslink/lib/syslink.a_debug(ProcMgrDrvUsr.o)
                0x0005d61c                ProcMgrDrvUsr_open
                0x0005d7b4                ProcMgrDrvUsr_close
                0x0005d8d0                ProcMgrDrvUsr_ioctl
 .text          0x0005db1c      0xa24 /home/think/ti/syslink_2_21_01_05/packages/ti/syslink/lib/syslink.a_debug(FrameQ_common.o)
                0x0005dbd8                FrameQ_getNumFrameBuffers
                0x0005df68                FrameQ_getFrameBufValidSize
                0x0005e3ac                FrameQ_setFrameBufDataStartOffset
                0x0005e218                FrameQ_setFrameBufValidSize
                0x0005dcc4                FrameQ_getFrameBuffer
                0x0005de18                FrameQ_getFrameBufSize
                0x0005db1c                FrameQ_isSupportedInterface
                0x0005e0c0                FrameQ_getFrameBufDataStartOffset
                0x0005db5c                FrameQ_getExtendedHeaderPtr
 .text          0x0005e540     0x295c /home/think/ti/syslink_2_21_01_05/packages/ti/syslink/lib/syslink.a_debug(ListMP.o)
                0x0005e540                ListMP_getConfig
                0x0005eb14                ListMP_create
                0x00060d58                _ListMP_create
                0x00060b54                ListMP_prev
                0x000606f0                ListMP_remove
                0x0005f7b4                ListMP_close
                0x0005e6c4                ListMP_setup
                0x0005f2d8                ListMP_open
                0x0005f574                ListMP_openByAddr
                0x0005ee88                ListMP_delete
                0x00060e78                ListMP_getGate
                0x0005fd94                ListMP_getTail
                0x0005e850                ListMP_destroy
                0x00060418                ListMP_insert
                0x0005e984                ListMP_Params_init
                0x0005fbd0                ListMP_getHead
                0x000601bc                ListMP_putTail
                0x0006094c                ListMP_next
                0x0005f0f8                ListMP_sharedMemReq
                0x0005ff60                ListMP_putHead
                0x0005fa14                ListMP_empty
 .text          0x00060e9c      0x3ec /home/think/ti/syslink_2_21_01_05/packages/ti/syslink/lib/syslink.a_debug(ListMPDrv.o)
                0x00061034                ListMPDrv_close
                0x00061150                ListMPDrv_ioctl
                0x00060e9c                ListMPDrv_open
 .text          0x00061288       0x70 /home/think/l138/arm-2009q1/bin/../arm-none-linux-gnueabi/libc/usr/lib/libc_nonshared.a(elf-init.oS)
                0x00061288                __libc_csu_fini
                0x0006128c                __libc_csu_init
 .text          0x000612f8      0x20c /home/think/l138/arm-2009q1/bin/../lib/gcc/arm-none-linux-gnueabi/4.3.3/libgcc.a(_udivsi3.o)
                0x000612f8                __udivsi3
                0x000612f8                __aeabi_uidiv
                0x000614e4                __aeabi_uidivmod
 .text          0x00061504      0x3b8 /home/think/l138/arm-2009q1/bin/../lib/gcc/arm-none-linux-gnueabi/4.3.3/libgcc.a(_arm_addsubdf3.o)
                0x00061848                __floatundidf
                0x000617e0                __floatsidf
                0x000617bc                __aeabi_ui2d
                0x000617e0                __aeabi_i2d
                0x000617bc                __floatunsidf
                0x0006150c                __subdf3
                0x0006185c                __floatdidf
                0x00061510                __adddf3
                0x0006185c                __aeabi_l2d
                0x00061808                __aeabi_f2d
                0x00061848                __aeabi_ul2d
                0x00061504                __aeabi_drsub
                0x00061808                __extendsfdf2
                0x00061510                __aeabi_dadd
                0x0006150c                __aeabi_dsub
 .text          0x000618bc      0x470 /home/think/l138/arm-2009q1/bin/../lib/gcc/arm-none-linux-gnueabi/4.3.3/libgcc.a(_arm_muldivdf3.o)
                0x000618bc                __muldf3
                0x00061b28                __divdf3
                0x000618bc                __aeabi_dmul
                0x00061b28                __aeabi_ddiv
 .text          0x00061d2c       0x5c /home/think/l138/arm-2009q1/bin/../lib/gcc/arm-none-linux-gnueabi/4.3.3/libgcc.a(_arm_fixdfsi.o)
                0x00061d2c                __fixdfsi
                0x00061d2c                __aeabi_d2iz
 .text          0x00061d88      0x250 /home/think/l138/arm-2009q1/bin/../lib/gcc/arm-none-linux-gnueabi/4.3.3/libgcc.a(_arm_addsubsf3.o)
                0x00061d94                __aeabi_fadd
                0x00061f5c                __aeabi_l2f
                0x00061f4c                __aeabi_ul2f
                0x00061d90                __subsf3
                0x00061f2c                __floatsisf
                0x00061d94                __addsf3
                0x00061d88                __aeabi_frsub
                0x00061f5c                __floatdisf
                0x00061d90                __aeabi_fsub
                0x00061f24                __aeabi_ui2f
                0x00061f2c                __aeabi_i2f
                0x00061f24                __floatunsisf
                0x00061f4c                __floatundisf
 .text          0x00061fd8       0xfc /home/think/l138/arm-2009q1/bin/../lib/gcc/arm-none-linux-gnueabi/4.3.3/libgcc.a(_arm_cmpsf2.o)
                0x00061fd8                __gesf2
                0x000620ac                __aeabi_fcmpge
                0x0006205c                __aeabi_cfcmple
                0x00061fe8                __cmpsf2
                0x0006204c                __aeabi_cfrcmple
                0x0006205c                __aeabi_cfcmpeq
                0x00061fe0                __lesf2
                0x00061fe0                __ltsf2
                0x00061fd8                __gtsf2
                0x00062084                __aeabi_fcmplt
                0x00061fe8                __eqsf2
                0x00062070                __aeabi_fcmpeq
                0x00061fe8                __nesf2
                0x00062098                __aeabi_fcmple
                0x000620c0                __aeabi_fcmpgt
 .text          0x000620d4       0x5c /home/think/l138/arm-2009q1/bin/../lib/gcc/arm-none-linux-gnueabi/4.3.3/libgcc.a(_arm_fixsfsi.o)
                0x000620d4                __fixsfsi
                0x000620d4                __aeabi_f2iz
 .text          0x00062130       0x54 /home/think/l138/arm-2009q1/bin/../lib/gcc/arm-none-linux-gnueabi/4.3.3/libgcc.a(_arm_fixunssfsi.o)
                0x00062130                __aeabi_f2uiz
                0x00062130                __fixunssfsi
 .text          0x00062184       0x10 /home/think/l138/arm-2009q1/bin/../lib/gcc/arm-none-linux-gnueabi/4.3.3/libgcc.a(_dvmd_lnx.o)
                0x00062184                __aeabi_idiv0
                0x00062184                __aeabi_ldiv0
 .text          0x00062194        0x0 /home/think/l138/arm-2009q1/bin/../lib/gcc/arm-none-linux-gnueabi/4.3.3/crtend.o
 .text          0x00062194        0x0 /home/think/l138/arm-2009q1/bin/../arm-none-linux-gnueabi/libc/usr/lib/crtn.o
 *(.gnu.warning)
 *(.glue_7t)
 .glue_7t       0x00000000        0x0 linker stubs
 *(.glue_7)
 .glue_7        0x00000000        0x0 linker stubs
 *(.vfp11_veneer)
 .vfp11_veneer  0x00000000        0x0 linker stubs
 *(.v4_bx)
 .v4_bx         0x00000000        0x0 linker stubs

.fini           0x00062194        0x8
 *(.fini)
 .fini          0x00062194        0x4 /home/think/l138/arm-2009q1/bin/../arm-none-linux-gnueabi/libc/usr/lib/crti.o
                0x00062194                _fini
 .fini          0x00062198        0x4 /home/think/l138/arm-2009q1/bin/../arm-none-linux-gnueabi/libc/usr/lib/crtn.o
                0x0006219c                PROVIDE (__etext, .)
                0x0006219c                PROVIDE (_etext, .)
                0x0006219c                PROVIDE (etext, .)

.rodata         0x0006219c    0x17598
 *(.rodata .rodata.* .gnu.linkonce.r.*)
 .rodata.cst4   0x0006219c        0x4 /home/think/l138/arm-2009q1/bin/../arm-none-linux-gnueabi/libc/usr/lib/crt1.o
                0x0006219c                _IO_stdin_used
 .rodata        0x000621a0      0x254 bin/debug/obj/arm_main.ov5T
 .rodata        0x000623f4      0x43c bin/debug/obj/iec101.ov5T
 .rodata        0x00062830      0x670 bin/debug/obj/iec104.ov5T
 .rodata        0x00062ea0      0x48c bin/debug/obj/sharearea.ov5T
 .rodata        0x0006332c       0x8c bin/debug/obj/common.ov5T
 .rodata        0x000633b8       0xf4 bin/debug/obj/monitorpc.ov5T
 .rodata        0x000634ac      0x440 bin/debug/obj/readconfig.ov5T
 .rodata        0x000638ec      0x144 bin/debug/obj/readsysconfig.ov5T
 .rodata        0x00063a30       0x98 bin/debug/obj/nand_rw.ov5T
 .rodata        0x00063ac8      0x2f0 bin/debug/obj/DL_101.ov5T
 .rodata        0x00063db8     0x1170 /home/think/ti/syslink_2_21_01_05/packages/ti/syslink/lib/syslink.a_debug(SharedRegion.o)
 .rodata        0x00064f28      0xc40 /home/think/ti/syslink_2_21_01_05/packages/ti/syslink/lib/syslink.a_debug(Notify.o)
 .rodata        0x00065b68      0xf68 /home/think/ti/syslink_2_21_01_05/packages/ti/syslink/lib/syslink.a_debug(MessageQ.o)
 .rodata        0x00066ad0      0x8c0 /home/think/ti/syslink_2_21_01_05/packages/ti/syslink/lib/syslink.a_debug(Ipc.o)
 .rodata        0x00067390     0x11d8 /home/think/ti/syslink_2_21_01_05/packages/ti/syslink/lib/syslink.a_debug(RingIO.o)
 .rodata        0x00068568      0x354 /home/think/ti/syslink_2_21_01_05/packages/ti/syslink/lib/syslink.a_debug(RingIOShm.o)
 .rodata        0x000688bc     0x1c70 /home/think/ti/syslink_2_21_01_05/packages/ti/syslink/lib/syslink.a_debug(FrameQ.o)
 .rodata        0x0006a52c     0x201c /home/think/ti/syslink_2_21_01_05/packages/ti/syslink/lib/syslink.a_debug(FrameQBufMgr.o)
 .rodata        0x0006c548     0x13b4 /home/think/ti/syslink_2_21_01_05/packages/ti/syslink/lib/syslink.a_debug(ClientNotifyMgr.o)
 .rodata        0x0006d8fc      0xd14 /home/think/ti/syslink_2_21_01_05/packages/ti/syslink/lib/syslink.a_debug(HeapMemMP.o)
 .rodata        0x0006e610      0xcb4 /home/think/ti/syslink_2_21_01_05/packages/ti/syslink/lib/syslink.a_debug(HeapBufMP.o)
 .rodata        0x0006f2c4      0x9e8 /home/think/ti/syslink_2_21_01_05/packages/ti/syslink/lib/syslink.a_debug(GateMP.o)
 .rodata        0x0006fcac      0x308 /home/think/ti/syslink_2_21_01_05/packages/ti/syslink/lib/syslink.a_debug(SharedRegionDrv.o)
 .rodata        0x0006ffb4      0x410 /home/think/ti/syslink_2_21_01_05/packages/ti/syslink/lib/syslink.a_debug(NotifyDrvUsr.o)
 .rodata        0x000703c4      0x2c0 /home/think/ti/syslink_2_21_01_05/packages/ti/syslink/lib/syslink.a_debug(HeapBufMPDrv.o)
 .rodata        0x00070684      0x2b4 /home/think/ti/syslink_2_21_01_05/packages/ti/syslink/lib/syslink.a_debug(MessageQDrv.o)
 .rodata        0x00070938      0x26c /home/think/ti/syslink_2_21_01_05/packages/ti/syslink/lib/syslink.a_debug(IpcDrv.o)
 .rodata        0x00070ba4      0x274 /home/think/ti/syslink_2_21_01_05/packages/ti/syslink/lib/syslink.a_debug(FrameQDrv.o)
 .rodata        0x00070e18      0x2d8 /home/think/ti/syslink_2_21_01_05/packages/ti/syslink/lib/syslink.a_debug(FrameQBufMgrDrv.o)
 .rodata        0x000710f0      0x304 /home/think/ti/syslink_2_21_01_05/packages/ti/syslink/lib/syslink.a_debug(ClientNotifyMgrDrv.o)
 .rodata        0x000713f4      0x274 /home/think/ti/syslink_2_21_01_05/packages/ti/syslink/lib/syslink.a_debug(RingIODrv.o)
 .rodata        0x00071668      0x298 /home/think/ti/syslink_2_21_01_05/packages/ti/syslink/lib/syslink.a_debug(RingIOShmDrv.o)
 .rodata        0x00071900      0x2a4 /home/think/ti/syslink_2_21_01_05/packages/ti/syslink/lib/syslink.a_debug(HeapMemMPDrv.o)
 .rodata        0x00071ba4      0x274 /home/think/ti/syslink_2_21_01_05/packages/ti/syslink/lib/syslink.a_debug(GateMPDrv.o)
 .rodata        0x00071e18      0x234 /home/think/ti/syslink_2_21_01_05/packages/ti/syslink/lib/syslink.a_debug(GateMutex.o)
 .rodata        0x0007204c      0x4e0 /home/think/ti/syslink_2_21_01_05/packages/ti/syslink/lib/syslink.a_debug(Memory.o)
 .rodata        0x0007252c      0x884 /home/think/ti/syslink_2_21_01_05/packages/ti/syslink/lib/syslink.a_debug(List.o)
 .rodata        0x00072db0      0x414 /home/think/ti/syslink_2_21_01_05/packages/ti/syslink/lib/syslink.a_debug(String.o)
 .rodata        0x000731c4       0x50 /home/think/ti/syslink_2_21_01_05/packages/ti/syslink/lib/syslink.a_debug(Trace.o)
 .rodata        0x00073214      0xe08 /home/think/ti/syslink_2_21_01_05/packages/ti/syslink/lib/syslink.a_debug(NameServer.o)
 .rodata        0x0007401c      0x618 /home/think/ti/syslink_2_21_01_05/packages/ti/syslink/lib/syslink.a_debug(MultiProc.o)
 .rodata        0x00074634       0x88 /home/think/ti/syslink_2_21_01_05/packages/ti/syslink/lib/syslink.a_debug(Gate.o)
 .rodata        0x000746bc       0x74 /home/think/ti/syslink_2_21_01_05/packages/ti/syslink/lib/syslink.a_debug(SysLink.o)
 .rodata        0x00074730      0x254 /home/think/ti/syslink_2_21_01_05/packages/ti/syslink/lib/syslink.a_debug(Cache.o)
 .rodata        0x00074984      0x2cc /home/think/ti/syslink_2_21_01_05/packages/ti/syslink/lib/syslink.a_debug(NameServerDrv.o)
 .rodata        0x00074c50      0x25c /home/think/ti/syslink_2_21_01_05/packages/ti/syslink/lib/syslink.a_debug(MultiProcDrv.o)
 .rodata        0x00074eac      0x10c /home/think/ti/syslink_2_21_01_05/packages/ti/syslink/lib/syslink.a_debug(TraceDrv.o)
 .rodata        0x00074fb8       0xdc /home/think/ti/syslink_2_21_01_05/packages/ti/syslink/lib/syslink.a_debug(CacheDrv.o)
 .rodata        0x00075094       0xd8 /home/think/ti/syslink_2_21_01_05/packages/ti/syslink/lib/syslink.a_debug(Dev.o)
 .rodata        0x0007516c      0x8e4 /home/think/ti/syslink_2_21_01_05/packages/ti/syslink/lib/syslink.a_debug(MemoryOS.o)
 .rodata        0x00075a50      0x380 /home/think/ti/syslink_2_21_01_05/packages/ti/syslink/lib/syslink.a_debug(OsalDrv.o)
 .rodata        0x00075dd0      0x330 /home/think/ti/syslink_2_21_01_05/packages/ti/syslink/lib/syslink.a_debug(OsalMutex.o)
 .rodata        0x00076100        0x4 /home/think/ti/syslink_2_21_01_05/packages/ti/syslink/lib/syslink.a_debug(OsalPrint.o)
 .rodata        0x00076104     0x1e78 /home/think/ti/syslink_2_21_01_05/packages/ti/syslink/lib/syslink.a_debug(ProcMgr.o)
 .rodata        0x00077f7c      0x360 /home/think/ti/syslink_2_21_01_05/packages/ti/syslink/lib/syslink.a_debug(ProcMgrDrvUsr.o)
 .rodata        0x000782dc      0x5f4 /home/think/ti/syslink_2_21_01_05/packages/ti/syslink/lib/syslink.a_debug(FrameQ_common.o)
 .rodata        0x000788d0      0xbf0 /home/think/ti/syslink_2_21_01_05/packages/ti/syslink/lib/syslink.a_debug(ListMP.o)
 .rodata        0x000794c0      0x274 /home/think/ti/syslink_2_21_01_05/packages/ti/syslink/lib/syslink.a_debug(ListMPDrv.o)

.rodata1
 *(.rodata1)

.ARM.extab      0x00079734     0x1d64
 *(.ARM.extab* .gnu.linkonce.armextab.*)
 .ARM.extab     0x00079734        0x0 /home/think/l138/arm-2009q1/bin/../arm-none-linux-gnueabi/libc/usr/lib/crt1.o
 .ARM.extab     0x00079734        0x0 /home/think/l138/arm-2009q1/bin/../arm-none-linux-gnueabi/libc/usr/lib/crti.o
 .ARM.extab     0x00079734        0x0 /home/think/l138/arm-2009q1/bin/../lib/gcc/arm-none-linux-gnueabi/4.3.3/crtbegin.o
 .ARM.extab     0x00079734       0x78 bin/debug/obj/arm_main.ov5T
 .ARM.extab     0x000797ac      0x1ec bin/debug/obj/iec101.ov5T
 .ARM.extab     0x00079998      0x210 bin/debug/obj/iec104.ov5T
 .ARM.extab     0x00079ba8       0x9c bin/debug/obj/sharearea.ov5T
 .ARM.extab     0x00079c44       0x3c bin/debug/obj/common.ov5T
 .ARM.extab     0x00079c80       0x24 bin/debug/obj/monitorpc.ov5T
 .ARM.extab     0x00079ca4       0x18 bin/debug/obj/readconfig.ov5T
 .ARM.extab     0x00079cbc       0x18 bin/debug/obj/readsysconfig.ov5T
 .ARM.extab     0x00079cd4       0x18 bin/debug/obj/nand_rw.ov5T
 .ARM.extab     0x00079cec      0x174 bin/debug/obj/DL_101.ov5T
 .ARM.extab     0x00079e60      0x144 /home/think/ti/syslink_2_21_01_05/packages/ti/syslink/lib/syslink.a_debug(SharedRegion.o)
 .ARM.extab     0x00079fa4       0xcc /home/think/ti/syslink_2_21_01_05/packages/ti/syslink/lib/syslink.a_debug(Notify.o)
 .ARM.extab     0x0007a070      0x120 /home/think/ti/syslink_2_21_01_05/packages/ti/syslink/lib/syslink.a_debug(MessageQ.o)
 .ARM.extab     0x0007a190       0x78 /home/think/ti/syslink_2_21_01_05/packages/ti/syslink/lib/syslink.a_debug(Ipc.o)
 .ARM.extab     0x0007a208      0x168 /home/think/ti/syslink_2_21_01_05/packages/ti/syslink/lib/syslink.a_debug(RingIO.o)
 .ARM.extab     0x0007a370       0x30 /home/think/ti/syslink_2_21_01_05/packages/ti/syslink/lib/syslink.a_debug(RingIOShm.o)
 .ARM.extab     0x0007a3a0      0x168 /home/think/ti/syslink_2_21_01_05/packages/ti/syslink/lib/syslink.a_debug(FrameQ.o)
 .ARM.extab     0x0007a508      0x1a4 /home/think/ti/syslink_2_21_01_05/packages/ti/syslink/lib/syslink.a_debug(FrameQBufMgr.o)
 .ARM.extab     0x0007a6ac       0xe4 /home/think/ti/syslink_2_21_01_05/packages/ti/syslink/lib/syslink.a_debug(ClientNotifyMgr.o)
 .ARM.extab     0x0007a790       0xd8 /home/think/ti/syslink_2_21_01_05/packages/ti/syslink/lib/syslink.a_debug(HeapMemMP.o)
 .ARM.extab     0x0007a868       0xcc /home/think/ti/syslink_2_21_01_05/packages/ti/syslink/lib/syslink.a_debug(HeapBufMP.o)
 .ARM.extab     0x0007a934       0xfc /home/think/ti/syslink_2_21_01_05/packages/ti/syslink/lib/syslink.a_debug(GateMP.o)
 .ARM.extab     0x0007aa30       0x24 /home/think/ti/syslink_2_21_01_05/packages/ti/syslink/lib/syslink.a_debug(SharedRegionDrv.o)
 .ARM.extab     0x0007aa54       0x30 /home/think/ti/syslink_2_21_01_05/packages/ti/syslink/lib/syslink.a_debug(NotifyDrvUsr.o)
 .ARM.extab     0x0007aa84       0x24 /home/think/ti/syslink_2_21_01_05/packages/ti/syslink/lib/syslink.a_debug(HeapBufMPDrv.o)
 .ARM.extab     0x0007aaa8       0x24 /home/think/ti/syslink_2_21_01_05/packages/ti/syslink/lib/syslink.a_debug(MessageQDrv.o)
 .ARM.extab     0x0007aacc       0x24 /home/think/ti/syslink_2_21_01_05/packages/ti/syslink/lib/syslink.a_debug(IpcDrv.o)
 .ARM.extab     0x0007aaf0       0x24 /home/think/ti/syslink_2_21_01_05/packages/ti/syslink/lib/syslink.a_debug(FrameQDrv.o)
 .ARM.extab     0x0007ab14       0x24 /home/think/ti/syslink_2_21_01_05/packages/ti/syslink/lib/syslink.a_debug(FrameQBufMgrDrv.o)
 .ARM.extab     0x0007ab38       0x24 /home/think/ti/syslink_2_21_01_05/packages/ti/syslink/lib/syslink.a_debug(ClientNotifyMgrDrv.o)
 .ARM.extab     0x0007ab5c       0x24 /home/think/ti/syslink_2_21_01_05/packages/ti/syslink/lib/syslink.a_debug(RingIODrv.o)
 .ARM.extab     0x0007ab80       0x24 /home/think/ti/syslink_2_21_01_05/packages/ti/syslink/lib/syslink.a_debug(RingIOShmDrv.o)
 .ARM.extab     0x0007aba4       0x24 /home/think/ti/syslink_2_21_01_05/packages/ti/syslink/lib/syslink.a_debug(HeapMemMPDrv.o)
 .ARM.extab     0x0007abc8       0x24 /home/think/ti/syslink_2_21_01_05/packages/ti/syslink/lib/syslink.a_debug(GateMPDrv.o)
 .ARM.extab     0x0007abec       0x18 /home/think/ti/syslink_2_21_01_05/packages/ti/syslink/lib/syslink.a_debug(OsalProcess.o)
 .ARM.extab     0x0007ac04       0x48 /home/think/ti/syslink_2_21_01_05/packages/ti/syslink/lib/syslink.a_debug(GateMutex.o)
 .ARM.extab     0x0007ac4c       0x84 /home/think/ti/syslink_2_21_01_05/packages/ti/syslink/lib/syslink.a_debug(Memory.o)
 .ARM.extab     0x0007acd0       0xcc /home/think/ti/syslink_2_21_01_05/packages/ti/syslink/lib/syslink.a_debug(List.o)
 .ARM.extab     0x0007ad9c       0x18 /home/think/ti/syslink_2_21_01_05/packages/ti/syslink/lib/syslink.a_debug(String.o)
 .ARM.extab     0x0007adb4       0x6c /home/think/ti/syslink_2_21_01_05/packages/ti/syslink/lib/syslink.a_debug(Trace.o)
 .ARM.extab     0x0007ae20       0xe4 /home/think/ti/syslink_2_21_01_05/packages/ti/syslink/lib/syslink.a_debug(NameServer.o)
 .ARM.extab     0x0007af04       0x6c /home/think/ti/syslink_2_21_01_05/packages/ti/syslink/lib/syslink.a_debug(MultiProc.o)
 .ARM.extab     0x0007af70       0x30 /home/think/ti/syslink_2_21_01_05/packages/ti/syslink/lib/syslink.a_debug(Gate.o)
 .ARM.extab     0x0007afa0       0x18 /home/think/ti/syslink_2_21_01_05/packages/ti/syslink/lib/syslink.a_debug(SysLink.o)
 .ARM.extab     0x0007afb8       0x3c /home/think/ti/syslink_2_21_01_05/packages/ti/syslink/lib/syslink.a_debug(Cache.o)
 .ARM.extab     0x0007aff4       0x24 /home/think/ti/syslink_2_21_01_05/packages/ti/syslink/lib/syslink.a_debug(NameServerDrv.o)
 .ARM.extab     0x0007b018       0x24 /home/think/ti/syslink_2_21_01_05/packages/ti/syslink/lib/syslink.a_debug(MultiProcDrv.o)
 .ARM.extab     0x0007b03c        0xc /home/think/ti/syslink_2_21_01_05/packages/ti/syslink/lib/syslink.a_debug(TraceDrv.o)
 .ARM.extab     0x0007b048        0xc /home/think/ti/syslink_2_21_01_05/packages/ti/syslink/lib/syslink.a_debug(CacheDrv.o)
 .ARM.extab     0x0007b054        0xc /home/think/ti/syslink_2_21_01_05/packages/ti/syslink/lib/syslink.a_debug(Dev.o)
 .ARM.extab     0x0007b060       0xcc /home/think/ti/syslink_2_21_01_05/packages/ti/syslink/lib/syslink.a_debug(MemoryOS.o)
 .ARM.extab     0x0007b12c       0x3c /home/think/ti/syslink_2_21_01_05/packages/ti/syslink/lib/syslink.a_debug(OsalDrv.o)
 .ARM.extab     0x0007b168       0x30 /home/think/ti/syslink_2_21_01_05/packages/ti/syslink/lib/syslink.a_debug(OsalMutex.o)
 .ARM.extab     0x0007b198        0xc /home/think/ti/syslink_2_21_01_05/packages/ti/syslink/lib/syslink.a_debug(OsalPrint.o)
 .ARM.extab     0x0007b1a4      0x15c /home/think/ti/syslink_2_21_01_05/packages/ti/syslink/lib/syslink.a_debug(ProcMgr.o)
 .ARM.extab     0x0007b300       0x24 /home/think/ti/syslink_2_21_01_05/packages/ti/syslink/lib/syslink.a_debug(ProcMgrDrvUsr.o)
 .ARM.extab     0x0007b324       0x60 /home/think/ti/syslink_2_21_01_05/packages/ti/syslink/lib/syslink.a_debug(FrameQ_common.o)
 .ARM.extab     0x0007b384       0xf0 /home/think/ti/syslink_2_21_01_05/packages/ti/syslink/lib/syslink.a_debug(ListMP.o)
 .ARM.extab     0x0007b474       0x24 /home/think/ti/syslink_2_21_01_05/packages/ti/syslink/lib/syslink.a_debug(ListMPDrv.o)
 .ARM.extab     0x0007b498        0x0 /home/think/l138/arm-2009q1/bin/../arm-none-linux-gnueabi/libc/usr/lib/libc_nonshared.a(elf-init.oS)
 .ARM.extab.init
                0x0007b498        0x0 /home/think/l138/arm-2009q1/bin/../arm-none-linux-gnueabi/libc/usr/lib/crtn.o
 .ARM.extab.fini
                0x0007b498        0x0 /home/think/l138/arm-2009q1/bin/../arm-none-linux-gnueabi/libc/usr/lib/crtn.o
                0x0007b498                __exidx_start = .

.ARM.exidx      0x0007b498     0x1460
 *(.ARM.exidx* .gnu.linkonce.armexidx.*)
 .ARM.exidx     0x0007b4a8        0x0 /home/think/l138/arm-2009q1/bin/../arm-none-linux-gnueabi/libc/usr/lib/crt1.o
                                  0x8 (size before relaxing)
 .ARM.exidx     0x0007b4a8        0x8 /home/think/l138/arm-2009q1/bin/../arm-none-linux-gnueabi/libc/usr/lib/crti.o
 .ARM.exidx     0x0007b4b0        0x8 /home/think/l138/arm-2009q1/bin/../lib/gcc/arm-none-linux-gnueabi/4.3.3/crtbegin.o
                                 0x10 (size before relaxing)
 .ARM.exidx     0x0007b4b8       0x50 bin/debug/obj/arm_main.ov5T
 .ARM.exidx     0x0007b508      0x160 bin/debug/obj/iec101.ov5T
 .ARM.exidx     0x0007b668      0x168 bin/debug/obj/iec104.ov5T
 .ARM.exidx     0x0007b7d0       0x70 bin/debug/obj/sharearea.ov5T
 .ARM.exidx     0x0007b840       0x28 bin/debug/obj/common.ov5T
 .ARM.exidx     0x0007b868       0x20 bin/debug/obj/monitorpc.ov5T
 .ARM.exidx     0x0007b888       0x10 bin/debug/obj/readconfig.ov5T
 .ARM.exidx     0x0007b898       0x10 bin/debug/obj/readsysconfig.ov5T
 .ARM.exidx     0x0007b8a8       0x10 bin/debug/obj/nand_rw.ov5T
 .ARM.exidx     0x0007b8b8      0x110 bin/debug/obj/DL_101.ov5T
                                0x128 (size before relaxing)
 .ARM.exidx     0x0007b9c8       0xe0 /home/think/ti/syslink_2_21_01_05/packages/ti/syslink/lib/syslink.a_debug(SharedRegion.o)
 .ARM.exidx     0x0007baa8       0x88 /home/think/ti/syslink_2_21_01_05/packages/ti/syslink/lib/syslink.a_debug(Notify.o)
 .ARM.exidx     0x0007bb30       0xc0 /home/think/ti/syslink_2_21_01_05/packages/ti/syslink/lib/syslink.a_debug(MessageQ.o)
 .ARM.exidx     0x0007bbf0       0x50 /home/think/ti/syslink_2_21_01_05/packages/ti/syslink/lib/syslink.a_debug(Ipc.o)
 .ARM.exidx     0x0007bc40       0xf0 /home/think/ti/syslink_2_21_01_05/packages/ti/syslink/lib/syslink.a_debug(RingIO.o)
 .ARM.exidx     0x0007bd30       0x20 /home/think/ti/syslink_2_21_01_05/packages/ti/syslink/lib/syslink.a_debug(RingIOShm.o)
 .ARM.exidx     0x0007bd50       0xf0 /home/think/ti/syslink_2_21_01_05/packages/ti/syslink/lib/syslink.a_debug(FrameQ.o)
 .ARM.exidx     0x0007be40      0x120 /home/think/ti/syslink_2_21_01_05/packages/ti/syslink/lib/syslink.a_debug(FrameQBufMgr.o)
                                0x128 (size before relaxing)
 .ARM.exidx     0x0007bf60       0x98 /home/think/ti/syslink_2_21_01_05/packages/ti/syslink/lib/syslink.a_debug(ClientNotifyMgr.o)
 .ARM.exidx     0x0007bff8       0x90 /home/think/ti/syslink_2_21_01_05/packages/ti/syslink/lib/syslink.a_debug(HeapMemMP.o)
 .ARM.exidx     0x0007c088       0x88 /home/think/ti/syslink_2_21_01_05/packages/ti/syslink/lib/syslink.a_debug(HeapBufMP.o)
 .ARM.exidx     0x0007c110       0xa8 /home/think/ti/syslink_2_21_01_05/packages/ti/syslink/lib/syslink.a_debug(GateMP.o)
 .ARM.exidx     0x0007c1b8       0x18 /home/think/ti/syslink_2_21_01_05/packages/ti/syslink/lib/syslink.a_debug(SharedRegionDrv.o)
 .ARM.exidx     0x0007c1d0       0x20 /home/think/ti/syslink_2_21_01_05/packages/ti/syslink/lib/syslink.a_debug(NotifyDrvUsr.o)
 .ARM.exidx     0x0007c1f0       0x18 /home/think/ti/syslink_2_21_01_05/packages/ti/syslink/lib/syslink.a_debug(HeapBufMPDrv.o)
 .ARM.exidx     0x0007c208       0x18 /home/think/ti/syslink_2_21_01_05/packages/ti/syslink/lib/syslink.a_debug(MessageQDrv.o)
 .ARM.exidx     0x0007c220       0x18 /home/think/ti/syslink_2_21_01_05/packages/ti/syslink/lib/syslink.a_debug(IpcDrv.o)
 .ARM.exidx     0x0007c238       0x18 /home/think/ti/syslink_2_21_01_05/packages/ti/syslink/lib/syslink.a_debug(FrameQDrv.o)
 .ARM.exidx     0x0007c250       0x18 /home/think/ti/syslink_2_21_01_05/packages/ti/syslink/lib/syslink.a_debug(FrameQBufMgrDrv.o)
 .ARM.exidx     0x0007c268       0x18 /home/think/ti/syslink_2_21_01_05/packages/ti/syslink/lib/syslink.a_debug(ClientNotifyMgrDrv.o)
 .ARM.exidx     0x0007c280       0x18 /home/think/ti/syslink_2_21_01_05/packages/ti/syslink/lib/syslink.a_debug(RingIODrv.o)
 .ARM.exidx     0x0007c298       0x18 /home/think/ti/syslink_2_21_01_05/packages/ti/syslink/lib/syslink.a_debug(RingIOShmDrv.o)
 .ARM.exidx     0x0007c2b0       0x18 /home/think/ti/syslink_2_21_01_05/packages/ti/syslink/lib/syslink.a_debug(HeapMemMPDrv.o)
 .ARM.exidx     0x0007c2c8       0x18 /home/think/ti/syslink_2_21_01_05/packages/ti/syslink/lib/syslink.a_debug(GateMPDrv.o)
 .ARM.exidx     0x0007c2e0       0x10 /home/think/ti/syslink_2_21_01_05/packages/ti/syslink/lib/syslink.a_debug(OsalProcess.o)
 .ARM.exidx     0x0007c2f0       0x30 /home/think/ti/syslink_2_21_01_05/packages/ti/syslink/lib/syslink.a_debug(GateMutex.o)
 .ARM.exidx     0x0007c320       0x60 /home/think/ti/syslink_2_21_01_05/packages/ti/syslink/lib/syslink.a_debug(Memory.o)
 .ARM.exidx     0x0007c380       0x88 /home/think/ti/syslink_2_21_01_05/packages/ti/syslink/lib/syslink.a_debug(List.o)
 .ARM.exidx     0x0007c408       0x20 /home/think/ti/syslink_2_21_01_05/packages/ti/syslink/lib/syslink.a_debug(String.o)
                                 0x40 (size before relaxing)
 .ARM.exidx     0x0007c428       0x48 /home/think/ti/syslink_2_21_01_05/packages/ti/syslink/lib/syslink.a_debug(Trace.o)
 .ARM.exidx     0x0007c470       0x98 /home/think/ti/syslink_2_21_01_05/packages/ti/syslink/lib/syslink.a_debug(NameServer.o)
 .ARM.exidx     0x0007c508       0x48 /home/think/ti/syslink_2_21_01_05/packages/ti/syslink/lib/syslink.a_debug(MultiProc.o)
 .ARM.exidx     0x0007c550       0x20 /home/think/ti/syslink_2_21_01_05/packages/ti/syslink/lib/syslink.a_debug(Gate.o)
 .ARM.exidx     0x0007c570       0x10 /home/think/ti/syslink_2_21_01_05/packages/ti/syslink/lib/syslink.a_debug(SysLink.o)
 .ARM.exidx     0x0007c580       0x28 /home/think/ti/syslink_2_21_01_05/packages/ti/syslink/lib/syslink.a_debug(Cache.o)
 .ARM.exidx     0x0007c5a8       0x18 /home/think/ti/syslink_2_21_01_05/packages/ti/syslink/lib/syslink.a_debug(NameServerDrv.o)
 .ARM.exidx     0x0007c5c0       0x18 /home/think/ti/syslink_2_21_01_05/packages/ti/syslink/lib/syslink.a_debug(MultiProcDrv.o)
 .ARM.exidx     0x0007c5d8        0x8 /home/think/ti/syslink_2_21_01_05/packages/ti/syslink/lib/syslink.a_debug(TraceDrv.o)
 .ARM.exidx     0x0007c5e0        0x8 /home/think/ti/syslink_2_21_01_05/packages/ti/syslink/lib/syslink.a_debug(CacheDrv.o)
 .ARM.exidx     0x0007c5e8        0x8 /home/think/ti/syslink_2_21_01_05/packages/ti/syslink/lib/syslink.a_debug(Dev.o)
 .ARM.exidx     0x0007c5f0       0x88 /home/think/ti/syslink_2_21_01_05/packages/ti/syslink/lib/syslink.a_debug(MemoryOS.o)
 .ARM.exidx     0x0007c678       0x28 /home/think/ti/syslink_2_21_01_05/packages/ti/syslink/lib/syslink.a_debug(OsalDrv.o)
 .ARM.exidx     0x0007c6a0       0x20 /home/think/ti/syslink_2_21_01_05/packages/ti/syslink/lib/syslink.a_debug(OsalMutex.o)
 .ARM.exidx     0x0007c6c0        0x8 /home/think/ti/syslink_2_21_01_05/packages/ti/syslink/lib/syslink.a_debug(OsalPrint.o)
 .ARM.exidx     0x0007c6c8       0xe8 /home/think/ti/syslink_2_21_01_05/packages/ti/syslink/lib/syslink.a_debug(ProcMgr.o)
 .ARM.exidx     0x0007c7b0       0x18 /home/think/ti/syslink_2_21_01_05/packages/ti/syslink/lib/syslink.a_debug(ProcMgrDrvUsr.o)
 .ARM.exidx     0x0007c7c8       0x48 /home/think/ti/syslink_2_21_01_05/packages/ti/syslink/lib/syslink.a_debug(FrameQ_common.o)
 .ARM.exidx     0x0007c810       0xa8 /home/think/ti/syslink_2_21_01_05/packages/ti/syslink/lib/syslink.a_debug(ListMP.o)
 .ARM.exidx     0x0007c8b8       0x18 /home/think/ti/syslink_2_21_01_05/packages/ti/syslink/lib/syslink.a_debug(ListMPDrv.o)
 .ARM.exidx     0x0007c8d0       0x18 /home/think/l138/arm-2009q1/bin/../arm-none-linux-gnueabi/libc/usr/lib/libc_nonshared.a(elf-init.oS)
                                 0x10 (size before relaxing)
 .ARM.exidx.init
                0x0007b498       0x10 /home/think/l138/arm-2009q1/bin/../arm-none-linux-gnueabi/libc/usr/lib/crtn.o
                                  0x8 (size before relaxing)
 .ARM.exidx.fini
                0x0007c8e8       0x10 /home/think/l138/arm-2009q1/bin/../arm-none-linux-gnueabi/libc/usr/lib/crtn.o
                                  0x8 (size before relaxing)
                0x0007c8f8                __exidx_end = .

.eh_frame_hdr
 *(.eh_frame_hdr)

.eh_frame       0x0007c8f8        0x4
 *(.eh_frame)
 .eh_frame      0x0007c8f8        0x4 /home/think/l138/arm-2009q1/bin/../lib/gcc/arm-none-linux-gnueabi/4.3.3/crtend.o

.gcc_except_table
 *(.gcc_except_table .gcc_except_table.*)
                0x0007c8fc                . = (ALIGN (0x8000) - ((0x8000 - .) & 0x7fff))
                0x000848fc                . = (0x8000 DATA_SEGMENT_ALIGN 0x1000)

.eh_frame
 *(.eh_frame)

.gcc_except_table
 *(.gcc_except_table .gcc_except_table.*)

.tdata
 *(.tdata .tdata.* .gnu.linkonce.td.*)

.tbss
 *(.tbss .tbss.* .gnu.linkonce.tb.*)
 *(.tcommon)

.preinit_array  0x000848fc        0x0
                0x000848fc                PROVIDE (__preinit_array_start, .)
 *(.preinit_array)
                0x000848fc                PROVIDE (__preinit_array_end, .)

.init_array     0x000848fc        0x4
                0x000848fc                PROVIDE (__init_array_start, .)
 *(SORT(.init_array.*))
 *(.init_array)
 .init_array    0x000848fc        0x4 /home/think/l138/arm-2009q1/bin/../lib/gcc/arm-none-linux-gnueabi/4.3.3/crtbegin.o
                0x00084900                PROVIDE (__init_array_end, .)

.fini_array     0x00084900        0x4
                0x00084900                PROVIDE (__fini_array_start, .)
 *(.fini_array)
 .fini_array    0x00084900        0x4 /home/think/l138/arm-2009q1/bin/../lib/gcc/arm-none-linux-gnueabi/4.3.3/crtbegin.o
 *(SORT(.fini_array.*))
                0x00084904                PROVIDE (__fini_array_end, .)

.ctors
 *crtbegin.o(.ctors)
 *crtbegin?.o(.ctors)
 *(EXCLUDE_FILE(*crtend?.o *crtend.o) .ctors)
 *(SORT(.ctors.*))
 *(.ctors)

.dtors
 *crtbegin.o(.dtors)
 *crtbegin?.o(.dtors)
 *(EXCLUDE_FILE(*crtend?.o *crtend.o) .dtors)
 *(SORT(.dtors.*))
 *(.dtors)

.jcr            0x00084904        0x4
 *(.jcr)
 .jcr           0x00084904        0x0 /home/think/l138/arm-2009q1/bin/../lib/gcc/arm-none-linux-gnueabi/4.3.3/crtbegin.o
 .jcr           0x00084904        0x4 /home/think/l138/arm-2009q1/bin/../lib/gcc/arm-none-linux-gnueabi/4.3.3/crtend.o

.data.rel.ro
 *(.data.rel.ro.local* .gnu.linkonce.d.rel.ro.local.*)
 *(.data.rel.ro* .gnu.linkonce.d.rel.ro.*)

.dynamic        0x00084908      0x100
 *(.dynamic)
 .dynamic       0x00084908      0x100 /home/think/l138/arm-2009q1/bin/../arm-none-linux-gnueabi/libc/usr/lib/crti.o
                0x00084908                _DYNAMIC
                0x00084a08                . = (. DATA_SEGMENT_RELRO_END 0x0)

.got            0x00084a08      0x208
 *(.got.plt)
 .got.plt       0x00084a08      0x16c /home/think/l138/arm-2009q1/bin/../arm-none-linux-gnueabi/libc/usr/lib/crti.o
                0x00084a08                _GLOBAL_OFFSET_TABLE_
 *(.got)
 .got           0x00084b74       0x9c /home/think/l138/arm-2009q1/bin/../arm-none-linux-gnueabi/libc/usr/lib/crti.o

.data           0x00084c10      0x128
                0x00084c10                __data_start = .
 *(.data .data.* .gnu.linkonce.d.*)
 .data          0x00084c10        0x4 /home/think/l138/arm-2009q1/bin/../arm-none-linux-gnueabi/libc/usr/lib/crt1.o
                0x00084c10                data_start
 .data          0x00084c14        0x0 /home/think/l138/arm-2009q1/bin/../arm-none-linux-gnueabi/libc/usr/lib/crti.o
 .data          0x00084c14        0x4 /home/think/l138/arm-2009q1/bin/../lib/gcc/arm-none-linux-gnueabi/4.3.3/crtbegin.o
                0x00084c14                __dso_handle
 .data          0x00084c18        0x0 bin/debug/obj/arm_main.ov5T
 .data          0x00084c18       0x60 bin/debug/obj/iec101.ov5T
 .data          0x00084c78        0x8 bin/debug/obj/iec104.ov5T
 .data          0x00084c80        0x0 bin/debug/obj/sharearea.ov5T
 .data          0x00084c80        0x0 bin/debug/obj/common.ov5T
 .data          0x00084c80        0x0 bin/debug/obj/monitorpc.ov5T
 .data          0x00084c80        0x0 bin/debug/obj/readconfig.ov5T
 .data          0x00084c80       0x60 bin/debug/obj/readsysconfig.ov5T
 .data          0x00084ce0        0x0 bin/debug/obj/nand_rw.ov5T
 .data          0x00084ce0        0x2 bin/debug/obj/DL_101.ov5T
                0x00084ce1                QLY_LinkAddress_Len_temp
                0x00084ce0                Balance101_Mask_temp
 *fill*         0x00084ce2        0x2 00
 .data.rel      0x00084ce4       0x14 bin/debug/obj/DL_101.ov5T
                0x00084ce4                Q_control_101
 .data          0x00084cf8        0x4 /home/think/ti/syslink_2_21_01_05/packages/ti/syslink/lib/syslink.a_debug(SharedRegion.o)
                0x00084cf8                SharedRegion_module
 .data          0x00084cfc        0x0 /home/think/ti/syslink_2_21_01_05/packages/ti/syslink/lib/syslink.a_debug(Notify.o)
 .data          0x00084cfc        0x4 /home/think/ti/syslink_2_21_01_05/packages/ti/syslink/lib/syslink.a_debug(MessageQ.o)
                0x00084cfc                MessageQ_module
 .data          0x00084d00        0x0 /home/think/ti/syslink_2_21_01_05/packages/ti/syslink/lib/syslink.a_debug(Ipc.o)
 .data          0x00084d00        0x0 /home/think/ti/syslink_2_21_01_05/packages/ti/syslink/lib/syslink.a_debug(RingIO.o)
 .data          0x00084d00        0x0 /home/think/ti/syslink_2_21_01_05/packages/ti/syslink/lib/syslink.a_debug(RingIOShm.o)
 .data          0x00084d00        0x4 /home/think/ti/syslink_2_21_01_05/packages/ti/syslink/lib/syslink.a_debug(FrameQ.o)
                0x00084d00                FrameQ_module
 .data          0x00084d04        0x4 /home/think/ti/syslink_2_21_01_05/packages/ti/syslink/lib/syslink.a_debug(FrameQBufMgr.o)
                0x00084d04                FrameQBufMgr_module
 .data          0x00084d08        0x4 /home/think/ti/syslink_2_21_01_05/packages/ti/syslink/lib/syslink.a_debug(ClientNotifyMgr.o)
                0x00084d08                ClientNotifyMgr_module
 .data          0x00084d0c        0x0 /home/think/ti/syslink_2_21_01_05/packages/ti/syslink/lib/syslink.a_debug(HeapMemMP.o)
 .data          0x00084d0c        0x4 /home/think/ti/syslink_2_21_01_05/packages/ti/syslink/lib/syslink.a_debug(HeapBufMP.o)
                0x00084d0c                HeapBufMP_module
 .data          0x00084d10        0x4 /home/think/ti/syslink_2_21_01_05/packages/ti/syslink/lib/syslink.a_debug(GateMP.o)
 .data          0x00084d14        0x0 /home/think/ti/syslink_2_21_01_05/packages/ti/syslink/lib/syslink.a_debug(SharedRegionDrv.o)
 .data          0x00084d14        0x4 /home/think/ti/syslink_2_21_01_05/packages/ti/syslink/lib/syslink.a_debug(NotifyDrvUsr.o)
 .data          0x00084d18        0x0 /home/think/ti/syslink_2_21_01_05/packages/ti/syslink/lib/syslink.a_debug(HeapBufMPDrv.o)
 .data          0x00084d18        0x0 /home/think/ti/syslink_2_21_01_05/packages/ti/syslink/lib/syslink.a_debug(MessageQDrv.o)
 .data          0x00084d18        0x0 /home/think/ti/syslink_2_21_01_05/packages/ti/syslink/lib/syslink.a_debug(IpcDrv.o)
 .data          0x00084d18        0x0 /home/think/ti/syslink_2_21_01_05/packages/ti/syslink/lib/syslink.a_debug(FrameQDrv.o)
 .data          0x00084d18        0x0 /home/think/ti/syslink_2_21_01_05/packages/ti/syslink/lib/syslink.a_debug(FrameQBufMgrDrv.o)
 .data          0x00084d18        0x0 /home/think/ti/syslink_2_21_01_05/packages/ti/syslink/lib/syslink.a_debug(ClientNotifyMgrDrv.o)
 .data          0x00084d18        0x0 /home/think/ti/syslink_2_21_01_05/packages/ti/syslink/lib/syslink.a_debug(RingIODrv.o)
 .data          0x00084d18        0x0 /home/think/ti/syslink_2_21_01_05/packages/ti/syslink/lib/syslink.a_debug(RingIOShmDrv.o)
 .data          0x00084d18        0x0 /home/think/ti/syslink_2_21_01_05/packages/ti/syslink/lib/syslink.a_debug(HeapMemMPDrv.o)
 .data          0x00084d18        0x0 /home/think/ti/syslink_2_21_01_05/packages/ti/syslink/lib/syslink.a_debug(GateMPDrv.o)
 .data          0x00084d18        0x0 /home/think/ti/syslink_2_21_01_05/packages/ti/syslink/lib/syslink.a_debug(OsalProcess.o)
 .data          0x00084d18        0x0 /home/think/ti/syslink_2_21_01_05/packages/ti/syslink/lib/syslink.a_debug(GateMutex.o)
 .data          0x00084d18        0x0 /home/think/ti/syslink_2_21_01_05/packages/ti/syslink/lib/syslink.a_debug(Memory.o)
 .data          0x00084d18        0x0 /home/think/ti/syslink_2_21_01_05/packages/ti/syslink/lib/syslink.a_debug(List.o)
 .data          0x00084d18        0x0 /home/think/ti/syslink_2_21_01_05/packages/ti/syslink/lib/syslink.a_debug(String.o)
 .data          0x00084d18        0x0 /home/think/ti/syslink_2_21_01_05/packages/ti/syslink/lib/syslink.a_debug(Trace.o)
 .data          0x00084d18        0x4 /home/think/ti/syslink_2_21_01_05/packages/ti/syslink/lib/syslink.a_debug(NameServer.o)
                0x00084d18                NameServer_module
 .data          0x00084d1c        0x4 /home/think/ti/syslink_2_21_01_05/packages/ti/syslink/lib/syslink.a_debug(MultiProc.o)
                0x00084d1c                MultiProc_module
 .data          0x00084d20        0xc /home/think/ti/syslink_2_21_01_05/packages/ti/syslink/lib/syslink.a_debug(Gate.o)
                0x00084d28                Gate_systemHandle
                0x00084d20                Gate_systemObject
 .data          0x00084d2c        0x0 /home/think/ti/syslink_2_21_01_05/packages/ti/syslink/lib/syslink.a_debug(SysLink.o)
 .data          0x00084d2c        0x0 /home/think/ti/syslink_2_21_01_05/packages/ti/syslink/lib/syslink.a_debug(Cache.o)
 .data          0x00084d2c        0x0 /home/think/ti/syslink_2_21_01_05/packages/ti/syslink/lib/syslink.a_debug(NameServerDrv.o)
 .data          0x00084d2c        0x0 /home/think/ti/syslink_2_21_01_05/packages/ti/syslink/lib/syslink.a_debug(MultiProcDrv.o)
 .data          0x00084d2c        0x0 /home/think/ti/syslink_2_21_01_05/packages/ti/syslink/lib/syslink.a_debug(TraceDrv.o)
 .data          0x00084d2c        0x0 /home/think/ti/syslink_2_21_01_05/packages/ti/syslink/lib/syslink.a_debug(CacheDrv.o)
 .data          0x00084d2c        0x0 /home/think/ti/syslink_2_21_01_05/packages/ti/syslink/lib/syslink.a_debug(Dev.o)
 .data          0x00084d2c        0x0 /home/think/ti/syslink_2_21_01_05/packages/ti/syslink/lib/syslink.a_debug(MemoryOS.o)
 .data          0x00084d2c        0x4 /home/think/ti/syslink_2_21_01_05/packages/ti/syslink/lib/syslink.a_debug(OsalDrv.o)
 .data          0x00084d30        0x0 /home/think/ti/syslink_2_21_01_05/packages/ti/syslink/lib/syslink.a_debug(OsalMutex.o)
 .data          0x00084d30        0x0 /home/think/ti/syslink_2_21_01_05/packages/ti/syslink/lib/syslink.a_debug(OsalPrint.o)
 .data          0x00084d30        0x0 /home/think/ti/syslink_2_21_01_05/packages/ti/syslink/lib/syslink.a_debug(ProcMgr.o)
 .data          0x00084d30        0x4 /home/think/ti/syslink_2_21_01_05/packages/ti/syslink/lib/syslink.a_debug(ProcMgrDrvUsr.o)
 .data          0x00084d34        0x0 /home/think/ti/syslink_2_21_01_05/packages/ti/syslink/lib/syslink.a_debug(FrameQ_common.o)
 .data          0x00084d34        0x4 /home/think/ti/syslink_2_21_01_05/packages/ti/syslink/lib/syslink.a_debug(ListMP.o)
                0x00084d34                ListMP_module
 .data          0x00084d38        0x0 /home/think/ti/syslink_2_21_01_05/packages/ti/syslink/lib/syslink.a_debug(ListMPDrv.o)
 .data          0x00084d38        0x0 /home/think/l138/arm-2009q1/bin/../arm-none-linux-gnueabi/libc/usr/lib/libc_nonshared.a(elf-init.oS)
 .data          0x00084d38        0x0 /home/think/l138/arm-2009q1/bin/../lib/gcc/arm-none-linux-gnueabi/4.3.3/libgcc.a(_udivsi3.o)
 .data          0x00084d38        0x0 /home/think/l138/arm-2009q1/bin/../lib/gcc/arm-none-linux-gnueabi/4.3.3/libgcc.a(_arm_addsubdf3.o)
 .data          0x00084d38        0x0 /home/think/l138/arm-2009q1/bin/../lib/gcc/arm-none-linux-gnueabi/4.3.3/libgcc.a(_arm_muldivdf3.o)
 .data          0x00084d38        0x0 /home/think/l138/arm-2009q1/bin/../lib/gcc/arm-none-linux-gnueabi/4.3.3/libgcc.a(_arm_fixdfsi.o)
 .data          0x00084d38        0x0 /home/think/l138/arm-2009q1/bin/../lib/gcc/arm-none-linux-gnueabi/4.3.3/libgcc.a(_arm_addsubsf3.o)
 .data          0x00084d38        0x0 /home/think/l138/arm-2009q1/bin/../lib/gcc/arm-none-linux-gnueabi/4.3.3/libgcc.a(_arm_cmpsf2.o)
 .data          0x00084d38        0x0 /home/think/l138/arm-2009q1/bin/../lib/gcc/arm-none-linux-gnueabi/4.3.3/libgcc.a(_arm_fixsfsi.o)
 .data          0x00084d38        0x0 /home/think/l138/arm-2009q1/bin/../lib/gcc/arm-none-linux-gnueabi/4.3.3/libgcc.a(_arm_fixunssfsi.o)
 .data          0x00084d38        0x0 /home/think/l138/arm-2009q1/bin/../lib/gcc/arm-none-linux-gnueabi/4.3.3/libgcc.a(_dvmd_lnx.o)
 .data          0x00084d38        0x0 /home/think/l138/arm-2009q1/bin/../lib/gcc/arm-none-linux-gnueabi/4.3.3/crtend.o
 .data          0x00084d38        0x0 /home/think/l138/arm-2009q1/bin/../arm-none-linux-gnueabi/libc/usr/lib/crtn.o

.data1
 *(.data1)
                0x00084d38                _edata = .
                0x00084d38                PROVIDE (edata, .)
                0x00084d38                __bss_start = .
                0x00084d38                __bss_start__ = .

.bss            0x00084d38    0x2ebf4
 *(.dynbss)
 .dynbss        0x00084d38        0x4 /home/think/l138/arm-2009q1/bin/../arm-none-linux-gnueabi/libc/usr/lib/crti.o
                0x00084d38                stderr@@GLIBC_2.4
 *(.bss .bss.* .gnu.linkonce.b.*)
 .bss           0x00084d3c        0x0 /home/think/l138/arm-2009q1/bin/../arm-none-linux-gnueabi/libc/usr/lib/crt1.o
 .bss           0x00084d3c        0x0 /home/think/l138/arm-2009q1/bin/../arm-none-linux-gnueabi/libc/usr/lib/crti.o
 .bss           0x00084d3c        0x1 /home/think/l138/arm-2009q1/bin/../lib/gcc/arm-none-linux-gnueabi/4.3.3/crtbegin.o
 *fill*         0x00084d3d        0x3 00
 .bss           0x00084d40       0x18 bin/debug/obj/arm_main.ov5T
 .bss           0x00084d58      0x520 bin/debug/obj/iec101.ov5T
 .bss           0x00085278      0x53c bin/debug/obj/iec104.ov5T
 .bss           0x000857b4       0x8c bin/debug/obj/sharearea.ov5T
                0x000857b4                INDEX
 .bss           0x00085840        0x2 bin/debug/obj/common.ov5T
 .bss           0x00085842        0x0 bin/debug/obj/monitorpc.ov5T
 .bss           0x00085842        0x0 bin/debug/obj/readconfig.ov5T
 .bss           0x00085842        0x0 bin/debug/obj/readsysconfig.ov5T
 .bss           0x00085842        0x0 bin/debug/obj/nand_rw.ov5T
 *fill*         0x00085842        0x2 00
 .bss           0x00085844      0x424 bin/debug/obj/DL_101.ov5T
 .bss           0x00085c68      0x138 /home/think/ti/syslink_2_21_01_05/packages/ti/syslink/lib/syslink.a_debug(SharedRegion.o)
                0x00085c68                SharedRegion_state
 .bss           0x00085da0       0x14 /home/think/ti/syslink_2_21_01_05/packages/ti/syslink/lib/syslink.a_debug(Notify.o)
                0x00085da0                Notify_state
 .bss           0x00085db4        0x4 /home/think/ti/syslink_2_21_01_05/packages/ti/syslink/lib/syslink.a_debug(MessageQ.o)
                0x00085db4                MessageQ_state
 .bss           0x00085db8       0x5c /home/think/ti/syslink_2_21_01_05/packages/ti/syslink/lib/syslink.a_debug(Ipc.o)
                0x00085e08                SysLinkCfg_sysMemMap
                0x00085db8                Ipc_state
                0x00085e10                SysLink_params
 .bss           0x00085e14        0xc /home/think/ti/syslink_2_21_01_05/packages/ti/syslink/lib/syslink.a_debug(RingIO.o)
                0x00085e14                RingIO_state
 .bss           0x00085e20        0x8 /home/think/ti/syslink_2_21_01_05/packages/ti/syslink/lib/syslink.a_debug(RingIOShm.o)
                0x00085e20                RingIOShm_state
 .bss           0x00085e28       0x20 /home/think/ti/syslink_2_21_01_05/packages/ti/syslink/lib/syslink.a_debug(FrameQ.o)
                0x00085e28                FrameQ_module_obj
 .bss           0x00085e48       0x20 /home/think/ti/syslink_2_21_01_05/packages/ti/syslink/lib/syslink.a_debug(FrameQBufMgr.o)
                0x00085e48                FrameQBufMgr_module_obj
 .bss           0x00085e68    0x2d024 /home/think/ti/syslink_2_21_01_05/packages/ti/syslink/lib/syslink.a_debug(ClientNotifyMgr.o)
                0x00085e68                ClientNotifyMgr_module_obj