Archive member included because of file (symbol)

/home/think/ti/syslink_2_21_01_05/packages/ti/syslink/lib/syslink.a_debug(SharedRegion.o)
                              bin/debug/obj/sharearea.ov5T (SharedRegion_getSRPtr)
/home/think/ti/syslink_2_21_01_05/packages/ti/syslink/lib/syslink.a_debug(Notify.o)
                              bin/debug/obj/sharearea.ov5T (Notify_registerEvent)
/home/think/ti/syslink_2_21_01_05/packages/ti/syslink/lib/syslink.a_debug(MessageQ.o)
                              bin/debug/obj/sharearea.ov5T (MessageQ_Params_init)
/home/think/ti/syslink_2_21_01_05/packages/ti/syslink/lib/syslink.a_debug(Ipc.o)
                              bin/debug/obj/arm_main.ov5T (Ipc_control)
/home/think/ti/syslink_2_21_01_05/packages/ti/syslink/lib/syslink.a_debug(RingIO.o)
                              /home/think/ti/syslink_2_21_01_05/packages/ti/syslink/lib/syslink.a_debug(Ipc.o) (RingIO_getConfig)
/home/think/ti/syslink_2_21_01_05/packages/ti/syslink/lib/syslink.a_debug(RingIOShm.o)
                              /home/think/ti/syslink_2_21_01_05/packages/ti/syslink/lib/syslink.a_debug(Ipc.o) (RingIOShm_getConfig)
/home/think/ti/syslink_2_21_01_05/packages/ti/syslink/lib/syslink.a_debug(FrameQ.o)
                              /home/think/ti/syslink_2_21_01_05/packages/ti/syslink/lib/syslink.a_debug(Ipc.o) (FrameQ_getConfig)
/home/think/ti/syslink_2_21_01_05/packages/ti/syslink/lib/syslink.a_debug(FrameQBufMgr.o)
                              /home/think/ti/syslink_2_21_01_05/packages/ti/syslink/lib/syslink.a_debug(Ipc.o) (FrameQBufMgr_getConfig)
/home/think/ti/syslink_2_21_01_05/packages/ti/syslink/lib/syslink.a_debug(ClientNotifyMgr.o)
                              /home/think/ti/syslink_2_21_01_05/packages/ti/syslink/lib/syslink.a_debug(RingIO.o) (ClientNotifyMgr_sharedMemReq)
/home/think/ti/syslink_2_21_01_05/packages/ti/syslink/lib/syslink.a_debug(HeapMemMP.o)
                              /home/think/ti/syslink_2_21_01_05/packages/ti/syslink/lib/syslink.a_debug(Ipc.o) (HeapMemMP_getConfig)
/home/think/ti/syslink_2_21_01_05/packages/ti/syslink/lib/syslink.a_debug(HeapBufMP.o)
                              /home/think/ti/syslink_2_21_01_05/packages/ti/syslink/lib/syslink.a_debug(Ipc.o) (HeapBufMP_getConfig)
/home/think/ti/syslink_2_21_01_05/packages/ti/syslink/lib/syslink.a_debug(GateMP.o)
                              /home/think/ti/syslink_2_21_01_05/packages/ti/syslink/lib/syslink.a_debug(Ipc.o) (GateMP_getConfig)
/home/think/ti/syslink_2_21_01_05/packages/ti/syslink/lib/syslink.a_debug(SharedRegionDrv.o)
                              /home/think/ti/syslink_2_21_01_05/packages/ti/syslink/lib/syslink.a_debug(SharedRegion.o) (SharedRegionDrv_open)
/home/think/ti/syslink_2_21_01_05/packages/ti/syslink/lib/syslink.a_debug(NotifyDrvUsr.o)
                              /home/think/ti/syslink_2_21_01_05/packages/ti/syslink/lib/syslink.a_debug(Notify.o) (NotifyDrvUsr_open)
/home/think/ti/syslink_2_21_01_05/packages/ti/syslink/lib/syslink.a_debug(HeapBufMPDrv.o)
                              /home/think/ti/syslink_2_21_01_05/packages/ti/syslink/lib/syslink.a_debug(HeapBufMP.o) (HeapBufMPDrv_open)
/home/think/ti/syslink_2_21_01_05/packages/ti/syslink/lib/syslink.a_debug(MessageQDrv.o)
                              /home/think/ti/syslink_2_21_01_05/packages/ti/syslink/lib/syslink.a_debug(MessageQ.o) (MessageQDrv_open)
/home/think/ti/syslink_2_21_01_05/packages/ti/syslink/lib/syslink.a_debug(IpcDrv.o)
                              /home/think/ti/syslink_2_21_01_05/packages/ti/syslink/lib/syslink.a_debug(Ipc.o) (IpcDrv_open)
/home/think/ti/syslink_2_21_01_05/packages/ti/syslink/lib/syslink.a_debug(FrameQDrv.o)
                              /home/think/ti/syslink_2_21_01_05/packages/ti/syslink/lib/syslink.a_debug(FrameQ.o) (FrameQDrv_open)
/home/think/ti/syslink_2_21_01_05/packages/ti/syslink/lib/syslink.a_debug(FrameQBufMgrDrv.o)
                              /home/think/ti/syslink_2_21_01_05/packages/ti/syslink/lib/syslink.a_debug(FrameQBufMgr.o) (FrameQBufMgrDrv_open)
/home/think/ti/syslink_2_21_01_05/packages/ti/syslink/lib/syslink.a_debug(ClientNotifyMgrDrv.o)
                              /home/think/ti/syslink_2_21_01_05/packages/ti/syslink/lib/syslink.a_debug(ClientNotifyMgr.o) (ClientNotifyMgrDrv_open)
/home/think/ti/syslink_2_21_01_05/packages/ti/syslink/lib/syslink.a_debug(RingIODrv.o)
                              /home/think/ti/syslink_2_21_01_05/packages/ti/syslink/lib/syslink.a_debug(RingIO.o) (RingIODrv_open)
/home/think/ti/syslink_2_21_01_05/packages/ti/syslink/lib/syslink.a_debug(RingIOShmDrv.o)
                              /home/think/ti/syslink_2_21_01_05/packages/ti/syslink/lib/syslink.a_debug(RingIOShm.o) (RingIOShmDrv_open)
/home/think/ti/syslink_2_21_01_05/packages/ti/syslink/lib/syslink.a_debug(HeapMemMPDrv.o)
                              /home/think/ti/syslink_2_21_01_05/packages/ti/syslink/lib/syslink.a_debug(HeapMemMP.o) (HeapMemMPDrv_open)
[...]
Memory Configuration

Name             Origin             Length             Attributes
*default*        0x00000000         0xffffffff

Linker script and memory map

LOAD /home/think/l138/arm-2009q1/bin/../arm-none-linux-gnueabi/libc/usr/lib/crt1.o
LOAD /home/think/l138/arm-2009q1/bin/../arm-none-linux-gnueabi/libc/usr/lib/crti.o
LOAD /home/think/l138/arm-2009q1/bin/../lib/gcc/arm-none-linux-gnueabi/4.3.3/crtbegin.o
LOAD bin/debug/obj/arm_main.ov5T
LOAD bin/debug/obj/iec101.ov5T
LOAD bin/debug/obj/iec104.ov5T
LOAD bin/debug/obj/sharearea.ov5T
LOAD bin/debug/obj/common.ov5T
LOAD bin/debug/obj/monitorpc.ov5T
LOAD bin/debug/obj/readconfig.ov5T
LOAD bin/debug/obj/readsysconfig.ov5T
LOAD bin/debug/obj/nand_rw.ov5T
LOAD /home/think/ti/syslink_2_21_01_05/packages/ti/syslink/lib/syslink.a_debug
LOAD /home/think/l138/arm-2009q1/bin/../arm-none-linux-gnueabi/libc/usr/lib/libpthread.so
START GROUP
LOAD /home/think/l138/arm-2009q1/bin/../arm-none-linux-gnueabi/libc/lib/libpthread.so.0
LOAD /home/think/l138/arm-2009q1/bin/../arm-none-linux-gnueabi/libc/usr/lib/libpthread_nonshared.a
END GROUP
LOAD /home/think/l138/arm-2009q1/bin/../arm-none-linux-gnueabi/libc/usr/lib/libc.so
START GROUP
LOAD /home/think/l138/arm-2009q1/bin/../arm-none-linux-gnueabi/libc/lib/libc.so.6
LOAD /home/think/l138/arm-2009q1/bin/../arm-none-linux-gnueabi/libc/usr/lib/libc_nonshared.a
LOAD /home/think/l138/arm-2009q1/bin/../arm-none-linux-gnueabi/libc/lib/ld-linux.so.3
END GROUP
LOAD /home/think/l138/arm-2009q1/bin/../arm-none-linux-gnueabi/libc/usr/lib/librt.so
LOAD /home/think/l138/arm-2009q1/bin/../lib/gcc/arm-none-linux-gnueabi/4.3.3/libgcc.a
LOAD /home/think/l138/arm-2009q1/bin/../arm-none-linux-gnueabi/libc/lib/libgcc_s.so
LOAD /home/think/l138/arm-2009q1/bin/../arm-none-linux-gnueabi/libc/usr/lib/libc.so
START GROUP
LOAD /home/think/l138/arm-2009q1/bin/../arm-none-linux-gnueabi/libc/lib/libc.so.6
LOAD /home/think/l138/arm-2009q1/bin/../arm-none-linux-gnueabi/libc/usr/lib/libc_nonshared.a
LOAD /home/think/l138/arm-2009q1/bin/../arm-none-linux-gnueabi/libc/lib/ld-linux.so.3
END GROUP
LOAD /home/think/l138/arm-2009q1/bin/../lib/gcc/arm-none-linux-gnueabi/4.3.3/libgcc.a
LOAD /home/think/l138/arm-2009q1/bin/../arm-none-linux-gnueabi/libc/lib/libgcc_s.so
LOAD /home/think/l138/arm-2009q1/bin/../lib/gcc/arm-none-linux-gnueabi/4.3.3/crtend.o
LOAD /home/think/l138/arm-2009q1/bin/../arm-none-linux-gnueabi/libc/usr/lib/crtn.o
                0x00008000                PROVIDE (__executable_start, 0x8000)
                0x00008134                . = (0x8000 + SIZEOF_HEADERS)

.interp         0x00008134       0x13
 *(.interp)
 .interp        0x00008134       0x13 /home/think/l138/arm-2009q1/bin/../arm-none-linux-gnueabi/libc/usr/lib/crti.o

.note.ABI-tag   0x00008148       0x20
 .note.ABI-tag  0x00008148       0x20 /home/think/l138/arm-2009q1/bin/../arm-none-linux-gnueabi/libc/usr/lib/crt1.o

.note.gnu.build-id
 *(.note.gnu.build-id)

.hash           0x00008168      0x378
 *(.hash)
 .hash          0x00008168      0x378 /home/think/l138/arm-2009q1/bin/../arm-none-linux-gnueabi/libc/usr/lib/crti.o

.gnu.hash
 *(.gnu.hash)

.dynsym         0x000084e0      0x7b0
 *(.dynsym)
 .dynsym        0x000084e0      0x7b0 /home/think/l138/arm-2009q1/bin/../arm-none-linux-gnueabi/libc/usr/lib/crti.o

.dynstr         0x00008c90      0x4a0
 *(.dynstr)
 .dynstr        0x00008c90      0x4a0 /home/think/l138/arm-2009q1/bin/../arm-none-linux-gnueabi/libc/usr/lib/crti.o

.gnu.version    0x00009130       0xf6
 *(.gnu.version)
 .gnu.version   0x00009130       0xf6 /home/think/l138/arm-2009q1/bin/../arm-none-linux-gnueabi/libc/usr/lib/crti.o

.gnu.version_d  0x00009228        0x0 load address 0x00009226
 *(.gnu.version_d)
 .gnu.version_d
                0x00000000        0x0 /home/think/l138/arm-2009q1/bin/../arm-none-linux-gnueabi/libc/usr/lib/crti.o

.gnu.version_r  0x00009228       0x60
 *(.gnu.version_r)
 .gnu.version_r
                0x00009228       0x60 /home/think/l138/arm-2009q1/bin/../arm-none-linux-gnueabi/libc/usr/lib/crti.o

.rel.dyn        0x00009288      0x108
 *(.rel.init)
 *(.rel.text .rel.text.* .rel.gnu.linkonce.t.*)
 *(.rel.fini)
 *(.rel.rodata .rel.rodata.* .rel.gnu.linkonce.r.*)
 *(.rel.data.rel.ro* .rel.gnu.linkonce.d.rel.ro.*)
 *(.rel.data .rel.data.* .rel.gnu.linkonce.d.*)
 *(.rel.tdata .rel.tdata.* .rel.gnu.linkonce.td.*)
 *(.rel.tbss .rel.tbss.* .rel.gnu.linkonce.tb.*)
 *(.rel.ctors)
 *(.rel.dtors)
 *(.rel.got)
 .rel.got       0x00009288      0x100 /home/think/l138/arm-2009q1/bin/../arm-none-linux-gnueabi/libc/usr/lib/crti.o
 *(.rel.bss .rel.bss.* .rel.gnu.linkonce.b.*)
 .rel.bss       0x00009388        0x8 /home/think/l138/arm-2009q1/bin/../arm-none-linux-gnueabi/libc/usr/lib/crti.o

.rel.ifunc.dyn
 *(.rel.ifunc.*)

.rela.dyn
 *(.rela.init)
 *(.rela.text .rela.text.* .rela.gnu.linkonce.t.*)
 *(.rela.fini)
 *(.rela.rodata .rela.rodata.* .rela.gnu.linkonce.r.*)
 *(.rela.data .rela.data.* .rela.gnu.linkonce.d.*)
 *(.rela.tdata .rela.tdata.* .rela.gnu.linkonce.td.*)
 *(.rela.tbss .rela.tbss.* .rela.gnu.linkonce.tb.*)
 *(.rela.ctors)
 *(.rela.dtors)
 *(.rela.got)
 *(.rela.bss .rela.bss.* .rela.gnu.linkonce.b.*)

.rela.ifunc.dyn
 *(.rela.ifunc.*)

.rel.plt        0x00009390      0x2c0
 *(.rel.plt)
 .rel.plt       0x00009390      0x2c0 /home/think/l138/arm-2009q1/bin/../arm-none-linux-gnueabi/libc/usr/lib/crti.o

.rela.plt
 *(.rela.plt)

.init           0x00009650        0xc
 *(.init)
 .init          0x00009650        0x8 /home/think/l138/arm-2009q1/bin/../arm-none-linux-gnueabi/libc/usr/lib/crti.o
                0x00009650                _init
 .init          0x00009658        0x4 /home/think/l138/arm-2009q1/bin/../arm-none-linux-gnueabi/libc/usr/lib/crtn.o

.plt            0x0000965c      0x434
 *(.plt)
 .plt           0x0000965c      0x434 /home/think/l138/arm-2009q1/bin/../arm-none-linux-gnueabi/libc/usr/lib/crti.o
                0x00009670                open@@GLIBC_2.4
                0x0000967c                strerror@@GLIBC_2.4
                0x00009688                mmap@@GLIBC_2.4
                0x00009694                abort@@GLIBC_2.4
                0x000096a0                localtime@@GLIBC_2.4
                0x000096ac                pthread_exit@@GLIBC_2.4
                0x000096b8                __libc_start_main@@GLIBC_2.4
                0x000096c4                inet_ntoa@@GLIBC_2.4
                0x000096d0                signal@@GLIBC_2.4
                0x000096e8                vsprintf@@GLIBC_2.4
                0x000096f4                strncpy@@GLIBC_2.4
                0x00009700                fclose@@GLIBC_2.4
                0x0000970c                fgets@@GLIBC_2.4
                0x00009718                recv@@GLIBC_2.4
                0x00009724                getenv@@GLIBC_2.4
                0x00009730                system@@GLIBC_2.4
                0x0000973c                listen@@GLIBC_2.4
                0x00009748                sem_init@@GLIBC_2.4
                0x00009754                htons@@GLIBC_2.4
                0x00009760                fopen@@GLIBC_2.4
                0x0000976c                mktime@@GLIBC_2.4
                0x00009778                memset@@GLIBC_2.4
                0x00009784                sem_destroy@@GLIBC_2.4
                0x00009790                setitimer@@GLIBC_2.4
                0x0000979c                perror@@GLIBC_2.4
                0x000097a8                wait@@GLIBC_2.4
                0x000097b4                usleep@@GLIBC_2.4
                0x000097c0                free@@GLIBC_2.4
                0x000097cc                read@@GLIBC_2.4
                0x000097d8                write@@GLIBC_2.4
                0x000097e4                gettimeofday@@GLIBC_2.4
                0x000097f0                fseek@@GLIBC_2.4
                0x000097fc                accept@@GLIBC_2.4
                0x00009808                tcgetattr@@GLIBC_2.4
                0x00009814                pthread_mutex_unlock@@GLIBC_2.4
                0x00009820                tcflush@@GLIBC_2.4
                0x0000982c                socket@@GLIBC_2.4
                0x00009838                ioctl@@GLIBC_2.4
                0x00009844                ntohs@@GLIBC_2.4
                0x00009850                pthread_mutex_lock@@GLIBC_2.4
                0x0000985c                strlen@@GLIBC_2.4
                0x00009868                sscanf@@GLIBC_2.4
                0x00009874                pthread_create@@GLIBC_2.4
                0x00009880                memcpy@@GLIBC_2.4
                0x0000988c                getppid@@GLIBC_2.4
                0x00009898                alarm@@GLIBC_2.4
                0x000098a4                strtol@@GLIBC_2.4
                0x000098b0                sem_post@@GLIBC_2.4
                0x000098bc                pthread_sigmask@@GLIBC_2.4
                0x000098c8                settimeofday@@GLIBC_2.4
                0x000098d4                printf@@GLIBC_2.4
                0x000098e0                raise@@GLIBC_2.4
                0x000098ec                atoi@@GLIBC_2.4
                0x000098f8                pthread_mutex_init@@GLIBC_2.4
                0x00009904                bind@@GLIBC_2.4
                0x00009910                atof@@GLIBC_2.4
                0x0000991c                strstr@@GLIBC_2.4
                0x00009928                select@@GLIBC_2.4
                0x00009934                close@@GLIBC_2.4
                0x00009940                fwrite@@GLIBC_2.4
                0x0000994c                time@@GLIBC_2.4
                0x00009958                __ctype_b_loc@@GLIBC_2.4
                0x00009964                malloc@@GLIBC_2.4
                0x00009970                cfsetospeed@@GLIBC_2.4
                0x0000997c                strtok@@GLIBC_2.4
                0x00009988                send@@GLIBC_2.4
                0x00009994                sigfillset@@GLIBC_2.4
                0x000099a0                pause@@GLIBC_2.4
                0x000099ac                puts@@GLIBC_2.4
                0x000099b8                tcsetattr@@GLIBC_2.4
                0x000099c4                getpid@@GLIBC_2.4
                0x000099d0                fcntl@@GLIBC_2.4
                0x000099dc                bzero@@GLIBC_2.4
                0x000099e8                fork@@GLIBC_2.4
                0x000099f4                lseek@@GLIBC_2.4
                0x00009a00                munmap@@GLIBC_2.4
                0x00009a0c                nanosleep@@GLIBC_2.4
                0x00009a18                setsockopt@@GLIBC_2.4
                0x00009a24                sem_wait@@GLIBC_2.4
                0x00009a30                exit@@GLIBC_2.4
                0x00009a3c                cfsetispeed@@GLIBC_2.4
                0x00009a48                __errno_location@@GLIBC_2.4
                0x00009a54                pthread_self@@GLIBC_2.4
                0x00009a60                pthread_cancel@@GLIBC_2.4
                0x00009a6c                sprintf@@GLIBC_2.4
                0x00009a78                pthread_join@@GLIBC_2.4
                0x00009a84                getpagesize@@GLIBC_2.4

.text           0x00009a90    0x51f98
 *(.text .stub .text.* .gnu.linkonce.t.*)
 .text          0x00009a90       0x38 /home/think/l138/arm-2009q1/bin/../arm-none-linux-gnueabi/libc/usr/lib/crt1.o
                0x00009a90                _start
 .text          0x00009ac8       0x24 /home/think/l138/arm-2009q1/bin/../arm-none-linux-gnueabi/libc/usr/lib/crti.o
 .text          0x00009aec       0x4c /home/think/l138/arm-2009q1/bin/../lib/gcc/arm-none-linux-gnueabi/4.3.3/crtbegin.o
 .text          0x00009b38     0x1a58 bin/debug/obj/arm_main.ov5T
                0x00009b38                Ipc_Init
                0x0000a004                fork_child
                0x00009c94                Ipc_Exit
                0x0000a1d0                child_fun
                0x00009fcc                process_reboot
                0x0000a0d8                main
 .text          0x0000b590     0x7920 bin/debug/obj/iec101.ov5T
                0x00011fcc                IEC101_Process_Message
                0x000112ac                IEC101_Free_Buf
                0x000110e0                Iec101_Thread
                0x000129ec                Uart_Thread
                0x00012e14                IEC101_Senddata2pc
                0x000113d4                IEC101_Init_Buf
 .text          0x00012eb0     0x710c bin/debug/obj/iec104.ov5T
                0x00019c50                PC_Send_YX
                0x00015310                Iec104_Thread
                0x000196f8                sig_handler
                0x000197dc                uninit_time
                0x0001472c                file_wc
                0x000198e8                PC_Send_YC
                0x00019768                set_timer
                0x00019850                IEC104_Senddata2pc
                0x000142fc                Send_Soe_Data
                0x000134e8                IEC104_Init_Buf
                0x00014af0                Network_Thread
                0x00014930                IEC104_Free_Buf
                0x00013ba4                IEC104_Process_Message
 .text          0x00019fbc     0x1e9c bin/debug/obj/sharearea.ov5T
                0x0001bd24                Send_Event_By_Message
                0x0001abb8                Write_Sys_Sharearea
                0x0001af40                Message_Thread
                0x0001a7f4                Write_To_Sharearea
                0x0001ab64                Write_Fa_Sharearea
                0x0001a5e8                Read_From_Sharearea
                0x0001ac10                Sharearea_Destory
                0x0001bc98                Send_Event_By_Notify
                0x00019fbc                Sharearea_Creat
 .text          0x0001be58      0x7bc bin/debug/obj/common.ov5T
                0x0001be58                Set_Rtc_Time
                0x0001c174                Init_SOEfile
                0x0001c0d8                Init_Logfile
                0x0001c034                Get_Rtc_Time
                0x0001c20c                Log_Frame
 .text          0x0001c614     0x11b4 bin/debug/obj/monitorpc.ov5T
                0x0001d260                PC_Creat_connection
                0x0001d054                PC_Check_Sum
                0x0001d0f4                PC_Send_Data
 .text          0x0001d7c8     0x1590 bin/debug/obj/readconfig.ov5T
                0x0001d7c8                Read_Faconfig_Conf
 .text          0x0001ed58      0x7d4 bin/debug/obj/readsysconfig.ov5T
                0x0001ed58                Read_Sysconfig_Conf
 .text          0x0001f52c      0x310 bin/debug/obj/nand_rw.ov5T
                0x0001f6fc                Nand_Read_Config
                0x0001f52c                Nand_Write_Config
 .text          0x0001f83c     0x36f8 /home/think/ti/syslink_2_21_01_05/packages/ti/syslink/lib/syslink.a_debug(SharedRegion.o)
                0x00020dc0                SharedRegion_getPtr
                0x0001f9c0                SharedRegion_setup
                0x00021e68                SharedRegion_isCacheEnabled
                0x00022744                SharedRegion_getRegionInfo
                0x000220e4                SharedRegion_getNumRegions
                0x00021a3c                SharedRegion_getEntry
                0x00020f6c                SharedRegion_getSRPtr
                0x0002128c                SharedRegion_clearEntry
                0x0001f83c                SharedRegion_getConfig
                0x00020544                SharedRegion_stop
                0x00020074                SharedRegion_destroy
                0x00022944                _SharedRegion_setRegions
                0x00021824                SharedRegion_getIdByName
                0x000222fc                SharedRegion_reserveMemory
                0x000215b8                SharedRegion_getHeap
                0x000222e0                SharedRegion_invalidSRPtr
                0x00020424                SharedRegion_start
                0x00020664                SharedRegion_attach
                0x00020c00                SharedRegion_getId
                0x000207c8                SharedRegion_detach
                0x00021c5c                SharedRegion_getCacheLineSize
                0x00020930                SharedRegion_setEntry
                0x00022078                SharedRegion_translateEnabled
                0x00022ce8                _SharedRegion_clearRegions
                0x00022150                SharedRegion_entryInit
 .text          0x00022f34     0x2af0 /home/think/ti/syslink_2_21_01_05/packages/ti/syslink/lib/syslink.a_debug(Notify.o)
                0x00022f34                Notify_getConfig
                0x00023d04                Notify_registerEventSingle
                0x000251b0                Notify_restore
                0x00024c20                Notify_sendEvent
                0x000253a4                Notify_disableEvent
                0x00023ad4                Notify_intLineRegistered
                0x0002369c                Notify_sharedMemReq
                0x00024870                Notify_unregisterEvent
                0x000230d4                Notify_setup
                0x00024500                Notify_unregisterEventSingle
                0x00023834                Notify_eventAvailable
                0x000232c4                Notify_destroy
                0x0002358c                Notify_detach
                0x000233f8                Notify_attach
                0x00024100                Notify_registerEvent
                0x00024fb0                Notify_disable
                0x000256e4                Notify_enableEvent
 .text          0x00025a24     0x26ec /home/think/ti/syslink_2_21_01_05/packages/ti/syslink/lib/syslink.a_debug(MessageQ.o)
                0x00026718                MessageQ_close
                0x000279cc                MessageQ_setReplyQueue
                0x00026fcc                MessageQ_staticMsgInit
                0x00027b50                MessageQ_getQueueId
                0x0002801c                MessageQ_detach
                0x00027c50                MessageQ_setMsgTrace
                0x000276f8                MessageQ_unregisterHeap
                0x00025a24                MessageQ_getConfig
                0x00026b24                MessageQ_get
                0x000272ac                MessageQ_free
                0x00025ba8                MessageQ_setup
                0x00026498                MessageQ_open
                0x000268c8                MessageQ_put
                0x00027130                MessageQ_alloc
                0x00025fb8                MessageQ_create
                0x00025e2c                MessageQ_Params_init
                0x00027834                MessageQ_unblock
                0x00026de8                MessageQ_count
                0x00025d34                MessageQ_destroy
                0x0002620c                MessageQ_delete
                0x00027ef0                MessageQ_attach
                0x0002748c                MessageQ_registerHeap
                0x00027dc8                MessageQ_sharedMemReq
 .text          0x00028110     0x1bd0 /home/think/ti/syslink_2_21_01_05/packages/ti/syslink/lib/syslink.a_debug(Ipc.o)
                0x00029938                Ipc_writeConfig
                0x00029c2c                Ipc_runtimeId
                0x00029468                Ipc_control
                0x00028348                Ipc_isAttached
                0x00028cc4                Ipc_destroy
                0x00028418                Ipc_setup
                0x00028110                Ipc_getConfig
                0x00029818                Ipc_readConfig
 .text          0x00029ce0     0x3040 /home/think/ti/syslink_2_21_01_05/packages/ti/syslink/lib/syslink.a_debug(RingIO.o)
                0x0002b8f0                RingIO_unregisterNotifier
                0x0002a000                RingIO_destroy
                0x0002b384                RingIO_close
                0x00029ce0                RingIO_getConfig
                0x0002c9e8                RingIO_flush
                0x0002c7f0                RingIO_setAttribute
                0x0002bbec                RingIO_getValidSize
                0x0002cb0c                RingIO_sendNotify
                0x0002cbf0                RingIO_sharedMemReq
                0x0002a8c0                RingIO_delete
                0x0002af80                RingIO_openByAddr
                0x0002c114                RingIO_getWaterMark
                0x0002a12c                RingIO_Params_init
                0x0002be80                RingIO_getEmptyAttrSize
                0x0002c460                RingIO_release
                0x0002bf5c                RingIO_getAcquiredOffset
                0x0002b660                RingIO_registerNotifier
                0x0002bab0                RingIO_setNotifyType
                0x0002ab80                RingIO_open
                0x0002c6c4                RingIO_getvAttribute
                0x0002c2c4                RingIO_acquire
                0x0002bcc8                RingIO_getEmptySize
                0x0002c1f0                RingIO_setWaterMark
                0x0002c534                RingIO_cancel
                0x0002c5f0                RingIO_getAttribute
                0x0002a2b8                RingIO_create
                0x0002bda4                RingIO_getValidAttrSize
                0x00029e64                RingIO_setup
                0x0002c8d4                RingIO_setvAttribute
                0x0002c038                RingIO_getAcquiredSize
 .text          0x0002cd20      0x5d4 /home/think/ti/syslink_2_21_01_05/packages/ti/syslink/lib/syslink.a_debug(RingIOShm.o)
                0x0002cea4                RingIOShm_setup
                0x0002d168                RingIOShm_Params_init
                0x0002d040                RingIOShm_destroy
                0x0002cd20                RingIOShm_getConfig
 .text          0x0002d2f4     0x5bf8 /home/think/ti/syslink_2_21_01_05/packages/ti/syslink/lib/syslink.a_debug(FrameQ.o)
                0x0002f644                FrameQ_freev
                0x0003141c                FrameQ_sendNotify
                0x0002f3dc                FrameQ_free
                0x0002ea6c                FrameQ_close
                0x000304b8                FrameQ_getv
                0x00030974                FrameQ_registerNotifier
                0x0002e0e4                FrameQ_open
                0x0002f0dc                FrameQ_allocv
                0x00030e04                FrameQ_unregisterNotifier
                0x0002d950                FrameQ_create
                0x0002ee40                FrameQ_alloc
                0x000320e8                FrameQ_ShMem_Params_init
                0x00031cd8                FrameQ_getvNumFreeFrames
                0x00031f6c                FrameQ_control
                0x00031158                FrameQ_dup
                0x00032d40                FrameQ_ShMem_sharedMemReq
                0x00031898                FrameQ_getvNumFrames
                0x00032280                FrameQ_Params_init
                0x0002f958                FrameQ_put
                0x0002d2f4                FrameQ_getConfig
                0x00031b00                FrameQ_getNumFreeFrames
                0x00030158                FrameQ_get
                0x0002d738                FrameQ_destroy
                0x00031638                FrameQ_getNumFrames
                0x0002d490                FrameQ_setup
                0x0002dcec                FrameQ_delete
                0x0002fcf4                FrameQ_putv
 .text          0x00032eec     0x5f20 /home/think/ti/syslink_2_21_01_05/packages/ti/syslink/lib/syslink.a_debug(FrameQBufMgr.o)
                0x00037cbc                FrameQBufMgr_getKnlHandle
                0x000352fc                FrameQBufMgr_freev
                0x00036458                FrameQBufMgr_add
                0x00034648                FrameQBufMgr_close
                0x00036b9c                FrameQBufMgr_writeBackFrameBuf
                0x00037ad4                FrameQBufMgr_getId
                0x00037784                FrameQBufMgr_translateAddr
                0x000338f8                FrameQBufMgr_delete
                0x00037f5c                FrameQBufMgr_getvNumFreeFrames
                0x00035ab0                FrameQBufMgr_dupv
                0x00038298                FrameQBufMgr_isSupportedBufInterface
                0x00034b08                FrameQBufMgr_allocv
                0x0003333c                FrameQBufMgr_destroy
                0x00032eec                FrameQBufMgr_getConfig
                0x00034fdc                FrameQBufMgr_free
                0x00037470                FrameQBufMgr_invalidate
                0x00037b78                FrameQBufMgr_getHandle
                0x00037d88                FrameQBufMgr_getNumFreeFrames
                0x0003714c                FrameQBufMgr_writeBack
                0x00038258                FrameQBufMgr_isSupportedInterface
                0x000382f4                FrameQBufMgr_ShMem_Params_init
                0x00033570                FrameQBufMgr_create
                0x00036748                FrameQBufMgr_writeBackHeaderBuf
                0x000381f0                FrameQBufMgr_getBaseHeaderSize
                0x0003572c                FrameQBufMgr_dup
                0x00034818                FrameQBufMgr_alloc
                0x00035ea0                FrameQBufMgr_registerNotifier
                0x00036e74                FrameQBufMgr_invalidateFrameBuf
                0x00033090                FrameQBufMgr_setup
                0x000365b4                FrameQBufMgr_remove
                0x0003848c                FrameQBufMgr_Params_init
                0x000361c4                FrameQBufMgr_unregisterNotifier
                0x00036968                FrameQBufMgr_invalidateHeaderBuf
                0x00033d2c                FrameQBufMgr_open
 .text          0x00038e0c     0x519c /home/think/ti/syslink_2_21_01_05/packages/ti/syslink/lib/syslink.a_debug(ClientNotifyMgr.o)
                0x0003c4fc                ClientNotifyMgr_sendNotification
                0x0003da68                ClientNotifyMgr_sendForceNotificationMulti
                0x0003b150                ClientNotifyMgr_close
                0x0003c22c                ClientNotifyMgr_disableNotification
                0x00038e70                ClientNotifyMgr_sharedMemReq
                0x0003a048                ClientNotifyMgr_create
                0x00039cfc                ClientNotifyMgr_destroy
                0x00038fe8                ClientNotifyMgr_callBack
                0x00039960                ClientNotifyMgr_setup
                0x00038e0c                ClientNotifyMgr_sharedMemModReq
                0x0003d174                ClientNotifyMgr_sendNotificationMulti
                0x0003b9b0                ClientNotifyMgr_unregisterClient
                0x000397bc                ClientNotifyMgr_getConfig
                0x0003bf54                ClientNotifyMgr_enableNotification
                0x0003ccd4                ClientNotifyMgr_sendForceNotification
                0x00039ea8                ClientNotifyMgr_Params_init
                0x0003aa34                ClientNotifyMgr_delete
                0x0003b278                ClientNotifyMgr_registerClient
                0x0003afcc                ClientNotifyMgr_open
 .text          0x0003dfa8     0x2440 /home/think/ti/syslink_2_21_01_05/packages/ti/syslink/lib/syslink.a_debug(HeapMemMP.o)
                0x0003dfa8                HeapMemMP_getConfig
                0x0003f7a8                HeapMemMP_getStats
                0x0003e574                HeapMemMP_create
                0x0003f9d4                HeapMemMP_getExtendedStats
                0x000400b0                _HeapMemMP_create
                0x0003fd6c                HeapMemMP_getKnlHandle
                0x0003e134                HeapMemMP_setup
                0x0003e2bc                HeapMemMP_destroy
                0x0003e3ec                HeapMemMP_Params_init
                0x0003fef4                HeapMemMP_getUsrHandle
                0x0003f0c0                HeapMemMP_close
                0x0003fbe8                HeapMemMP_sharedMemReq
                0x000402a8                HeapMemMP_restore
                0x0003e898                HeapMemMP_delete
                0x0003f54c                HeapMemMP_free
                0x0003f33c                HeapMemMP_alloc
                0x0003eb1c                HeapMemMP_openByAddr
                0x0003ede4                HeapMemMP_open
 .text          0x000403e8     0x2268 /home/think/ti/syslink_2_21_01_05/packages/ti/syslink/lib/syslink.a_debug(HeapBufMP.o)
                0x000409c4                HeapBufMP_create
                0x000414f4                HeapBufMP_close
                0x00040f4c                HeapBufMP_openByAddr
                0x00042144                HeapBufMP_sharedMemReq
                0x00041e1c                HeapBufMP_isBlocking
                0x00041bec                HeapBufMP_getStats
                0x00040704                HeapBufMP_destroy
                0x00040574                HeapBufMP_setup
                0x00042454                _HeapBufMP_create
                0x00041774                HeapBufMP_alloc
                0x000403e8                HeapBufMP_getConfig
                0x00040838                HeapBufMP_Params_init
                0x00040cd0                HeapBufMP_delete
                0x000422cc                HeapBufMP_getKnlHandle
                0x00041988                HeapBufMP_free
                0x0004121c                HeapBufMP_open
                0x00041f10                HeapBufMP_getExtendedStats
 .text          0x00042650     0x2224 /home/think/ti/syslink_2_21_01_05/packages/ti/syslink/lib/syslink.a_debug(GateMP.o)
                0x00042650                GateMP_getConfig
                0x000443d0                GateMP_getDefaultRemote
                0x00043f08                GateMP_enter
                0x00042f88                GateMP_Instance_finalize
                0x000427e8                GateMP_setup
                0x00043350                GateMP_delete
                0x000438dc                GateMP_openByAddr
                0x00042dcc                GateMP_Instance_init
                0x000444d4                GateMP_getSharedAddr
                0x00043bfc                GateMP_close
                0x00042c20                GateMP_Params_init
                0x000435d0                GateMP_open
                0x00044684                GateMP_getLocalProtect
                0x00042fe4                _GateMP_create
                0x000442b8                GateMP_sharedMemReq
                0x000440d8                GateMP_leave
                0x000446d4                GateMP_getRemoteProtect
                0x0004311c                GateMP_create
                0x00044724                GateMP_getKnlHandle
                0x00042a60                GateMP_destroy
                0x000445cc                GateMP_setReserved
 .text          0x00044874      0x5d4 /home/think/ti/syslink_2_21_01_05/packages/ti/syslink/lib/syslink.a_debug(SharedRegionDrv.o)
                0x00044b28                SharedRegionDrv_ioctl
                0x00044a0c                SharedRegionDrv_close
                0x00044874                SharedRegionDrv_open
 .text          0x00044e48      0x814 /home/think/ti/syslink_2_21_01_05/packages/ti/syslink/lib/syslink.a_debug(NotifyDrvUsr.o)
                0x000454e0                _NotifyDrvUsr_eventWorker
                0x000451c4                NotifyDrvUsr_close
                0x000453a0                NotifyDrvUsr_ioctl
                0x00044e48                NotifyDrvUsr_open
 .text          0x0004565c      0x484 /home/think/ti/syslink_2_21_01_05/packages/ti/syslink/lib/syslink.a_debug(HeapBufMPDrv.o)
                0x0004565c                HeapBufMPDrv_open
                0x000459a8                HeapBufMPDrv_ioctl
                0x0004588c                HeapBufMPDrv_close
 .text          0x00045ae0      0x498 /home/think/ti/syslink_2_21_01_05/packages/ti/syslink/lib/syslink.a_debug(MessageQDrv.o)
                0x00045e40                MessageQDrv_ioctl
                0x00045ae0                MessageQDrv_open
                0x00045d24                MessageQDrv_close
 .text          0x00045f78      0x464 /home/think/ti/syslink_2_21_01_05/packages/ti/syslink/lib/syslink.a_debug(IpcDrv.o)
                0x00045f78                IpcDrv_open
                0x000462a4                IpcDrv_ioctl
                0x00046188                IpcDrv_close
 .text          0x000463dc      0x3e8 /home/think/ti/syslink_2_21_01_05/packages/ti/syslink/lib/syslink.a_debug(FrameQDrv.o)
                0x0004668c                FrameQDrv_ioctl
                0x000463dc                FrameQDrv_open
                0x00046570                FrameQDrv_close
 .text          0x000467c4      0x3e8 /home/think/ti/syslink_2_21_01_05/packages/ti/syslink/lib/syslink.a_debug(FrameQBufMgrDrv.o)
                0x000467c4                FrameQBufMgrDrv_open
                0x00046958                FrameQBufMgrDrv_close
                0x00046a74                FrameQBufMgrDrv_ioctl
 .text          0x00046bac      0x3e8 /home/think/ti/syslink_2_21_01_05/packages/ti/syslink/lib/syslink.a_debug(ClientNotifyMgrDrv.o)
                0x00046bac                ClientNotifyMgrDrv_open
                0x00046e5c                ClientNotifyMgrDrv_ioctl
                0x00046d40                ClientNotifyMgrDrv_close
 .text          0x00046f94      0x3e8 /home/think/ti/syslink_2_21_01_05/packages/ti/syslink/lib/syslink.a_debug(RingIODrv.o)
                0x00047128                RingIODrv_close
                0x00047244                RingIODrv_ioctl
                0x00046f94                RingIODrv_open
 .text          0x0004737c      0x3e8 /home/think/ti/syslink_2_21_01_05/packages/ti/syslink/lib/syslink.a_debug(RingIOShmDrv.o)
                0x0004762c                RingIOShmDrv_ioctl
                0x00047510                RingIOShmDrv_close
                0x0004737c                RingIOShmDrv_open
 .text          0x00047764      0x3ec /home/think/ti/syslink_2_21_01_05/packages/ti/syslink/lib/syslink.a_debug(HeapMemMPDrv.o)
                0x000478fc                HeapMemMPDrv_close
                0x00047a18                HeapMemMPDrv_ioctl
                0x00047764                HeapMemMPDrv_open
 .text          0x00047b50      0x3ec /home/think/ti/syslink_2_21_01_05/packages/ti/syslink/lib/syslink.a_debug(GateMPDrv.o)
                0x00047b50                GateMPDrv_open
                0x00047ce8                GateMPDrv_close
                0x00047e04                GateMPDrv_ioctl
 .text          0x00047f3c       0x50 /home/think/ti/syslink_2_21_01_05/packages/ti/syslink/lib/syslink.a_debug(OsalProcess.o)
                0x00047f64                OsalProcess_getTid
                0x00047f3c                OsalProcess_getPid
 .text          0x00047f8c      0x5a8 /home/think/ti/syslink_2_21_01_05/packages/ti/syslink/lib/syslink.a_debug(GateMutex.o)
                0x00048200                GateMutex_leave
                0x000483d0                GateMutex_delete
                0x000482bc                GateMutex_create
                0x0004812c                GateMutex_enter
                0x00047f8c                GateMutex_Instance_init
                0x00048094                GateMutex_Instance_finalize
 .text          0x00048534      0xa34 /home/think/ti/syslink_2_21_01_05/packages/ti/syslink/lib/syslink.a_debug(Memory.o)
                0x00048cc0                Memory_getMaxDefaultTypeAlign
                0x00048a38                Memory_getStats
                0x00048ed0                Memory_translate
                0x00048cdc                Memory_valloc
                0x0004874c                Memory_calloc
                0x00048534                Memory_alloc
                0x00048b6c                Memory_query
                0x000488d8                Memory_free
 .text          0x00048f68     0x15ec /home/think/ti/syslink_2_21_01_05/packages/ti/syslink/lib/syslink.a_debug(List.o)
                0x000496c4                List_get
                0x000492bc                List_construct
                0x000497e4                List_put
                0x00049c54                List_insert
                0x00048f68                List_Params_init
                0x000493b0                List_destruct
                0x00049030                List_create
                0x00049150                List_delete
                0x00049e24                List_remove
                0x0004a104                List_dequeue
                0x00049598                List_empty
                0x00049964                List_next
                0x0004a23c                List_enqueue
                0x000494ac                List_elemClear
                0x0004a3c8                List_enqueueHead
                0x00049aa8                List_prev
                0x00049f94                List_putHead
 .text          0x0004a554      0x600 /home/think/ti/syslink_2_21_01_05/packages/ti/syslink/lib/syslink.a_debug(String.o)
                0x0004aab8                String_hash
                0x0004a858                String_cpy
                0x0004a604                String_cmp
                0x0004a734                String_ncmp
                0x0004aa24                String_hexToStr
                0x0004a8d0                String_ncpy
                0x0004a554                String_cat
                0x0004a9b0                String_len
 .text          0x0004ab54      0x53c /home/think/ti/syslink_2_21_01_05/packages/ti/syslink/lib/syslink.a_debug(Trace.o)
                0x0004ab54                _GT_0trace
                0x0004ae3c                _GT_5trace
                0x0004b024                _GT_setTrace
                0x0004abd4                _GT_1trace
                0x0004ad90                _GT_4trace
                0x0004acf4                _GT_3trace
                0x0004ac60                _GT_2trace
                0x0004aef8                _GT_6trace
                0x0004afc4                _GT_setFailureReason
 .text          0x0004b090     0x2de8 /home/think/ti/syslink_2_21_01_05/packages/ti/syslink/lib/syslink.a_debug(NameServer.o)
                0x0004b658                NameServer_create
                0x0004d7b0                NameServer_match
                0x0004ce5c                NameServer_getLocal
                0x0004c3b0                NameServer_addUInt32
                0x0004b908                NameServer_delete
                0x0004c06c                NameServer_add
                0x0004b3c8                NameServer_destroy
                0x0004da7c                NameServer_getHandle
                0x0004d4f4                NameServer_getLocalUInt32
                0x0004b248                NameServer_setup
                0x0004b4c4                NameServer_Params_init
                0x0004c7dc                NameServer_removeEntry
                0x0004bb48                NameServer_open
                0x0004ca18                NameServer_get
                0x0004be04                NameServer_close
                0x0004c58c                NameServer_remove
                0x0004dca8                NameServer_isRegistered
                0x0004d220                NameServer_getUInt32
                0x0004b090                NameServer_getConfig
 .text          0x0004de78      0xcd0 /home/think/ti/syslink_2_21_01_05/packages/ti/syslink/lib/syslink.a_debug(MultiProc.o)
                0x0004e1d4                MultiProc_destroy
                0x0004e8dc                MultiProc_self
                0x0004e868                MultiProc_getNumProcessors
                0x0004e030                MultiProc_setup
                0x0004e2d0                MultiProc_setLocalId
                0x0004e6d4                MultiProc_getName
                0x0004e4d4                MultiProc_getId
                0x0004e950                MultiProc_getSlot
                0x0004de78                MultiProc_getConfig
 .text          0x0004eb48      0x104 /home/think/ti/syslink_2_21_01_05/packages/ti/syslink/lib/syslink.a_debug(Gate.o)
                0x0004ebac                Gate_leaveSystem
                0x0004eb48                Gate_enterSystem
 .text          0x0004ec4c      0x178 /home/think/ti/syslink_2_21_01_05/packages/ti/syslink/lib/syslink.a_debug(SysLink.o)
                0x0004ed74                SysLink_destroy
                0x0004ec4c                SysLink_setup
 .text          0x0004edc4      0x4c0 /home/think/ti/syslink_2_21_01_05/packages/ti/syslink/lib/syslink.a_debug(Cache.o)
                0x0004f194                Cache_setMode
                0x0004f0dc                Cache_wait
                0x0004edc4                Cache_inv
                0x0004eecc                Cache_wb
                0x0004efd4                Cache_wbInv
 .text          0x0004f284      0x484 /home/think/ti/syslink_2_21_01_05/packages/ti/syslink/lib/syslink.a_debug(NameServerDrv.o)
                0x0004f284                NameServerDrv_open
                0x0004f4b4                NameServerDrv_close
                0x0004f5d0                NameServerDrv_ioctl
 .text          0x0004f708      0x3b8 /home/think/ti/syslink_2_21_01_05/packages/ti/syslink/lib/syslink.a_debug(MultiProcDrv.o)
                0x0004f9b8                MultiProcDrv_ioctl
                0x0004f89c                MultiProcDrv_close
                0x0004f708                MultiProcDrv_open
 .text          0x0004fac0      0x164 /home/think/ti/syslink_2_21_01_05/packages/ti/syslink/lib/syslink.a_debug(TraceDrv.o)
                0x0004fac0                TraceDrv_ioctl
 .text          0x0004fc24       0xf4 /home/think/ti/syslink_2_21_01_05/packages/ti/syslink/lib/syslink.a_debug(CacheDrv.o)
                0x0004fc24                CacheDrv_ioctl
 .text          0x0004fd18      0x194 /home/think/ti/syslink_2_21_01_05/packages/ti/syslink/lib/syslink.a_debug(Dev.o)
                0x0004fd18                Dev_pollOpen
 .text          0x0004feac     0x163c /home/think/ti/syslink_2_21_01_05/packages/ti/syslink/lib/syslink.a_debug(MemoryOS.o)
                0x00051150                MemoryOS_set
                0x00050fb8                MemoryOS_copy
                0x000506f0                MemoryOS_map
                0x0004feac                MemoryOS_setup
                0x000512dc                MemoryOS_translate
                0x000503dc                MemoryOS_alloc
                0x0005014c                MemoryOS_destroy
                0x00050c5c                MemoryOS_unmap
                0x000504f0                MemoryOS_calloc
                0x000505fc                MemoryOS_free
 .text          0x000514e8      0x6f0 /home/think/ti/syslink_2_21_01_05/packages/ti/syslink/lib/syslink.a_debug(OsalDrv.o)
                0x00051688                OsalDrv_close
                0x000514e8                OsalDrv_open
                0x000519bc                OsalDrv_unmap
                0x00051a9c                OsalDrv_ioctl
                0x000517ac                OsalDrv_map
 .text          0x00051bd8      0x52c /home/think/ti/syslink_2_21_01_05/packages/ti/syslink/lib/syslink.a_debug(OsalMutex.o)
                0x00051d3c                OsalMutex_delete
                0x00051bd8                OsalMutex_create
                0x00051ea4                OsalMutex_enter
                0x00051fd4                OsalMutex_leave
 .text          0x00052104       0x50 /home/think/ti/syslink_2_21_01_05/packages/ti/syslink/lib/syslink.a_debug(OsalPrint.o)
                0x00052104                Osal_printf
 .text          0x00052154     0x4d5c /home/think/ti/syslink_2_21_01_05/packages/ti/syslink/lib/syslink.a_debug(ProcMgr.o)
                0x000557a4                ProcMgr_getSymbolAddress
                0x00052490                ProcMgr_destroy
                0x00055f4c                ProcMgr_unmap
                0x00052c28                ProcMgr_delete
                0x00054228                ProcMgr_load
                0x000546bc                ProcMgr_getStartParams
                0x00053fcc                ProcMgr_detach
                0x00056b14                ProcMgr_getSectionData
                0x00052154                ProcMgr_getConfig
                0x00054820                ProcMgr_start
                0x00056644                ProcMgr_getMaxMemoryRegions
                0x0005499c                ProcMgr_stop
                0x00052eec                ProcMgr_open
                0x00055a3c                ProcMgr_map
                0x00052664                ProcMgr_Params_init
                0x00054540                ProcMgr_unload
                0x00053b44                ProcMgr_attach
                0x00054c6c                ProcMgr_read
                0x00055330                ProcMgr_translateAddr
                0x000527e8                ProcMgr_create
                0x00054b00                ProcMgr_getState
                0x00056d50                ProcMgr_getLoadedFileId
                0x000539c8                ProcMgr_getAttachParams
                0x00053594                ProcMgr_close
                0x00054f04                ProcMgr_write
                0x000551a0                ProcMgr_control
                0x00056704                ProcMgr_getProcInfo
                0x00056900                ProcMgr_getSectionInfo
                0x000522d8                ProcMgr_setup
 .text          0x00056eb0      0x500 /home/think/ti/syslink_2_21_01_05/packages/ti/syslink/lib/syslink.a_debug(ProcMgrDrvUsr.o)
                0x00056eb0                ProcMgrDrvUsr_open
                0x00057048                ProcMgrDrvUsr_close
                0x00057164                ProcMgrDrvUsr_ioctl
 .text          0x000573b0      0xa24 /home/think/ti/syslink_2_21_01_05/packages/ti/syslink/lib/syslink.a_debug(FrameQ_common.o)
                0x0005746c                FrameQ_getNumFrameBuffers
                0x000577fc                FrameQ_getFrameBufValidSize
                0x00057c40                FrameQ_setFrameBufDataStartOffset
                0x00057aac                FrameQ_setFrameBufValidSize
                0x00057558                FrameQ_getFrameBuffer
                0x000576ac                FrameQ_getFrameBufSize
                0x000573b0                FrameQ_isSupportedInterface
                0x00057954                FrameQ_getFrameBufDataStartOffset
                0x000573f0                FrameQ_getExtendedHeaderPtr
 .text          0x00057dd4     0x295c /home/think/ti/syslink_2_21_01_05/packages/ti/syslink/lib/syslink.a_debug(ListMP.o)
                0x00057dd4                ListMP_getConfig
                0x000583a8                ListMP_create
                0x0005a5ec                _ListMP_create
                0x0005a3e8                ListMP_prev
                0x00059f84                ListMP_remove
                0x00059048                ListMP_close
                0x00057f58                ListMP_setup
                0x00058b6c                ListMP_open
                0x00058e08                ListMP_openByAddr
                0x0005871c                ListMP_delete
                0x0005a70c                ListMP_getGate
                0x00059628                ListMP_getTail
                0x000580e4                ListMP_destroy
                0x00059cac                ListMP_insert
                0x00058218                ListMP_Params_init
                0x00059464                ListMP_getHead
                0x00059a50                ListMP_putTail
                0x0005a1e0                ListMP_next
                0x0005898c                ListMP_sharedMemReq
                0x000597f4                ListMP_putHead
                0x000592a8                ListMP_empty
 .text          0x0005a730      0x3ec /home/think/ti/syslink_2_21_01_05/packages/ti/syslink/lib/syslink.a_debug(ListMPDrv.o)
                0x0005a8c8                ListMPDrv_close
                0x0005a9e4                ListMPDrv_ioctl
                0x0005a730                ListMPDrv_open
 .text          0x0005ab1c       0x70 /home/think/l138/arm-2009q1/bin/../arm-none-linux-gnueabi/libc/usr/lib/libc_nonshared.a(elf-init.oS)
                0x0005ab1c                __libc_csu_fini
                0x0005ab20                __libc_csu_init
 .text          0x0005ab8c      0x20c /home/think/l138/arm-2009q1/bin/../lib/gcc/arm-none-linux-gnueabi/4.3.3/libgcc.a(_udivsi3.o)
                0x0005ab8c                __udivsi3
                0x0005ab8c                __aeabi_uidiv
                0x0005ad78                __aeabi_uidivmod
 .text          0x0005ad98      0x3b8 /home/think/l138/arm-2009q1/bin/../lib/gcc/arm-none-linux-gnueabi/4.3.3/libgcc.a(_arm_addsubdf3.o)
                0x0005b0dc                __floatundidf
                0x0005b074                __floatsidf
                0x0005b050                __aeabi_ui2d
                0x0005b074                __aeabi_i2d
                0x0005b050                __floatunsidf
                0x0005ada0                __subdf3
                0x0005b0f0                __floatdidf
                0x0005ada4                __adddf3
                0x0005b0f0                __aeabi_l2d
                0x0005b09c                __aeabi_f2d
                0x0005b0dc                __aeabi_ul2d
                0x0005ad98                __aeabi_drsub
                0x0005b09c                __extendsfdf2
                0x0005ada4                __aeabi_dadd
                0x0005ada0                __aeabi_dsub
 .text          0x0005b150      0x470 /home/think/l138/arm-2009q1/bin/../lib/gcc/arm-none-linux-gnueabi/4.3.3/libgcc.a(_arm_muldivdf3.o)
                0x0005b150                __muldf3
                0x0005b3bc                __divdf3
                0x0005b150                __aeabi_dmul
                0x0005b3bc                __aeabi_ddiv
 .text          0x0005b5c0       0x5c /home/think/l138/arm-2009q1/bin/../lib/gcc/arm-none-linux-gnueabi/4.3.3/libgcc.a(_arm_fixdfsi.o)
                0x0005b5c0                __fixdfsi
                0x0005b5c0                __aeabi_d2iz
 .text          0x0005b61c      0x250 /home/think/l138/arm-2009q1/bin/../lib/gcc/arm-none-linux-gnueabi/4.3.3/libgcc.a(_arm_addsubsf3.o)
                0x0005b628                __aeabi_fadd
                0x0005b7f0                __aeabi_l2f
                0x0005b7e0                __aeabi_ul2f
                0x0005b624                __subsf3
                0x0005b7c0                __floatsisf
                0x0005b628                __addsf3
                0x0005b61c                __aeabi_frsub
                0x0005b7f0                __floatdisf
                0x0005b624                __aeabi_fsub
                0x0005b7b8                __aeabi_ui2f
                0x0005b7c0                __aeabi_i2f
                0x0005b7b8                __floatunsisf
                0x0005b7e0                __floatundisf
 .text          0x0005b86c       0xfc /home/think/l138/arm-2009q1/bin/../lib/gcc/arm-none-linux-gnueabi/4.3.3/libgcc.a(_arm_cmpsf2.o)
                0x0005b86c                __gesf2
                0x0005b940                __aeabi_fcmpge
                0x0005b8f0                __aeabi_cfcmple
                0x0005b87c                __cmpsf2
                0x0005b8e0                __aeabi_cfrcmple
                0x0005b8f0                __aeabi_cfcmpeq
                0x0005b874                __lesf2
                0x0005b874                __ltsf2
                0x0005b86c                __gtsf2
                0x0005b918                __aeabi_fcmplt
                0x0005b87c                __eqsf2
                0x0005b904                __aeabi_fcmpeq
                0x0005b87c                __nesf2
                0x0005b92c                __aeabi_fcmple
                0x0005b954                __aeabi_fcmpgt
 .text          0x0005b968       0x5c /home/think/l138/arm-2009q1/bin/../lib/gcc/arm-none-linux-gnueabi/4.3.3/libgcc.a(_arm_fixsfsi.o)
                0x0005b968                __fixsfsi
                0x0005b968                __aeabi_f2iz
 .text          0x0005b9c4       0x54 /home/think/l138/arm-2009q1/bin/../lib/gcc/arm-none-linux-gnueabi/4.3.3/libgcc.a(_arm_fixunssfsi.o)
                0x0005b9c4                __aeabi_f2uiz
                0x0005b9c4                __fixunssfsi
 .text          0x0005ba18       0x10 /home/think/l138/arm-2009q1/bin/../lib/gcc/arm-none-linux-gnueabi/4.3.3/libgcc.a(_dvmd_lnx.o)
                0x0005ba18                __aeabi_idiv0
                0x0005ba18                __aeabi_ldiv0
 .text          0x0005ba28        0x0 /home/think/l138/arm-2009q1/bin/../lib/gcc/arm-none-linux-gnueabi/4.3.3/crtend.o
 .text          0x0005ba28        0x0 /home/think/l138/arm-2009q1/bin/../arm-none-linux-gnueabi/libc/usr/lib/crtn.o
 *(.gnu.warning)
 *(.glue_7t)
 .glue_7t       0x00000000        0x0 linker stubs
 *(.glue_7)
 .glue_7        0x00000000        0x0 linker stubs
 *(.vfp11_veneer)
 .vfp11_veneer  0x00000000        0x0 linker stubs
 *(.v4_bx)
 .v4_bx         0x00000000        0x0 linker stubs

.fini           0x0005ba28        0x8
 *(.fini)
 .fini          0x0005ba28        0x4 /home/think/l138/arm-2009q1/bin/../arm-none-linux-gnueabi/libc/usr/lib/crti.o
                0x0005ba28                _fini
 .fini          0x0005ba2c        0x4 /home/think/l138/arm-2009q1/bin/../arm-none-linux-gnueabi/libc/usr/lib/crtn.o
                0x0005ba30                PROVIDE (__etext, .)
                0x0005ba30                PROVIDE (_etext, .)
                0x0005ba30                PROVIDE (etext, .)

.rodata         0x0005ba30    0x17238
 *(.rodata .rodata.* .gnu.linkonce.r.*)
 .rodata.cst4   0x0005ba30        0x4 /home/think/l138/arm-2009q1/bin/../arm-none-linux-gnueabi/libc/usr/lib/crt1.o
                0x0005ba30                _IO_stdin_used
 .rodata        0x0005ba34      0x254 bin/debug/obj/arm_main.ov5T
 .rodata        0x0005bc88      0x3e0 bin/debug/obj/iec101.ov5T
 .rodata        0x0005c068      0x65c bin/debug/obj/iec104.ov5T
 .rodata        0x0005c6c4      0x48c bin/debug/obj/sharearea.ov5T
 .rodata        0x0005cb50       0x8c bin/debug/obj/common.ov5T
 .rodata        0x0005cbdc       0xf4 bin/debug/obj/monitorpc.ov5T
 .rodata        0x0005ccd0      0x440 bin/debug/obj/readconfig.ov5T
 .rodata        0x0005d110      0x144 bin/debug/obj/readsysconfig.ov5T
 .rodata        0x0005d254       0x98 bin/debug/obj/nand_rw.ov5T
 .rodata        0x0005d2ec     0x1170 /home/think/ti/syslink_2_21_01_05/packages/ti/syslink/lib/syslink.a_debug(SharedRegion.o)
 .rodata        0x0005e45c      0xc40 /home/think/ti/syslink_2_21_01_05/packages/ti/syslink/lib/syslink.a_debug(Notify.o)
 .rodata        0x0005f09c      0xf68 /home/think/ti/syslink_2_21_01_05/packages/ti/syslink/lib/syslink.a_debug(MessageQ.o)
 .rodata        0x00060004      0x8c0 /home/think/ti/syslink_2_21_01_05/packages/ti/syslink/lib/syslink.a_debug(Ipc.o)
 .rodata        0x000608c4     0x11d8 /home/think/ti/syslink_2_21_01_05/packages/ti/syslink/lib/syslink.a_debug(RingIO.o)
 .rodata        0x00061a9c      0x354 /home/think/ti/syslink_2_21_01_05/packages/ti/syslink/lib/syslink.a_debug(RingIOShm.o)
 .rodata        0x00061df0     0x1c70 /home/think/ti/syslink_2_21_01_05/packages/ti/syslink/lib/syslink.a_debug(FrameQ.o)
 .rodata        0x00063a60     0x201c /home/think/ti/syslink_2_21_01_05/packages/ti/syslink/lib/syslink.a_debug(FrameQBufMgr.o)
 .rodata        0x00065a7c     0x13b4 /home/think/ti/syslink_2_21_01_05/packages/ti/syslink/lib/syslink.a_debug(ClientNotifyMgr.o)
 .rodata        0x00066e30      0xd14 /home/think/ti/syslink_2_21_01_05/packages/ti/syslink/lib/syslink.a_debug(HeapMemMP.o)
 .rodata        0x00067b44      0xcb4 /home/think/ti/syslink_2_21_01_05/packages/ti/syslink/lib/syslink.a_debug(HeapBufMP.o)
 .rodata        0x000687f8      0x9e8 /home/think/ti/syslink_2_21_01_05/packages/ti/syslink/lib/syslink.a_debug(GateMP.o)
 .rodata        0x000691e0      0x308 /home/think/ti/syslink_2_21_01_05/packages/ti/syslink/lib/syslink.a_debug(SharedRegionDrv.o)
 .rodata        0x000694e8      0x410 /home/think/ti/syslink_2_21_01_05/packages/ti/syslink/lib/syslink.a_debug(NotifyDrvUsr.o)
 .rodata        0x000698f8      0x2c0 /home/think/ti/syslink_2_21_01_05/packages/ti/syslink/lib/syslink.a_debug(HeapBufMPDrv.o)
 .rodata        0x00069bb8      0x2b4 /home/think/ti/syslink_2_21_01_05/packages/ti/syslink/lib/syslink.a_debug(MessageQDrv.o)
 .rodata        0x00069e6c      0x26c /home/think/ti/syslink_2_21_01_05/packages/ti/syslink/lib/syslink.a_debug(IpcDrv.o)
 .rodata        0x0006a0d8      0x274 /home/think/ti/syslink_2_21_01_05/packages/ti/syslink/lib/syslink.a_debug(FrameQDrv.o)
 .rodata        0x0006a34c      0x2d8 /home/think/ti/syslink_2_21_01_05/packages/ti/syslink/lib/syslink.a_debug(FrameQBufMgrDrv.o)
 .rodata        0x0006a624      0x304 /home/think/ti/syslink_2_21_01_05/packages/ti/syslink/lib/syslink.a_debug(ClientNotifyMgrDrv.o)
 .rodata        0x0006a928      0x274 /home/think/ti/syslink_2_21_01_05/packages/ti/syslink/lib/syslink.a_debug(RingIODrv.o)
 .rodata        0x0006ab9c      0x298 /home/think/ti/syslink_2_21_01_05/packages/ti/syslink/lib/syslink.a_debug(RingIOShmDrv.o)
 .rodata        0x0006ae34      0x2a4 /home/think/ti/syslink_2_21_01_05/packages/ti/syslink/lib/syslink.a_debug(HeapMemMPDrv.o)
 .rodata        0x0006b0d8      0x274 /home/think/ti/syslink_2_21_01_05/packages/ti/syslink/lib/syslink.a_debug(GateMPDrv.o)
 .rodata        0x0006b34c      0x234 /home/think/ti/syslink_2_21_01_05/packages/ti/syslink/lib/syslink.a_debug(GateMutex.o)
 .rodata        0x0006b580      0x4e0 /home/think/ti/syslink_2_21_01_05/packages/ti/syslink/lib/syslink.a_debug(Memory.o)
 .rodata        0x0006ba60      0x884 /home/think/ti/syslink_2_21_01_05/packages/ti/syslink/lib/syslink.a_debug(List.o)
 .rodata        0x0006c2e4      0x414 /home/think/ti/syslink_2_21_01_05/packages/ti/syslink/lib/syslink.a_debug(String.o)
 .rodata        0x0006c6f8       0x50 /home/think/ti/syslink_2_21_01_05/packages/ti/syslink/lib/syslink.a_debug(Trace.o)
 .rodata        0x0006c748      0xe08 /home/think/ti/syslink_2_21_01_05/packages/ti/syslink/lib/syslink.a_debug(NameServer.o)
 .rodata        0x0006d550      0x618 /home/think/ti/syslink_2_21_01_05/packages/ti/syslink/lib/syslink.a_debug(MultiProc.o)
 .rodata        0x0006db68       0x88 /home/think/ti/syslink_2_21_01_05/packages/ti/syslink/lib/syslink.a_debug(Gate.o)
 .rodata        0x0006dbf0       0x74 /home/think/ti/syslink_2_21_01_05/packages/ti/syslink/lib/syslink.a_debug(SysLink.o)
 .rodata        0x0006dc64      0x254 /home/think/ti/syslink_2_21_01_05/packages/ti/syslink/lib/syslink.a_debug(Cache.o)
 .rodata        0x0006deb8      0x2cc /home/think/ti/syslink_2_21_01_05/packages/ti/syslink/lib/syslink.a_debug(NameServerDrv.o)
 .rodata        0x0006e184      0x25c /home/think/ti/syslink_2_21_01_05/packages/ti/syslink/lib/syslink.a_debug(MultiProcDrv.o)
 .rodata        0x0006e3e0      0x10c /home/think/ti/syslink_2_21_01_05/packages/ti/syslink/lib/syslink.a_debug(TraceDrv.o)
 .rodata        0x0006e4ec       0xdc /home/think/ti/syslink_2_21_01_05/packages/ti/syslink/lib/syslink.a_debug(CacheDrv.o)
 .rodata        0x0006e5c8       0xd8 /home/think/ti/syslink_2_21_01_05/packages/ti/syslink/lib/syslink.a_debug(Dev.o)
 .rodata        0x0006e6a0      0x8e4 /home/think/ti/syslink_2_21_01_05/packages/ti/syslink/lib/syslink.a_debug(MemoryOS.o)
 .rodata        0x0006ef84      0x380 /home/think/ti/syslink_2_21_01_05/packages/ti/syslink/lib/syslink.a_debug(OsalDrv.o)
 .rodata        0x0006f304      0x330 /home/think/ti/syslink_2_21_01_05/packages/ti/syslink/lib/syslink.a_debug(OsalMutex.o)
 .rodata        0x0006f634        0x4 /home/think/ti/syslink_2_21_01_05/packages/ti/syslink/lib/syslink.a_debug(OsalPrint.o)
 .rodata        0x0006f638     0x1e78 /home/think/ti/syslink_2_21_01_05/packages/ti/syslink/lib/syslink.a_debug(ProcMgr.o)
 .rodata        0x000714b0      0x360 /home/think/ti/syslink_2_21_01_05/packages/ti/syslink/lib/syslink.a_debug(ProcMgrDrvUsr.o)
 .rodata        0x00071810      0x5f4 /home/think/ti/syslink_2_21_01_05/packages/ti/syslink/lib/syslink.a_debug(FrameQ_common.o)
 .rodata        0x00071e04      0xbf0 /home/think/ti/syslink_2_21_01_05/packages/ti/syslink/lib/syslink.a_debug(ListMP.o)
 .rodata        0x000729f4      0x274 /home/think/ti/syslink_2_21_01_05/packages/ti/syslink/lib/syslink.a_debug(ListMPDrv.o)

.rodata1
 *(.rodata1)

.ARM.extab      0x00072c68     0x1bb4
 *(.ARM.extab* .gnu.linkonce.armextab.*)
 .ARM.extab     0x00072c68        0x0 /home/think/l138/arm-2009q1/bin/../arm-none-linux-gnueabi/libc/usr/lib/crt1.o
 .ARM.extab     0x00072c68        0x0 /home/think/l138/arm-2009q1/bin/../arm-none-linux-gnueabi/libc/usr/lib/crti.o
 .ARM.extab     0x00072c68        0x0 /home/think/l138/arm-2009q1/bin/../lib/gcc/arm-none-linux-gnueabi/4.3.3/crtbegin.o
 .ARM.extab     0x00072c68       0x78 bin/debug/obj/arm_main.ov5T
 .ARM.extab     0x00072ce0      0x1b0 bin/debug/obj/iec101.ov5T
 .ARM.extab     0x00072e90      0x210 bin/debug/obj/iec104.ov5T
 .ARM.extab     0x000730a0       0x9c bin/debug/obj/sharearea.ov5T
 .ARM.extab     0x0007313c       0x3c bin/debug/obj/common.ov5T
 .ARM.extab     0x00073178       0x24 bin/debug/obj/monitorpc.ov5T
 .ARM.extab     0x0007319c       0x18 bin/debug/obj/readconfig.ov5T
 .ARM.extab     0x000731b4       0x18 bin/debug/obj/readsysconfig.ov5T
 .ARM.extab     0x000731cc       0x18 bin/debug/obj/nand_rw.ov5T
 .ARM.extab     0x000731e4      0x144 /home/think/ti/syslink_2_21_01_05/packages/ti/syslink/lib/syslink.a_debug(SharedRegion.o)
 .ARM.extab     0x00073328       0xcc /home/think/ti/syslink_2_21_01_05/packages/ti/syslink/lib/syslink.a_debug(Notify.o)
 .ARM.extab     0x000733f4      0x120 /home/think/ti/syslink_2_21_01_05/packages/ti/syslink/lib/syslink.a_debug(MessageQ.o)
 .ARM.extab     0x00073514       0x78 /home/think/ti/syslink_2_21_01_05/packages/ti/syslink/lib/syslink.a_debug(Ipc.o)
 .ARM.extab     0x0007358c      0x168 /home/think/ti/syslink_2_21_01_05/packages/ti/syslink/lib/syslink.a_debug(RingIO.o)
 .ARM.extab     0x000736f4       0x30 /home/think/ti/syslink_2_21_01_05/packages/ti/syslink/lib/syslink.a_debug(RingIOShm.o)
 .ARM.extab     0x00073724      0x168 /home/think/ti/syslink_2_21_01_05/packages/ti/syslink/lib/syslink.a_debug(FrameQ.o)
 .ARM.extab     0x0007388c      0x1a4 /home/think/ti/syslink_2_21_01_05/packages/ti/syslink/lib/syslink.a_debug(FrameQBufMgr.o)
 .ARM.extab     0x00073a30       0xe4 /home/think/ti/syslink_2_21_01_05/packages/ti/syslink/lib/syslink.a_debug(ClientNotifyMgr.o)
 .ARM.extab     0x00073b14       0xd8 /home/think/ti/syslink_2_21_01_05/packages/ti/syslink/lib/syslink.a_debug(HeapMemMP.o)
 .ARM.extab     0x00073bec       0xcc /home/think/ti/syslink_2_21_01_05/packages/ti/syslink/lib/syslink.a_debug(HeapBufMP.o)
 .ARM.extab     0x00073cb8       0xfc /home/think/ti/syslink_2_21_01_05/packages/ti/syslink/lib/syslink.a_debug(GateMP.o)
 .ARM.extab     0x00073db4       0x24 /home/think/ti/syslink_2_21_01_05/packages/ti/syslink/lib/syslink.a_debug(SharedRegionDrv.o)
 .ARM.extab     0x00073dd8       0x30 /home/think/ti/syslink_2_21_01_05/packages/ti/syslink/lib/syslink.a_debug(NotifyDrvUsr.o)
 .ARM.extab     0x00073e08       0x24 /home/think/ti/syslink_2_21_01_05/packages/ti/syslink/lib/syslink.a_debug(HeapBufMPDrv.o)
 .ARM.extab     0x00073e2c       0x24 /home/think/ti/syslink_2_21_01_05/packages/ti/syslink/lib/syslink.a_debug(MessageQDrv.o)
 .ARM.extab     0x00073e50       0x24 /home/think/ti/syslink_2_21_01_05/packages/ti/syslink/lib/syslink.a_debug(IpcDrv.o)
 .ARM.extab     0x00073e74       0x24 /home/think/ti/syslink_2_21_01_05/packages/ti/syslink/lib/syslink.a_debug(FrameQDrv.o)
 .ARM.extab     0x00073e98       0x24 /home/think/ti/syslink_2_21_01_05/packages/ti/syslink/lib/syslink.a_debug(FrameQBufMgrDrv.o)
 .ARM.extab     0x00073ebc       0x24 /home/think/ti/syslink_2_21_01_05/packages/ti/syslink/lib/syslink.a_debug(ClientNotifyMgrDrv.o)
 .ARM.extab     0x00073ee0       0x24 /home/think/ti/syslink_2_21_01_05/packages/ti/syslink/lib/syslink.a_debug(RingIODrv.o)
 .ARM.extab     0x00073f04       0x24 /home/think/ti/syslink_2_21_01_05/packages/ti/syslink/lib/syslink.a_debug(RingIOShmDrv.o)
 .ARM.extab     0x00073f28       0x24 /home/think/ti/syslink_2_21_01_05/packages/ti/syslink/lib/syslink.a_debug(HeapMemMPDrv.o)
 .ARM.extab     0x00073f4c       0x24 /home/think/ti/syslink_2_21_01_05/packages/ti/syslink/lib/syslink.a_debug(GateMPDrv.o)
 .ARM.extab     0x00073f70       0x18 /home/think/ti/syslink_2_21_01_05/packages/ti/syslink/lib/syslink.a_debug(OsalProcess.o)
 .ARM.extab     0x00073f88       0x48 /home/think/ti/syslink_2_21_01_05/packages/ti/syslink/lib/syslink.a_debug(GateMutex.o)
 .ARM.extab     0x00073fd0       0x84 /home/think/ti/syslink_2_21_01_05/packages/ti/syslink/lib/syslink.a_debug(Memory.o)
 .ARM.extab     0x00074054       0xcc /home/think/ti/syslink_2_21_01_05/packages/ti/syslink/lib/syslink.a_debug(List.o)
 .ARM.extab     0x00074120       0x18 /home/think/ti/syslink_2_21_01_05/packages/ti/syslink/lib/syslink.a_debug(String.o)
 .ARM.extab     0x00074138       0x6c /home/think/ti/syslink_2_21_01_05/packages/ti/syslink/lib/syslink.a_debug(Trace.o)
 .ARM.extab     0x000741a4       0xe4 /home/think/ti/syslink_2_21_01_05/packages/ti/syslink/lib/syslink.a_debug(NameServer.o)
 .ARM.extab     0x00074288       0x6c /home/think/ti/syslink_2_21_01_05/packages/ti/syslink/lib/syslink.a_debug(MultiProc.o)
 .ARM.extab     0x000742f4       0x30 /home/think/ti/syslink_2_21_01_05/packages/ti/syslink/lib/syslink.a_debug(Gate.o)
 .ARM.extab     0x00074324       0x18 /home/think/ti/syslink_2_21_01_05/packages/ti/syslink/lib/syslink.a_debug(SysLink.o)
 .ARM.extab     0x0007433c       0x3c /home/think/ti/syslink_2_21_01_05/packages/ti/syslink/lib/syslink.a_debug(Cache.o)
 .ARM.extab     0x00074378       0x24 /home/think/ti/syslink_2_21_01_05/packages/ti/syslink/lib/syslink.a_debug(NameServerDrv.o)
 .ARM.extab     0x0007439c       0x24 /home/think/ti/syslink_2_21_01_05/packages/ti/syslink/lib/syslink.a_debug(MultiProcDrv.o)
 .ARM.extab     0x000743c0        0xc /home/think/ti/syslink_2_21_01_05/packages/ti/syslink/lib/syslink.a_debug(TraceDrv.o)
 .ARM.extab     0x000743cc        0xc /home/think/ti/syslink_2_21_01_05/packages/ti/syslink/lib/syslink.a_debug(CacheDrv.o)
 .ARM.extab     0x000743d8        0xc /home/think/ti/syslink_2_21_01_05/packages/ti/syslink/lib/syslink.a_debug(Dev.o)
 .ARM.extab     0x000743e4       0xcc /home/think/ti/syslink_2_21_01_05/packages/ti/syslink/lib/syslink.a_debug(MemoryOS.o)
 .ARM.extab     0x000744b0       0x3c /home/think/ti/syslink_2_21_01_05/packages/ti/syslink/lib/syslink.a_debug(OsalDrv.o)
 .ARM.extab     0x000744ec       0x30 /home/think/ti/syslink_2_21_01_05/packages/ti/syslink/lib/syslink.a_debug(OsalMutex.o)
 .ARM.extab     0x0007451c        0xc /home/think/ti/syslink_2_21_01_05/packages/ti/syslink/lib/syslink.a_debug(OsalPrint.o)
 .ARM.extab     0x00074528      0x15c /home/think/ti/syslink_2_21_01_05/packages/ti/syslink/lib/syslink.a_debug(ProcMgr.o)
 .ARM.extab     0x00074684       0x24 /home/think/ti/syslink_2_21_01_05/packages/ti/syslink/lib/syslink.a_debug(ProcMgrDrvUsr.o)
 .ARM.extab     0x000746a8       0x60 /home/think/ti/syslink_2_21_01_05/packages/ti/syslink/lib/syslink.a_debug(FrameQ_common.o)
 .ARM.extab     0x00074708       0xf0 /home/think/ti/syslink_2_21_01_05/packages/ti/syslink/lib/syslink.a_debug(ListMP.o)
 .ARM.extab     0x000747f8       0x24 /home/think/ti/syslink_2_21_01_05/packages/ti/syslink/lib/syslink.a_debug(ListMPDrv.o)
 .ARM.extab     0x0007481c        0x0 /home/think/l138/arm-2009q1/bin/../arm-none-linux-gnueabi/libc/usr/lib/libc_nonshared.a(elf-init.oS)
 .ARM.extab.init
                0x0007481c        0x0 /home/think/l138/arm-2009q1/bin/../arm-none-linux-gnueabi/libc/usr/lib/crtn.o
 .ARM.extab.fini
                0x0007481c        0x0 /home/think/l138/arm-2009q1/bin/../arm-none-linux-gnueabi/libc/usr/lib/crtn.o
                0x0007481c                __exidx_start = .

.ARM.exidx      0x0007481c     0x1328
 *(.ARM.exidx* .gnu.linkonce.armexidx.*)
 .ARM.exidx     0x0007482c        0x0 /home/think/l138/arm-2009q1/bin/../arm-none-linux-gnueabi/libc/usr/lib/crt1.o
                                  0x8 (size before relaxing)
 .ARM.exidx     0x0007482c        0x8 /home/think/l138/arm-2009q1/bin/../arm-none-linux-gnueabi/libc/usr/lib/crti.o
 .ARM.exidx     0x00074834        0x8 /home/think/l138/arm-2009q1/bin/../lib/gcc/arm-none-linux-gnueabi/4.3.3/crtbegin.o
                                 0x10 (size before relaxing)
 .ARM.exidx     0x0007483c       0x50 bin/debug/obj/arm_main.ov5T
 .ARM.exidx     0x0007488c      0x138 bin/debug/obj/iec101.ov5T
 .ARM.exidx     0x000749c4      0x168 bin/debug/obj/iec104.ov5T
 .ARM.exidx     0x00074b2c       0x70 bin/debug/obj/sharearea.ov5T
 .ARM.exidx     0x00074b9c       0x28 bin/debug/obj/common.ov5T
 .ARM.exidx     0x00074bc4       0x20 bin/debug/obj/monitorpc.ov5T
 .ARM.exidx     0x00074be4       0x10 bin/debug/obj/readconfig.ov5T
 .ARM.exidx     0x00074bf4       0x10 bin/debug/obj/readsysconfig.ov5T
 .ARM.exidx     0x00074c04       0x10 bin/debug/obj/nand_rw.ov5T
 .ARM.exidx     0x00074c14       0xe0 /home/think/ti/syslink_2_21_01_05/packages/ti/syslink/lib/syslink.a_debug(SharedRegion.o)
 .ARM.exidx     0x00074cf4       0x88 /home/think/ti/syslink_2_21_01_05/packages/ti/syslink/lib/syslink.a_debug(Notify.o)
 .ARM.exidx     0x00074d7c       0xc0 /home/think/ti/syslink_2_21_01_05/packages/ti/syslink/lib/syslink.a_debug(MessageQ.o)
 .ARM.exidx     0x00074e3c       0x50 /home/think/ti/syslink_2_21_01_05/packages/ti/syslink/lib/syslink.a_debug(Ipc.o)
 .ARM.exidx     0x00074e8c       0xf0 /home/think/ti/syslink_2_21_01_05/packages/ti/syslink/lib/syslink.a_debug(RingIO.o)
 .ARM.exidx     0x00074f7c       0x20 /home/think/ti/syslink_2_21_01_05/packages/ti/syslink/lib/syslink.a_debug(RingIOShm.o)
 .ARM.exidx     0x00074f9c       0xf0 /home/think/ti/syslink_2_21_01_05/packages/ti/syslink/lib/syslink.a_debug(FrameQ.o)
 .ARM.exidx     0x0007508c      0x120 /home/think/ti/syslink_2_21_01_05/packages/ti/syslink/lib/syslink.a_debug(FrameQBufMgr.o)
                                0x128 (size before relaxing)
 .ARM.exidx     0x000751ac       0x98 /home/think/ti/syslink_2_21_01_05/packages/ti/syslink/lib/syslink.a_debug(ClientNotifyMgr.o)
 .ARM.exidx     0x00075244       0x90 /home/think/ti/syslink_2_21_01_05/packages/ti/syslink/lib/syslink.a_debug(HeapMemMP.o)
 .ARM.exidx     0x000752d4       0x88 /home/think/ti/syslink_2_21_01_05/packages/ti/syslink/lib/syslink.a_debug(HeapBufMP.o)
 .ARM.exidx     0x0007535c       0xa8 /home/think/ti/syslink_2_21_01_05/packages/ti/syslink/lib/syslink.a_debug(GateMP.o)
 .ARM.exidx     0x00075404       0x18 /home/think/ti/syslink_2_21_01_05/packages/ti/syslink/lib/syslink.a_debug(SharedRegionDrv.o)
 .ARM.exidx     0x0007541c       0x20 /home/think/ti/syslink_2_21_01_05/packages/ti/syslink/lib/syslink.a_debug(NotifyDrvUsr.o)
 .ARM.exidx     0x0007543c       0x18 /home/think/ti/syslink_2_21_01_05/packages/ti/syslink/lib/syslink.a_debug(HeapBufMPDrv.o)
 .ARM.exidx     0x00075454       0x18 /home/think/ti/syslink_2_21_01_05/packages/ti/syslink/lib/syslink.a_debug(MessageQDrv.o)
 .ARM.exidx     0x0007546c       0x18 /home/think/ti/syslink_2_21_01_05/packages/ti/syslink/lib/syslink.a_debug(IpcDrv.o)
 .ARM.exidx     0x00075484       0x18 /home/think/ti/syslink_2_21_01_05/packages/ti/syslink/lib/syslink.a_debug(FrameQDrv.o)
 .ARM.exidx     0x0007549c       0x18 /home/think/ti/syslink_2_21_01_05/packages/ti/syslink/lib/syslink.a_debug(FrameQBufMgrDrv.o)
 .ARM.exidx     0x000754b4       0x18 /home/think/ti/syslink_2_21_01_05/packages/ti/syslink/lib/syslink.a_debug(ClientNotifyMgrDrv.o)
 .ARM.exidx     0x000754cc       0x18 /home/think/ti/syslink_2_21_01_05/packages/ti/syslink/lib/syslink.a_debug(RingIODrv.o)
 .ARM.exidx     0x000754e4       0x18 /home/think/ti/syslink_2_21_01_05/packages/ti/syslink/lib/syslink.a_debug(RingIOShmDrv.o)
 .ARM.exidx     0x000754fc       0x18 /home/think/ti/syslink_2_21_01_05/packages/ti/syslink/lib/syslink.a_debug(HeapMemMPDrv.o)
 .ARM.exidx     0x00075514       0x18 /home/think/ti/syslink_2_21_01_05/packages/ti/syslink/lib/syslink.a_debug(GateMPDrv.o)
 .ARM.exidx     0x0007552c       0x10 /home/think/ti/syslink_2_21_01_05/packages/ti/syslink/lib/syslink.a_debug(OsalProcess.o)
 .ARM.exidx     0x0007553c       0x30 /home/think/ti/syslink_2_21_01_05/packages/ti/syslink/lib/syslink.a_debug(GateMutex.o)
 .ARM.exidx     0x0007556c       0x60 /home/think/ti/syslink_2_21_01_05/packages/ti/syslink/lib/syslink.a_debug(Memory.o)
 .ARM.exidx     0x000755cc       0x88 /home/think/ti/syslink_2_21_01_05/packages/ti/syslink/lib/syslink.a_debug(List.o)
 .ARM.exidx     0x00075654       0x20 /home/think/ti/syslink_2_21_01_05/packages/ti/syslink/lib/syslink.a_debug(String.o)
                                 0x40 (size before relaxing)
 .ARM.exidx     0x00075674       0x48 /home/think/ti/syslink_2_21_01_05/packages/ti/syslink/lib/syslink.a_debug(Trace.o)
 .ARM.exidx     0x000756bc       0x98 /home/think/ti/syslink_2_21_01_05/packages/ti/syslink/lib/syslink.a_debug(NameServer.o)
 .ARM.exidx     0x00075754       0x48 /home/think/ti/syslink_2_21_01_05/packages/ti/syslink/lib/syslink.a_debug(MultiProc.o)
 .ARM.exidx     0x0007579c       0x20 /home/think/ti/syslink_2_21_01_05/packages/ti/syslink/lib/syslink.a_debug(Gate.o)
 .ARM.exidx     0x000757bc       0x10 /home/think/ti/syslink_2_21_01_05/packages/ti/syslink/lib/syslink.a_debug(SysLink.o)
 .ARM.exidx     0x000757cc       0x28 /home/think/ti/syslink_2_21_01_05/packages/ti/syslink/lib/syslink.a_debug(Cache.o)
 .ARM.exidx     0x000757f4       0x18 /home/think/ti/syslink_2_21_01_05/packages/ti/syslink/lib/syslink.a_debug(NameServerDrv.o)
 .ARM.exidx     0x0007580c       0x18 /home/think/ti/syslink_2_21_01_05/packages/ti/syslink/lib/syslink.a_debug(MultiProcDrv.o)
 .ARM.exidx     0x00075824        0x8 /home/think/ti/syslink_2_21_01_05/packages/ti/syslink/lib/syslink.a_debug(TraceDrv.o)
 .ARM.exidx     0x0007582c        0x8 /home/think/ti/syslink_2_21_01_05/packages/ti/syslink/lib/syslink.a_debug(CacheDrv.o)
 .ARM.exidx     0x00075834        0x8 /home/think/ti/syslink_2_21_01_05/packages/ti/syslink/lib/syslink.a_debug(Dev.o)
 .ARM.exidx     0x0007583c       0x88 /home/think/ti/syslink_2_21_01_05/packages/ti/syslink/lib/syslink.a_debug(MemoryOS.o)
 .ARM.exidx     0x000758c4       0x28 /home/think/ti/syslink_2_21_01_05/packages/ti/syslink/lib/syslink.a_debug(OsalDrv.o)
 .ARM.exidx     0x000758ec       0x20 /home/think/ti/syslink_2_21_01_05/packages/ti/syslink/lib/syslink.a_debug(OsalMutex.o)
 .ARM.exidx     0x0007590c        0x8 /home/think/ti/syslink_2_21_01_05/packages/ti/syslink/lib/syslink.a_debug(OsalPrint.o)
 .ARM.exidx     0x00075914       0xe8 /home/think/ti/syslink_2_21_01_05/packages/ti/syslink/lib/syslink.a_debug(ProcMgr.o)
 .ARM.exidx     0x000759fc       0x18 /home/think/ti/syslink_2_21_01_05/packages/ti/syslink/lib/syslink.a_debug(ProcMgrDrvUsr.o)
 .ARM.exidx     0x00075a14       0x48 /home/think/ti/syslink_2_21_01_05/packages/ti/syslink/lib/syslink.a_debug(FrameQ_common.o)
 .ARM.exidx     0x00075a5c       0xa8 /home/think/ti/syslink_2_21_01_05/packages/ti/syslink/lib/syslink.a_debug(ListMP.o)
 .ARM.exidx     0x00075b04       0x18 /home/think/ti/syslink_2_21_01_05/packages/ti/syslink/lib/syslink.a_debug(ListMPDrv.o)
 .ARM.exidx     0x00075b1c       0x18 /home/think/l138/arm-2009q1/bin/../arm-none-linux-gnueabi/libc/usr/lib/libc_nonshared.a(elf-init.oS)
                                 0x10 (size before relaxing)
 .ARM.exidx.init
                0x0007481c       0x10 /home/think/l138/arm-2009q1/bin/../arm-none-linux-gnueabi/libc/usr/lib/crtn.o
                                  0x8 (size before relaxing)
 .ARM.exidx.fini
                0x00075b34       0x10 /home/think/l138/arm-2009q1/bin/../arm-none-linux-gnueabi/libc/usr/lib/crtn.o
                                  0x8 (size before relaxing)
                0x00075b44                __exidx_end = .

.eh_frame_hdr
 *(.eh_frame_hdr)

.eh_frame       0x00075b44        0x4
 *(.eh_frame)
 .eh_frame      0x00075b44        0x4 /home/think/l138/arm-2009q1/bin/../lib/gcc/arm-none-linux-gnueabi/4.3.3/crtend.o

.gcc_except_table
 *(.gcc_except_table .gcc_except_table.*)
                0x00075b48                . = (ALIGN (0x8000) - ((0x8000 - .) & 0x7fff))
                0x0007e000                . = (0x8000 DATA_SEGMENT_ALIGN 0x1000)

.eh_frame
 *(.eh_frame)

.gcc_except_table
 *(.gcc_except_table .gcc_except_table.*)

.tdata
 *(.tdata .tdata.* .gnu.linkonce.td.*)

.tbss
 *(.tbss .tbss.* .gnu.linkonce.tb.*)
 *(.tcommon)

.preinit_array  0x0007e000        0x0
                0x0007e000                PROVIDE (__preinit_array_start, .)
 *(.preinit_array)
                0x0007e000                PROVIDE (__preinit_array_end, .)

.init_array     0x0007e000        0x4
                0x0007e000                PROVIDE (__init_array_start, .)
 *(SORT(.init_array.*))
 *(.init_array)
 .init_array    0x0007e000        0x4 /home/think/l138/arm-2009q1/bin/../lib/gcc/arm-none-linux-gnueabi/4.3.3/crtbegin.o
                0x0007e004                PROVIDE (__init_array_end, .)

.fini_array     0x0007e004        0x4
                0x0007e004                PROVIDE (__fini_array_start, .)
 *(.fini_array)
 .fini_array    0x0007e004        0x4 /home/think/l138/arm-2009q1/bin/../lib/gcc/arm-none-linux-gnueabi/4.3.3/crtbegin.o
 *(SORT(.fini_array.*))
                0x0007e008                PROVIDE (__fini_array_end, .)

.ctors
 *crtbegin.o(.ctors)
 *crtbegin?.o(.ctors)
 *(EXCLUDE_FILE(*crtend?.o *crtend.o) .ctors)
 *(SORT(.ctors.*))
 *(.ctors)

.dtors
 *crtbegin.o(.dtors)
 *crtbegin?.o(.dtors)
 *(EXCLUDE_FILE(*crtend?.o *crtend.o) .dtors)
 *(SORT(.dtors.*))
 *(.dtors)

.jcr            0x0007e008        0x4
 *(.jcr)
 .jcr           0x0007e008        0x0 /home/think/l138/arm-2009q1/bin/../lib/gcc/arm-none-linux-gnueabi/4.3.3/crtbegin.o
 .jcr           0x0007e008        0x4 /home/think/l138/arm-2009q1/bin/../lib/gcc/arm-none-linux-gnueabi/4.3.3/crtend.o

.data.rel.ro
 *(.data.rel.ro.local* .gnu.linkonce.d.rel.ro.local.*)
 *(.data.rel.ro* .gnu.linkonce.d.rel.ro.*)

.dynamic        0x0007e00c      0x100
 *(.dynamic)
 .dynamic       0x0007e00c      0x100 /home/think/l138/arm-2009q1/bin/../arm-none-linux-gnueabi/libc/usr/lib/crti.o
                0x0007e00c                _DYNAMIC
                0x0007e10c                . = (. DATA_SEGMENT_RELRO_END 0x0)

.got            0x0007e10c      0x1ec
 *(.got.plt)
 .got.plt       0x0007e10c      0x16c /home/think/l138/arm-2009q1/bin/../arm-none-linux-gnueabi/libc/usr/lib/crti.o
                0x0007e10c                _GLOBAL_OFFSET_TABLE_
 *(.got)
 .got           0x0007e278       0x80 /home/think/l138/arm-2009q1/bin/../arm-none-linux-gnueabi/libc/usr/lib/crti.o

.data           0x0007e2f8      0x110
                0x0007e2f8                __data_start = .
 *(.data .data.* .gnu.linkonce.d.*)
 .data          0x0007e2f8        0x4 /home/think/l138/arm-2009q1/bin/../arm-none-linux-gnueabi/libc/usr/lib/crt1.o
                0x0007e2f8                data_start
 .data          0x0007e2fc        0x0 /home/think/l138/arm-2009q1/bin/../arm-none-linux-gnueabi/libc/usr/lib/crti.o
 .data          0x0007e2fc        0x4 /home/think/l138/arm-2009q1/bin/../lib/gcc/arm-none-linux-gnueabi/4.3.3/crtbegin.o
                0x0007e2fc                __dso_handle
 .data          0x0007e300        0x0 bin/debug/obj/arm_main.ov5T
 .data          0x0007e300       0x60 bin/debug/obj/iec101.ov5T
 .data          0x0007e360        0x8 bin/debug/obj/iec104.ov5T
 .data          0x0007e368        0x0 bin/debug/obj/sharearea.ov5T
 .data          0x0007e368        0x0 bin/debug/obj/common.ov5T
 .data          0x0007e368        0x0 bin/debug/obj/monitorpc.ov5T
 .data          0x0007e368        0x0 bin/debug/obj/readconfig.ov5T
 .data          0x0007e368       0x60 bin/debug/obj/readsysconfig.ov5T
 .data          0x0007e3c8        0x0 bin/debug/obj/nand_rw.ov5T
 .data          0x0007e3c8        0x4 /home/think/ti/syslink_2_21_01_05/packages/ti/syslink/lib/syslink.a_debug(SharedRegion.o)
                0x0007e3c8                SharedRegion_module
 .data          0x0007e3cc        0x0 /home/think/ti/syslink_2_21_01_05/packages/ti/syslink/lib/syslink.a_debug(Notify.o)
 .data          0x0007e3cc        0x4 /home/think/ti/syslink_2_21_01_05/packages/ti/syslink/lib/syslink.a_debug(MessageQ.o)
                0x0007e3cc                MessageQ_module
 .data          0x0007e3d0        0x0 /home/think/ti/syslink_2_21_01_05/packages/ti/syslink/lib/syslink.a_debug(Ipc.o)
 .data          0x0007e3d0        0x0 /home/think/ti/syslink_2_21_01_05/packages/ti/syslink/lib/syslink.a_debug(RingIO.o)
 .data          0x0007e3d0        0x0 /home/think/ti/syslink_2_21_01_05/packages/ti/syslink/lib/syslink.a_debug(RingIOShm.o)
 .data          0x0007e3d0        0x4 /home/think/ti/syslink_2_21_01_05/packages/ti/syslink/lib/syslink.a_debug(FrameQ.o)
                0x0007e3d0                FrameQ_module
 .data          0x0007e3d4        0x4 /home/think/ti/syslink_2_21_01_05/packages/ti/syslink/lib/syslink.a_debug(FrameQBufMgr.o)
                0x0007e3d4                FrameQBufMgr_module
 .data          0x0007e3d8        0x4 /home/think/ti/syslink_2_21_01_05/packages/ti/syslink/lib/syslink.a_debug(ClientNotifyMgr.o)
                0x0007e3d8                ClientNotifyMgr_module
 .data          0x0007e3dc        0x0 /home/think/ti/syslink_2_21_01_05/packages/ti/syslink/lib/syslink.a_debug(HeapMemMP.o)
 .data          0x0007e3dc        0x4 /home/think/ti/syslink_2_21_01_05/packages/ti/syslink/lib/syslink.a_debug(HeapBufMP.o)
                0x0007e3dc                HeapBufMP_module
 .data          0x0007e3e0        0x4 /home/think/ti/syslink_2_21_01_05/packages/ti/syslink/lib/syslink.a_debug(GateMP.o)
 .data          0x0007e3e4        0x0 /home/think/ti/syslink_2_21_01_05/packages/ti/syslink/lib/syslink.a_debug(SharedRegionDrv.o)
 .data          0x0007e3e4        0x4 /home/think/ti/syslink_2_21_01_05/packages/ti/syslink/lib/syslink.a_debug(NotifyDrvUsr.o)
 .data          0x0007e3e8        0x0 /home/think/ti/syslink_2_21_01_05/packages/ti/syslink/lib/syslink.a_debug(HeapBufMPDrv.o)
 .data          0x0007e3e8        0x0 /home/think/ti/syslink_2_21_01_05/packages/ti/syslink/lib/syslink.a_debug(MessageQDrv.o)
 .data          0x0007e3e8        0x0 /home/think/ti/syslink_2_21_01_05/packages/ti/syslink/lib/syslink.a_debug(IpcDrv.o)
 .data          0x0007e3e8        0x0 /home/think/ti/syslink_2_21_01_05/packages/ti/syslink/lib/syslink.a_debug(FrameQDrv.o)
 .data          0x0007e3e8        0x0 /home/think/ti/syslink_2_21_01_05/packages/ti/syslink/lib/syslink.a_debug(FrameQBufMgrDrv.o)
 .data          0x0007e3e8        0x0 /home/think/ti/syslink_2_21_01_05/packages/ti/syslink/lib/syslink.a_debug(ClientNotifyMgrDrv.o)
 .data          0x0007e3e8        0x0 /home/think/ti/syslink_2_21_01_05/packages/ti/syslink/lib/syslink.a_debug(RingIODrv.o)
 .data          0x0007e3e8        0x0 /home/think/ti/syslink_2_21_01_05/packages/ti/syslink/lib/syslink.a_debug(RingIOShmDrv.o)
 .data          0x0007e3e8        0x0 /home/think/ti/syslink_2_21_01_05/packages/ti/syslink/lib/syslink.a_debug(HeapMemMPDrv.o)
 .data          0x0007e3e8        0x0 /home/think/ti/syslink_2_21_01_05/packages/ti/syslink/lib/syslink.a_debug(GateMPDrv.o)
 .data          0x0007e3e8        0x0 /home/think/ti/syslink_2_21_01_05/packages/ti/syslink/lib/syslink.a_debug(OsalProcess.o)
 .data          0x0007e3e8        0x0 /home/think/ti/syslink_2_21_01_05/packages/ti/syslink/lib/syslink.a_debug(GateMutex.o)
 .data          0x0007e3e8        0x0 /home/think/ti/syslink_2_21_01_05/packages/ti/syslink/lib/syslink.a_debug(Memory.o)
 .data          0x0007e3e8        0x0 /home/think/ti/syslink_2_21_01_05/packages/ti/syslink/lib/syslink.a_debug(List.o)
 .data          0x0007e3e8        0x0 /home/think/ti/syslink_2_21_01_05/packages/ti/syslink/lib/syslink.a_debug(String.o)
 .data          0x0007e3e8        0x0 /home/think/ti/syslink_2_21_01_05/packages/ti/syslink/lib/syslink.a_debug(Trace.o)
 .data          0x0007e3e8        0x4 /home/think/ti/syslink_2_21_01_05/packages/ti/syslink/lib/syslink.a_debug(NameServer.o)
                0x0007e3e8                NameServer_module
 .data          0x0007e3ec        0x4 /home/think/ti/syslink_2_21_01_05/packages/ti/syslink/lib/syslink.a_debug(MultiProc.o)
                0x0007e3ec                MultiProc_module
 .data          0x0007e3f0        0xc /home/think/ti/syslink_2_21_01_05/packages/ti/syslink/lib/syslink.a_debug(Gate.o)
                0x0007e3f8                Gate_systemHandle
                0x0007e3f0                Gate_systemObject
 .data          0x0007e3fc        0x0 /home/think/ti/syslink_2_21_01_05/packages/ti/syslink/lib/syslink.a_debug(SysLink.o)
 .data          0x0007e3fc        0x0 /home/think/ti/syslink_2_21_01_05/packages/ti/syslink/lib/syslink.a_debug(Cache.o)
 .data          0x0007e3fc        0x0 /home/think/ti/syslink_2_21_01_05/packages/ti/syslink/lib/syslink.a_debug(NameServerDrv.o)
 .data          0x0007e3fc        0x0 /home/think/ti/syslink_2_21_01_05/packages/ti/syslink/lib/syslink.a_debug(MultiProcDrv.o)
 .data          0x0007e3fc        0x0 /home/think/ti/syslink_2_21_01_05/packages/ti/syslink/lib/syslink.a_debug(TraceDrv.o)
 .data          0x0007e3fc        0x0 /home/think/ti/syslink_2_21_01_05/packages/ti/syslink/lib/syslink.a_debug(CacheDrv.o)
 .data          0x0007e3fc        0x0 /home/think/ti/syslink_2_21_01_05/packages/ti/syslink/lib/syslink.a_debug(Dev.o)
 .data          0x0007e3fc        0x0 /home/think/ti/syslink_2_21_01_05/packages/ti/syslink/lib/syslink.a_debug(MemoryOS.o)
 .data          0x0007e3fc        0x4 /home/think/ti/syslink_2_21_01_05/packages/ti/syslink/lib/syslink.a_debug(OsalDrv.o)
 .data          0x0007e400        0x0 /home/think/ti/syslink_2_21_01_05/packages/ti/syslink/lib/syslink.a_debug(OsalMutex.o)
 .data          0x0007e400        0x0 /home/think/ti/syslink_2_21_01_05/packages/ti/syslink/lib/syslink.a_debug(OsalPrint.o)
 .data          0x0007e400        0x0 /home/think/ti/syslink_2_21_01_05/packages/ti/syslink/lib/syslink.a_debug(ProcMgr.o)
 .data          0x0007e400        0x4 /home/think/ti/syslink_2_21_01_05/packages/ti/syslink/lib/syslink.a_debug(ProcMgrDrvUsr.o)
 .data          0x0007e404        0x0 /home/think/ti/syslink_2_21_01_05/packages/ti/syslink/lib/syslink.a_debug(FrameQ_common.o)
 .data          0x0007e404        0x4 /home/think/ti/syslink_2_21_01_05/packages/ti/syslink/lib/syslink.a_debug(ListMP.o)
                0x0007e404                ListMP_module
 .data          0x0007e408        0x0 /home/think/ti/syslink_2_21_01_05/packages/ti/syslink/lib/syslink.a_debug(ListMPDrv.o)
 .data          0x0007e408        0x0 /home/think/l138/arm-2009q1/bin/../arm-none-linux-gnueabi/libc/usr/lib/libc_nonshared.a(elf-init.oS)
 .data          0x0007e408        0x0 /home/think/l138/arm-2009q1/bin/../lib/gcc/arm-none-linux-gnueabi/4.3.3/libgcc.a(_udivsi3.o)
 .data          0x0007e408        0x0 /home/think/l138/arm-2009q1/bin/../lib/gcc/arm-none-linux-gnueabi/4.3.3/libgcc.a(_arm_addsubdf3.o)
 .data          0x0007e408        0x0 /home/think/l138/arm-2009q1/bin/../lib/gcc/arm-none-linux-gnueabi/4.3.3/libgcc.a(_arm_muldivdf3.o)
 .data          0x0007e408        0x0 /home/think/l138/arm-2009q1/bin/../lib/gcc/arm-none-linux-gnueabi/4.3.3/libgcc.a(_arm_fixdfsi.o)
 .data          0x0007e408        0x0 /home/think/l138/arm-2009q1/bin/../lib/gcc/arm-none-linux-gnueabi/4.3.3/libgcc.a(_arm_addsubsf3.o)
 .data          0x0007e408        0x0 /home/think/l138/arm-2009q1/bin/../lib/gcc/arm-none-linux-gnueabi/4.3.3/libgcc.a(_arm_cmpsf2.o)
 .data          0x0007e408        0x0 /home/think/l138/arm-2009q1/bin/../lib/gcc/arm-none-linux-gnueabi/4.3.3/libgcc.a(_arm_fixsfsi.o)
 .data          0x0007e408        0x0 /home/think/l138/arm-2009q1/bin/../lib/gcc/arm-none-linux-gnueabi/4.3.3/libgcc.a(_arm_fixunssfsi.o)
 .data          0x0007e408        0x0 /home/think/l138/arm-2009q1/bin/../lib/gcc/arm-none-linux-gnueabi/4.3.3/libgcc.a(_dvmd_lnx.o)
 .data          0x0007e408        0x0 /home/think/l138/arm-2009q1/bin/../lib/gcc/arm-none-linux-gnueabi/4.3.3/crtend.o
 .data          0x0007e408        0x0 /home/think/l138/arm-2009q1/bin/../arm-none-linux-gnueabi/libc/usr/lib/crtn.o

.data1
 *(.data1)
                0x0007e408                _edata = .
                0x0007e408                PROVIDE (edata, .)
                0x0007e408                __bss_start = .
                0x0007e408                __bss_start__ = .

.bss            0x0007e408    0x2e2a8
 *(.dynbss)
 .dynbss        0x0007e408        0x4 /home/think/l138/arm-2009q1/bin/../arm-none-linux-gnueabi/libc/usr/lib/crti.o
                0x0007e408                stderr@@GLIBC_2.4
 *(.bss .bss.* .gnu.linkonce.b.*)
 .bss           0x0007e40c        0x0 /home/think/l138/arm-2009q1/bin/../arm-none-linux-gnueabi/libc/usr/lib/crt1.o
 .bss           0x0007e40c        0x0 /home/think/l138/arm-2009q1/bin/../arm-none-linux-gnueabi/libc/usr/lib/crti.o
 .bss           0x0007e40c        0x1 /home/think/l138/arm-2009q1/bin/../lib/gcc/arm-none-linux-gnueabi/4.3.3/crtbegin.o
 *fill*         0x0007e40d        0x3 00
 .bss           0x0007e410       0x18 bin/debug/obj/arm_main.ov5T
 .bss           0x0007e428      0x520 bin/debug/obj/iec101.ov5T
 .bss           0x0007e948      0x538 bin/debug/obj/iec104.ov5T
 .bss           0x0007ee80       0x8c bin/debug/obj/sharearea.ov5T
                0x0007ee80                INDEX
 .bss           0x0007ef0c        0x2 bin/debug/obj/common.ov5T
 .bss           0x0007ef0e        0x0 bin/debug/obj/monitorpc.ov5T
 .bss           0x0007ef0e        0x0 bin/debug/obj/readconfig.ov5T
 .bss           0x0007ef0e        0x0 bin/debug/obj/readsysconfig.ov5T
 .bss           0x0007ef0e        0x0 bin/debug/obj/nand_rw.ov5T
 *fill*         0x0007ef0e        0x2 00
 .bss           0x0007ef10      0x138 /home/think/ti/syslink_2_21_01_05/packages/ti/syslink/lib/syslink.a_debug(SharedRegion.o)
                0x0007ef10                SharedRegion_state
 .bss           0x0007f048       0x14 /home/think/ti/syslink_2_21_01_05/packages/ti/syslink/lib/syslink.a_debug(Notify.o)
                0x0007f048                Notify_state
 .bss           0x0007f05c        0x4 /home/think/ti/syslink_2_21_01_05/packages/ti/syslink/lib/syslink.a_debug(MessageQ.o)
                0x0007f05c                MessageQ_state
 .bss           0x0007f060       0x5c /home/think/ti/syslink_2_21_01_05/packages/ti/syslink/lib/syslink.a_debug(Ipc.o)
                0x0007f0b0                SysLinkCfg_sysMemMap
                0x0007f060                Ipc_state
                0x0007f0b8                SysLink_params
 .bss           0x0007f0bc        0xc /home/think/ti/syslink_2_21_01_05/packages/ti/syslink/lib/syslink.a_debug(RingIO.o)
                0x0007f0bc                RingIO_state
 .bss           0x0007f0c8        0x8 /home/think/ti/syslink_2_21_01_05/packages/ti/syslink/lib/syslink.a_debug(RingIOShm.o)
                0x0007f0c8                RingIOShm_state
 .bss           0x0007f0d0       0x20 /home/think/ti/syslink_2_21_01_05/packages/ti/syslink/lib/syslink.a_debug(FrameQ.o)
                0x0007f0d0                FrameQ_module_obj
 .bss           0x0007f0f0       0x20 /home/think/ti/syslink_2_21_01_05/packages/ti/syslink/lib/syslink.a_debug(FrameQBufMgr.o)
                0x0007f0f0                FrameQBufMgr_module_obj
 .bss           0x0007f110    0x2d024 /home/think/ti/syslink_2_21_01_05/packages/ti/syslink/lib/syslink.a_debug(ClientNotifyMgr.o)
                0x0007f110                ClientNotifyMgr_module_obj
 .bss           0x000ac134        0x4 /home/think/ti/syslink_2_21_01_05/packages/ti/syslink/lib/syslink.a_debug(HeapMemMP.o)
                0x000ac134                HeapMemMP_state
 .bss           0x000ac138        0x4 /home/think/ti/syslink_2_21_01_05/packages/ti/syslink/lib/syslink.a_debug(HeapBufMP.o)
                0x000ac138                HeapBufMP_state
 .bss           0x000ac13c       0x1c /home/think/ti/syslink_2_21_01_05/packages/ti/syslink/lib/syslink.a_debug(GateMP.o)
 .bss           0x000ac158        0x8 /home/think/ti/syslink_2_21_01_05/packages/ti/syslink/lib/syslink.a_debug(SharedRegionDrv.o)
 .bss           0x000ac160        0xc /home/think/ti/syslink_2_21_01_05/packages/ti/syslink/lib/syslink.a_debug(NotifyDrvUsr.o)
 .bss           0x000ac16c        0x8 /home/think/ti/syslink_2_21_01_05/packages/ti/syslink/lib/syslink.a_debug(HeapBufMPDrv.o)
 .bss           0x000ac174        0x8 /home/think/ti/syslink_2_21_01_05/packages/ti/syslink/lib/syslink.a_debug(MessageQDrv.o)
 .bss           0x000ac17c        0x8 /home/think/ti/syslink_2_21_01_05/packages/ti/syslink/lib/syslink.a_debug(IpcDrv.o)
 .bss           0x000ac184        0x8 /home/think/ti/syslink_2_21_01_05/packages/ti/syslink/lib/syslink.a_debug(FrameQDrv.o)
 .bss           0x000ac18c        0x8 /home/think/ti/syslink_2_21_01_05/packages/ti/syslink/lib/syslink.a_debug(FrameQBufMgrDrv.o)
 .bss           0x000ac194        0x8 /home/think/ti/syslink_2_21_01_05/packages/ti/syslink/lib/syslink.a_debug(ClientNotifyMgrDrv.o)
 .bss           0x000ac19c        0x8 /home/think/ti/syslink_2_21_01_05/packages/ti/syslink/lib/syslink.a_debug(RingIODrv.o)
 .bss           0x000ac1a4        0x8 /home/think/ti/syslink_2_21_01_05/packages/ti/syslink/lib/syslink.a_debug(RingIOShmDrv.o)
 .bss           0x000ac1ac        0x8 /home/think/ti/syslink_2_21_01_05/packages/ti/syslink/lib/syslink.a_debug(HeapMemMPDrv.o)