******************************************************************************
               TMS320C6x Linker Unix v7.4.4                    
******************************************************************************
>> Linked Sat Jan 16 21:04:23 2016

OUTPUT FILE NAME:   <bin/release/server_dsp.xe674>
ENTRY POINT SYMBOL: "ti_sysbios_family_c64p_Hwi0"  address: c303d000


MEMORY CONFIGURATION

         name            origin    length      used     unused   attr    fill
----------------------  --------  ---------  --------  --------  ----  --------
  IROM                  11700000   00100000  00000000  00100000  R  X
  IRAM                  11800000   00038000  00000000  00038000  RW X
  L3_CBA_RAM            80000000   00020000  00000000  00020000  RW X
  SR_0                  c2000000   00010000  00010000  00000000  RW X
  SR_1                  c2010000   00ff0000  00ff0000  00000000  RW X
  DSP_PROG              c3000000   00800000  0003d324  007c2cdc  RW X


SEGMENT ALLOCATION MAP

run origin  load origin   length   init length attrs members
----------  ----------- ---------- ----------- ----- -------
c3000000    c3000000    00027fc0   00027fc0    r-x
  c3000000    c3000000    00027fc0   00027fc0    r-x .text
c3027fc0    c3027fc0    0000d3b8   00000000    rw-
  c3027fc0    c3027fc0    0000d3b8   00000000    rw- .far
c3035378    c3035378    000053ac   000053ac    r--
  c3035378    c3035378    000053ac   000053ac    r-- .const
c303a728    c303a728    0000163b   0000163b    rw-
  c303a728    c303a728    0000163b   0000163b    rw- .fardata
c303bd68    c303bd68    00001000   00000000    rw-
  c303bd68    c303bd68    00001000   00000000    rw- .stack
c303cd68    c303cd68    00000180   00000180    r--
  c303cd68    c303cd68    00000180   00000180    r-- .switch
c303cee8    c303cee8    00000078   00000064    rw-
  c303cee8    c303cee8    00000064   00000064    rw- .args
  c303cf4c    c303cf4c    00000014   00000000    rw- .bss
c303cf60    c303cf60    00000021   00000021    rw-
  c303cf60    c303cf60    00000021   00000021    rw- .neardata
c303d000    c303d000    00000200   00000200    r-x
  c303d000    c303d000    00000200   00000200    r-x .vecs
c303d200    c303d200    00000120   00000000    rw-
  c303d200    c303d200    00000120   00000000    rw- .cio
c303d400    c303d400    0000008c   0000008c    r--
  c303d400    c303d400    0000008c   0000008c    r-- ti_sdo_ipc_init


SECTION ALLOCATION MAP

 output                                  attributes/
section   page    origin      length       input sections
--------  ----  ----------  ----------   ----------------
.cinit     0    c3000000    00000000     UNINITIALIZED

.init_array 
*          0    c3000000    00000000     UNINITIALIZED

ti.sdo.ipc.SharedRegion_0 
*          0    c2000000    00010000     NOLOAD SECTION
                  c2000000    00010000     --HOLE--

ti.sdo.ipc.SharedRegion_1 
*          0    c2010000    00ff0000     NOLOAD SECTION
                  c2010000    00ff0000     --HOLE--

xdc.meta   0    c3000000    00000100     COPY SECTION
                  c3000000    00000100     dsp_pe674.oe674 (xdc.meta)

.text      0    c3000000    00027fc0     
                  c3000000    00002360     IPCServer.oe674 (.text)
                  c3002360    000018a0     fa.oe674 (.text)
                  c3003c00    00000c40     utils.lib : uartStdio.obj (.text)
                  c3004840    00000b40     ipc.ae674 : Ipc.obj (.text:ti_sdo_ipc_GateMP_Instance_init__F)
                  c3005380    00000b00     fft.oe674 (.text)
                  c3005e80    00000ae0     drivers.lib : emifa.obj (.text)
                  c3006960    000008a0     sysbios.ae674 : BIOS.obj (.text:ti_sysbios_family_c64p_Exception_handler__I)
                  c3007200    000008a0     ti.targets.rts6000.ae674 : System.oe674 (.text:xdc_runtime_System_doPrint__I)
                  c3007aa0    00000820     communicate.oe674 (.text)
                  c30082c0    000007c0     ipc.ae674 : Ipc.obj (.text:Ipc_attach)
                  c3008a80    00000700               : Ipc.obj (.text:Ipc_detach)
                  c3009180    00000700               : Ipc.obj (.text:ti_sdo_ipc_transports_TransportShm_Instance_init__F)
                  c3009880    000006c0     sht11.oe674 (.text)
                  c3009f40    00000620     sysbios.ae674 : BIOS.obj (.text:ti_sysbios_timers_timer64_Timer_Instance_init__F)
                  c300a560    000005a0     rts6740_elf.lib : divd.obj (.text:__c6xabi_divd)
                  c300ab00    000005a0     ad7606.oe674 (.text)
                  c300b0a0    000005a0     dsp.oe674 (.text)
                  c300b640    00000560     ipc.ae674 : Ipc.obj (.text:ti_sdo_ipc_heaps_HeapBufMP_Instance_init__F)
                  c300bba0    00000500     led.oe674 (.text)
                  c300c0a0    000004e0     ipc.ae674 : Ipc.obj (.text:ti_sdo_ipc_heaps_HeapMemMP_Instance_init__F)
                  c300c580    000004c0               : Ipc.obj (.text:ti_sdo_ipc_ListMP_Instance_init__F)
                  c300ca40    00000460               : Ipc.obj (.text:ti_sdo_ipc_GateMP_setRegion0Reserved__F)
                  c300cea0    00000460               : Ipc.obj (.text:ti_sdo_ipc_MessageQ_Instance_init__F)
                  c300d300    00000460               : Ipc.obj (.text:ti_sdo_ipc_nsremote_NameServerRemoteNotify_get__F)
                  c300d760    00000420               : Ipc.obj (.text:ti_sdo_ipc_GateMP_Instance_finalize__F)
                  c300db80    00000400     sys.oe674 (.text)
                  c300df80    000003c0     ipc.ae674 : Ipc.obj (.text:ti_sdo_ipc_heaps_HeapMemMP_alloc__E)
                  c300e340    000003c0               : Ipc.obj (.text:ti_sdo_ipc_heaps_HeapMemMP_free__E)
                  c300e700    000003a0               : Ipc.obj (.text:NameServer_add)
                  c300eaa0    000003a0     dsplib.ae674 : DSPF_sp_fftSPxSP.obj (.text:optimized)
                  c300ee40    00000380     collect.oe674 (.text)
                  c300f1c0    00000380     ti.targets.rts6000.ae674 : Diags.oe674 (.text:xdc_runtime_Diags_setMask__F)
                  c300f540    00000340     drivers.lib : uart.obj (.text)
                  c300f880    00000300     ipc.ae674 : Ipc.obj (.text:Ipc_writeConfig)
                  c300fb80    00000300               : Ipc.obj (.text:ti_sdo_ipc_heaps_HeapBufMP_postInit__I)
                  c300fe80    00000300     sysbios.ae674 : BIOS.obj (.text:ti_sysbios_knl_Semaphore_pend__E)
                  c3010180    00000300                   : BIOS.obj (.text:ti_sysbios_knl_Task_Instance_finalize__F)
                  c3010480    000002e0     ipc.ae674 : Ipc.obj (.text:ListMP_getHead)
                  c3010760    000002e0               : Ipc.obj (.text:ti_sdo_ipc_Ipc_procSyncStart__I)
                  c3010a40    000002e0               : Ipc.obj (.text:ti_sdo_ipc_nsremote_NameServerRemoteNotify_Instance_init__F)
                  c3010d20    000002c0               : Ipc.obj (.text:NameServer_get)
                  c3010fe0    000002c0     drivers.lib : gpio.obj (.text)
                  c30112a0    000002c0     sysbios.ae674 : BIOS.obj (.text:ti_sysbios_timers_timer64_Timer_Module_startup__F)
                  c3011560    000002a0     ipc.ae674 : Ipc.obj (.text:ti_sdo_ipc_transports_TransportShm_Instance_finalize__F)
                  c3011800    000002a0     sysbios.ae674 : BIOS.obj (.text:ti_sysbios_timers_timer64_Timer_deviceConfig__I)
                  c3011aa0    00000280     ipc.ae674 : Ipc.obj (.text:ListMP_putTail)
                  c3011d20    00000280               : Ipc.obj (.text:ListMP_remove)
                  c3011fa0    00000280     rts6740_elf.lib : divf.obj (.text:__c6xabi_divf)
                  c3012220    00000280     ipc.ae674 : Ipc.obj (.text:ti_sdo_ipc_gates_GatePeterson_Instance_init__F)
                  c30124a0    00000280     ti.targets.rts6000.ae674 : Error.oe674 (.text:xdc_runtime_Error_raiseX__F)
                  c3012720    00000260     ipc.ae674 : Ipc.obj (.text:GateMP_openByAddr)
                  c3012980    00000260               : Ipc.obj (.text:Ipc_start)
                  c3012be0    00000260     rts6740_elf.lib : imath64.obj (.text:__c6xabi_divull)
                  c3012e40    00000260     sysbios.ae674 : BIOS.obj (.text:ti_sysbios_family_c64p_Exception_internalHandler__I)
                  c30130a0    00000260                   : BIOS.obj (.text:ti_sysbios_timers_timer64_Timer_setPeriodMicroSecs__E)
                  c3013300    00000260     ti.targets.rts6000.ae674 : Startup.oe674 (.text:xdc_runtime_Startup_startMods__I)
                  c3013560    00000260     dsp_pe674.oe674 (.text:xdc_runtime_System_printfExtend__I)
                  c30137c0    00000240     ipc.ae674 : Ipc.obj (.text:Notify_unregisterEvent)
                  c3013a00    00000240               : Ipc.obj (.text:ti_sdo_ipc_family_da830_NotifySetup_attach__E)
                  c3013c40    00000240               : Ipc.obj (.text:ti_sdo_ipc_heaps_HeapMemMP_getStats__E)
                  c3013e80    00000240     ti.targets.rts6000.ae674 : LoggerBuf.oe674 (.text:xdc_runtime_LoggerBuf_write8__F)
                  c30140c0    00000220     ipc.ae674 : Ipc.obj (.text:ti_sdo_ipc_nsremote_NameServerRemoteNotify_swiFxn__I)
                  c30142e0    00000220     sysbios.ae674 : BIOS.obj (.text:ti_sysbios_family_c64p_Hwi_reconfig__E)
                  c3014500    00000220                   : BIOS.obj (.text:ti_sysbios_gates_GateMutexPri_enter__E)
                  c3014720    00000220     ti.targets.rts6000.ae674 : Core-mem.oe674 (.text:xdc_runtime_Core_createObject__I)
                  c3014940    00000200     sysbios.ae674 : c64p_Hwi_disp_always.obj (.text:_ti_sysbios_family_c64p_Hwi_dispatchAlways)
                  c3014b40    00000200     ipc.ae674 : Ipc.obj (.text:ti_sdo_ipc_Ipc_procSyncFinish__I)
                  c3014d40    00000200               : Ipc.obj (.text:ti_sdo_ipc_heaps_HeapBufMP_alloc__E)
                  c3014f40    00000200               : Ipc.obj (.text:ti_sdo_ipc_notifyDrivers_NotifyDriverShm_Instance_init__F)
                  c3015140    00000200               : Ipc.obj (.text:ti_sdo_ipc_notifyDrivers_NotifyDriverShm_sendEvent__E)
                  c3015340    000001e0               : Ipc.obj (.text:GateMP_sharedMemReq)
                  c3015520    000001e0               : Ipc.obj (.text:ListMP_openByAddr)
                  c3015700    000001e0     Platform.lib : GPIO.obj (.text)
                  c30158e0    000001e0     sysbios.ae674 : BIOS.obj (.text:ti_sysbios_family_c64p_Exception_externalHandler__I)
                  c3015ac0    000001e0                   : BIOS.obj (.text:ti_sysbios_knl_Task_Instance_init__F)
                  c3015ca0    000001e0                   : BIOS.obj (.text:ti_sysbios_knl_Task_checkStacks__E)
                  c3015e80    000001c0     mathlib.ae674 : atan2sp.obj (.text:optasm)
                  c3016040    000001c0     ipc.ae674 : Ipc.obj (.text:ti_sdo_ipc_GateMP_getFreeResource__I)
                  c3016200    000001c0               : Ipc.obj (.text:ti_sdo_ipc_heaps_HeapMemMP_postInit__I)
                  c30163c0    000001c0     sysbios.ae674 : BIOS.obj (.text:ti_sysbios_family_c64p_Cache_block__I)
                  c3016580    000001c0                   : BIOS.obj (.text:ti_sysbios_family_c64p_Exception_decodeMpfsr__I)
                  c3016740    000001c0                   : BIOS.obj (.text:ti_sysbios_knl_Task_exit__E)
                  c3016900    000001c0                   : BIOS.obj (.text:ti_sysbios_knl_Task_postInit__I)
                  c3016ac0    000001c0     ti.targets.rts6000.ae674 : Text.oe674 (.text:xdc_runtime_Text_putSite__F)
                  c3016c80    000001a0     ipc.ae674 : Ipc.obj (.text:ti_sdo_ipc_notifyDrivers_NotifyDriverShm_registerEvent__E)
                  c3016e20    000001a0               : Ipc.obj (.text:ti_sdo_ipc_notifyDrivers_NotifyDriverShm_unregisterEvent__E)
                  c3016fc0    000001a0     sysbios.ae674 : BIOS.obj (.text:ti_sysbios_timers_timer64_Timer_start__E)
                  c3017160    000001a0     ti.targets.rts6000.ae674 : LoggerBuf.oe674 (.text:xdc_runtime_LoggerBuf_write4__F)
                  c3017300    00000180     ipc.ae674 : Ipc.obj (.text:HeapBufMP_sharedMemReq)
                  c3017480    00000180               : Ipc.obj (.text:NameServer_getHandle)
                  c3017600    00000180     Platform.lib : UART.obj (.text)
                  c3017780    00000180     drivers.lib : psc.obj (.text)
                  c3017900    00000180     sysbios.ae674 : c64p_Exception_asm.obj (.text)
                  c3017a80    00000180     ipc.ae674 : Ipc.obj (.text:ti_sdo_ipc_gates_GatePeterson_enter__E)
                  c3017c00    00000180               : Ipc.obj (.text:ti_sdo_ipc_heaps_HeapBufMP_Instance_finalize__F)
                  c3017d80    00000180               : Ipc.obj (.text:ti_sdo_ipc_notifyDrivers_NotifyDriverShm_isr__I)
                  c3017f00    00000180     sysbios.ae674 : BIOS.obj (.text:ti_sysbios_heaps_HeapMem_alloc__E)
                  c3018080    00000180                   : BIOS.obj (.text:ti_sysbios_knl_Swi_schedule__I)
                  c3018200    00000180                   : BIOS.obj (.text:ti_sysbios_knl_Task_setPri__E)
                  c3018380    00000160     ipc.ae674 : Ipc.obj (.text:ti_sdo_ipc_GateMP_openRegion0Reserved__F)
                  c30184e0    00000160               : Ipc.obj (.text:ti_sdo_ipc_ListMP_Instance_finalize__F)
                  c3018640    00000160               : Ipc.obj (.text:ti_sdo_ipc_Notify_Instance_init__F)
                  c30187a0    00000160               : Ipc.obj (.text:ti_sdo_ipc_heaps_HeapMemMP_Instance_finalize__F)
                  c3018900    00000160               : Ipc.obj (.text:ti_sdo_utils_NameServer_removeLocal__I)
                  c3018a60    00000160     sysbios.ae674 : BIOS.obj (.text:ti_sysbios_knl_Task_schedule__I)
                  c3018bc0    00000160                   : BIOS.obj (.text:ti_sysbios_knl_Task_startCore__E)
                  c3018d20    00000140     ipc.ae674 : Ipc.obj (.text:HeapBufMP_openByAddr)
                  c3018e60    00000140               : Ipc.obj (.text:HeapMemMP_openByAddr)
                  c3018fa0    00000140               : Ipc.obj (.text:MessageQ_put)
                  c30190e0    00000140               : Ipc.obj (.text:Notify_registerEvent)
                  c3019220    00000140     boot.ae674 : autoinit.oe674 (.text:_auto_init_elf)
                  c3019360    00000140     ipc.ae674 : Ipc.obj (.text:ti_sdo_ipc_SharedRegion_start__F)
                  c30194a0    00000140               : Ipc.obj (.text:ti_sdo_ipc_notifyDrivers_NotifyDriverShm_disableEvent__E)
                  c30195e0    00000140               : Ipc.obj (.text:ti_sdo_ipc_transports_TransportShm_openByAddr__F)
                  c3019720    00000140               : Ipc.obj (.text:ti_sdo_ipc_transports_TransportShm_put__E)
                  c3019860    00000140     sysbios.ae674 : BIOS.obj (.text:ti_sysbios_heaps_HeapMem_free__E)
                  c30199a0    00000140                   : BIOS.obj (.text:ti_sysbios_knl_Task_Module_startup__F)
                  c3019ae0    00000140                   : BIOS.obj (.text:ti_sysbios_knl_Task_sleep__E)
                  c3019c20    00000140     ti.targets.rts6000.ae674 : Text.oe674 (.text:xdc_runtime_Text_putLab__F)
                  c3019d60    00000120     ipc.ae674 : Ipc.obj (.text:HeapMemMP_sharedMemReq)
                  c3019e80    00000120     mathlib.ae674 : cossp.obj (.text:optasm)
                  c3019fa0    00000120                   : sinsp.obj (.text:optasm)
                  c301a0c0    00000120     ipc.ae674 : Ipc.obj (.text:ti_sdo_ipc_MessageQ_Module_startup__F)
                  c301a1e0    00000120               : Ipc.obj (.text:ti_sdo_ipc_transports_TransportShm_sharedMemReq__F)
                  c301a300    00000120     sysbios.ae674 : BIOS.obj (.text:ti_sysbios_family_c64p_Exception_Module_startup__F)
                  c301a420    00000120                   : BIOS.obj (.text:ti_sysbios_knl_Clock_workFunc__E)
                  c301a540    00000120     ti.targets.rts6000.ae674 : LoggerBuf.oe674 (.text:xdc_runtime_LoggerBuf_setFilterLevel__F)
                  c301a660    00000120                              : Text.oe674 (.text:xdc_runtime_Text_putMod__F)
                  c301a780    00000100     EMIFAPinmuxSetup.oe674 (.text)
                  c301a880    00000100     ipc.ae674 : Ipc.obj (.text:HeapBufMP_open)
                  c301a980    00000100               : Ipc.obj (.text:ListMP_sharedMemReq)
                  c301aa80    00000100               : Ipc.obj (.text:Notify_registerEventSingle)
                  c301ab80    00000100               : Ipc.obj (.text:Notify_sendEvent)
                  c301ac80    00000100               : Ipc.obj (.text:Notify_unregisterEventSingle)
                  c301ad80    00000100               : Ipc.obj (.text:ti_sdo_ipc_GateMP_start__F)
                  c301ae80    00000100               : Ipc.obj (.text:ti_sdo_ipc_MessageQ_Instance_finalize__F)
                  c301af80    00000100     dsp_pe674.oe674 (.text:ti_sdo_ipc_MessageQ_Object__create__S)
                  c301b080    00000100     ipc.ae674 : Ipc.obj (.text:ti_sdo_ipc_Notify_Instance_finalize__F)
                  c301b180    00000100     dsp_pe674.oe674 (.text:ti_sdo_ipc_Notify_Object__create__S)
                  c301b280    00000100     ipc.ae674 : Ipc.obj (.text:ti_sdo_ipc_SharedRegion_attach__F)
                  c301b380    00000100               : Ipc.obj (.text:ti_sdo_ipc_SharedRegion_clearReservedMemory__F)
                  c301b480    00000100     dsp_pe674.oe674 (.text:ti_sdo_ipc_gates_GatePeterson_Object__create__S)
                  c301b580    00000100     ipc.ae674 : Ipc.obj (.text:ti_sdo_ipc_nsremote_NameServerRemoteNotify_Instance_finalize__F)
                  c301b680    00000100     dsp_pe674.oe674 (.text:ti_sdo_ipc_nsremote_NameServerRemoteNotify_Object__create__S)
                  c301b780    00000100     ipc.ae674 : Ipc.obj (.text:ti_sdo_ipc_transports_TransportShmSetup_attach__E)
                  c301b880    00000100     dsp_pe674.oe674 (.text:ti_sdo_ipc_transports_TransportShm_Object__create__S)
                  c301b980    00000100     ipc.ae674 : Ipc.obj (.text:ti_sdo_utils_NameServer_findLocal__I)
                  c301ba80    00000100     sysbios.ae674 : BIOS.obj (.text:ti_sysbios_family_c64p_Hwi_Module_startup__F)
                  c301bb80    00000100     dsp_pe674.oe674 (.text:ti_sysbios_family_c64p_Hwi_Object__create__S)
                  c301bc80    00000100     sysbios.ae674 : BIOS.obj (.text:ti_sysbios_family_c64p_Hwi_dispatchC__I)
                  c301bd80    00000100                   : BIOS.obj (.text:ti_sysbios_gates_GateMutexPri_leave__E)
                  c301be80    00000100     dsp_pe674.oe674 (.text:ti_sysbios_hal_Hwi_Object__create__S)
                  c301bf80    00000100     sysbios.ae674 : BIOS.obj (.text:ti_sysbios_knl_Clock_startI__E)
                  c301c080    00000100                   : BIOS.obj (.text:ti_sysbios_knl_Semaphore_post__E)
                  c301c180    00000100     dsp_pe674.oe674 (.text:ti_sysbios_knl_Swi_Object__create__S)
                  c301c280    00000100     sysbios.ae674 : BIOS.obj (.text:ti_sysbios_knl_Swi_restoreHwi__E)
                  c301c380    00000100     dsp_pe674.oe674 (.text:ti_sysbios_knl_Task_Object__create__S)
                  c301c480    00000100     dsp_pe674.oe674 (.text:ti_sysbios_timers_timer64_Timer_Object__create__S)
                  c301c580    00000100     sysbios.ae674 : BIOS.obj (.text:ti_sysbios_timers_timer64_Timer_initDevice__I)
                  c301c680    00000100     ti.targets.rts6000.ae674 : Core-mem.oe674 (.text:xdc_runtime_Core_deleteObject__I)
                  c301c780    00000100                              : LoggerBuf.oe674 (.text:xdc_runtime_LoggerBuf_getFilterLevel__F)
                  c301c880    00000100                              : Startup.oe674 (.text:xdc_runtime_Startup_exec__F)
                  c301c980    00000100                              : Text.oe674 (.text:xdc_runtime_Text_visitRope2__I)
                  c301ca80    000000e0     ipc.ae674 : Ipc.obj (.text:MessageQ_get)
                  c301cb60    000000e0               : Ipc.obj (.text:NameServer_getLocal)
                  c301cc40    000000e0     Platform.lib : UARTConsole.obj (.text)
                  c301cd20    000000e0     rts6740_elf.lib : memset.obj (.text:memset)
                  c301ce00    000000e0     dsp_pe674.oe674 (.text:ti_sdo_ipc_GateMP_Object__create__S)
                  c301cee0    000000e0     ipc.ae674 : Ipc.obj (.text:ti_sdo_ipc_Ipc_getMasterAddr__I)
                  c301cfc0    000000e0               : Ipc.obj (.text:ti_sdo_ipc_Ipc_getSlaveAddr__I)
                  c301d0a0    000000e0     dsp_pe674.oe674 (.text:ti_sdo_ipc_ListMP_Object__create__S)
                  c301d180    000000e0     ipc.ae674 : Ipc.obj (.text:ti_sdo_ipc_MessageQ_grow__I)
                  c301d260    000000e0               : Ipc.obj (.text:ti_sdo_ipc_Notify_detach__F)
                  c301d340    000000e0               : Ipc.obj (.text:ti_sdo_ipc_SharedRegion_reserveMemory__F)
                  c301d420    000000e0               : Ipc.obj (.text:ti_sdo_ipc_SharedRegion_stop__F)
                  c301d500    000000e0               : Ipc.obj (.text:ti_sdo_ipc_gates_GatePeterson_sharedMemReq__E)
                  c301d5e0    000000e0     dsp_pe674.oe674 (.text:ti_sdo_ipc_heaps_HeapBufMP_Object__create__S)
                  c301d6c0    000000e0     ipc.ae674 : Ipc.obj (.text:ti_sdo_ipc_heaps_HeapBufMP_free__E)
                  c301d7a0    000000e0               : Ipc.obj (.text:ti_sdo_ipc_heaps_HeapBufMP_getStats__F)
                  c301d880    000000e0     dsp_pe674.oe674 (.text:ti_sdo_ipc_heaps_HeapMemMP_Object__create__S)
                  c301d960    000000e0     dsp_pe674.oe674 (.text:ti_sdo_ipc_notifyDrivers_NotifyDriverShm_Object__create__S)
                  c301da40    000000e0     ipc.ae674 : Ipc.obj (.text:ti_sdo_utils_NameServer_Module_startup__F)
                  c301db20    000000e0     sysbios.ae674 : BIOS.obj (.text:ti_sysbios_family_c64p_Cache_Module_startup__F)
                  c301dc00    000000e0                   : BIOS.obj (.text:ti_sysbios_family_c64p_Hwi_Instance_finalize__F)
                  c301dce0    000000e0                   : BIOS.obj (.text:ti_sysbios_family_c64p_Hwi_Instance_init__F)
                  c301ddc0    000000e0                   : BIOS.obj (.text:ti_sysbios_knl_Task_unblockI__E)
                  c301dea0    000000e0     dsp_pe674.oe674 (.text:ti_sysbios_syncs_SyncSem_Object__create__S)
                  c301df80    000000e0     ti.targets.rts6000.ae674 : Error.oe674 (.text:xdc_runtime_Error_print__F)
                  c301e060    000000e0     dsp_pe674.oe674 (.text:xdc_runtime_LoggerBuf_Object__create__S)
                  c301e140    000000e0     ti.targets.rts6000.ae674 : Memory.oe674 (.text:xdc_runtime_Memory_alloc__F)
                  c301e220    000000e0     dsp_pe674.oe674 (.text:xdc_runtime_Registry_addModule__E)
                  c301e300    000000e0     dsp_pe674.oe674 (.text:xdc_runtime_Registry_findByNamePattern__E)
                  c301e3e0    000000e0     dsp_pe674.oe674 (.text:xdc_runtime_knl_GateThread_Object__create__S)
                  c301e4c0    000000c0     rts6740_elf.lib : trgdrv.obj (.text:HOSTwrite)
                  c301e580    000000c0     ipc.ae674 : Ipc.obj (.text:HeapMemMP_create)
                  c301e640    000000c0               : Ipc.obj (.text:Ipc_stop)
                  c301e700    000000c0               : Ipc.obj (.text:ListMP_create)
                  c301e7c0    000000c0               : Ipc.obj (.text:MessageQ_create2)
                  c301e880    000000c0               : Ipc.obj (.text:MultiProc_getId)
                  c301e940    000000c0               : Ipc.obj (.text:SharedRegion_getId)
                  c301ea00    000000c0     rts6740_elf.lib : dtor_list.obj (.text:_Z11__TI_atexitPFYvPvES_S_)
                  c301eac0    000000c0                     : dtor_list.obj (.text:__cxa_finalize)
                  c301eb80    000000c0                     : divu.obj (.text:__divu)
                  c301ec40    000000c0                     : exit.obj (.text:exit)
                  c301ed00    000000c0     ipc.ae674 : Ipc.obj (.text:ti_sdo_ipc_GateMP_attach__F)
                  c301edc0    000000c0               : Ipc.obj (.text:ti_sdo_ipc_ListMP_elemClear__I)
                  c301ee80    000000c0               : Ipc.obj (.text:ti_sdo_ipc_Notify_execMany__I)
                  c301ef40    000000c0               : Ipc.obj (.text:ti_sdo_ipc_SharedRegion_detach__F)
                  c301f000    000000c0               : Ipc.obj (.text:ti_sdo_ipc_family_da830_InterruptDsp_intRegister__E)
                  c301f0c0    000000c0               : Ipc.obj (.text:ti_sdo_ipc_gates_GatePeterson_postInit__I)
                  c301f180    000000c0               : Ipc.obj (.text:ti_sdo_ipc_nsremote_NameServerRemoteNotify_attach__E)
                  c301f240    000000c0               : Ipc.obj (.text:ti_sdo_utils_NameServer_postInit__I)
                  c301f300    000000c0     sysbios.ae674 : BIOS.obj (.text:ti_sysbios_heaps_HeapMem_getStats__E)
                  c301f3c0    000000c0                   : BIOS.obj (.text:ti_sysbios_knl_Swi_Instance_init__F)
                  c301f480    000000c0                   : BIOS.obj (.text:ti_sysbios_knl_Swi_run__I)
                  c301f540    000000c0                   : BIOS.obj (.text:ti_sysbios_knl_Task_allBlockedFunction__I)
                  c301f600    000000c0                   : BIOS.obj (.text:ti_sysbios_syncs_SyncSem_Instance_init__F)
                  c301f6c0    000000c0                   : BIOS.obj (.text:ti_sysbios_timers_timer64_Timer_startup__E)
                  c301f780    000000c0     ti.targets.rts6000.ae674 : LoggerBuf.oe674 (.text:xdc_runtime_LoggerBuf_Instance_init__F)
                  c301f840    000000c0     dsp_pe674.oe674 (.text:xdc_runtime_Registry_findById__E)
                  c301f900    000000c0     ti.targets.rts6000.ae674 : System.oe674 (.text:xdc_runtime_System_formatNum__I)
                  c301f9c0    000000c0                              : Text.oe674 (.text:xdc_runtime_Text_matchVisFxn__I)
                  c301fa80    000000a0     ipc.ae674 : Ipc.obj (.text:SharedRegion_getPtr)
                  c301fb20    000000a0               : Ipc.obj (.text:SharedRegion_getSRPtr)
                  c301fbc0    000000a0     rts6740_elf.lib : remu.obj (.text:__remu)
                  c301fc60    000000a0     boot.ae674 : boot.oe674 (.text:_c_int00)
                  c301fd00    000000a0     sysbios.ae674 : c64p_Hwi_asm.obj (.text:_ti_sysbios_family_c64p_Hwi_plug__E)
                  c301fda0    000000a0     rts6740_elf.lib : memcpy64.obj (.text:memcpy)
                  c301fe40    000000a0     mathlib.ae674 : sqrtsp.obj (.text:optasm)
                  c301fee0    000000a0     ipc.ae674 : Ipc.obj (.text:ti_sdo_ipc_GateMP_detach__F)
                  c301ff80    000000a0               : Ipc.obj (.text:ti_sdo_ipc_GateMP_getRegion0ReservedSize__F)
                  c3020020    000000a0               : Ipc.obj (.text:ti_sdo_ipc_GateMP_stop__F)
                  c30200c0    000000a0               : Ipc.obj (.text:ti_sdo_ipc_gates_GatePeterson_leave__E)
                  c3020160    000000a0               : Ipc.obj (.text:ti_sdo_ipc_notifyDrivers_NotifyDriverShm_Instance_finalize__F)
                  c3020200    000000a0               : Ipc.obj (.text:ti_sdo_ipc_transports_TransportShmSetup_detach__E)
                  c30202a0    000000a0     sysbios.ae674 : BIOS.obj (.text:ti_sysbios_family_c64p_Hwi_eventMap__E)
                  c3020340    000000a0                   : BIOS.obj (.text:ti_sysbios_family_c64p_Hwi_getStackInfo__E)
                  c30203e0    000000a0                   : BIOS.obj (.text:ti_sysbios_gates_GateMutex_enter__E)
                  c3020480    000000a0                   : BIOS.obj (.text:ti_sysbios_heaps_HeapMem_init__I)
                  c3020520    000000a0                   : BIOS.obj (.text:ti_sysbios_knl_Clock_Instance_init__F)
                  c30205c0    000000a0     dsp_pe674.oe674 (.text:ti_sysbios_knl_Clock_Object__create__S)
                  c3020660    000000a0     sysbios.ae674 : BIOS.obj (.text:ti_sysbios_knl_Idle_run__E)
                  c3020700    000000a0                   : BIOS.obj (.text:ti_sysbios_knl_Semaphore_pendTimeout__I)
                  c30207a0    000000a0                   : BIOS.obj (.text:ti_sysbios_knl_Swi_restore__E)
                  c3020840    000000a0                   : BIOS.obj (.text:ti_sysbios_syncs_SyncSem_wait__F)
                  c30208e0    000000a0                   : BIOS.obj (.text:ti_sysbios_timers_timer64_Timer_Instance_finalize__F)
                  c3020980    000000a0                   : BIOS.obj (.text:ti_sysbios_timers_timer64_Timer_stop__E)
                  c3020a20    000000a0     ti.targets.rts6000.ae674 : Assert.oe674 (.text:xdc_runtime_Assert_raise__I)
                  c3020ac0    000000a0                              : LoggerBuf.oe674 (.text:xdc_runtime_LoggerBuf_Module_startup__F)
                  c3020b60    000000a0                              : Registry.oe674 (.text:xdc_runtime_Registry_addModule__F)
                  c3020c00    000000a0                              : Registry.oe674 (.text:xdc_runtime_Registry_findByName__F)
                  c3020ca0    000000a0                              : SysMin.oe674 (.text:xdc_runtime_SysMin_abort__F)
                  c3020d40    000000a0                              : SysMin.oe674 (.text:xdc_runtime_SysMin_flush__F)
                  c3020de0    000000a0                              : SysMin.oe674 (.text:xdc_runtime_SysMin_putch__F)
                  c3020e80    000000a0                              : Text.oe674 (.text:xdc_runtime_Text_xprintf__I)
                  c3020f20    00000080     ipc.ae674 : Ipc.obj (.text:GateMP_close)
                  c3020fa0    00000080               : Ipc.obj (.text:HeapBufMP_Params_init)
                  c3021020    00000080               : Ipc.obj (.text:HeapMemMP_restore)
                  c30210a0    00000080               : Ipc.obj (.text:MessageQ_alloc)
                  c3021120    00000080               : Ipc.obj (.text:MessageQ_free)
                  c30211a0    00000080     rts6740_elf.lib : fixfu.obj (.text:__c6xabi_fixfu)
                  c3021220    00000080                     : llshift.obj (.text:__c6xabi_llshl)
                  c30212a0    00000080     sysbios.ae674 : c62_TaskSupport_asm.obj (.text:_ti_sysbios_family_c62_TaskSupport_swap__E)
                  c3021320    00000080     dsp_pe674.oe674 (.text:malloc)
                  c30213a0    00000080     rts6740_elf.lib : trgmsg.obj (.text:readmsg)
                  c3021420    00000080     ipc.ae674 : Ipc.obj (.text:ti_sdo_ipc_Notify_Module_startup__F)
                  c30214a0    00000080               : Ipc.obj (.text:ti_sdo_ipc_family_da830_NotifySetup_sharedMemReq__E)
                  c3021520    00000080     dsp_pe674.oe674 (.text:ti_sdo_ipc_gates_GateMPSupportNull_Object__create__S)
                  c30215a0    00000080     ipc.ae674 : Ipc.obj (.text:ti_sdo_ipc_notifyDrivers_NotifyDriverShm_sharedMemReq__F)
                  c3021620    00000080               : Ipc.obj (.text:ti_sdo_ipc_nsremote_NameServerRemoteNotify_detach__E)
                  c30216a0    00000080               : Ipc.obj (.text:ti_sdo_ipc_transports_TransportShm_swiFxn__I)
                  c3021720    00000080     dsp_pe674.oe674 (.text:ti_sdo_utils_List_Object__create__S)
                  c30217a0    00000080     sysbios.ae674 : BIOS.obj (.text:ti_sysbios_BIOS_errorRaiseHook__I)
                  c3021820    00000080     dsp_pe674.oe674 (.text:ti_sysbios_BIOS_exitFunc__I)
                  c30218a0    00000080     dsp_pe674.oe674 (.text:ti_sysbios_gates_GateAll_Object__create__S)
                  c3021920    00000080     dsp_pe674.oe674 (.text:ti_sysbios_gates_GateHwi_Object__create__S)
                  c30219a0    00000080     dsp_pe674.oe674 (.text:ti_sysbios_gates_GateMutexPri_Object__create__S)
                  c3021a20    00000080     dsp_pe674.oe674 (.text:ti_sysbios_gates_GateMutex_Object__create__S)
                  c3021aa0    00000080     dsp_pe674.oe674 (.text:ti_sysbios_gates_GateSwi_Object__create__S)
                  c3021b20    00000080     sysbios.ae674 : BIOS.obj (.text:ti_sysbios_hal_Hwi_checkStack:ti_sysbios_hal_Hwi_checkStack)
                  c3021ba0    00000080                   : BIOS.obj (.text:ti_sysbios_hal_Hwi_initStack:ti_sysbios_hal_Hwi_initStack)
                  c3021c20    00000080                   : BIOS.obj (.text:ti_sysbios_heaps_HeapMem_Instance_init__F)
                  c3021ca0    00000080     dsp_pe674.oe674 (.text:ti_sysbios_heaps_HeapMem_Object__create__S)
                  c3021d20    00000080     sysbios.ae674 : BIOS.obj (.text:ti_sysbios_knl_Clock_Module_startup__F)
                  c3021da0    00000080     dsp_pe674.oe674 (.text:ti_sysbios_knl_Clock_doTick__I)
                  c3021e20    00000080     sysbios.ae674 : BIOS.obj (.text:ti_sysbios_knl_Clock_getTicks__E)
                  c3021ea0    00000080     dsp_pe674.oe674 (.text:ti_sysbios_knl_Queue_Object__create__S)
                  c3021f20    00000080     dsp_pe674.oe674 (.text:ti_sysbios_knl_Semaphore_Object__create__S)
                  c3021fa0    00000080     sysbios.ae674 : BIOS.obj (.text:ti_sysbios_knl_Swi_post__E)
                  c3022020    00000080                   : BIOS.obj (.text:ti_sysbios_knl_Task_processVitalTaskFlag__I)
                  c30220a0    00000080                   : BIOS.obj (.text:ti_sysbios_knl_Task_restoreHwi__E)
                  c3022120    00000080                   : BIOS.obj (.text:ti_sysbios_knl_Task_restore__E)
                  c30221a0    00000080                   : BIOS.obj (.text:ti_sysbios_knl_Task_yield__E)
                  c3022220    00000080                   : BIOS.obj (.text:ti_sysbios_timers_timer64_Timer_getExpiredCounts__E)
                  c30222a0    00000080                   : BIOS.obj (.text:ti_sysbios_timers_timer64_Timer_getPeriod__E)
                  c3022320    00000080     dsp_pe674.oe674 (.text:ti_sysbios_xdcruntime_GateThreadSupport_Object__create__S)
                  c30223a0    00000080     ti.targets.rts6000.ae674 : Core-label.oe674 (.text:xdc_runtime_Core_assignLabel__I)
                  c3022420    00000080                              : Core-params.oe674 (.text:xdc_runtime_Core_assignParams__I)
                  c30224a0    00000080                              : LoggerBuf.oe674 (.text:xdc_runtime_LoggerBuf_filterOutEvent__I)
                  c3022520    00000080                              : Registry.oe674 (.text:xdc_runtime_Registry_findByNamePattern__F)
                  c30225a0    00000080                              : Registry.oe674 (.text:xdc_runtime_Registry_matchPattern__I)
                  c3022620    00000080                              : System.oe674 (.text:xdc_runtime_System_atexit__F)
                  c30226a0    00000080                              : System.oe674 (.text:xdc_runtime_System_putchar__I)
                  c3022720    00000080                              : System.oe674 (.text:xdc_runtime_System_rtsExit__I)
                  c30227a0    00000080                              : Text.oe674 (.text:xdc_runtime_Text_printVisFxn__I)
                  c3022820    00000060     ipc.ae674 : Ipc.obj (.text:GateMP_Params_init)
                  c3022880    00000060               : Ipc.obj (.text:HeapMemMP_Params_init)
                  c30228e0    00000060               : Ipc.obj (.text:MessageQ_msgInit$4)
                  c3022940    00000060               : Ipc.obj (.text:MessageQ_open)
                  c30229a0    00000060               : Ipc.obj (.text:Notify_numIntLines)
                  c3022a00    00000060               : Ipc.obj (.text:Notify_sharedMemReq)
                  c3022a60    00000060     rts6740_elf.lib : imath64.obj (.text:_subcull)
                  c3022ac0    00000060                     : strpbrk.obj (.text:strpbrk)
                  c3022b20    00000060     dsp_pe674.oe674 (.text:ti_sdo_ipc_GateMP_Object__delete__S)
                  c3022b80    00000060     ipc.ae674 : Ipc.obj (.text:ti_sdo_ipc_GateMP_createLocal__F)
                  c3022be0    00000060               : Ipc.obj (.text:ti_sdo_ipc_Ipc_getRegion0ReservedSize__I)
                  c3022c40    00000060     dsp_pe674.oe674 (.text:ti_sdo_ipc_ListMP_Object__delete__S)
                  c3022ca0    00000060     dsp_pe674.oe674 (.text:ti_sdo_ipc_MessageQ_Object__delete__S)
                  c3022d00    00000060     dsp_pe674.oe674 (.text:ti_sdo_ipc_Notify_Object__delete__S)
                  c3022d60    00000060     ipc.ae674 : Ipc.obj (.text:ti_sdo_ipc_gates_GatePeterson_Instance_finalize__F)
                  c3022dc0    00000060     dsp_pe674.oe674 (.text:ti_sdo_ipc_gates_GatePeterson_Object__delete__S)
                  c3022e20    00000060     dsp_pe674.oe674 (.text:ti_sdo_ipc_heaps_HeapBufMP_Object__delete__S)
                  c3022e80    00000060     dsp_pe674.oe674 (.text:ti_sdo_ipc_heaps_HeapMemMP_Object__delete__S)
                  c3022ee0    00000060     dsp_pe674.oe674 (.text:ti_sdo_ipc_notifyDrivers_NotifyDriverShm_Object__delete__S)
                  c3022f40    00000060     ipc.ae674 : Ipc.obj (.text:ti_sdo_ipc_notifyDrivers_NotifyDriverShm_enableEvent__E)
                  c3022fa0    00000060               : Ipc.obj (.text:ti_sdo_ipc_notifyDrivers_NotifyDriverShm_setNotifyHandle__E)
                  c3023000    00000060     dsp_pe674.oe674 (.text:ti_sdo_ipc_nsremote_NameServerRemoteNotify_Object__delete__S)
                  c3023060    00000060     ipc.ae674 : Ipc.obj (.text:ti_sdo_ipc_transports_TransportShmSetup_sharedMemReq__E)
                  c30230c0    00000060     dsp_pe674.oe674 (.text:ti_sdo_ipc_transports_TransportShm_Object__delete__S)
                  c3023120    00000060     sysbios.ae674 : BIOS.obj (.text:ti_sysbios_BIOS_registerRTSLock__I)
                  c3023180    00000060                   : BIOS.obj (.text:ti_sysbios_BIOS_removeRTSLock__I)
                  c30231e0    00000060                   : BIOS.obj (.text:ti_sysbios_BIOS_rtsLock__I)
                  c3023240    00000060                   : BIOS.obj (.text:ti_sysbios_family_c62_TaskSupport_start__E)
                  c30232a0    00000060                   : BIOS.obj (.text:ti_sysbios_family_c64p_Cache_all__I)
                  c3023300    00000060                   : BIOS.obj (.text:ti_sysbios_family_c64p_Cache_marInit__I)
                  c3023360    00000060                   : BIOS.obj (.text:ti_sysbios_family_c64p_Cache_setMar__E)
                  c30233c0    00000060                   : BIOS.obj (.text:ti_sysbios_family_c64p_Cache_setSize__E)
                  c3023420    00000060                   : BIOS.obj (.text:ti_sysbios_family_c64p_Cache_wait__E)
                  c3023480    00000060     dsp_pe674.oe674 (.text:ti_sysbios_family_c64p_Hwi_Object__delete__S)
                  c30234e0    00000060     sysbios.ae674 : BIOS.obj (.text:ti_sysbios_gates_GateAll_enter__E)
                  c3023540    00000060                   : BIOS.obj (.text:ti_sysbios_gates_GateAll_leave__E)
                  c30235a0    00000060     dsp_pe674.oe674 (.text:ti_sysbios_gates_GateMutexPri_Object__delete__S)
                  c3023600    00000060     sysbios.ae674 : BIOS.obj (.text:ti_sysbios_gates_GateMutex_Instance_init__F)
                  c3023660    00000060     dsp_pe674.oe674 (.text:ti_sysbios_gates_GateMutex_Object__delete__S)
                  c30236c0    00000060     sysbios.ae674 : BIOS.obj (.text:ti_sysbios_hal_Hwi_Instance_init__F)
                  c3023720    00000060     dsp_pe674.oe674 (.text:ti_sysbios_hal_Hwi_Object__delete__S)
                  c3023780    00000060     sysbios.ae674 : BIOS.obj (.text:ti_sysbios_knl_Clock_setupTimerToSkipTicks__E)
                  c30237e0    00000060                   : BIOS.obj (.text:ti_sysbios_knl_Semaphore_Instance_init__F)
                  c3023840    00000060     dsp_pe674.oe674 (.text:ti_sysbios_knl_Semaphore_Object__delete__S)
                  c30238a0    00000060     sysbios.ae674 : BIOS.obj (.text:ti_sysbios_knl_Swi_Module_startup__F)
                  c3023900    00000060                   : BIOS.obj (.text:ti_sysbios_knl_Task_enter__I)
                  c3023960    00000060                   : BIOS.obj (.text:ti_sysbios_knl_Task_sleepTimeout__I)
                  c30239c0    00000060     dsp_pe674.oe674 (.text:ti_sysbios_syncs_SyncSem_Object__delete__S)
                  c3023a20    00000060     dsp_pe674.oe674 (.text:ti_sysbios_timers_timer64_Timer_Object__delete__S)
                  c3023a80    00000060     dsp_pe674.oe674 (.text:ti_sysbios_xdcruntime_GateThreadSupport_Object__delete__S)
                  c3023ae0    00000060     ti.syslink.ipc.rtos.ae674 : Syslink.oe674 (.text:ti_syslink_ipc_rtos_Syslink_attach)
                  c3023b40    00000060     rts6740_elf.lib : trgmsg.obj (.text:writemsg)
                  c3023ba0    00000060     dsp_pe674.oe674 (.text:xdc_runtime_GateNull_Object__create__S)
                  c3023c00    00000060     dsp_pe674.oe674 (.text:xdc_runtime_LoggerBuf_Object__delete__S)
                  c3023c60    00000060     ti.targets.rts6000.ae674 : Memory.oe674 (.text:xdc_runtime_Memory_calloc__F)
                  c3023cc0    00000060                              : Memory.oe674 (.text:xdc_runtime_Memory_valloc__F)
                  c3023d20    00000060                              : SysMin.oe674 (.text:xdc_runtime_SysMin_Module_startup__F)
                  c3023d80    00000060                              : SysMin.oe674 (.text:xdc_runtime_SysMin_exit__F)
                  c3023de0    00000060     dsp_pe674.oe674 (.text:xdc_runtime_SysMin_output__I)
                  c3023e40    00000060     ti.targets.rts6000.ae674 : System.oe674 (.text:xdc_runtime_System_aprintf_va__F)
                  c3023ea0    00000060                              : System.oe674 (.text:xdc_runtime_System_printf_va__F)
                  c3023f00    00000060                              : Text.oe674 (.text:xdc_runtime_Text_cordText__F)
                  c3023f60    00000060     dsp_pe674.oe674 (.text:xdc_runtime_knl_GateThread_Object__delete__S)
                  c3023fc0    00000040     ipc.ae674 : Ipc.obj (.text:MessageQ_create)
                  c3024000    00000040               : Ipc.obj (.text:MessageQ_registerHeap)
                  c3024040    00000040               : Ipc.obj (.text:MessageQ_unregisterHeap)
                  c3024080    00000040               : Ipc.obj (.text:Notify_intLineRegistered)
                  c30240c0    00000040     rts6740_elf.lib : frcmpyd_div.obj (.text:__c6xabi_frcmpyd_div)
                  c3024100    00000040                     : llshift.obj (.text:__c6xabi_llshru)
                  c3024140    00000040                     : args_main.obj (.text:_args_main)
                  c3024180    00000040     sysbios.ae674 : c62_TaskSupport_asm.obj (.text:_ti_sysbios_family_c62_TaskSupport_buildTaskStack)
                  c30241c0    00000040                   : c64p_Hwi_asm_switch.obj (.text:_ti_sysbios_family_xxx_Hwi_switchToIsrStack)
                  c3024200    00000040     dsp_pe674.oe674 (.text:free)
                  c3024240    00000040     ipc.ae674 : Ipc.obj (.text:ti_sdo_ipc_MessageQ_registerTransport__F)
                  c3024280    00000040               : Ipc.obj (.text:ti_sdo_ipc_MessageQ_unregisterTransport__F)
                  c30242c0    00000040               : Ipc.obj (.text:ti_sdo_ipc_Notify_exec__F)
                  c3024300    00000040               : Ipc.obj (.text:ti_sdo_ipc_SharedRegion_resetInternalFields__F)
                  c3024340    00000040               : Ipc.obj (.text:ti_sdo_ipc_family_da830_InterruptDsp_intClear__E)
                  c3024380    00000040               : Ipc.obj (.text:ti_sdo_ipc_family_da830_InterruptDsp_intSend__E)
                  c30243c0    00000040     dsp_pe674.oe674 (.text:ti_sdo_ipc_gates_GateMPSupportNull_Handle__label__S)
                  c3024400    00000040     dsp_pe674.oe674 (.text:ti_sdo_ipc_gates_GateMPSupportNull_Object__delete__S)
                  c3024440    00000040     dsp_pe674.oe674 (.text:ti_sdo_ipc_gates_GatePeterson_Handle__label__S)
                  c3024480    00000040     dsp_pe674.oe674 (.text:ti_sdo_ipc_heaps_HeapBufMP_Handle__label__S)
                  c30244c0    00000040     dsp_pe674.oe674 (.text:ti_sdo_ipc_heaps_HeapMemMP_Handle__label__S)
                  c3024500    00000040     dsp_pe674.oe674 (.text:ti_sdo_ipc_notifyDrivers_NotifyDriverShm_Handle__label__S)
                  c3024540    00000040     dsp_pe674.oe674 (.text:ti_sdo_ipc_nsremote_NameServerRemoteNotify_Handle__label__S)
                  c3024580    00000040     ipc.ae674 : Ipc.obj (.text:ti_sdo_ipc_nsremote_NameServerRemoteNotify_sharedMemReq__E)
                  c30245c0    00000040     dsp_pe674.oe674 (.text:ti_sdo_ipc_transports_TransportShm_Handle__label__S)
                  c3024600    00000040     ipc.ae674 : Ipc.obj (.text:ti_sdo_utils_List_get__E)
                  c3024640    00000040               : Ipc.obj (.text:ti_sdo_utils_List_putHead__E)
                  c3024680    00000040               : Ipc.obj (.text:ti_sdo_utils_List_put__E)
                  c30246c0    00000040     dsp_pe674.oe674 (.text:ti_sdo_utils_NameServer_Module__startupDone__F)
                  c3024700    00000040     dsp_pe674.oe674 (.text:ti_sdo_utils_NameServer_Object__get__S)
                  c3024740    00000040     ipc.ae674 : Ipc.obj (.text:ti_sdo_utils_NameServer_registerRemoteDriver__E)
                  c3024780    00000040               : Ipc.obj (.text:ti_sdo_utils_NameServer_unregisterRemoteDriver__E)
                  c30247c0    00000040     sysbios.ae674 : BIOS.obj (.text:ti_sysbios_BIOS_rtsUnlock__I)
                  c3024800    00000040     dsp_pe674.oe674 (.text:ti_sysbios_BIOS_startFunc__I)
                  c3024840    00000040     dsp_pe674.oe674 (.text:ti_sysbios_family_c64p_Hwi_Module__startupDone__F)
                  c3024880    00000040     sysbios.ae674 : BIOS.obj (.text:ti_sysbios_family_c64p_Hwi_disableInterrupt__E)
                  c30248c0    00000040                   : BIOS.obj (.text:ti_sysbios_family_c64p_Hwi_enableInterrupt__E)
                  c3024900    00000040                   : BIOS.obj (.text:ti_sysbios_family_c64p_primus_TimerSupport_enable__E)
                  c3024940    00000040     dsp_pe674.oe674 (.text:ti_sysbios_gates_GateAll_Handle__label__S)
                  c3024980    00000040     dsp_pe674.oe674 (.text:ti_sysbios_gates_GateAll_Object__delete__S)
                  c30249c0    00000040     dsp_pe674.oe674 (.text:ti_sysbios_gates_GateHwi_Handle__label__S)
                  c3024a00    00000040     dsp_pe674.oe674 (.text:ti_sysbios_gates_GateHwi_Object__delete__S)
                  c3024a40    00000040     dsp_pe674.oe674 (.text:ti_sysbios_gates_GateMutexPri_Handle__label__S)
                  c3024a80    00000040     sysbios.ae674 : BIOS.obj (.text:ti_sysbios_gates_GateMutexPri_Instance_init__F)
                  c3024ac0    00000040     dsp_pe674.oe674 (.text:ti_sysbios_gates_GateMutexPri_Object__destruct__S)
                  c3024b00    00000040     dsp_pe674.oe674 (.text:ti_sysbios_gates_GateMutex_Handle__label__S)
                  c3024b40    00000040     sysbios.ae674 : BIOS.obj (.text:ti_sysbios_gates_GateMutex_leave__E)
                  c3024b80    00000040     dsp_pe674.oe674 (.text:ti_sysbios_gates_GateSwi_Handle__label__S)
                  c3024bc0    00000040     dsp_pe674.oe674 (.text:ti_sysbios_gates_GateSwi_Object__delete__S)
                  c3024c00    00000040     dsp_pe674.oe674 (.text:ti_sysbios_hal_Timer_Module__startupDone__F)
                  c3024c40    00000040     dsp_pe674.oe674 (.text:ti_sysbios_heaps_HeapMem_Handle__label__S)
                  c3024c80    00000040     dsp_pe674.oe674 (.text:ti_sysbios_heaps_HeapMem_Object__delete__S)
                  c3024cc0    00000040     dsp_pe674.oe674 (.text:ti_sysbios_heaps_HeapMem_Object__get__S)
                  c3024d00    00000040     sysbios.ae674 : BIOS.obj (.text:ti_sysbios_knl_Clock_start__E)
                  c3024d40    00000040                   : BIOS.obj (.text:ti_sysbios_knl_Queue_put__E)
                  c3024d80    00000040     dsp_pe674.oe674 (.text:ti_sysbios_knl_Semaphore_Object__destruct__S)
                  c3024dc0    00000040     dsp_pe674.oe674 (.text:ti_sysbios_knl_Swi_Object__destruct__S)
                  c3024e00    00000040     dsp_pe674.oe674 (.text:ti_sysbios_knl_Swi_Object__get__S)
                  c3024e40    00000040     dsp_pe674.oe674 (.text:ti_sysbios_knl_Task_Object__get__S)
                  c3024e80    00000040     dsp_pe674.oe674 (.text:ti_sysbios_syncs_SyncSem_Handle__label__S)
                  c3024ec0    00000040     dsp_pe674.oe674 (.text:ti_sysbios_timers_timer64_Timer_Module__startupDone__F)
                  c3024f00    00000040     sysbios.ae674 : BIOS.obj (.text:ti_sysbios_xdcruntime_GateThreadSupport_Instance_init__F)
                  c3024f40    00000040     ti.syslink.ipc.rtos.ae674 : Syslink.oe674 (.text:ti_syslink_ipc_rtos_Syslink_detach)
                  c3024f80    00000040     ti.targets.rts6000.ae674 : Error.oe674 (.text:xdc_runtime_Error_check__F)
                  c3024fc0    00000040                              : Error.oe674 (.text:xdc_runtime_Error_init__F)
                  c3025000    00000040     dsp_pe674.oe674 (.text:xdc_runtime_GateNull_Handle__label__S)
                  c3025040    00000040     dsp_pe674.oe674 (.text:xdc_runtime_GateNull_Object__delete__S)
                  c3025080    00000040     dsp_pe674.oe674 (.text:xdc_runtime_LoggerBuf_Handle__label__S)
                  c30250c0    00000040     ti.targets.rts6000.ae674 : LoggerBuf.oe674 (.text:xdc_runtime_LoggerBuf_Instance_finalize__F)
                  c3025100    00000040     dsp_pe674.oe674 (.text:xdc_runtime_LoggerBuf_Object__get__S)
                  c3025140    00000040     ti.targets.rts6000.ae674 : LoggerBuf.oe674 (.text:xdc_runtime_LoggerBuf_write0__F)
                  c3025180    00000040     dsp_pe674.oe674 (.text:xdc_runtime_LoggerBuf_write8__E)
                  c30251c0    00000040     ti.targets.rts6000.ae674 : Memory.oe674 (.text:xdc_runtime_Memory_free__F)
                  c3025200    00000040                              : Registry.oe674 (.text:xdc_runtime_Registry_findById__F)
                  c3025240    00000040                              : System.oe674 (.text:xdc_runtime_System_abort__F)
                  c3025280    00000040     dsp_pe674.oe674 (.text:xdc_runtime_System_aprintf__E)
                  c30252c0    00000040     dsp_pe674.oe674 (.text:xdc_runtime_System_printf__E)
                  c3025300    00000040     ti.targets.rts6000.ae674 : Text.oe674 (.text:xdc_runtime_Text_matchRope__F)
                  c3025340    00000040                              : Text.oe674 (.text:xdc_runtime_Text_ropeText__F)
                  c3025380    00000040     dsp_pe674.oe674 (.text:xdc_runtime_knl_GateThread_Handle__label__S)
                  c30253c0    00000040     ti.targets.rts6000.ae674 : GateThread.oe674 (.text:xdc_runtime_knl_GateThread_Instance_finalize__F)
                  c3025400    00000040                              : GateThread.oe674 (.text:xdc_runtime_knl_GateThread_Instance_init__F)
                  c3025440    00000020     ipc.ae674 : Ipc.obj (.text:GateMP_enter)
                  c3025460    00000020               : Ipc.obj (.text:GateMP_leave)
                  c3025480    00000020               : Ipc.obj (.text:HeapBufMP_close)
                  c30254a0    00000020               : Ipc.obj (.text:ListMP_close)
                  c30254c0    00000020               : Ipc.obj (.text:ListMP_delete)
                  c30254e0    00000020               : Ipc.obj (.text:MessageQ_Params_init)
                  c3025500    00000020               : Ipc.obj (.text:MessageQ_close)
                  c3025520    00000020               : Ipc.obj (.text:MessageQ_delete)
                  c3025540    00000020               : Ipc.obj (.text:NameServer_addUInt32)
                  c3025560    00000020               : Ipc.obj (.text:NameServer_getUInt32)
                  c3025580    00000020               : Ipc.obj (.text:NameServer_removeEntry)
                  c30255a0    00000020     utils.lib : uartStdio.obj (.text:UARTGetc)
                  c30255c0    00000020               : uartStdio.obj (.text:UARTPutc)
                  c30255e0    00000020               : uartStdio.obj (.text:UARTStdioInit)
                  c3025600    00000020     rts6740_elf.lib : dtor_list.obj (.text:__cxa_atexit)
                  c3025620    00000020                     : dtor_list.obj (.text:__cxa_ia64_exit)
                  c3025640    00000020     ti.targets.rts6000.ae674 : xdc_noinit.oe674 (.text:__xdc__init)
                  c3025660    00000020     rts6740_elf.lib : _lock.obj (.text:_nop)
                  c3025680    00000020                     : _lock.obj (.text:_register_lock)
                  c30256a0    00000020                     : _lock.obj (.text:_register_unlock)
                  c30256c0    00000020     sysbios.ae674 : c62_TaskSupport_asm.obj (.text:_ti_sysbios_family_c62_TaskSupport_glue)
                  c30256e0    00000020                   : c64p_Hwi_asm_switch.obj (.text:_ti_sysbios_family_xxx_Hwi_switchToTaskStack)
                  c3025700    00000020     rts6740_elf.lib : exit.obj (.text:abort)
                  c3025720    00000020                     : dtor_list.obj (.text:atexit)
                  c3025740    00000020     dsp_pe674.oe674 (.text:ti_sdo_ipc_GateMP_Params__init__S)
                  c3025760    00000020     dsp_pe674.oe674 (.text:ti_sdo_ipc_GateMP_RemoteCustom1Proxy_Object__create__S)
                  c3025780    00000020     dsp_pe674.oe674 (.text:ti_sdo_ipc_GateMP_RemoteCustom1Proxy_Object__delete__S)
                  c30257a0    00000020     dsp_pe674.oe674 (.text:ti_sdo_ipc_GateMP_RemoteCustom1Proxy_Params__init__S)
                  c30257c0    00000020     dsp_pe674.oe674 (.text:ti_sdo_ipc_GateMP_RemoteCustom1Proxy_Proxy__abstract__S)
                  c30257e0    00000020     dsp_pe674.oe674 (.text:ti_sdo_ipc_GateMP_RemoteCustom1Proxy_Proxy__delegate__S)
                  c3025800    00000020     dsp_pe674.oe674 (.text:ti_sdo_ipc_GateMP_RemoteCustom1Proxy_getReservedMask__E)
                  c3025820    00000020     dsp_pe674.oe674 (.text:ti_sdo_ipc_GateMP_RemoteCustom1Proxy_sharedMemReq__E)
                  c3025840    00000020     dsp_pe674.oe674 (.text:ti_sdo_ipc_GateMP_RemoteCustom2Proxy_Object__create__S)
                  c3025860    00000020     dsp_pe674.oe674 (.text:ti_sdo_ipc_GateMP_RemoteCustom2Proxy_Object__delete__S)
                  c3025880    00000020     dsp_pe674.oe674 (.text:ti_sdo_ipc_GateMP_RemoteCustom2Proxy_Params__init__S)
                  c30258a0    00000020     dsp_pe674.oe674 (.text:ti_sdo_ipc_GateMP_RemoteCustom2Proxy_Proxy__abstract__S)
                  c30258c0    00000020     dsp_pe674.oe674 (.text:ti_sdo_ipc_GateMP_RemoteCustom2Proxy_Proxy__delegate__S)
                  c30258e0    00000020     dsp_pe674.oe674 (.text:ti_sdo_ipc_GateMP_RemoteCustom2Proxy_getReservedMask__E)
                  c3025900    00000020     dsp_pe674.oe674 (.text:ti_sdo_ipc_GateMP_RemoteCustom2Proxy_sharedMemReq__E)
                  c3025920    00000020     dsp_pe674.oe674 (.text:ti_sdo_ipc_GateMP_RemoteSystemProxy_Object__create__S)
                  c3025940    00000020     dsp_pe674.oe674 (.text:ti_sdo_ipc_GateMP_RemoteSystemProxy_Object__delete__S)
                  c3025960    00000020     dsp_pe674.oe674 (.text:ti_sdo_ipc_GateMP_RemoteSystemProxy_Params__init__S)
                  c3025980    00000020     dsp_pe674.oe674 (.text:ti_sdo_ipc_GateMP_RemoteSystemProxy_Proxy__abstract__S)
                  c30259a0    00000020     dsp_pe674.oe674 (.text:ti_sdo_ipc_GateMP_RemoteSystemProxy_Proxy__delegate__S)
                  c30259c0    00000020     dsp_pe674.oe674 (.text:ti_sdo_ipc_GateMP_RemoteSystemProxy_getReservedMask__E)
                  c30259e0    00000020     dsp_pe674.oe674 (.text:ti_sdo_ipc_GateMP_RemoteSystemProxy_sharedMemReq__E)
                  c3025a00    00000020     dsp_pe674.oe674 (.text:ti_sdo_ipc_GateMP_attach__E)
                  c3025a20    00000020     dsp_pe674.oe674 (.text:ti_sdo_ipc_GateMP_detach__E)
                  c3025a40    00000020     dsp_pe674.oe674 (.text:ti_sdo_ipc_GateMP_getRegion0ReservedSize__E)
                  c3025a60    00000020     dsp_pe674.oe674 (.text:ti_sdo_ipc_GateMP_getSharedAddr__E)
                  c3025a80    00000020     ipc.ae674 : Ipc.obj (.text:ti_sdo_ipc_GateMP_getSharedAddr__F)
                  c3025aa0    00000020     dsp_pe674.oe674 (.text:ti_sdo_ipc_GateMP_start__E)
                  c3025ac0    00000020     dsp_pe674.oe674 (.text:ti_sdo_ipc_GateMP_stop__E)
                  c3025ae0    00000020     dsp_pe674.oe674 (.text:ti_sdo_ipc_ListMP_Params__init__S)
                  c3025b00    00000020     dsp_pe674.oe674 (.text:ti_sdo_ipc_MessageQ_Module_startup__E)
                  c3025b20    00000020     dsp_pe674.oe674 (.text:ti_sdo_ipc_MessageQ_Object__get__S)
                  c3025b40    00000020     dsp_pe674.oe674 (.text:ti_sdo_ipc_MessageQ_Params__init__S)
                  c3025b60    00000020     dsp_pe674.oe674 (.text:ti_sdo_ipc_MessageQ_SetupTransportProxy_attach__E)
                  c3025b80    00000020     dsp_pe674.oe674 (.text:ti_sdo_ipc_MessageQ_SetupTransportProxy_detach__E)
                  c3025ba0    00000020     dsp_pe674.oe674 (.text:ti_sdo_ipc_MessageQ_SetupTransportProxy_isRegistered__E)
                  c3025bc0    00000020     dsp_pe674.oe674 (.text:ti_sdo_ipc_MessageQ_SetupTransportProxy_sharedMemReq__E)
                  c3025be0    00000020     dsp_pe674.oe674 (.text:ti_sdo_ipc_MessageQ_registerTransport__E)
                  c3025c00    00000020     dsp_pe674.oe674 (.text:ti_sdo_ipc_MessageQ_unregisterTransport__E)
                  c3025c20    00000020     dsp_pe674.oe674 (.text:ti_sdo_ipc_Notify_Module_GateProxy_enter__E)
                  c3025c40    00000020     dsp_pe674.oe674 (.text:ti_sdo_ipc_Notify_Module_GateProxy_leave__E)
                  c3025c60    00000020     dsp_pe674.oe674 (.text:ti_sdo_ipc_Notify_Module_startup__E)
                  c3025c80    00000020     dsp_pe674.oe674 (.text:ti_sdo_ipc_Notify_SetupProxy_attach__E)
                  c3025ca0    00000020     dsp_pe674.oe674 (.text:ti_sdo_ipc_Notify_SetupProxy_numIntLines__E)
                  c3025cc0    00000020     dsp_pe674.oe674 (.text:ti_sdo_ipc_Notify_SetupProxy_sharedMemReq__E)
                  c3025ce0    00000020     dsp_pe674.oe674 (.text:ti_sdo_ipc_Notify_detach__E)
                  c3025d00    00000020     dsp_pe674.oe674 (.text:ti_sdo_ipc_Notify_exec__E)
                  c3025d20    00000020     dsp_pe674.oe674 (.text:ti_sdo_ipc_SharedRegion_attach__E)
                  c3025d40    00000020     dsp_pe674.oe674 (.text:ti_sdo_ipc_SharedRegion_clearReservedMemory__E)
                  c3025d60    00000020     dsp_pe674.oe674 (.text:ti_sdo_ipc_SharedRegion_detach__E)
                  c3025d80    00000020     dsp_pe674.oe674 (.text:ti_sdo_ipc_SharedRegion_reserveMemory__E)
                  c3025da0    00000020     dsp_pe674.oe674 (.text:ti_sdo_ipc_SharedRegion_resetInternalFields__E)
                  c3025dc0    00000020     dsp_pe674.oe674 (.text:ti_sdo_ipc_SharedRegion_start__E)
                  c3025de0    00000020     dsp_pe674.oe674 (.text:ti_sdo_ipc_SharedRegion_stop__E)
                  c3025e00    00000020     ipc.ae674 : Ipc.obj (.text:ti_sdo_ipc_family_da830_InterruptDsp_intDisable__E)
                  c3025e20    00000020               : Ipc.obj (.text:ti_sdo_ipc_family_da830_InterruptDsp_intEnable__E)
                  c3025e40    00000020               : Ipc.obj (.text:ti_sdo_ipc_family_da830_InterruptDsp_intUnregister__E)
                  c3025e60    00000020               : Ipc.obj (.text:ti_sdo_ipc_family_da830_NotifySetup_numIntLines__E)
                  c3025e80    00000020               : Ipc.obj (.text:ti_sdo_ipc_gates_GateMPSupportNull_Instance_init__F)
                  c3025ea0    00000020     dsp_pe674.oe674 (.text:ti_sdo_ipc_gates_GateMPSupportNull_Params__init__S)
                  c3025ec0    00000020     ipc.ae674 : Ipc.obj (.text:ti_sdo_ipc_gates_GateMPSupportNull_enter__E)
                  c3025ee0    00000020               : Ipc.obj (.text:ti_sdo_ipc_gates_GateMPSupportNull_getReservedMask__E)
                  c3025f00    00000020               : Ipc.obj (.text:ti_sdo_ipc_gates_GateMPSupportNull_leave__E)
                  c3025f20    00000020     dsp_pe674.oe674 (.text:ti_sdo_ipc_gates_GateMPSupportNull_query__E)
                  c3025f40    00000020     ipc.ae674 : Ipc.obj (.text:ti_sdo_ipc_gates_GateMPSupportNull_query__F)
                  c3025f60    00000020               : Ipc.obj (.text:ti_sdo_ipc_gates_GateMPSupportNull_sharedMemReq__E)
                  c3025f80    00000020     dsp_pe674.oe674 (.text:ti_sdo_ipc_gates_GatePeterson_Params__init__S)
                  c3025fa0    00000020     ipc.ae674 : Ipc.obj (.text:ti_sdo_ipc_gates_GatePeterson_getReservedMask__E)
                  c3025fc0    00000020     dsp_pe674.oe674 (.text:ti_sdo_ipc_gates_GatePeterson_query__E)
                  c3025fe0    00000020     ipc.ae674 : Ipc.obj (.text:ti_sdo_ipc_gates_GatePeterson_query__F)
                  c3026000    00000020     dsp_pe674.oe674 (.text:ti_sdo_ipc_heaps_HeapBufMP_Params__init__S)
                  c3026020    00000020     dsp_pe674.oe674 (.text:ti_sdo_ipc_heaps_HeapBufMP_getStats__E)
                  c3026040    00000020     dsp_pe674.oe674 (.text:ti_sdo_ipc_heaps_HeapBufMP_isBlocking__E)
                  c3026060    00000020     ipc.ae674 : Ipc.obj (.text:ti_sdo_ipc_heaps_HeapBufMP_isBlocking__F)
                  c3026080    00000020     dsp_pe674.oe674 (.text:ti_sdo_ipc_heaps_HeapMemMP_Params__init__S)
                  c30260a0    00000020     dsp_pe674.oe674 (.text:ti_sdo_ipc_heaps_HeapMemMP_isBlocking__E)
                  c30260c0    00000020     ipc.ae674 : Ipc.obj (.text:ti_sdo_ipc_heaps_HeapMemMP_isBlocking__F)
                  c30260e0    00000020     dsp_pe674.oe674 (.text:ti_sdo_ipc_notifyDrivers_NotifyDriverShm_InterruptProxy_intClear__E)
                  c3026100    00000020     dsp_pe674.oe674 (.text:ti_sdo_ipc_notifyDrivers_NotifyDriverShm_InterruptProxy_intDisable__E)
                  c3026120    00000020     dsp_pe674.oe674 (.text:ti_sdo_ipc_notifyDrivers_NotifyDriverShm_InterruptProxy_intEnable__E)
                  c3026140    00000020     dsp_pe674.oe674 (.text:ti_sdo_ipc_notifyDrivers_NotifyDriverShm_InterruptProxy_intRegister__E)
                  c3026160    00000020     dsp_pe674.oe674 (.text:ti_sdo_ipc_notifyDrivers_NotifyDriverShm_InterruptProxy_intSend__E)
                  c3026180    00000020     dsp_pe674.oe674 (.text:ti_sdo_ipc_notifyDrivers_NotifyDriverShm_InterruptProxy_intUnregister__E)
                  c30261a0    00000020     dsp_pe674.oe674 (.text:ti_sdo_ipc_notifyDrivers_NotifyDriverShm_Params__init__S)
                  c30261c0    00000020     ipc.ae674 : Ipc.obj (.text:ti_sdo_ipc_notifyDrivers_NotifyDriverShm_disable__E)
                  c30261e0    00000020               : Ipc.obj (.text:ti_sdo_ipc_notifyDrivers_NotifyDriverShm_enable__E)
                  c3026200    00000020     dsp_pe674.oe674 (.text:ti_sdo_ipc_notifyDrivers_NotifyDriverShm_sharedMemReq__E)
                  c3026220    00000020     dsp_pe674.oe674 (.text:ti_sdo_ipc_nsremote_NameServerRemoteNotify_Object__first__S)
                  c3026240    00000020     dsp_pe674.oe674 (.text:ti_sdo_ipc_nsremote_NameServerRemoteNotify_Object__next__S)
                  c3026260    00000020     dsp_pe674.oe674 (.text:ti_sdo_ipc_nsremote_NameServerRemoteNotify_Params__init__S)
                  c3026280    00000020     ipc.ae674 : Ipc.obj (.text:ti_sdo_ipc_nsremote_NameServerRemoteNotify_cbFxn__I)
                  c30262a0    00000020     dsp_pe674.oe674 (.text:ti_sdo_ipc_nsremote_NameServerRemoteNotify_get__E)
                  c30262c0    00000020     ipc.ae674 : Ipc.obj (.text:ti_sdo_ipc_transports_TransportShmSetup_isRegistered__E)
                  c30262e0    00000020     dsp_pe674.oe674 (.text:ti_sdo_ipc_transports_TransportShm_Params__init__S)
                  c3026300    00000020     dsp_pe674.oe674 (.text:ti_sdo_ipc_transports_TransportShm_close__E)
                  c3026320    00000020     ipc.ae674 : Ipc.obj (.text:ti_sdo_ipc_transports_TransportShm_close__F)
                  c3026340    00000020               : Ipc.obj (.text:ti_sdo_ipc_transports_TransportShm_control__E)
                  c3026360    00000020               : Ipc.obj (.text:ti_sdo_ipc_transports_TransportShm_getStatus__E)
                  c3026380    00000020               : Ipc.obj (.text:ti_sdo_ipc_transports_TransportShm_notifyFxn__I)
                  c30263a0    00000020     dsp_pe674.oe674 (.text:ti_sdo_ipc_transports_TransportShm_openByAddr__E)
                  c30263c0    00000020     dsp_pe674.oe674 (.text:ti_sdo_ipc_transports_TransportShm_setErrFxn__E)
                  c30263e0    00000020     ipc.ae674 : Ipc.obj (.text:ti_sdo_ipc_transports_TransportShm_setErrFxn__F)
                  c3026400    00000020     dsp_pe674.oe674 (.text:ti_sdo_ipc_transports_TransportShm_sharedMemReq__E)
                  c3026420    00000020     ipc.ae674 : Ipc.obj (.text:ti_sdo_utils_List_Instance_init__F)
                  c3026440    00000020     dsp_pe674.oe674 (.text:ti_sdo_utils_List_Object__destruct__S)
                  c3026460    00000020     dsp_pe674.oe674 (.text:ti_sdo_utils_List_Object__get__S)
                  c3026480    00000020     dsp_pe674.oe674 (.text:ti_sdo_utils_MultiProc_getClusterId__E)
                  c30264a0    00000020     ipc.ae674 : Ipc.obj (.text:ti_sdo_utils_MultiProc_getClusterId__F)
                  c30264c0    00000020     dsp_pe674.oe674 (.text:ti_sdo_utils_NameServer_Module__startupDone__S)
                  c30264e0    00000020     dsp_pe674.oe674 (.text:ti_sdo_utils_NameServer_Module_startup__E)
                  c3026500    00000020     dsp_pe674.oe674 (.text:ti_sdo_utils_NameServer_Object__first__S)
                  c3026520    00000020     dsp_pe674.oe674 (.text:ti_sdo_utils_NameServer_Object__next__S)
                  c3026540    00000020     dsp_pe674.oe674 (.text:ti_sdo_utils_NameServer_SetupProxy_attach__E)
                  c3026560    00000020     dsp_pe674.oe674 (.text:ti_sdo_utils_NameServer_SetupProxy_detach__E)
                  c3026580    00000020     dsp_pe674.oe674 (.text:ti_sdo_utils_NameServer_SetupProxy_sharedMemReq__E)
                  c30265a0    00000020     dsp_pe674.oe674 (.text:ti_sysbios_BIOS_RtsGateProxy_enter__E)
                  c30265c0    00000020     dsp_pe674.oe674 (.text:ti_sysbios_BIOS_RtsGateProxy_leave__E)
                  c30265e0    00000020     sysbios.ae674 : BIOS.obj (.text:ti_sysbios_BIOS_getThreadType__E)
                  c3026600    00000020                   : BIOS.obj (.text:ti_sysbios_BIOS_nullFunc__I)
                  c3026620    00000020                   : BIOS.obj (.text:ti_sysbios_BIOS_setThreadType__E)
                  c3026640    00000020                   : BIOS.obj (.text:ti_sysbios_BIOS_start__E)
                  c3026660    00000020     dsp_pe674.oe674 (.text:ti_sysbios_family_c62_TaskSupport_Module__startupDone__S)
                  c3026680    00000020     sysbios.ae674 : BIOS.obj (.text:ti_sysbios_family_c62_TaskSupport_checkStack__E)
                  c30266a0    00000020                   : BIOS.obj (.text:ti_sysbios_family_c62_TaskSupport_getStackAlignment__E)
                  c30266c0    00000020     dsp_pe674.oe674 (.text:ti_sysbios_family_c64p_Cache_Module_startup__E)
                  c30266e0    00000020     sysbios.ae674 : BIOS.obj (.text:ti_sysbios_family_c64p_Cache_invL1pAll__E)
                  c3026700    00000020                   : BIOS.obj (.text:ti_sysbios_family_c64p_Cache_inv__E)
                  c3026720    00000020                   : BIOS.obj (.text:ti_sysbios_family_c64p_Cache_wbInv__E)
                  c3026740    00000020                   : BIOS.obj (.text:ti_sysbios_family_c64p_Cache_wb__E)
                  c3026760    00000020     dsp_pe674.oe674 (.text:ti_sysbios_family_c64p_Exception_Module_startup__E)
                  c3026780    00000020     dsp_pe674.oe674 (.text:ti_sysbios_family_c64p_Hwi_Module__startupDone__S)
                  c30267a0    00000020     dsp_pe674.oe674 (.text:ti_sysbios_family_c64p_Hwi_Module_startup__E)
                  c30267c0    00000020     dsp_pe674.oe674 (.text:ti_sysbios_family_c64p_Hwi_Params__init__S)
                  c30267e0    00000020     sysbios.ae674 : BIOS.obj (.text:ti_sysbios_family_c64p_Hwi_clearInterrupt__E)
                  c3026800    00000020                   : BIOS.obj (.text:ti_sysbios_family_c64p_Hwi_getHandle__E)
                  c3026820    00000020                   : BIOS.obj (.text:ti_sysbios_family_c64p_Hwi_startup__E)
                  c3026840    00000020                   : BIOS.obj (.text:ti_sysbios_family_c64p_Hwi_switchFromBootStack__E)
                  c3026860    00000020                   : BIOS.obj (.text:ti_sysbios_family_c64p_Hwi_unPluggedInterrupt__I)
                  c3026880    00000020     dsp_pe674.oe674 (.text:ti_sysbios_family_c64p_TimestampProvider_Module_startup__E)
                  c30268a0    00000020     sysbios.ae674 : BIOS.obj (.text:ti_sysbios_family_c64p_TimestampProvider_Module_startup__F)
                  c30268c0    00000020                   : BIOS.obj (.text:ti_sysbios_family_c64p_TimestampProvider_get64__E)
                  c30268e0    00000020                   : BIOS.obj (.text:ti_sysbios_gates_GateAll_Instance_init__F)
                  c3026900    00000020     dsp_pe674.oe674 (.text:ti_sysbios_gates_GateAll_query__E)
                  c3026920    00000020     sysbios.ae674 : BIOS.obj (.text:ti_sysbios_gates_GateAll_query__F)
                  c3026940    00000020                   : BIOS.obj (.text:ti_sysbios_gates_GateHwi_Instance_init__F)
                  c3026960    00000020                   : BIOS.obj (.text:ti_sysbios_gates_GateHwi_enter__E)
                  c3026980    00000020                   : BIOS.obj (.text:ti_sysbios_gates_GateHwi_leave__E)
                  c30269a0    00000020     dsp_pe674.oe674 (.text:ti_sysbios_gates_GateHwi_query__E)
                  c30269c0    00000020     sysbios.ae674 : BIOS.obj (.text:ti_sysbios_gates_GateHwi_query__F)
                  c30269e0    00000020                   : BIOS.obj (.text:ti_sysbios_gates_GateMutexPri_Instance_finalize__F)
                  c3026a00    00000020     dsp_pe674.oe674 (.text:ti_sysbios_gates_GateMutexPri_query__E)
                  c3026a20    00000020     sysbios.ae674 : BIOS.obj (.text:ti_sysbios_gates_GateMutexPri_query__F)
                  c3026a40    00000020                   : BIOS.obj (.text:ti_sysbios_gates_GateMutex_Instance_finalize__F)
                  c3026a60    00000020     dsp_pe674.oe674 (.text:ti_sysbios_gates_GateMutex_query__E)
                  c3026a80    00000020     sysbios.ae674 : BIOS.obj (.text:ti_sysbios_gates_GateMutex_query__F)
                  c3026aa0    00000020                   : BIOS.obj (.text:ti_sysbios_gates_GateSwi_Instance_init__F)
                  c3026ac0    00000020                   : BIOS.obj (.text:ti_sysbios_gates_GateSwi_enter__E)
                  c3026ae0    00000020                   : BIOS.obj (.text:ti_sysbios_gates_GateSwi_leave__E)
                  c3026b00    00000020     dsp_pe674.oe674 (.text:ti_sysbios_gates_GateSwi_query__E)
                  c3026b20    00000020     sysbios.ae674 : BIOS.obj (.text:ti_sysbios_gates_GateSwi_query__F)
                  c3026b40    00000020     dsp_pe674.oe674 (.text:ti_sysbios_hal_Cache_CacheProxy_inv__E)
                  c3026b60    00000020     dsp_pe674.oe674 (.text:ti_sysbios_hal_Cache_CacheProxy_wbInv__E)
                  c3026b80    00000020     dsp_pe674.oe674 (.text:ti_sysbios_hal_Cache_CacheProxy_wb__E)
                  c3026ba0    00000020     sysbios.ae674 : BIOS.obj (.text:ti_sysbios_hal_Cache_inv__E)
                  c3026bc0    00000020                   : BIOS.obj (.text:ti_sysbios_hal_Cache_wbInv__E)
                  c3026be0    00000020                   : BIOS.obj (.text:ti_sysbios_hal_Cache_wb__E)
                  c3026c00    00000020     dsp_pe674.oe674 (.text:ti_sysbios_hal_Hwi_HwiProxy_Module__startupDone__S)
                  c3026c20    00000020     dsp_pe674.oe674 (.text:ti_sysbios_hal_Hwi_HwiProxy_Object__create__S)
                  c3026c40    00000020     dsp_pe674.oe674 (.text:ti_sysbios_hal_Hwi_HwiProxy_Object__delete__S)
                  c3026c60    00000020     dsp_pe674.oe674 (.text:ti_sysbios_hal_Hwi_HwiProxy_clearInterrupt__E)
                  c3026c80    00000020     dsp_pe674.oe674 (.text:ti_sysbios_hal_Hwi_HwiProxy_disableInterrupt__E)
                  c3026ca0    00000020     dsp_pe674.oe674 (.text:ti_sysbios_hal_Hwi_HwiProxy_enableInterrupt__E)
                  c3026cc0    00000020     dsp_pe674.oe674 (.text:ti_sysbios_hal_Hwi_HwiProxy_getStackInfo__E)
                  c3026ce0    00000020     dsp_pe674.oe674 (.text:ti_sysbios_hal_Hwi_HwiProxy_startup__E)
                  c3026d00    00000020     dsp_pe674.oe674 (.text:ti_sysbios_hal_Hwi_HwiProxy_switchFromBootStack__E)
                  c3026d20    00000020     sysbios.ae674 : BIOS.obj (.text:ti_sysbios_hal_Hwi_Instance_finalize__F)
                  c3026d40    00000020     dsp_pe674.oe674 (.text:ti_sysbios_hal_Hwi_Module_startup__E)
                  c3026d60    00000020     sysbios.ae674 : BIOS.obj (.text:ti_sysbios_hal_Hwi_Module_startup__F)
                  c3026d80    00000020     dsp_pe674.oe674 (.text:ti_sysbios_hal_Hwi_Params__init__S)
                  c3026da0    00000020     sysbios.ae674 : BIOS.obj (.text:ti_sysbios_hal_Hwi_enableInterrupt__E)
                  c3026dc0    00000020                   : BIOS.obj (.text:ti_sysbios_hal_Hwi_startup__E)
                  c3026de0    00000020     dsp_pe674.oe674 (.text:ti_sysbios_hal_Timer_Module__startupDone__S)
                  c3026e00    00000020     dsp_pe674.oe674 (.text:ti_sysbios_hal_Timer_Module_startup__E)
                  c3026e20    00000020     sysbios.ae674 : BIOS.obj (.text:ti_sysbios_hal_Timer_Module_startup__F)
                  c3026e40    00000020     dsp_pe674.oe674 (.text:ti_sysbios_hal_Timer_TimerProxy_Module__startupDone__S)
                  c3026e60    00000020     dsp_pe674.oe674 (.text:ti_sysbios_hal_Timer_TimerProxy_getExpiredCounts__E)
                  c3026e80    00000020     dsp_pe674.oe674 (.text:ti_sysbios_hal_Timer_TimerProxy_getPeriod__E)
                  c3026ea0    00000020     dsp_pe674.oe674 (.text:ti_sysbios_hal_Timer_TimerProxy_setNextTick__E)
                  c3026ec0    00000020     dsp_pe674.oe674 (.text:ti_sysbios_hal_Timer_TimerProxy_startup__E)
                  c3026ee0    00000020     sysbios.ae674 : BIOS.obj (.text:ti_sysbios_hal_Timer_startup__E)
                  c3026f00    00000020     dsp_pe674.oe674 (.text:ti_sysbios_heaps_HeapMem_Module_GateProxy_enter__E)
                  c3026f20    00000020     dsp_pe674.oe674 (.text:ti_sysbios_heaps_HeapMem_Module_GateProxy_leave__E)
                  c3026f40    00000020     dsp_pe674.oe674 (.text:ti_sysbios_heaps_HeapMem_Module_GateProxy_query__E)
                  c3026f60    00000020     sysbios.ae674 : BIOS.obj (.text:ti_sysbios_heaps_HeapMem_isBlocking__E)
                  c3026f80    00000020     dsp_pe674.oe674 (.text:ti_sysbios_knl_Clock_Module_startup__E)
                  c3026fa0    00000020     dsp_pe674.oe674 (.text:ti_sysbios_knl_Clock_Params__init__S)
                  c3026fc0    00000020     sysbios.ae674 : BIOS.obj (.text:ti_sysbios_knl_Clock_logTick__E)
                  c3026fe0    00000020                   : BIOS.obj (.text:ti_sysbios_knl_Idle_loop__E)
                  c3027000    00000020                   : BIOS.obj (.text:ti_sysbios_knl_Queue_Instance_init__F)
                  c3027020    00000020     dsp_pe674.oe674 (.text:ti_sysbios_knl_Queue_Object__destruct__S)
                  c3027040    00000020     dsp_pe674.oe674 (.text:ti_sysbios_knl_Queue_Object__get__S)
                  c3027060    00000020     sysbios.ae674 : BIOS.obj (.text:ti_sysbios_knl_Queue_empty__E)
                  c3027080    00000020                   : BIOS.obj (.text:ti_sysbios_knl_Semaphore_Instance_finalize__F)
                  c30270a0    00000020     dsp_pe674.oe674 (.text:ti_sysbios_knl_Semaphore_Params__init__S)
                  c30270c0    00000020     sysbios.ae674 : BIOS.obj (.text:ti_sysbios_knl_Swi_Instance_finalize__F)
                  c30270e0    00000020     dsp_pe674.oe674 (.text:ti_sysbios_knl_Swi_Module_startup__E)
                  c3027100    00000020     dsp_pe674.oe674 (.text:ti_sysbios_knl_Swi_Params__init__S)
                  c3027120    00000020     sysbios.ae674 : BIOS.obj (.text:ti_sysbios_knl_Swi_disable__E)
                  c3027140    00000020                   : BIOS.obj (.text:ti_sysbios_knl_Swi_startup__E)
                  c3027160    00000020     dsp_pe674.oe674 (.text:ti_sysbios_knl_Task_Module_startup__E)
                  c3027180    00000020     dsp_pe674.oe674 (.text:ti_sysbios_knl_Task_Object__first__S)
                  c30271a0    00000020     dsp_pe674.oe674 (.text:ti_sysbios_knl_Task_Object__next__S)
                  c30271c0    00000020     dsp_pe674.oe674 (.text:ti_sysbios_knl_Task_Params__init__S)
                  c30271e0    00000020     dsp_pe674.oe674 (.text:ti_sysbios_knl_Task_SupportProxy_Module__startupDone__S)
                  c3027200    00000020     dsp_pe674.oe674 (.text:ti_sysbios_knl_Task_SupportProxy_checkStack__E)
                  c3027220    00000020     dsp_pe674.oe674 (.text:ti_sysbios_knl_Task_SupportProxy_getStackAlignment__E)
                  c3027240    00000020     dsp_pe674.oe674 (.text:ti_sysbios_knl_Task_SupportProxy_start__E)
                  c3027260    00000020     dsp_pe674.oe674 (.text:ti_sysbios_knl_Task_SupportProxy_swap__E)
                  c3027280    00000020     sysbios.ae674 : BIOS.obj (.text:ti_sysbios_knl_Task_disable__E)
                  c30272a0    00000020                   : BIOS.obj (.text:ti_sysbios_knl_Task_getPri__E)
                  c30272c0    00000020                   : BIOS.obj (.text:ti_sysbios_knl_Task_self__E)
                  c30272e0    00000020                   : BIOS.obj (.text:ti_sysbios_knl_Task_startup__E)
                  c3027300    00000020                   : BIOS.obj (.text:ti_sysbios_syncs_SyncSem_Instance_finalize__F)
                  c3027320    00000020     dsp_pe674.oe674 (.text:ti_sysbios_syncs_SyncSem_query__E)
                  c3027340    00000020     sysbios.ae674 : BIOS.obj (.text:ti_sysbios_syncs_SyncSem_query__F)
                  c3027360    00000020     dsp_pe674.oe674 (.text:ti_sysbios_syncs_SyncSem_signal__E)
                  c3027380    00000020     sysbios.ae674 : BIOS.obj (.text:ti_sysbios_syncs_SyncSem_signal__F)
[...]
c303a32e   ti_sdo_ipc_gates_GatePeterson_Module__id__C
c303a33e   ti_sdo_ipc_heaps_HeapBufMP_Module__id__C
c303a34e   ti_sdo_ipc_heaps_HeapBufMP_trackAllocs__C
c303a35c   ti_sdo_ipc_GateMP_E_localGate__C
c303a360   ti_sdo_ipc_Ipc_userFxns__A
c303a36c   ti_sysbios_family_c64p_Cache_initSize__C
c303a384   ti_sdo_ipc_Ipc_E_internal__C
c303a394   ti_sdo_ipc_Ipc_E_nameFailed__C
c303a3a4   ti_sdo_ipc_Ipc_E_versionMismatch__C
c303a3b4   ti_sdo_ipc_Ipc_numUserFxns__C
c303a3c4   ti_sdo_ipc_Ipc_procSync__C
c303a3d2   ti_sdo_ipc_heaps_HeapMemMP_Module__id__C
c303a3d4   ti_sdo_ipc_Ipc_userFxns__C
c303a3e2   ti_sdo_ipc_nsremote_NameServerRemoteNotify_Module__id__C
c303a3e4   ti_sdo_ipc_MessageQ_E_indexNotAvailable__C
c303a3f2   ti_sdo_ipc_transports_TransportShm_Module__id__C
c303a3f4   ti_sdo_ipc_MessageQ_E_maxReached__C
c303a402   ti_sdo_ipc_transports_TransportShm_notifyEventId__C
c303a404   ti_sdo_ipc_MessageQ_E_nameFailed__C
c303a412   ti_sdo_utils_MultiProc_numProcessors__C
c303a414   ti_sdo_ipc_MessageQ_Instance_State_highList__O
c303a422   ti_sdo_utils_MultiProc_numProcsInCluster__C
c303a424   ti_sdo_ipc_MessageQ_Instance_State_normalList__O
c303a432   ti_sdo_utils_NameServer_Module__id__C
c303a434   ti_sdo_ipc_MessageQ_Object__count__C
c303a450   ti_sdo_utils_MultiProc_nameList__A
c303a458   ti_sysbios_knl_Idle_coreList__C
c303a460   ti_sysbios_knl_Idle_funcList__C
c303a468   ti_sysbios_knl_Task_hooks__C
c303a470   xdc_runtime_Startup_firstFxns__A
c303a478   xdc_runtime_Startup_firstFxns__C
c303a480   xdc_runtime_Startup_lastFxns__C
c303a488   ti_sdo_ipc_MessageQ_Object__heap__C
c303a48c   ti_sdo_ipc_MessageQ_maxRuntimeEntries__C
c303a490   ti_sdo_ipc_MessageQ_numReservedEntries__C
c303a494   ti_sdo_ipc_Notify_Module__gateObj__C
c303a498   ti_sdo_ipc_Notify_Object__heap__C
c303a49c   ti_sdo_ipc_Notify_numEvents__C
c303a4a0   ti_sdo_ipc_Notify_sendEventPollCount__C
c303a4a4   ti_sdo_ipc_SharedRegion_INVALIDSRPTR__C
c303a4a8   ti_sdo_ipc_SharedRegion_numOffsetBits__C
c303a4ac   ti_sdo_ipc_SharedRegion_offsetMask__C
c303a4b0   ti_sdo_ipc_family_da830_NotifySetup_armRecvIntId0__C
c303a4b4   ti_sdo_ipc_family_da830_NotifySetup_armRecvIntId1__C
c303a4b8   ti_sdo_ipc_family_da830_NotifySetup_dspIntVectId0__C
c303a4bc   ti_sdo_ipc_family_da830_NotifySetup_dspIntVectId1__C
c303a4c0   ti_sdo_ipc_family_da830_NotifySetup_dspRecvIntId0__C
c303a4c4   ti_sdo_ipc_family_da830_NotifySetup_dspRecvIntId1__C
c303a4c8   ti_sdo_ipc_gates_GatePeterson_E_gateRemotelyOpened__C
c303a4cc   ti_sdo_ipc_heaps_HeapBufMP_E_alignTooLarge__C
c303a4d0   ti_sdo_ipc_heaps_HeapBufMP_E_exactFail__C
c303a4d4   ti_sdo_ipc_heaps_HeapBufMP_E_noBlocksLeft__C
c303a4d8   ti_sdo_ipc_heaps_HeapBufMP_E_sizeTooLarge__C
c303a4dc   ti_sdo_ipc_heaps_HeapMemMP_E_memory__C
c303a4e0   ti_sdo_ipc_interfaces_IGateMPSupport_Interface__BASE__C
c303a4e4   ti_sdo_ipc_interfaces_IMessageQTransport_Interface__BASE__C
c303a4e8   ti_sdo_ipc_interfaces_INotifyDriver_Interface__BASE__C
c303a4ec   ti_sdo_ipc_notifyDrivers_NotifyDriverShm_Object__heap__C
c303a4f0   ti_sdo_ipc_nsremote_NameServerRemoteNotify_Instance_State_semMultiBlock__O
c303a4f4   ti_sdo_ipc_nsremote_NameServerRemoteNotify_Instance_State_semRemoteWait__O
c303a4f8   ti_sdo_ipc_nsremote_NameServerRemoteNotify_Instance_State_swiObj__O
c303a4fc   ti_sdo_ipc_nsremote_NameServerRemoteNotify_notifyEventId__C
c303a500   ti_sdo_ipc_nsremote_NameServerRemoteNotify_timeout__C
c303a504   ti_sdo_ipc_transports_TransportShmSetup_priority__C
c303a508   ti_sdo_ipc_transports_TransportShm_Instance_State_swiObj__O
c303a50c   ti_sdo_utils_INameServerRemote_Interface__BASE__C
c303a510   ti_sdo_utils_MultiProc_nameList__C
c303a514   ti_sdo_utils_MultiProc_procIdList__C
c303a518   ti_sdo_utils_MultiProc_procIdList__A
c303a51c   ti_sdo_utils_NameServer_E_entryExists__C
c303a520   ti_sdo_utils_NameServer_E_maxReached__C
c303a524   ti_sdo_utils_NameServer_Instance_State_freeList__O
c303a528   ti_sdo_utils_NameServer_Instance_State_nameList__O
c303a52c   ti_sdo_utils_NameServer_Object__count__C
c303a530   ti_sysbios_BIOS_installedErrorHook__C
c303a534   ti_sysbios_family_c62_TaskSupport_stackAlignment__C
c303a538   ti_sysbios_family_c64p_Cache_EMIFA_BASE__C
c303a53c   ti_sysbios_family_c64p_Cache_EMIFA_CFG__C
c303a540   ti_sysbios_family_c64p_Cache_EMIFA_LENGTH__C
c303a544   ti_sysbios_family_c64p_Cache_EMIFB_BASE__C
c303a548   ti_sysbios_family_c64p_Cache_EMIFB_CFG__C
c303a54c   ti_sysbios_family_c64p_Cache_EMIFB_LENGTH__C
c303a550   ti_sysbios_family_c64p_Cache_EMIFC_BASE__C
c303a554   ti_sysbios_family_c64p_Cache_EMIFC_CFG__C
c303a558   ti_sysbios_family_c64p_Cache_EMIFC_LENGTH__C
c303a55c   ti_sysbios_family_c64p_Cache_MAR0_31__C
c303a560   ti_sysbios_family_c64p_Cache_MAR128_159__C
c303a564   ti_sysbios_family_c64p_Cache_MAR160_191__C
c303a568   ti_sysbios_family_c64p_Cache_MAR192_223__C
c303a56c   ti_sysbios_family_c64p_Cache_MAR224_255__C
c303a570   ti_sysbios_family_c64p_Cache_MAR32_63__C
c303a574   ti_sysbios_family_c64p_Cache_MAR64_95__C
c303a578   ti_sysbios_family_c64p_Cache_MAR96_127__C
c303a57c   ti_sysbios_family_c64p_Exception_E_exceptionMax__C
c303a580   ti_sysbios_family_c64p_Exception_E_exceptionMin__C
c303a584   ti_sysbios_family_c64p_Exception_exceptionHook__C
c303a588   ti_sysbios_family_c64p_Exception_externalHook__C
c303a58c   ti_sysbios_family_c64p_Exception_internalHook__C
c303a590   ti_sysbios_family_c64p_Exception_nmiHook__C
c303a594   ti_sysbios_family_c64p_Hwi_E_alreadyDefined__C
c303a598   ti_sysbios_family_c64p_Hwi_E_handleNotFound__C
c303a59c   ti_sysbios_gates_GateMutexPri_Instance_State_pendQ__O
c303a5a0   ti_sysbios_gates_GateMutex_Instance_State_sem__O
c303a5a4   ti_sysbios_hal_Hwi_E_stackOverflow__C
c303a5a8   ti_sysbios_heaps_HeapMem_E_memory__C
c303a5ac   ti_sysbios_heaps_HeapMem_Module__gateObj__C
c303a5b0   ti_sysbios_heaps_HeapMem_Object__count__C
c303a5b4   ti_sysbios_heaps_HeapMem_reqAlign__C
c303a5b8   ti_sysbios_knl_Clock_Module_State_clockQ__O
c303a5bc   ti_sysbios_knl_Clock_tickMode__C
c303a5c0   ti_sysbios_knl_Clock_tickPeriod__C
c303a5c4   ti_sysbios_knl_Clock_tickSource__C
c303a5c8   ti_sysbios_knl_Idle_coreList__A
c303a5cc   ti_sysbios_knl_Semaphore_Instance_State_pendQ__O
c303a5d0   ti_sysbios_knl_Idle_funcList__A
c303a5d4   ti_sysbios_knl_Swi_Object__count__C
c303a5d8   ti_sysbios_knl_Swi_numPriorities__C
c303a5dc   ti_sysbios_knl_Task_E_deleteNotAllowed__C
c303a5e0   ti_sysbios_knl_Task_E_spOutOfBounds__C
c303a5e4   ti_sysbios_knl_Task_E_stackOverflow__C
c303a5e8   ti_sysbios_knl_Task_Module_State_inactiveQ__O
c303a5ec   ti_sysbios_knl_Task_Module_State_terminatedQ__O
c303a5f0   ti_sysbios_knl_Task_Object__count__C
c303a5f4   ti_sysbios_knl_Task_Object__heap__C
c303a5f8   ti_sysbios_knl_Task_allBlockedFunc__C
c303a5fc   ti_sysbios_knl_Task_defaultStackHeap__C
c303a600   ti_sysbios_knl_Task_defaultStackSize__C
c303a604   ti_sysbios_knl_Task_numConstructedTasks__C
c303a608   ti_sysbios_timers_timer64_Timer_E_cannotSupport__C
c303a60c   ti_sysbios_timers_timer64_Timer_E_invalidTimer__C
c303a610   ti_sysbios_timers_timer64_Timer_E_notAvailable__C
c303a614   ti_sysbios_timers_timer64_Timer_anyMask__C
c303a618   ti_sysbios_timers_timer64_Timer_defaultHalf__C
c303a61c   ti_sysbios_timers_timer64_Timer_freqDivisor__C
c303a620   ti_sysbios_timers_timer64_Timer_numLocalTimers__C
c303a624   ti_sysbios_timers_timer64_Timer_numTimerDevices__C
c303a628   ti_sysbios_xdcruntime_GateThreadSupport_Instance_State_gate__O
c303a62c   xdc_runtime_Assert_E_assertFailed__C
c303a630   xdc_runtime_Core_A_initializedParams__C
c303a634   xdc_runtime_Core_Module__diagsEnabled__C
c303a638   xdc_runtime_Core_Module__diagsIncluded__C
c303a63c   xdc_runtime_Core_Module__diagsMask__C
c303a640   xdc_runtime_Diags_dictBase__C
c303a644   xdc_runtime_Error_E_memory__C
c303a648   xdc_runtime_Error_Module__diagsEnabled__C
c303a64c   xdc_runtime_Error_Module__diagsIncluded__C
c303a650   xdc_runtime_Error_Module__diagsMask__C
c303a654   xdc_runtime_Error_Module__loggerFxn8__C
c303a658   xdc_runtime_Error_Module__loggerObj__C
c303a65c   xdc_runtime_Error_policy__C
c303a660   xdc_runtime_Error_raiseHook__C
c303a664   xdc_runtime_IFilterLogger_Interface__BASE__C
c303a668   xdc_runtime_IGateProvider_Interface__BASE__C
c303a66c   xdc_runtime_IHeap_Interface__BASE__C
c303a670   xdc_runtime_ILogger_Interface__BASE__C
c303a674   xdc_runtime_IModule_Interface__BASE__C
c303a678   xdc_runtime_Log_L_error__C
c303a67c   xdc_runtime_LoggerBuf_E_badLevel__C
c303a680   xdc_runtime_LoggerBuf_Module__gateObj__C
c303a684   xdc_runtime_LoggerBuf_Object__count__C
c303a688   xdc_runtime_LoggerBuf_statusLogger__C
c303a68c   xdc_runtime_Memory_defaultHeapInstance__C
c303a690   xdc_runtime_Registry_Module__diagsEnabled__C
c303a694   xdc_runtime_Registry_Module__diagsIncluded__C
c303a698   xdc_runtime_Registry_Module__diagsMask__C
c303a69c   xdc_runtime_Registry_Module__loggerFxn1__C
c303a6a0   xdc_runtime_Registry_Module__loggerFxn2__C
c303a6a4   xdc_runtime_Registry_Module__loggerFxn4__C
c303a6a8   xdc_runtime_Registry_Module__loggerObj__C
c303a6ac   xdc_runtime_Startup_execImpl__C
c303a6b0   xdc_runtime_Startup_lastFxns__A
c303a6b4   xdc_runtime_Startup_maxPasses__C
c303a6b8   xdc_runtime_Startup_sfxnRts__C
c303a6bc   xdc_runtime_Startup_sfxnTab__C
c303a6c0   xdc_runtime_SysMin_bufSize__C
c303a6c4   xdc_runtime_SysMin_outputFunc__C
c303a6c8   xdc_runtime_System_Module__gateObj__C
c303a6cc   xdc_runtime_System_extendFxn__C
c303a6d0   xdc_runtime_System_maxAtexitHandlers__C
c303a6d4   xdc_runtime_Text_charTab__C
c303a6d8   xdc_runtime_Text_nameEmpty__C
c303a6dc   xdc_runtime_Text_nameStatic__C
c303a6e0   xdc_runtime_Text_nameUnknown__C
c303a6e4   xdc_runtime_Text_nodeTab__C
c303a6e8   xdc_runtime_Text_visitRopeFxn__C
c303a6ec   xdc_runtime_knl_ISync_Interface__BASE__C
c303a6f0   ti_sdo_utils_NameServer_singleProcessor__C
c303a6f2   ti_sysbios_family_c64p_Exception_Module__id__C
c303a6f4   ti_sysbios_family_c64p_Exception_enableExternalMPC__C
c303a6f6   ti_sysbios_family_c64p_Exception_enablePrint__C
c303a6f8   ti_sysbios_family_c64p_Exception_useInternalBuffer__C
c303a6fa   ti_sysbios_family_c64p_Hwi_Module__id__C
c303a6fc   ti_sysbios_hal_Hwi_Module__id__C
c303a6fe   ti_sysbios_heaps_HeapMem_Module__id__C
c303a700   ti_sysbios_knl_Task_Module__id__C
c303a702   ti_sysbios_knl_Task_deleteTerminatedTasks__C
c303a704   ti_sysbios_knl_Task_initStackFlag__C
c303a706   ti_sysbios_timers_timer64_Timer_Module__id__C
c303a708   ti_sysbios_timers_timer64_Timer_startupNeeded__C
c303a70a   xdc_runtime_Core_Module__id__C
c303a70c   xdc_runtime_Diags_setMaskEnabled__C
c303a70e   xdc_runtime_Error_Module__loggerDefined__C
c303a710   xdc_runtime_Error_maxDepth__C
c303a712   xdc_runtime_LoggerBuf_Module__id__C
c303a714   xdc_runtime_LoggerBuf_filterByLevel__C
c303a716   xdc_runtime_Memory_Module__id__C
c303a718   xdc_runtime_Registry_Module__loggerDefined__C
c303a71a   xdc_runtime_SysMin_flushAtExit__C
c303a71c   xdc_runtime_Text_charCnt__C
c303a71e   xdc_runtime_Text_isLoaded__C
c303a720   xdc_runtime_Text_registryModsLastId__C
c303a722   xdc_runtime_Text_unnamedModsLastId__C
c303a728   ti_sdo_ipc_GateMP_Module_State_0_remoteSystemGates__A
c303af28   ti_sdo_ipc_GateMP_Module__root__V
c303af34   ti_sdo_ipc_GateMP_Module__state__V
c303af7c   ti_sdo_ipc_Ipc_Module__root__V
c303af80   ti_sdo_ipc_Ipc_Module__state__V
c303af8c   ti_sdo_ipc_ListMP_Module__root__V
c303af98   ti_sdo_ipc_ListMP_Module__state__V
c303af9c   ti_sdo_ipc_MessageQ_Module__root__V
c303afa8   ti_sdo_ipc_MessageQ_Module__state__V
c303afc8   ti_sdo_ipc_Notify_Module__root__V
c303afd4   ti_sdo_ipc_Notify_Module__state__V
c303afdc   ti_sdo_ipc_SharedRegion_Module__root__V
c303afe0   ti_sdo_ipc_SharedRegion_Module__state__V
c303afe4   ti_sdo_ipc_family_da830_InterruptDsp_Module__root__V
c303afe6   ti_sdo_ipc_family_da830_NotifySetup_Module__root__V
c303afe8   ti_sdo_ipc_gates_GateMPSupportNull_Module__root__V
c303aff4   ti_sdo_ipc_gates_GatePeterson_Module__root__V
c303b000   ti_sdo_ipc_heaps_HeapBufMP_Module__root__V
c303b00c   ti_sdo_ipc_heaps_HeapBufMP_Module__state__V
c303b010   ti_sdo_ipc_heaps_HeapMemMP_Module__root__V
c303b01c   ti_sdo_ipc_heaps_HeapMemMP_Module__state__V
c303b020   ti_sdo_ipc_notifyDrivers_NotifyDriverShm_Module__root__V
c303b02c   ti_sdo_ipc_nsremote_NameServerRemoteNotify_Module__root__V
c303b038   ti_sdo_ipc_transports_TransportShm_Module__root__V
c303b044   ti_sdo_ipc_transports_TransportShmSetup_Module__root__V
c303b048   ti_sdo_ipc_transports_TransportShmSetup_Module__state__V
c303b04c   ti_sdo_utils_List_Module__root__V
c303b058   ti_sdo_utils_MultiProc_Module__root__V
c303b05a   ti_sdo_utils_MultiProc_Module__state__V
c303b060   ti_sdo_utils_NameServer_Module__root__V
c303b06c   ti_sdo_utils_NameServer_Module__state__V
c303b074   ti_sdo_utils_NameServerRemoteNull_Module__root__V
c303b080   ti_sysbios_BIOS_Module__root__V
c303b084   ti_sysbios_BIOS_Module__state__V
c303b0a4   ti_sysbios_family_c62_IntrinsicsSupport_Module__root__V
c303b0a6   ti_sysbios_family_c62_TaskSupport_Module__root__V
c303b0a8   ti_sysbios_family_c64p_Cache_Module__root__V
c303b0ac   ti_sysbios_family_c64p_Cache_Module__state__V
c303b0b0   ti_sysbios_family_c64p_Exception_Module__root__V
c303b0b4   ti_sysbios_family_c64p_Exception_Module__state__V
c303b0e4   ti_sysbios_family_c64p_Hwi_Module__root__V
c303b0f0   ti_sysbios_family_c64p_Hwi_Module__state__V
c303b158   ti_sysbios_family_c64p_primus_TimerSupport_Module__root__V
c303b15c   ti_sysbios_family_c64p_primus_TimerSupport_Module__state__V
c303b160   ti_sysbios_gates_GateAll_Module__root__V
c303b16c   ti_sysbios_gates_GateHwi_Module__root__V
c303b178   ti_sysbios_gates_GateMutex_Module__root__V
c303b184   ti_sysbios_gates_GateMutexPri_Module__root__V
c303b190   ti_sysbios_gates_GateSwi_Module__root__V
c303b19c   ti_sysbios_hal_Cache_Module__root__V
c303b1a0   ti_sysbios_hal_Hwi_Module__root__V
c303b1ac   ti_sysbios_hal_Timer_Module__root__V
c303b1b8   ti_sysbios_heaps_HeapMem_Module__root__V
c303b1c4   ti_sysbios_knl_Clock_Module__root__V
c303b1d0   ti_sysbios_knl_Clock_Module__state__V
c303b1f8   ti_sysbios_knl_Idle_Module__root__V
c303b1fa   ti_sysbios_knl_Intrinsics_Module__root__V
c303b1fc   ti_sysbios_knl_Queue_Module__root__V
c303b208   ti_sysbios_knl_Semaphore_Module__root__V
c303b214   ti_sysbios_knl_Swi_Module__root__V
c303b220   ti_sysbios_knl_Swi_Module__state__V
c303b23c   ti_sysbios_knl_Task_Module__root__V
c303b248   ti_sysbios_knl_Task_Module__state__V
c303b28c   ti_sysbios_syncs_SyncSem_Module__root__V
c303b298   ti_sysbios_timers_timer64_Timer_Module__root__V
c303b2a4   ti_sysbios_timers_timer64_Timer_Module__state__V
c303b2b8   ti_sysbios_xdcruntime_GateThreadSupport_Module__root__V
c303b2c4   xdc_runtime_Defaults_Module__root__V
c303b2c6   xdc_runtime_Error_Module__root__V
c303b2c8   xdc_runtime_Error_Module__state__V
c303b2cc   xdc_runtime_GateNull_Module__root__V
c303b2d4   xdc_runtime_LoggerBuf_Module__root__V
c303b2dc   xdc_runtime_LoggerBuf_Module__state__V
c303b2e2   xdc_runtime_Main_Module__root__V
c303b2e4   xdc_runtime_Memory_Module__state__V
c303b2e8   xdc_runtime_Registry_Module__root__V
c303b2ec   xdc_runtime_Registry_Module__state__V
c303b2f4   xdc_runtime_Startup_Module__state__V
c303b2fc   xdc_runtime_SysMin_Module__state__V
c303b308   xdc_runtime_System_Module__state__V
c303b314   xdc_runtime_Text_Module__state__V
c303b31c   xdc_runtime_knl_GateThread_Module__root__V
c303b328   __xdc__init__addr
c303b330   Cw
c303b530   xdc_runtime_Diags_dictElems
c303b6d0   ti_sdo_utils_NameServer_Object__table__V
c303b7e8   ti_sdo_ipc_SharedRegion_Module_State_0_regions__A
c303b878   ti_sysbios_knl_Swi_Module_State_0_readyQ__A
c303b8f8   ti_sysbios_knl_Task_Module_State_0_readyQ__A
c303b978   ti_sysbios_timers_timer64_Timer_Module_State_0_device__A
c303b9d8   TSK_idle
c303b9d8   ti_sysbios_knl_Task_Object__table__V
c303ba24   __errno
c303ba24   errno
c303ba28   ti_sysbios_timers_timer64_Timer_Object__table__V
c303ba78   brev
c303bab8   ti_sysbios_gates_GateMutex_Object__table__V
c303baf8   ti_sysbios_knl_Swi_Object__table__V
c303bb28   ti_sdo_ipc_Ipc_Module_State_0_procEntry__A
c303bb50   xdc_runtime_LoggerBuf_Object__table__V
c303bb78   ti_sdo_ipc_MessageQ_Module_State_0_heaps__A
c303bb98   ti_sysbios_timers_timer64_Timer_Module_State_0_gctrl__A
c303bbb8   ti_sysbios_timers_timer64_Timer_Module_State_0_handles__A
c303bbd8   ti_sysbios_timers_timer64_Timer_Module_State_0_intFreqs__A
c303bbf8   xdc_runtime_System_Module_State_0_atexitHandlers__A
c303bc18   ti_sysbios_family_c64p_Hwi_Object__table__V
c303bc30   ti_sysbios_gates_GateMutexPri_Object__table__V
c303bc48   ti_sysbios_heaps_HeapMem_Object__table__V
c303bc60   findindex
c303bc70   ti_sdo_ipc_MessageQ_Module_State_0_transports__A
c303bc80   ti_sysbios_gates_GateAll_Object__table__V
c303bccc   _cleanup_ptr
c303bcd0   _dtors_ptr
c303bcd4   __TI_enable_exit_profile_output
c303bcd8   ti_sysbios_gates_GateSwi_Object__table__V
c303bce4   _lock
c303bce8   _unlock
c303bcf0   ti_sdo_ipc_Notify_Module_State_0_notifyHandles__A
c303bcf8   ti_sdo_ipc_transports_TransportShmSetup_Module_State_0_handles__A
c303bd00   ti_sysbios_family_c64p_primus_TimerSupport_Module_State_0_suspSrc__A
c303bd08   ti_sysbios_hal_Hwi_Object__table__V
c303bd10   ti_sysbios_hal_Timer_Object__table__V
c303bd18   ti_sdo_ipc_GateMP_Module_State_0_remoteCustom2Gates__A
c303bd20   ti_sdo_ipc_Notify_Module_State_0_notifyHandles_0__A
c303bd28   ti_sdo_ipc_Notify_Module_State_0_notifyHandles_1__A
c303bd30   ti_sysbios_gates_GateHwi_Object__table__V
c303bd38   ti_sysbios_knl_Task_Module_State_0_idleTask__A
c303bd40   xdc_runtime_GateNull_Object__table__V
c303bd68   _stack
c303cd68   __TI_STACK_END
c303cee8   __c_args__
c303cf4c   LEDDATA
c303cf4c   __TI_STATIC_BASE
c303cf50   Timer3
c303cf54   SecondClock
c303cf58   faqueue
c303cf5c   fasem
c303cf60   tickets
c303cf64   distance
c303cf68   towards
c303cf6c   Syslink_terminateEventId
c303cf70   Syslink_terminateEventLineId
c303cf80   FGflag
c303d000   ti_sysbios_family_c64p_Hwi0
c303d000   ti_sysbios_family_c64p_Hwi_int0
c303d020   ti_sysbios_family_c64p_Hwi_int1
c303d040   ti_sysbios_family_c64p_Hwi_int2
c303d060   ti_sysbios_family_c64p_Hwi_int3
c303d080   ti_sysbios_family_c64p_Hwi_int4
c303d0a0   ti_sysbios_family_c64p_Hwi_int5
c303d0c0   ti_sysbios_family_c64p_Hwi_int6
c303d0e0   ti_sysbios_family_c64p_Hwi_int7
c303d100   ti_sysbios_family_c64p_Hwi_int8
c303d120   ti_sysbios_family_c64p_Hwi_int9
c303d140   ti_sysbios_family_c64p_Hwi_int10
c303d160   ti_sysbios_family_c64p_Hwi_int11
c303d180   ti_sysbios_family_c64p_Hwi_int12
c303d1a0   ti_sysbios_family_c64p_Hwi_int13
c303d1c0   ti_sysbios_family_c64p_Hwi_int14
c303d1e0   ti_sysbios_family_c64p_Hwi_int15
c303d200   __CIOBUF_
c303d400   _Ipc_ResetVector
c303d408   Ipc_sr0MemorySetup
ffffffff   __TI_pprof_out_hndl
ffffffff   __TI_prof_data_size
ffffffff   __TI_prof_data_start
ffffffff   __binit__
ffffffff   binit
UNDEFED    __TI_CINIT_Base
UNDEFED    __TI_CINIT_Limit
UNDEFED    __TI_Handler_Table_Base
UNDEFED    __TI_Handler_Table_Limit
UNDEFED    __TI_INITARRAY_Base
UNDEFED    __TI_INITARRAY_Limit

[1442 symbols]


DYNAMIC SYMBOLS: SORTED ALPHABETICALLY BY Name 

address    name
--------   ----
UNDEFED    
c303b9d8   TSK_idle
c303d400   _Ipc_ResetVector
c303cd68   __TI_STACK_END
00001000   __TI_STACK_SIZE
c303cf4c   __TI_STATIC_BASE
ffffffff   __TI_pprof_out_hndl
ffffffff   __TI_prof_data_size
ffffffff   __TI_prof_data_start
ffffffff   __binit__
c303cee8   __c_args__
00000064   _argsize
ffffffff   binit
00000001   xdc_runtime_Startup__EXECFXN__C
00000001   xdc_runtime_Startup__RESETFXN__C

[15 symbols]


IMPORTED and EXPORTED SYMBOLS: SORTED ALPHABETICALLY BY Name 

IMPORTED SYMBOLS

name                           size      Imported from
-----------------------------  --------  -------------

[0 symbols]


EXPORTED SYMBOLS

address    name
--------   ----
c303d400   _Ipc_ResetVector
