******************************************************************************
               TMS320C6x Linker Unix v7.4.4                    
******************************************************************************
>> Linked Thu Jan 14 13:44:53 2016

OUTPUT FILE NAME:   <bin/release/server_dsp.xe674>
ENTRY POINT SYMBOL: "ti_sysbios_family_c64p_Hwi0"  address: c303cc00


MEMORY CONFIGURATION

         name            origin    length      used     unused   attr    fill
----------------------  --------  ---------  --------  --------  ----  --------
  IROM                  11700000   00100000  00000000  00100000  R  X
  IRAM                  11800000   00038000  00000000  00038000  RW X
  L3_CBA_RAM            80000000   00020000  00000000  00020000  RW X
  SR_0                  c2000000   00010000  00010000  00000000  RW X
  SR_1                  c2010000   00ff0000  00ff0000  00000000  RW X
  DSP_PROG              c3000000   00800000  0003d150  007c2eb0  RW X


SEGMENT ALLOCATION MAP

run origin  load origin   length   init length attrs members
----------  ----------- ---------- ----------- ----- -------
c3000000    c3000000    00027e20   00027e20    r-x
  c3000000    c3000000    00027e20   00027e20    r-x .text
c3027e20    c3027e20    0000d3b8   00000000    rw-
  c3027e20    c3027e20    0000d3b8   00000000    rw- .far
c30351d8    c30351d8    00005378   00005378    r--
  c30351d8    c30351d8    00005378   00005378    r-- .const
c303a550    c303a550    0000163b   0000163b    rw-
  c303a550    c303a550    0000163b   0000163b    rw- .fardata
c303bb90    c303bb90    00001000   00000000    rw-
  c303bb90    c303bb90    00001000   00000000    rw- .stack
c303cb90    c303cb90    0000006c   0000006c    r--
  c303cb90    c303cb90    0000006c   0000006c    r-- .switch.1
c303cc00    c303cc00    00000314   00000314    r-x
  c303cc00    c303cc00    00000200   00000200    r-x .vecs
  c303ce00    c303ce00    00000114   00000114    r-- .switch.2
c303cf18    c303cf18    00000120   00000000    rw-
  c303cf18    c303cf18    00000120   00000000    rw- .cio
c303d038    c303d038    00000078   00000064    rw-
  c303d038    c303d038    00000064   00000064    rw- .args
  c303d09c    c303d09c    00000014   00000000    rw- .bss
c303d0b0    c303d0b0    00000021   00000021    rw-
  c303d0b0    c303d0b0    00000021   00000021    rw- .neardata
c303d400    c303d400    0000008c   0000008c    r--
  c303d400    c303d400    0000008c   0000008c    r-- ti_sdo_ipc_init


SECTION ALLOCATION MAP

 output                                  attributes/
section   page    origin      length       input sections
--------  ----  ----------  ----------   ----------------
.cinit     0    c3000000    00000000     UNINITIALIZED

.init_array 
*          0    c3000000    00000000     UNINITIALIZED

ti.sdo.ipc.SharedRegion_0 
*          0    c2000000    00010000     NOLOAD SECTION
                  c2000000    00010000     --HOLE--

ti.sdo.ipc.SharedRegion_1 
*          0    c2010000    00ff0000     NOLOAD SECTION
                  c2010000    00ff0000     --HOLE--

xdc.meta   0    c3000000    00000100     COPY SECTION
                  c3000000    00000100     dsp_pe674.oe674 (xdc.meta)

.text      0    c3000000    00027e20     
                  c3000000    00002360     IPCServer.oe674 (.text)
                  c3002360    00001700     fa.oe674 (.text)
                  c3003a60    00000c40     utils.lib : uartStdio.obj (.text)
                  c30046a0    00000b40     ipc.ae674 : Ipc.obj (.text:ti_sdo_ipc_GateMP_Instance_init__F)
                  c30051e0    00000ae0     drivers.lib : emifa.obj (.text)
                  c3005cc0    00000ae0     fft.oe674 (.text)
                  c30067a0    000008a0     sysbios.ae674 : BIOS.obj (.text:ti_sysbios_family_c64p_Exception_handler__I)
                  c3007040    000008a0     ti.targets.rts6000.ae674 : System.oe674 (.text:xdc_runtime_System_doPrint__I)
                  c30078e0    00000880     communicate.oe674 (.text)
                  c3008160    000007c0     ipc.ae674 : Ipc.obj (.text:Ipc_attach)
                  c3008920    00000700               : Ipc.obj (.text:Ipc_detach)
                  c3009020    00000700               : Ipc.obj (.text:ti_sdo_ipc_transports_TransportShm_Instance_init__F)
                  c3009720    000006c0     sht11.oe674 (.text)
                  c3009de0    00000620     sysbios.ae674 : BIOS.obj (.text:ti_sysbios_timers_timer64_Timer_Instance_init__F)
                  c300a400    000005a0     rts6740_elf.lib : divd.obj (.text:__c6xabi_divd)
                  c300a9a0    000005a0     dsp.oe674 (.text)
                  c300af40    00000580     ad7606.oe674 (.text)
                  c300b4c0    00000560     ipc.ae674 : Ipc.obj (.text:ti_sdo_ipc_heaps_HeapBufMP_Instance_init__F)
                  c300ba20    00000500     led.oe674 (.text)
                  c300bf20    000004e0     ipc.ae674 : Ipc.obj (.text:ti_sdo_ipc_heaps_HeapMemMP_Instance_init__F)
                  c300c400    000004c0               : Ipc.obj (.text:ti_sdo_ipc_ListMP_Instance_init__F)
                  c300c8c0    00000460               : Ipc.obj (.text:ti_sdo_ipc_GateMP_setRegion0Reserved__F)
                  c300cd20    00000460               : Ipc.obj (.text:ti_sdo_ipc_MessageQ_Instance_init__F)
                  c300d180    00000460               : Ipc.obj (.text:ti_sdo_ipc_nsremote_NameServerRemoteNotify_get__F)
                  c300d5e0    00000420               : Ipc.obj (.text:ti_sdo_ipc_GateMP_Instance_finalize__F)
                  c300da00    00000400     sys.oe674 (.text)
                  c300de00    000003c0     ipc.ae674 : Ipc.obj (.text:ti_sdo_ipc_heaps_HeapMemMP_alloc__E)
                  c300e1c0    000003c0               : Ipc.obj (.text:ti_sdo_ipc_heaps_HeapMemMP_free__E)
                  c300e580    000003a0               : Ipc.obj (.text:NameServer_add)
                  c300e920    000003a0     dsplib.ae674 : DSPF_sp_fftSPxSP.obj (.text:optimized)
                  c300ecc0    00000380     ti.targets.rts6000.ae674 : Diags.oe674 (.text:xdc_runtime_Diags_setMask__F)
                  c300f040    00000360     collect.oe674 (.text)
                  c300f3a0    00000340     drivers.lib : uart.obj (.text)
                  c300f6e0    00000300     ipc.ae674 : Ipc.obj (.text:Ipc_writeConfig)
                  c300f9e0    00000300               : Ipc.obj (.text:ti_sdo_ipc_heaps_HeapBufMP_postInit__I)
                  c300fce0    00000300     sysbios.ae674 : BIOS.obj (.text:ti_sysbios_knl_Semaphore_pend__E)
                  c300ffe0    00000300                   : BIOS.obj (.text:ti_sysbios_knl_Task_Instance_finalize__F)
                  c30102e0    000002e0     ipc.ae674 : Ipc.obj (.text:ListMP_getHead)
                  c30105c0    000002e0               : Ipc.obj (.text:ti_sdo_ipc_Ipc_procSyncStart__I)
                  c30108a0    000002e0               : Ipc.obj (.text:ti_sdo_ipc_nsremote_NameServerRemoteNotify_Instance_init__F)
                  c3010b80    000002c0               : Ipc.obj (.text:NameServer_get)
                  c3010e40    000002c0     drivers.lib : gpio.obj (.text)
                  c3011100    000002c0     sysbios.ae674 : BIOS.obj (.text:ti_sysbios_timers_timer64_Timer_Module_startup__F)
                  c30113c0    000002a0     ipc.ae674 : Ipc.obj (.text:ti_sdo_ipc_transports_TransportShm_Instance_finalize__F)
                  c3011660    000002a0     sysbios.ae674 : BIOS.obj (.text:ti_sysbios_timers_timer64_Timer_deviceConfig__I)
                  c3011900    00000280     ipc.ae674 : Ipc.obj (.text:ListMP_putTail)
                  c3011b80    00000280               : Ipc.obj (.text:ListMP_remove)
                  c3011e00    00000280     rts6740_elf.lib : divf.obj (.text:__c6xabi_divf)
                  c3012080    00000280     ipc.ae674 : Ipc.obj (.text:ti_sdo_ipc_gates_GatePeterson_Instance_init__F)
                  c3012300    00000280     ti.targets.rts6000.ae674 : Error.oe674 (.text:xdc_runtime_Error_raiseX__F)
                  c3012580    00000260     ipc.ae674 : Ipc.obj (.text:GateMP_openByAddr)
                  c30127e0    00000260               : Ipc.obj (.text:Ipc_start)
                  c3012a40    00000260     rts6740_elf.lib : imath64.obj (.text:__c6xabi_divull)
                  c3012ca0    00000260     sysbios.ae674 : BIOS.obj (.text:ti_sysbios_family_c64p_Exception_internalHandler__I)
                  c3012f00    00000260                   : BIOS.obj (.text:ti_sysbios_timers_timer64_Timer_setPeriodMicroSecs__E)
                  c3013160    00000260     ti.targets.rts6000.ae674 : Startup.oe674 (.text:xdc_runtime_Startup_startMods__I)
                  c30133c0    00000260     dsp_pe674.oe674 (.text:xdc_runtime_System_printfExtend__I)
                  c3013620    00000240     ipc.ae674 : Ipc.obj (.text:Notify_unregisterEvent)
                  c3013860    00000240               : Ipc.obj (.text:ti_sdo_ipc_family_da830_NotifySetup_attach__E)
                  c3013aa0    00000240               : Ipc.obj (.text:ti_sdo_ipc_heaps_HeapMemMP_getStats__E)
                  c3013ce0    00000240     ti.targets.rts6000.ae674 : LoggerBuf.oe674 (.text:xdc_runtime_LoggerBuf_write8__F)
                  c3013f20    00000220     ipc.ae674 : Ipc.obj (.text:ti_sdo_ipc_nsremote_NameServerRemoteNotify_swiFxn__I)
                  c3014140    00000220     sysbios.ae674 : BIOS.obj (.text:ti_sysbios_family_c64p_Hwi_reconfig__E)
                  c3014360    00000220                   : BIOS.obj (.text:ti_sysbios_gates_GateMutexPri_enter__E)
                  c3014580    00000220     ti.targets.rts6000.ae674 : Core-mem.oe674 (.text:xdc_runtime_Core_createObject__I)
                  c30147a0    00000200     sysbios.ae674 : c64p_Hwi_disp_always.obj (.text:_ti_sysbios_family_c64p_Hwi_dispatchAlways)
                  c30149a0    00000200     ipc.ae674 : Ipc.obj (.text:ti_sdo_ipc_Ipc_procSyncFinish__I)
                  c3014ba0    00000200               : Ipc.obj (.text:ti_sdo_ipc_heaps_HeapBufMP_alloc__E)
                  c3014da0    00000200               : Ipc.obj (.text:ti_sdo_ipc_notifyDrivers_NotifyDriverShm_Instance_init__F)
                  c3014fa0    00000200               : Ipc.obj (.text:ti_sdo_ipc_notifyDrivers_NotifyDriverShm_sendEvent__E)
                  c30151a0    000001e0               : Ipc.obj (.text:GateMP_sharedMemReq)
                  c3015380    000001e0               : Ipc.obj (.text:ListMP_openByAddr)
                  c3015560    000001e0     Platform.lib : GPIO.obj (.text)
                  c3015740    000001e0     sysbios.ae674 : BIOS.obj (.text:ti_sysbios_family_c64p_Exception_externalHandler__I)
                  c3015920    000001e0                   : BIOS.obj (.text:ti_sysbios_knl_Task_Instance_init__F)
                  c3015b00    000001e0                   : BIOS.obj (.text:ti_sysbios_knl_Task_checkStacks__E)
                  c3015ce0    000001c0     mathlib.ae674 : atan2sp.obj (.text:optasm)
                  c3015ea0    000001c0     ipc.ae674 : Ipc.obj (.text:ti_sdo_ipc_GateMP_getFreeResource__I)
                  c3016060    000001c0               : Ipc.obj (.text:ti_sdo_ipc_heaps_HeapMemMP_postInit__I)
                  c3016220    000001c0     sysbios.ae674 : BIOS.obj (.text:ti_sysbios_family_c64p_Cache_block__I)
                  c30163e0    000001c0                   : BIOS.obj (.text:ti_sysbios_family_c64p_Exception_decodeMpfsr__I)
                  c30165a0    000001c0                   : BIOS.obj (.text:ti_sysbios_knl_Task_exit__E)
                  c3016760    000001c0                   : BIOS.obj (.text:ti_sysbios_knl_Task_postInit__I)
                  c3016920    000001c0     ti.targets.rts6000.ae674 : Text.oe674 (.text:xdc_runtime_Text_putSite__F)
                  c3016ae0    000001a0     ipc.ae674 : Ipc.obj (.text:ti_sdo_ipc_notifyDrivers_NotifyDriverShm_registerEvent__E)
                  c3016c80    000001a0               : Ipc.obj (.text:ti_sdo_ipc_notifyDrivers_NotifyDriverShm_unregisterEvent__E)
                  c3016e20    000001a0     sysbios.ae674 : BIOS.obj (.text:ti_sysbios_timers_timer64_Timer_start__E)
                  c3016fc0    000001a0     ti.targets.rts6000.ae674 : LoggerBuf.oe674 (.text:xdc_runtime_LoggerBuf_write4__F)
                  c3017160    00000180     ipc.ae674 : Ipc.obj (.text:HeapBufMP_sharedMemReq)
                  c30172e0    00000180               : Ipc.obj (.text:NameServer_getHandle)
                  c3017460    00000180     Platform.lib : UART.obj (.text)
                  c30175e0    00000180     drivers.lib : psc.obj (.text)
                  c3017760    00000180     sysbios.ae674 : c64p_Exception_asm.obj (.text)
                  c30178e0    00000180     ipc.ae674 : Ipc.obj (.text:ti_sdo_ipc_gates_GatePeterson_enter__E)
                  c3017a60    00000180               : Ipc.obj (.text:ti_sdo_ipc_heaps_HeapBufMP_Instance_finalize__F)
                  c3017be0    00000180               : Ipc.obj (.text:ti_sdo_ipc_notifyDrivers_NotifyDriverShm_isr__I)
                  c3017d60    00000180     sysbios.ae674 : BIOS.obj (.text:ti_sysbios_heaps_HeapMem_alloc__E)
                  c3017ee0    00000180                   : BIOS.obj (.text:ti_sysbios_knl_Swi_schedule__I)
                  c3018060    00000180                   : BIOS.obj (.text:ti_sysbios_knl_Task_setPri__E)
                  c30181e0    00000160     ipc.ae674 : Ipc.obj (.text:ti_sdo_ipc_GateMP_openRegion0Reserved__F)
                  c3018340    00000160               : Ipc.obj (.text:ti_sdo_ipc_ListMP_Instance_finalize__F)
                  c30184a0    00000160               : Ipc.obj (.text:ti_sdo_ipc_Notify_Instance_init__F)
                  c3018600    00000160               : Ipc.obj (.text:ti_sdo_ipc_heaps_HeapMemMP_Instance_finalize__F)
                  c3018760    00000160               : Ipc.obj (.text:ti_sdo_utils_NameServer_removeLocal__I)
                  c30188c0    00000160     sysbios.ae674 : BIOS.obj (.text:ti_sysbios_knl_Task_schedule__I)
                  c3018a20    00000160                   : BIOS.obj (.text:ti_sysbios_knl_Task_startCore__E)
                  c3018b80    00000140     ipc.ae674 : Ipc.obj (.text:HeapBufMP_openByAddr)
                  c3018cc0    00000140               : Ipc.obj (.text:HeapMemMP_openByAddr)
                  c3018e00    00000140               : Ipc.obj (.text:MessageQ_put)
                  c3018f40    00000140               : Ipc.obj (.text:Notify_registerEvent)
                  c3019080    00000140     boot.ae674 : autoinit.oe674 (.text:_auto_init_elf)
                  c30191c0    00000140     ipc.ae674 : Ipc.obj (.text:ti_sdo_ipc_SharedRegion_start__F)
                  c3019300    00000140               : Ipc.obj (.text:ti_sdo_ipc_notifyDrivers_NotifyDriverShm_disableEvent__E)
                  c3019440    00000140               : Ipc.obj (.text:ti_sdo_ipc_transports_TransportShm_openByAddr__F)
                  c3019580    00000140               : Ipc.obj (.text:ti_sdo_ipc_transports_TransportShm_put__E)
                  c30196c0    00000140     sysbios.ae674 : BIOS.obj (.text:ti_sysbios_heaps_HeapMem_free__E)
                  c3019800    00000140                   : BIOS.obj (.text:ti_sysbios_knl_Task_Module_startup__F)
                  c3019940    00000140                   : BIOS.obj (.text:ti_sysbios_knl_Task_sleep__E)
                  c3019a80    00000140     ti.targets.rts6000.ae674 : Text.oe674 (.text:xdc_runtime_Text_putLab__F)
                  c3019bc0    00000120     ipc.ae674 : Ipc.obj (.text:HeapMemMP_sharedMemReq)
                  c3019ce0    00000120     mathlib.ae674 : cossp.obj (.text:optasm)
                  c3019e00    00000120                   : sinsp.obj (.text:optasm)
                  c3019f20    00000120     ipc.ae674 : Ipc.obj (.text:ti_sdo_ipc_MessageQ_Module_startup__F)
                  c301a040    00000120               : Ipc.obj (.text:ti_sdo_ipc_transports_TransportShm_sharedMemReq__F)
                  c301a160    00000120     sysbios.ae674 : BIOS.obj (.text:ti_sysbios_family_c64p_Exception_Module_startup__F)
                  c301a280    00000120                   : BIOS.obj (.text:ti_sysbios_knl_Clock_workFunc__E)
                  c301a3a0    00000120     ti.targets.rts6000.ae674 : LoggerBuf.oe674 (.text:xdc_runtime_LoggerBuf_setFilterLevel__F)
                  c301a4c0    00000120                              : Text.oe674 (.text:xdc_runtime_Text_putMod__F)
                  c301a5e0    00000100     EMIFAPinmuxSetup.oe674 (.text)
                  c301a6e0    00000100     ipc.ae674 : Ipc.obj (.text:HeapBufMP_open)
                  c301a7e0    00000100               : Ipc.obj (.text:ListMP_sharedMemReq)
                  c301a8e0    00000100               : Ipc.obj (.text:Notify_registerEventSingle)
                  c301a9e0    00000100               : Ipc.obj (.text:Notify_sendEvent)
                  c301aae0    00000100               : Ipc.obj (.text:Notify_unregisterEventSingle)
                  c301abe0    00000100               : Ipc.obj (.text:ti_sdo_ipc_GateMP_start__F)
                  c301ace0    00000100               : Ipc.obj (.text:ti_sdo_ipc_MessageQ_Instance_finalize__F)
                  c301ade0    00000100     dsp_pe674.oe674 (.text:ti_sdo_ipc_MessageQ_Object__create__S)
                  c301aee0    00000100     ipc.ae674 : Ipc.obj (.text:ti_sdo_ipc_Notify_Instance_finalize__F)
                  c301afe0    00000100     dsp_pe674.oe674 (.text:ti_sdo_ipc_Notify_Object__create__S)
                  c301b0e0    00000100     ipc.ae674 : Ipc.obj (.text:ti_sdo_ipc_SharedRegion_attach__F)
                  c301b1e0    00000100               : Ipc.obj (.text:ti_sdo_ipc_SharedRegion_clearReservedMemory__F)
                  c301b2e0    00000100     dsp_pe674.oe674 (.text:ti_sdo_ipc_gates_GatePeterson_Object__create__S)
                  c301b3e0    00000100     ipc.ae674 : Ipc.obj (.text:ti_sdo_ipc_nsremote_NameServerRemoteNotify_Instance_finalize__F)
                  c301b4e0    00000100     dsp_pe674.oe674 (.text:ti_sdo_ipc_nsremote_NameServerRemoteNotify_Object__create__S)
                  c301b5e0    00000100     ipc.ae674 : Ipc.obj (.text:ti_sdo_ipc_transports_TransportShmSetup_attach__E)
                  c301b6e0    00000100     dsp_pe674.oe674 (.text:ti_sdo_ipc_transports_TransportShm_Object__create__S)
                  c301b7e0    00000100     ipc.ae674 : Ipc.obj (.text:ti_sdo_utils_NameServer_findLocal__I)
                  c301b8e0    00000100     sysbios.ae674 : BIOS.obj (.text:ti_sysbios_family_c64p_Hwi_Module_startup__F)
                  c301b9e0    00000100     dsp_pe674.oe674 (.text:ti_sysbios_family_c64p_Hwi_Object__create__S)
                  c301bae0    00000100     sysbios.ae674 : BIOS.obj (.text:ti_sysbios_family_c64p_Hwi_dispatchC__I)
                  c301bbe0    00000100                   : BIOS.obj (.text:ti_sysbios_gates_GateMutexPri_leave__E)
                  c301bce0    00000100     dsp_pe674.oe674 (.text:ti_sysbios_hal_Hwi_Object__create__S)
                  c301bde0    00000100     sysbios.ae674 : BIOS.obj (.text:ti_sysbios_knl_Clock_startI__E)
                  c301bee0    00000100                   : BIOS.obj (.text:ti_sysbios_knl_Semaphore_post__E)
                  c301bfe0    00000100     dsp_pe674.oe674 (.text:ti_sysbios_knl_Swi_Object__create__S)
                  c301c0e0    00000100     sysbios.ae674 : BIOS.obj (.text:ti_sysbios_knl_Swi_restoreHwi__E)
                  c301c1e0    00000100     dsp_pe674.oe674 (.text:ti_sysbios_knl_Task_Object__create__S)
                  c301c2e0    00000100     dsp_pe674.oe674 (.text:ti_sysbios_timers_timer64_Timer_Object__create__S)
                  c301c3e0    00000100     sysbios.ae674 : BIOS.obj (.text:ti_sysbios_timers_timer64_Timer_initDevice__I)
                  c301c4e0    00000100     ti.targets.rts6000.ae674 : Core-mem.oe674 (.text:xdc_runtime_Core_deleteObject__I)
                  c301c5e0    00000100                              : LoggerBuf.oe674 (.text:xdc_runtime_LoggerBuf_getFilterLevel__F)
                  c301c6e0    00000100                              : Startup.oe674 (.text:xdc_runtime_Startup_exec__F)
                  c301c7e0    00000100                              : Text.oe674 (.text:xdc_runtime_Text_visitRope2__I)
                  c301c8e0    000000e0     ipc.ae674 : Ipc.obj (.text:MessageQ_get)
                  c301c9c0    000000e0               : Ipc.obj (.text:NameServer_getLocal)
                  c301caa0    000000e0     Platform.lib : UARTConsole.obj (.text)
                  c301cb80    000000e0     rts6740_elf.lib : memset.obj (.text:memset)
                  c301cc60    000000e0     dsp_pe674.oe674 (.text:ti_sdo_ipc_GateMP_Object__create__S)
                  c301cd40    000000e0     ipc.ae674 : Ipc.obj (.text:ti_sdo_ipc_Ipc_getMasterAddr__I)
                  c301ce20    000000e0               : Ipc.obj (.text:ti_sdo_ipc_Ipc_getSlaveAddr__I)
                  c301cf00    000000e0     dsp_pe674.oe674 (.text:ti_sdo_ipc_ListMP_Object__create__S)
                  c301cfe0    000000e0     ipc.ae674 : Ipc.obj (.text:ti_sdo_ipc_MessageQ_grow__I)
                  c301d0c0    000000e0               : Ipc.obj (.text:ti_sdo_ipc_Notify_detach__F)
                  c301d1a0    000000e0               : Ipc.obj (.text:ti_sdo_ipc_SharedRegion_reserveMemory__F)
                  c301d280    000000e0               : Ipc.obj (.text:ti_sdo_ipc_SharedRegion_stop__F)
                  c301d360    000000e0               : Ipc.obj (.text:ti_sdo_ipc_gates_GatePeterson_sharedMemReq__E)
                  c301d440    000000e0     dsp_pe674.oe674 (.text:ti_sdo_ipc_heaps_HeapBufMP_Object__create__S)
                  c301d520    000000e0     ipc.ae674 : Ipc.obj (.text:ti_sdo_ipc_heaps_HeapBufMP_free__E)
                  c301d600    000000e0               : Ipc.obj (.text:ti_sdo_ipc_heaps_HeapBufMP_getStats__F)
                  c301d6e0    000000e0     dsp_pe674.oe674 (.text:ti_sdo_ipc_heaps_HeapMemMP_Object__create__S)
                  c301d7c0    000000e0     dsp_pe674.oe674 (.text:ti_sdo_ipc_notifyDrivers_NotifyDriverShm_Object__create__S)
                  c301d8a0    000000e0     ipc.ae674 : Ipc.obj (.text:ti_sdo_utils_NameServer_Module_startup__F)
                  c301d980    000000e0     sysbios.ae674 : BIOS.obj (.text:ti_sysbios_family_c64p_Cache_Module_startup__F)
                  c301da60    000000e0                   : BIOS.obj (.text:ti_sysbios_family_c64p_Hwi_Instance_finalize__F)
                  c301db40    000000e0                   : BIOS.obj (.text:ti_sysbios_family_c64p_Hwi_Instance_init__F)
                  c301dc20    000000e0                   : BIOS.obj (.text:ti_sysbios_knl_Task_unblockI__E)
                  c301dd00    000000e0     dsp_pe674.oe674 (.text:ti_sysbios_syncs_SyncSem_Object__create__S)
                  c301dde0    000000e0     ti.targets.rts6000.ae674 : Error.oe674 (.text:xdc_runtime_Error_print__F)
                  c301dec0    000000e0     dsp_pe674.oe674 (.text:xdc_runtime_LoggerBuf_Object__create__S)
                  c301dfa0    000000e0     ti.targets.rts6000.ae674 : Memory.oe674 (.text:xdc_runtime_Memory_alloc__F)
                  c301e080    000000e0     dsp_pe674.oe674 (.text:xdc_runtime_Registry_addModule__E)
                  c301e160    000000e0     dsp_pe674.oe674 (.text:xdc_runtime_Registry_findByNamePattern__E)
                  c301e240    000000e0     dsp_pe674.oe674 (.text:xdc_runtime_knl_GateThread_Object__create__S)
                  c301e320    000000c0     rts6740_elf.lib : trgdrv.obj (.text:HOSTwrite)
                  c301e3e0    000000c0     ipc.ae674 : Ipc.obj (.text:HeapMemMP_create)
                  c301e4a0    000000c0               : Ipc.obj (.text:Ipc_stop)
                  c301e560    000000c0               : Ipc.obj (.text:ListMP_create)
                  c301e620    000000c0               : Ipc.obj (.text:MessageQ_create2)
                  c301e6e0    000000c0               : Ipc.obj (.text:MultiProc_getId)
                  c301e7a0    000000c0               : Ipc.obj (.text:SharedRegion_getId)
                  c301e860    000000c0     rts6740_elf.lib : dtor_list.obj (.text:_Z11__TI_atexitPFYvPvES_S_)
                  c301e920    000000c0                     : dtor_list.obj (.text:__cxa_finalize)
                  c301e9e0    000000c0                     : divu.obj (.text:__divu)
                  c301eaa0    000000c0                     : exit.obj (.text:exit)
                  c301eb60    000000c0     ipc.ae674 : Ipc.obj (.text:ti_sdo_ipc_GateMP_attach__F)
                  c301ec20    000000c0               : Ipc.obj (.text:ti_sdo_ipc_ListMP_elemClear__I)
                  c301ece0    000000c0               : Ipc.obj (.text:ti_sdo_ipc_Notify_execMany__I)
                  c301eda0    000000c0               : Ipc.obj (.text:ti_sdo_ipc_SharedRegion_detach__F)
                  c301ee60    000000c0               : Ipc.obj (.text:ti_sdo_ipc_family_da830_InterruptDsp_intRegister__E)
                  c301ef20    000000c0               : Ipc.obj (.text:ti_sdo_ipc_gates_GatePeterson_postInit__I)
                  c301efe0    000000c0               : Ipc.obj (.text:ti_sdo_ipc_nsremote_NameServerRemoteNotify_attach__E)
                  c301f0a0    000000c0               : Ipc.obj (.text:ti_sdo_utils_NameServer_postInit__I)
                  c301f160    000000c0     sysbios.ae674 : BIOS.obj (.text:ti_sysbios_heaps_HeapMem_getStats__E)
                  c301f220    000000c0                   : BIOS.obj (.text:ti_sysbios_knl_Swi_Instance_init__F)
                  c301f2e0    000000c0                   : BIOS.obj (.text:ti_sysbios_knl_Swi_run__I)
                  c301f3a0    000000c0                   : BIOS.obj (.text:ti_sysbios_knl_Task_allBlockedFunction__I)
                  c301f460    000000c0                   : BIOS.obj (.text:ti_sysbios_syncs_SyncSem_Instance_init__F)
                  c301f520    000000c0                   : BIOS.obj (.text:ti_sysbios_timers_timer64_Timer_startup__E)
                  c301f5e0    000000c0     ti.targets.rts6000.ae674 : LoggerBuf.oe674 (.text:xdc_runtime_LoggerBuf_Instance_init__F)
                  c301f6a0    000000c0     dsp_pe674.oe674 (.text:xdc_runtime_Registry_findById__E)
                  c301f760    000000c0     ti.targets.rts6000.ae674 : System.oe674 (.text:xdc_runtime_System_formatNum__I)
                  c301f820    000000c0                              : Text.oe674 (.text:xdc_runtime_Text_matchVisFxn__I)
                  c301f8e0    000000a0     ipc.ae674 : Ipc.obj (.text:SharedRegion_getPtr)
                  c301f980    000000a0               : Ipc.obj (.text:SharedRegion_getSRPtr)
                  c301fa20    000000a0     rts6740_elf.lib : remu.obj (.text:__remu)
                  c301fac0    000000a0     boot.ae674 : boot.oe674 (.text:_c_int00)
                  c301fb60    000000a0     sysbios.ae674 : c64p_Hwi_asm.obj (.text:_ti_sysbios_family_c64p_Hwi_plug__E)
                  c301fc00    000000a0     rts6740_elf.lib : memcpy64.obj (.text:memcpy)
                  c301fca0    000000a0     mathlib.ae674 : sqrtsp.obj (.text:optasm)
                  c301fd40    000000a0     ipc.ae674 : Ipc.obj (.text:ti_sdo_ipc_GateMP_detach__F)
                  c301fde0    000000a0               : Ipc.obj (.text:ti_sdo_ipc_GateMP_getRegion0ReservedSize__F)
                  c301fe80    000000a0               : Ipc.obj (.text:ti_sdo_ipc_GateMP_stop__F)
                  c301ff20    000000a0               : Ipc.obj (.text:ti_sdo_ipc_gates_GatePeterson_leave__E)
                  c301ffc0    000000a0               : Ipc.obj (.text:ti_sdo_ipc_notifyDrivers_NotifyDriverShm_Instance_finalize__F)
                  c3020060    000000a0               : Ipc.obj (.text:ti_sdo_ipc_transports_TransportShmSetup_detach__E)
                  c3020100    000000a0     sysbios.ae674 : BIOS.obj (.text:ti_sysbios_family_c64p_Hwi_eventMap__E)
                  c30201a0    000000a0                   : BIOS.obj (.text:ti_sysbios_family_c64p_Hwi_getStackInfo__E)
                  c3020240    000000a0                   : BIOS.obj (.text:ti_sysbios_gates_GateMutex_enter__E)
                  c30202e0    000000a0                   : BIOS.obj (.text:ti_sysbios_heaps_HeapMem_init__I)
                  c3020380    000000a0                   : BIOS.obj (.text:ti_sysbios_knl_Clock_Instance_init__F)
                  c3020420    000000a0     dsp_pe674.oe674 (.text:ti_sysbios_knl_Clock_Object__create__S)
                  c30204c0    000000a0     sysbios.ae674 : BIOS.obj (.text:ti_sysbios_knl_Idle_run__E)
                  c3020560    000000a0                   : BIOS.obj (.text:ti_sysbios_knl_Semaphore_pendTimeout__I)
                  c3020600    000000a0                   : BIOS.obj (.text:ti_sysbios_knl_Swi_restore__E)
                  c30206a0    000000a0                   : BIOS.obj (.text:ti_sysbios_syncs_SyncSem_wait__F)
                  c3020740    000000a0                   : BIOS.obj (.text:ti_sysbios_timers_timer64_Timer_Instance_finalize__F)
                  c30207e0    000000a0                   : BIOS.obj (.text:ti_sysbios_timers_timer64_Timer_stop__E)
                  c3020880    000000a0     ti.targets.rts6000.ae674 : Assert.oe674 (.text:xdc_runtime_Assert_raise__I)
                  c3020920    000000a0                              : LoggerBuf.oe674 (.text:xdc_runtime_LoggerBuf_Module_startup__F)
                  c30209c0    000000a0                              : Registry.oe674 (.text:xdc_runtime_Registry_addModule__F)
                  c3020a60    000000a0                              : Registry.oe674 (.text:xdc_runtime_Registry_findByName__F)
                  c3020b00    000000a0                              : SysMin.oe674 (.text:xdc_runtime_SysMin_abort__F)
                  c3020ba0    000000a0                              : SysMin.oe674 (.text:xdc_runtime_SysMin_flush__F)
                  c3020c40    000000a0                              : SysMin.oe674 (.text:xdc_runtime_SysMin_putch__F)
                  c3020ce0    000000a0                              : Text.oe674 (.text:xdc_runtime_Text_xprintf__I)
                  c3020d80    00000080     ipc.ae674 : Ipc.obj (.text:GateMP_close)
                  c3020e00    00000080               : Ipc.obj (.text:HeapBufMP_Params_init)
                  c3020e80    00000080               : Ipc.obj (.text:HeapMemMP_restore)
                  c3020f00    00000080               : Ipc.obj (.text:MessageQ_alloc)
                  c3020f80    00000080               : Ipc.obj (.text:MessageQ_free)
                  c3021000    00000080     rts6740_elf.lib : fixfu.obj (.text:__c6xabi_fixfu)
                  c3021080    00000080                     : llshift.obj (.text:__c6xabi_llshl)
                  c3021100    00000080     sysbios.ae674 : c62_TaskSupport_asm.obj (.text:_ti_sysbios_family_c62_TaskSupport_swap__E)
                  c3021180    00000080     dsp_pe674.oe674 (.text:malloc)
                  c3021200    00000080     rts6740_elf.lib : trgmsg.obj (.text:readmsg)
                  c3021280    00000080     ipc.ae674 : Ipc.obj (.text:ti_sdo_ipc_Notify_Module_startup__F)
                  c3021300    00000080               : Ipc.obj (.text:ti_sdo_ipc_family_da830_NotifySetup_sharedMemReq__E)
                  c3021380    00000080     dsp_pe674.oe674 (.text:ti_sdo_ipc_gates_GateMPSupportNull_Object__create__S)
                  c3021400    00000080     ipc.ae674 : Ipc.obj (.text:ti_sdo_ipc_notifyDrivers_NotifyDriverShm_sharedMemReq__F)
                  c3021480    00000080               : Ipc.obj (.text:ti_sdo_ipc_nsremote_NameServerRemoteNotify_detach__E)
                  c3021500    00000080               : Ipc.obj (.text:ti_sdo_ipc_transports_TransportShm_swiFxn__I)
                  c3021580    00000080     dsp_pe674.oe674 (.text:ti_sdo_utils_List_Object__create__S)
                  c3021600    00000080     sysbios.ae674 : BIOS.obj (.text:ti_sysbios_BIOS_errorRaiseHook__I)
                  c3021680    00000080     dsp_pe674.oe674 (.text:ti_sysbios_BIOS_exitFunc__I)
                  c3021700    00000080     dsp_pe674.oe674 (.text:ti_sysbios_gates_GateAll_Object__create__S)
                  c3021780    00000080     dsp_pe674.oe674 (.text:ti_sysbios_gates_GateHwi_Object__create__S)
                  c3021800    00000080     dsp_pe674.oe674 (.text:ti_sysbios_gates_GateMutexPri_Object__create__S)
                  c3021880    00000080     dsp_pe674.oe674 (.text:ti_sysbios_gates_GateMutex_Object__create__S)
                  c3021900    00000080     dsp_pe674.oe674 (.text:ti_sysbios_gates_GateSwi_Object__create__S)
                  c3021980    00000080     sysbios.ae674 : BIOS.obj (.text:ti_sysbios_hal_Hwi_checkStack:ti_sysbios_hal_Hwi_checkStack)
                  c3021a00    00000080                   : BIOS.obj (.text:ti_sysbios_hal_Hwi_initStack:ti_sysbios_hal_Hwi_initStack)
                  c3021a80    00000080                   : BIOS.obj (.text:ti_sysbios_heaps_HeapMem_Instance_init__F)
                  c3021b00    00000080     dsp_pe674.oe674 (.text:ti_sysbios_heaps_HeapMem_Object__create__S)
                  c3021b80    00000080     sysbios.ae674 : BIOS.obj (.text:ti_sysbios_knl_Clock_Module_startup__F)
                  c3021c00    00000080     dsp_pe674.oe674 (.text:ti_sysbios_knl_Clock_doTick__I)
                  c3021c80    00000080     sysbios.ae674 : BIOS.obj (.text:ti_sysbios_knl_Clock_getTicks__E)
                  c3021d00    00000080     dsp_pe674.oe674 (.text:ti_sysbios_knl_Queue_Object__create__S)
                  c3021d80    00000080     dsp_pe674.oe674 (.text:ti_sysbios_knl_Semaphore_Object__create__S)
                  c3021e00    00000080     sysbios.ae674 : BIOS.obj (.text:ti_sysbios_knl_Swi_post__E)
                  c3021e80    00000080                   : BIOS.obj (.text:ti_sysbios_knl_Task_processVitalTaskFlag__I)
                  c3021f00    00000080                   : BIOS.obj (.text:ti_sysbios_knl_Task_restoreHwi__E)
                  c3021f80    00000080                   : BIOS.obj (.text:ti_sysbios_knl_Task_restore__E)
                  c3022000    00000080                   : BIOS.obj (.text:ti_sysbios_knl_Task_yield__E)
                  c3022080    00000080                   : BIOS.obj (.text:ti_sysbios_timers_timer64_Timer_getExpiredCounts__E)
                  c3022100    00000080                   : BIOS.obj (.text:ti_sysbios_timers_timer64_Timer_getPeriod__E)
                  c3022180    00000080     dsp_pe674.oe674 (.text:ti_sysbios_xdcruntime_GateThreadSupport_Object__create__S)
                  c3022200    00000080     ti.targets.rts6000.ae674 : Core-label.oe674 (.text:xdc_runtime_Core_assignLabel__I)
                  c3022280    00000080                              : Core-params.oe674 (.text:xdc_runtime_Core_assignParams__I)
                  c3022300    00000080                              : LoggerBuf.oe674 (.text:xdc_runtime_LoggerBuf_filterOutEvent__I)
                  c3022380    00000080                              : Registry.oe674 (.text:xdc_runtime_Registry_findByNamePattern__F)
                  c3022400    00000080                              : Registry.oe674 (.text:xdc_runtime_Registry_matchPattern__I)
                  c3022480    00000080                              : System.oe674 (.text:xdc_runtime_System_atexit__F)
                  c3022500    00000080                              : System.oe674 (.text:xdc_runtime_System_putchar__I)
                  c3022580    00000080                              : System.oe674 (.text:xdc_runtime_System_rtsExit__I)
                  c3022600    00000080                              : Text.oe674 (.text:xdc_runtime_Text_printVisFxn__I)
                  c3022680    00000060     ipc.ae674 : Ipc.obj (.text:GateMP_Params_init)
                  c30226e0    00000060               : Ipc.obj (.text:HeapMemMP_Params_init)
                  c3022740    00000060               : Ipc.obj (.text:MessageQ_msgInit$4)
                  c30227a0    00000060               : Ipc.obj (.text:MessageQ_open)
                  c3022800    00000060               : Ipc.obj (.text:Notify_numIntLines)
                  c3022860    00000060               : Ipc.obj (.text:Notify_sharedMemReq)
                  c30228c0    00000060     rts6740_elf.lib : imath64.obj (.text:_subcull)
                  c3022920    00000060                     : strpbrk.obj (.text:strpbrk)
                  c3022980    00000060     dsp_pe674.oe674 (.text:ti_sdo_ipc_GateMP_Object__delete__S)
                  c30229e0    00000060     ipc.ae674 : Ipc.obj (.text:ti_sdo_ipc_GateMP_createLocal__F)
                  c3022a40    00000060               : Ipc.obj (.text:ti_sdo_ipc_Ipc_getRegion0ReservedSize__I)
                  c3022aa0    00000060     dsp_pe674.oe674 (.text:ti_sdo_ipc_ListMP_Object__delete__S)
                  c3022b00    00000060     dsp_pe674.oe674 (.text:ti_sdo_ipc_MessageQ_Object__delete__S)
                  c3022b60    00000060     dsp_pe674.oe674 (.text:ti_sdo_ipc_Notify_Object__delete__S)
                  c3022bc0    00000060     ipc.ae674 : Ipc.obj (.text:ti_sdo_ipc_gates_GatePeterson_Instance_finalize__F)
                  c3022c20    00000060     dsp_pe674.oe674 (.text:ti_sdo_ipc_gates_GatePeterson_Object__delete__S)
                  c3022c80    00000060     dsp_pe674.oe674 (.text:ti_sdo_ipc_heaps_HeapBufMP_Object__delete__S)
                  c3022ce0    00000060     dsp_pe674.oe674 (.text:ti_sdo_ipc_heaps_HeapMemMP_Object__delete__S)
                  c3022d40    00000060     dsp_pe674.oe674 (.text:ti_sdo_ipc_notifyDrivers_NotifyDriverShm_Object__delete__S)
                  c3022da0    00000060     ipc.ae674 : Ipc.obj (.text:ti_sdo_ipc_notifyDrivers_NotifyDriverShm_enableEvent__E)
                  c3022e00    00000060               : Ipc.obj (.text:ti_sdo_ipc_notifyDrivers_NotifyDriverShm_setNotifyHandle__E)
                  c3022e60    00000060     dsp_pe674.oe674 (.text:ti_sdo_ipc_nsremote_NameServerRemoteNotify_Object__delete__S)
                  c3022ec0    00000060     ipc.ae674 : Ipc.obj (.text:ti_sdo_ipc_transports_TransportShmSetup_sharedMemReq__E)
                  c3022f20    00000060     dsp_pe674.oe674 (.text:ti_sdo_ipc_transports_TransportShm_Object__delete__S)
                  c3022f80    00000060     sysbios.ae674 : BIOS.obj (.text:ti_sysbios_BIOS_registerRTSLock__I)
                  c3022fe0    00000060                   : BIOS.obj (.text:ti_sysbios_BIOS_removeRTSLock__I)
                  c3023040    00000060                   : BIOS.obj (.text:ti_sysbios_BIOS_rtsLock__I)
                  c30230a0    00000060                   : BIOS.obj (.text:ti_sysbios_family_c62_TaskSupport_start__E)
                  c3023100    00000060                   : BIOS.obj (.text:ti_sysbios_family_c64p_Cache_all__I)
                  c3023160    00000060                   : BIOS.obj (.text:ti_sysbios_family_c64p_Cache_marInit__I)
                  c30231c0    00000060                   : BIOS.obj (.text:ti_sysbios_family_c64p_Cache_setMar__E)
                  c3023220    00000060                   : BIOS.obj (.text:ti_sysbios_family_c64p_Cache_setSize__E)
                  c3023280    00000060                   : BIOS.obj (.text:ti_sysbios_family_c64p_Cache_wait__E)
                  c30232e0    00000060     dsp_pe674.oe674 (.text:ti_sysbios_family_c64p_Hwi_Object__delete__S)
                  c3023340    00000060     sysbios.ae674 : BIOS.obj (.text:ti_sysbios_gates_GateAll_enter__E)
                  c30233a0    00000060                   : BIOS.obj (.text:ti_sysbios_gates_GateAll_leave__E)
                  c3023400    00000060     dsp_pe674.oe674 (.text:ti_sysbios_gates_GateMutexPri_Object__delete__S)
                  c3023460    00000060     sysbios.ae674 : BIOS.obj (.text:ti_sysbios_gates_GateMutex_Instance_init__F)
                  c30234c0    00000060     dsp_pe674.oe674 (.text:ti_sysbios_gates_GateMutex_Object__delete__S)
                  c3023520    00000060     sysbios.ae674 : BIOS.obj (.text:ti_sysbios_hal_Hwi_Instance_init__F)
                  c3023580    00000060     dsp_pe674.oe674 (.text:ti_sysbios_hal_Hwi_Object__delete__S)
                  c30235e0    00000060     sysbios.ae674 : BIOS.obj (.text:ti_sysbios_knl_Clock_setupTimerToSkipTicks__E)
                  c3023640    00000060                   : BIOS.obj (.text:ti_sysbios_knl_Semaphore_Instance_init__F)
                  c30236a0    00000060     dsp_pe674.oe674 (.text:ti_sysbios_knl_Semaphore_Object__delete__S)
                  c3023700    00000060     sysbios.ae674 : BIOS.obj (.text:ti_sysbios_knl_Swi_Module_startup__F)
                  c3023760    00000060                   : BIOS.obj (.text:ti_sysbios_knl_Task_enter__I)
                  c30237c0    00000060                   : BIOS.obj (.text:ti_sysbios_knl_Task_sleepTimeout__I)
                  c3023820    00000060     dsp_pe674.oe674 (.text:ti_sysbios_syncs_SyncSem_Object__delete__S)
                  c3023880    00000060     dsp_pe674.oe674 (.text:ti_sysbios_timers_timer64_Timer_Object__delete__S)
                  c30238e0    00000060     dsp_pe674.oe674 (.text:ti_sysbios_xdcruntime_GateThreadSupport_Object__delete__S)
                  c3023940    00000060     ti.syslink.ipc.rtos.ae674 : Syslink.oe674 (.text:ti_syslink_ipc_rtos_Syslink_attach)
                  c30239a0    00000060     rts6740_elf.lib : trgmsg.obj (.text:writemsg)
                  c3023a00    00000060     dsp_pe674.oe674 (.text:xdc_runtime_GateNull_Object__create__S)
                  c3023a60    00000060     dsp_pe674.oe674 (.text:xdc_runtime_LoggerBuf_Object__delete__S)
                  c3023ac0    00000060     ti.targets.rts6000.ae674 : Memory.oe674 (.text:xdc_runtime_Memory_calloc__F)
                  c3023b20    00000060                              : Memory.oe674 (.text:xdc_runtime_Memory_valloc__F)
                  c3023b80    00000060                              : SysMin.oe674 (.text:xdc_runtime_SysMin_Module_startup__F)
                  c3023be0    00000060                              : SysMin.oe674 (.text:xdc_runtime_SysMin_exit__F)
                  c3023c40    00000060     dsp_pe674.oe674 (.text:xdc_runtime_SysMin_output__I)
                  c3023ca0    00000060     ti.targets.rts6000.ae674 : System.oe674 (.text:xdc_runtime_System_aprintf_va__F)
                  c3023d00    00000060                              : System.oe674 (.text:xdc_runtime_System_printf_va__F)
                  c3023d60    00000060                              : Text.oe674 (.text:xdc_runtime_Text_cordText__F)
                  c3023dc0    00000060     dsp_pe674.oe674 (.text:xdc_runtime_knl_GateThread_Object__delete__S)
                  c3023e20    00000040     ipc.ae674 : Ipc.obj (.text:MessageQ_create)
                  c3023e60    00000040               : Ipc.obj (.text:MessageQ_registerHeap)
                  c3023ea0    00000040               : Ipc.obj (.text:MessageQ_unregisterHeap)
                  c3023ee0    00000040               : Ipc.obj (.text:Notify_intLineRegistered)
                  c3023f20    00000040     rts6740_elf.lib : frcmpyd_div.obj (.text:__c6xabi_frcmpyd_div)
                  c3023f60    00000040                     : llshift.obj (.text:__c6xabi_llshru)
                  c3023fa0    00000040                     : args_main.obj (.text:_args_main)
                  c3023fe0    00000040     sysbios.ae674 : c62_TaskSupport_asm.obj (.text:_ti_sysbios_family_c62_TaskSupport_buildTaskStack)
                  c3024020    00000040                   : c64p_Hwi_asm_switch.obj (.text:_ti_sysbios_family_xxx_Hwi_switchToIsrStack)
                  c3024060    00000040     dsp_pe674.oe674 (.text:free)
                  c30240a0    00000040     ipc.ae674 : Ipc.obj (.text:ti_sdo_ipc_MessageQ_registerTransport__F)
                  c30240e0    00000040               : Ipc.obj (.text:ti_sdo_ipc_MessageQ_unregisterTransport__F)
                  c3024120    00000040               : Ipc.obj (.text:ti_sdo_ipc_Notify_exec__F)
                  c3024160    00000040               : Ipc.obj (.text:ti_sdo_ipc_SharedRegion_resetInternalFields__F)
                  c30241a0    00000040               : Ipc.obj (.text:ti_sdo_ipc_family_da830_InterruptDsp_intClear__E)
                  c30241e0    00000040               : Ipc.obj (.text:ti_sdo_ipc_family_da830_InterruptDsp_intSend__E)
                  c3024220    00000040     dsp_pe674.oe674 (.text:ti_sdo_ipc_gates_GateMPSupportNull_Handle__label__S)
                  c3024260    00000040     dsp_pe674.oe674 (.text:ti_sdo_ipc_gates_GateMPSupportNull_Object__delete__S)
                  c30242a0    00000040     dsp_pe674.oe674 (.text:ti_sdo_ipc_gates_GatePeterson_Handle__label__S)
                  c30242e0    00000040     dsp_pe674.oe674 (.text:ti_sdo_ipc_heaps_HeapBufMP_Handle__label__S)
                  c3024320    00000040     dsp_pe674.oe674 (.text:ti_sdo_ipc_heaps_HeapMemMP_Handle__label__S)
                  c3024360    00000040     dsp_pe674.oe674 (.text:ti_sdo_ipc_notifyDrivers_NotifyDriverShm_Handle__label__S)
                  c30243a0    00000040     dsp_pe674.oe674 (.text:ti_sdo_ipc_nsremote_NameServerRemoteNotify_Handle__label__S)
                  c30243e0    00000040     ipc.ae674 : Ipc.obj (.text:ti_sdo_ipc_nsremote_NameServerRemoteNotify_sharedMemReq__E)
                  c3024420    00000040     dsp_pe674.oe674 (.text:ti_sdo_ipc_transports_TransportShm_Handle__label__S)
                  c3024460    00000040     ipc.ae674 : Ipc.obj (.text:ti_sdo_utils_List_get__E)
                  c30244a0    00000040               : Ipc.obj (.text:ti_sdo_utils_List_putHead__E)
                  c30244e0    00000040               : Ipc.obj (.text:ti_sdo_utils_List_put__E)
                  c3024520    00000040     dsp_pe674.oe674 (.text:ti_sdo_utils_NameServer_Module__startupDone__F)
                  c3024560    00000040     dsp_pe674.oe674 (.text:ti_sdo_utils_NameServer_Object__get__S)
                  c30245a0    00000040     ipc.ae674 : Ipc.obj (.text:ti_sdo_utils_NameServer_registerRemoteDriver__E)
                  c30245e0    00000040               : Ipc.obj (.text:ti_sdo_utils_NameServer_unregisterRemoteDriver__E)
                  c3024620    00000040     sysbios.ae674 : BIOS.obj (.text:ti_sysbios_BIOS_rtsUnlock__I)
                  c3024660    00000040     dsp_pe674.oe674 (.text:ti_sysbios_BIOS_startFunc__I)
                  c30246a0    00000040     dsp_pe674.oe674 (.text:ti_sysbios_family_c64p_Hwi_Module__startupDone__F)
                  c30246e0    00000040     sysbios.ae674 : BIOS.obj (.text:ti_sysbios_family_c64p_Hwi_disableInterrupt__E)
                  c3024720    00000040                   : BIOS.obj (.text:ti_sysbios_family_c64p_Hwi_enableInterrupt__E)
                  c3024760    00000040                   : BIOS.obj (.text:ti_sysbios_family_c64p_primus_TimerSupport_enable__E)
                  c30247a0    00000040     dsp_pe674.oe674 (.text:ti_sysbios_gates_GateAll_Handle__label__S)
                  c30247e0    00000040     dsp_pe674.oe674 (.text:ti_sysbios_gates_GateAll_Object__delete__S)
                  c3024820    00000040     dsp_pe674.oe674 (.text:ti_sysbios_gates_GateHwi_Handle__label__S)
                  c3024860    00000040     dsp_pe674.oe674 (.text:ti_sysbios_gates_GateHwi_Object__delete__S)
                  c30248a0    00000040     dsp_pe674.oe674 (.text:ti_sysbios_gates_GateMutexPri_Handle__label__S)
                  c30248e0    00000040     sysbios.ae674 : BIOS.obj (.text:ti_sysbios_gates_GateMutexPri_Instance_init__F)
                  c3024920    00000040     dsp_pe674.oe674 (.text:ti_sysbios_gates_GateMutexPri_Object__destruct__S)
                  c3024960    00000040     dsp_pe674.oe674 (.text:ti_sysbios_gates_GateMutex_Handle__label__S)
                  c30249a0    00000040     sysbios.ae674 : BIOS.obj (.text:ti_sysbios_gates_GateMutex_leave__E)
                  c30249e0    00000040     dsp_pe674.oe674 (.text:ti_sysbios_gates_GateSwi_Handle__label__S)
                  c3024a20    00000040     dsp_pe674.oe674 (.text:ti_sysbios_gates_GateSwi_Object__delete__S)
                  c3024a60    00000040     dsp_pe674.oe674 (.text:ti_sysbios_hal_Timer_Module__startupDone__F)
                  c3024aa0    00000040     dsp_pe674.oe674 (.text:ti_sysbios_heaps_HeapMem_Handle__label__S)
                  c3024ae0    00000040     dsp_pe674.oe674 (.text:ti_sysbios_heaps_HeapMem_Object__delete__S)
                  c3024b20    00000040     dsp_pe674.oe674 (.text:ti_sysbios_heaps_HeapMem_Object__get__S)
                  c3024b60    00000040     sysbios.ae674 : BIOS.obj (.text:ti_sysbios_knl_Clock_start__E)
                  c3024ba0    00000040                   : BIOS.obj (.text:ti_sysbios_knl_Queue_put__E)
                  c3024be0    00000040     dsp_pe674.oe674 (.text:ti_sysbios_knl_Semaphore_Object__destruct__S)
                  c3024c20    00000040     dsp_pe674.oe674 (.text:ti_sysbios_knl_Swi_Object__destruct__S)
                  c3024c60    00000040     dsp_pe674.oe674 (.text:ti_sysbios_knl_Swi_Object__get__S)
                  c3024ca0    00000040     dsp_pe674.oe674 (.text:ti_sysbios_knl_Task_Object__get__S)
                  c3024ce0    00000040     dsp_pe674.oe674 (.text:ti_sysbios_syncs_SyncSem_Handle__label__S)
                  c3024d20    00000040     dsp_pe674.oe674 (.text:ti_sysbios_timers_timer64_Timer_Module__startupDone__F)
                  c3024d60    00000040     sysbios.ae674 : BIOS.obj (.text:ti_sysbios_xdcruntime_GateThreadSupport_Instance_init__F)
                  c3024da0    00000040     ti.syslink.ipc.rtos.ae674 : Syslink.oe674 (.text:ti_syslink_ipc_rtos_Syslink_detach)
                  c3024de0    00000040     ti.targets.rts6000.ae674 : Error.oe674 (.text:xdc_runtime_Error_check__F)
                  c3024e20    00000040                              : Error.oe674 (.text:xdc_runtime_Error_init__F)
                  c3024e60    00000040     dsp_pe674.oe674 (.text:xdc_runtime_GateNull_Handle__label__S)
                  c3024ea0    00000040     dsp_pe674.oe674 (.text:xdc_runtime_GateNull_Object__delete__S)
                  c3024ee0    00000040     dsp_pe674.oe674 (.text:xdc_runtime_LoggerBuf_Handle__label__S)
                  c3024f20    00000040     ti.targets.rts6000.ae674 : LoggerBuf.oe674 (.text:xdc_runtime_LoggerBuf_Instance_finalize__F)
                  c3024f60    00000040     dsp_pe674.oe674 (.text:xdc_runtime_LoggerBuf_Object__get__S)
                  c3024fa0    00000040     ti.targets.rts6000.ae674 : LoggerBuf.oe674 (.text:xdc_runtime_LoggerBuf_write0__F)
                  c3024fe0    00000040     dsp_pe674.oe674 (.text:xdc_runtime_LoggerBuf_write8__E)
                  c3025020    00000040     ti.targets.rts6000.ae674 : Memory.oe674 (.text:xdc_runtime_Memory_free__F)
                  c3025060    00000040                              : Registry.oe674 (.text:xdc_runtime_Registry_findById__F)
                  c30250a0    00000040                              : System.oe674 (.text:xdc_runtime_System_abort__F)
                  c30250e0    00000040     dsp_pe674.oe674 (.text:xdc_runtime_System_aprintf__E)
                  c3025120    00000040     dsp_pe674.oe674 (.text:xdc_runtime_System_printf__E)
                  c3025160    00000040     ti.targets.rts6000.ae674 : Text.oe674 (.text:xdc_runtime_Text_matchRope__F)
                  c30251a0    00000040                              : Text.oe674 (.text:xdc_runtime_Text_ropeText__F)
                  c30251e0    00000040     dsp_pe674.oe674 (.text:xdc_runtime_knl_GateThread_Handle__label__S)
                  c3025220    00000040     ti.targets.rts6000.ae674 : GateThread.oe674 (.text:xdc_runtime_knl_GateThread_Instance_finalize__F)
                  c3025260    00000040                              : GateThread.oe674 (.text:xdc_runtime_knl_GateThread_Instance_init__F)
                  c30252a0    00000020     ipc.ae674 : Ipc.obj (.text:GateMP_enter)
                  c30252c0    00000020               : Ipc.obj (.text:GateMP_leave)
                  c30252e0    00000020               : Ipc.obj (.text:HeapBufMP_close)
                  c3025300    00000020               : Ipc.obj (.text:ListMP_close)
                  c3025320    00000020               : Ipc.obj (.text:ListMP_delete)
                  c3025340    00000020               : Ipc.obj (.text:MessageQ_Params_init)
                  c3025360    00000020               : Ipc.obj (.text:MessageQ_close)
                  c3025380    00000020               : Ipc.obj (.text:MessageQ_delete)
                  c30253a0    00000020               : Ipc.obj (.text:NameServer_addUInt32)
                  c30253c0    00000020               : Ipc.obj (.text:NameServer_getUInt32)
                  c30253e0    00000020               : Ipc.obj (.text:NameServer_removeEntry)
                  c3025400    00000020     utils.lib : uartStdio.obj (.text:UARTGetc)
                  c3025420    00000020               : uartStdio.obj (.text:UARTPutc)
                  c3025440    00000020               : uartStdio.obj (.text:UARTStdioInit)
                  c3025460    00000020     rts6740_elf.lib : dtor_list.obj (.text:__cxa_atexit)
                  c3025480    00000020                     : dtor_list.obj (.text:__cxa_ia64_exit)
                  c30254a0    00000020     ti.targets.rts6000.ae674 : xdc_noinit.oe674 (.text:__xdc__init)
                  c30254c0    00000020     rts6740_elf.lib : _lock.obj (.text:_nop)
                  c30254e0    00000020                     : _lock.obj (.text:_register_lock)
                  c3025500    00000020                     : _lock.obj (.text:_register_unlock)
                  c3025520    00000020     sysbios.ae674 : c62_TaskSupport_asm.obj (.text:_ti_sysbios_family_c62_TaskSupport_glue)
                  c3025540    00000020                   : c64p_Hwi_asm_switch.obj (.text:_ti_sysbios_family_xxx_Hwi_switchToTaskStack)
                  c3025560    00000020     rts6740_elf.lib : exit.obj (.text:abort)
                  c3025580    00000020                     : dtor_list.obj (.text:atexit)
                  c30255a0    00000020     dsp_pe674.oe674 (.text:ti_sdo_ipc_GateMP_Params__init__S)
                  c30255c0    00000020     dsp_pe674.oe674 (.text:ti_sdo_ipc_GateMP_RemoteCustom1Proxy_Object__create__S)
                  c30255e0    00000020     dsp_pe674.oe674 (.text:ti_sdo_ipc_GateMP_RemoteCustom1Proxy_Object__delete__S)
                  c3025600    00000020     dsp_pe674.oe674 (.text:ti_sdo_ipc_GateMP_RemoteCustom1Proxy_Params__init__S)
                  c3025620    00000020     dsp_pe674.oe674 (.text:ti_sdo_ipc_GateMP_RemoteCustom1Proxy_Proxy__abstract__S)
                  c3025640    00000020     dsp_pe674.oe674 (.text:ti_sdo_ipc_GateMP_RemoteCustom1Proxy_Proxy__delegate__S)
                  c3025660    00000020     dsp_pe674.oe674 (.text:ti_sdo_ipc_GateMP_RemoteCustom1Proxy_getReservedMask__E)
                  c3025680    00000020     dsp_pe674.oe674 (.text:ti_sdo_ipc_GateMP_RemoteCustom1Proxy_sharedMemReq__E)
                  c30256a0    00000020     dsp_pe674.oe674 (.text:ti_sdo_ipc_GateMP_RemoteCustom2Proxy_Object__create__S)
                  c30256c0    00000020     dsp_pe674.oe674 (.text:ti_sdo_ipc_GateMP_RemoteCustom2Proxy_Object__delete__S)
                  c30256e0    00000020     dsp_pe674.oe674 (.text:ti_sdo_ipc_GateMP_RemoteCustom2Proxy_Params__init__S)
                  c3025700    00000020     dsp_pe674.oe674 (.text:ti_sdo_ipc_GateMP_RemoteCustom2Proxy_Proxy__abstract__S)
                  c3025720    00000020     dsp_pe674.oe674 (.text:ti_sdo_ipc_GateMP_RemoteCustom2Proxy_Proxy__delegate__S)
                  c3025740    00000020     dsp_pe674.oe674 (.text:ti_sdo_ipc_GateMP_RemoteCustom2Proxy_getReservedMask__E)
                  c3025760    00000020     dsp_pe674.oe674 (.text:ti_sdo_ipc_GateMP_RemoteCustom2Proxy_sharedMemReq__E)
                  c3025780    00000020     dsp_pe674.oe674 (.text:ti_sdo_ipc_GateMP_RemoteSystemProxy_Object__create__S)
                  c30257a0    00000020     dsp_pe674.oe674 (.text:ti_sdo_ipc_GateMP_RemoteSystemProxy_Object__delete__S)
                  c30257c0    00000020     dsp_pe674.oe674 (.text:ti_sdo_ipc_GateMP_RemoteSystemProxy_Params__init__S)
                  c30257e0    00000020     dsp_pe674.oe674 (.text:ti_sdo_ipc_GateMP_RemoteSystemProxy_Proxy__abstract__S)
                  c3025800    00000020     dsp_pe674.oe674 (.text:ti_sdo_ipc_GateMP_RemoteSystemProxy_Proxy__delegate__S)
                  c3025820    00000020     dsp_pe674.oe674 (.text:ti_sdo_ipc_GateMP_RemoteSystemProxy_getReservedMask__E)
                  c3025840    00000020     dsp_pe674.oe674 (.text:ti_sdo_ipc_GateMP_RemoteSystemProxy_sharedMemReq__E)
                  c3025860    00000020     dsp_pe674.oe674 (.text:ti_sdo_ipc_GateMP_attach__E)
                  c3025880    00000020     dsp_pe674.oe674 (.text:ti_sdo_ipc_GateMP_detach__E)
                  c30258a0    00000020     dsp_pe674.oe674 (.text:ti_sdo_ipc_GateMP_getRegion0ReservedSize__E)
                  c30258c0    00000020     dsp_pe674.oe674 (.text:ti_sdo_ipc_GateMP_getSharedAddr__E)
                  c30258e0    00000020     ipc.ae674 : Ipc.obj (.text:ti_sdo_ipc_GateMP_getSharedAddr__F)
                  c3025900    00000020     dsp_pe674.oe674 (.text:ti_sdo_ipc_GateMP_start__E)
                  c3025920    00000020     dsp_pe674.oe674 (.text:ti_sdo_ipc_GateMP_stop__E)
                  c3025940    00000020     dsp_pe674.oe674 (.text:ti_sdo_ipc_ListMP_Params__init__S)
                  c3025960    00000020     dsp_pe674.oe674 (.text:ti_sdo_ipc_MessageQ_Module_startup__E)
                  c3025980    00000020     dsp_pe674.oe674 (.text:ti_sdo_ipc_MessageQ_Object__get__S)
                  c30259a0    00000020     dsp_pe674.oe674 (.text:ti_sdo_ipc_MessageQ_Params__init__S)
                  c30259c0    00000020     dsp_pe674.oe674 (.text:ti_sdo_ipc_MessageQ_SetupTransportProxy_attach__E)
                  c30259e0    00000020     dsp_pe674.oe674 (.text:ti_sdo_ipc_MessageQ_SetupTransportProxy_detach__E)
                  c3025a00    00000020     dsp_pe674.oe674 (.text:ti_sdo_ipc_MessageQ_SetupTransportProxy_isRegistered__E)
                  c3025a20    00000020     dsp_pe674.oe674 (.text:ti_sdo_ipc_MessageQ_SetupTransportProxy_sharedMemReq__E)
                  c3025a40    00000020     dsp_pe674.oe674 (.text:ti_sdo_ipc_MessageQ_registerTransport__E)
                  c3025a60    00000020     dsp_pe674.oe674 (.text:ti_sdo_ipc_MessageQ_unregisterTransport__E)
                  c3025a80    00000020     dsp_pe674.oe674 (.text:ti_sdo_ipc_Notify_Module_GateProxy_enter__E)
                  c3025aa0    00000020     dsp_pe674.oe674 (.text:ti_sdo_ipc_Notify_Module_GateProxy_leave__E)
                  c3025ac0    00000020     dsp_pe674.oe674 (.text:ti_sdo_ipc_Notify_Module_startup__E)
                  c3025ae0    00000020     dsp_pe674.oe674 (.text:ti_sdo_ipc_Notify_SetupProxy_attach__E)
                  c3025b00    00000020     dsp_pe674.oe674 (.text:ti_sdo_ipc_Notify_SetupProxy_numIntLines__E)
                  c3025b20    00000020     dsp_pe674.oe674 (.text:ti_sdo_ipc_Notify_SetupProxy_sharedMemReq__E)
                  c3025b40    00000020     dsp_pe674.oe674 (.text:ti_sdo_ipc_Notify_detach__E)
                  c3025b60    00000020     dsp_pe674.oe674 (.text:ti_sdo_ipc_Notify_exec__E)
                  c3025b80    00000020     dsp_pe674.oe674 (.text:ti_sdo_ipc_SharedRegion_attach__E)
                  c3025ba0    00000020     dsp_pe674.oe674 (.text:ti_sdo_ipc_SharedRegion_clearReservedMemory__E)
                  c3025bc0    00000020     dsp_pe674.oe674 (.text:ti_sdo_ipc_SharedRegion_detach__E)
                  c3025be0    00000020     dsp_pe674.oe674 (.text:ti_sdo_ipc_SharedRegion_reserveMemory__E)
                  c3025c00    00000020     dsp_pe674.oe674 (.text:ti_sdo_ipc_SharedRegion_resetInternalFields__E)
                  c3025c20    00000020     dsp_pe674.oe674 (.text:ti_sdo_ipc_SharedRegion_start__E)
                  c3025c40    00000020     dsp_pe674.oe674 (.text:ti_sdo_ipc_SharedRegion_stop__E)
                  c3025c60    00000020     ipc.ae674 : Ipc.obj (.text:ti_sdo_ipc_family_da830_InterruptDsp_intDisable__E)
                  c3025c80    00000020               : Ipc.obj (.text:ti_sdo_ipc_family_da830_InterruptDsp_intEnable__E)
                  c3025ca0    00000020               : Ipc.obj (.text:ti_sdo_ipc_family_da830_InterruptDsp_intUnregister__E)
                  c3025cc0    00000020               : Ipc.obj (.text:ti_sdo_ipc_family_da830_NotifySetup_numIntLines__E)
                  c3025ce0    00000020               : Ipc.obj (.text:ti_sdo_ipc_gates_GateMPSupportNull_Instance_init__F)
                  c3025d00    00000020     dsp_pe674.oe674 (.text:ti_sdo_ipc_gates_GateMPSupportNull_Params__init__S)
                  c3025d20    00000020     ipc.ae674 : Ipc.obj (.text:ti_sdo_ipc_gates_GateMPSupportNull_enter__E)
                  c3025d40    00000020               : Ipc.obj (.text:ti_sdo_ipc_gates_GateMPSupportNull_getReservedMask__E)
                  c3025d60    00000020               : Ipc.obj (.text:ti_sdo_ipc_gates_GateMPSupportNull_leave__E)
                  c3025d80    00000020     dsp_pe674.oe674 (.text:ti_sdo_ipc_gates_GateMPSupportNull_query__E)
                  c3025da0    00000020     ipc.ae674 : Ipc.obj (.text:ti_sdo_ipc_gates_GateMPSupportNull_query__F)
                  c3025dc0    00000020               : Ipc.obj (.text:ti_sdo_ipc_gates_GateMPSupportNull_sharedMemReq__E)
                  c3025de0    00000020     dsp_pe674.oe674 (.text:ti_sdo_ipc_gates_GatePeterson_Params__init__S)
                  c3025e00    00000020     ipc.ae674 : Ipc.obj (.text:ti_sdo_ipc_gates_GatePeterson_getReservedMask__E)
                  c3025e20    00000020     dsp_pe674.oe674 (.text:ti_sdo_ipc_gates_GatePeterson_query__E)
                  c3025e40    00000020     ipc.ae674 : Ipc.obj (.text:ti_sdo_ipc_gates_GatePeterson_query__F)
                  c3025e60    00000020     dsp_pe674.oe674 (.text:ti_sdo_ipc_heaps_HeapBufMP_Params__init__S)
                  c3025e80    00000020     dsp_pe674.oe674 (.text:ti_sdo_ipc_heaps_HeapBufMP_getStats__E)
                  c3025ea0    00000020     dsp_pe674.oe674 (.text:ti_sdo_ipc_heaps_HeapBufMP_isBlocking__E)
                  c3025ec0    00000020     ipc.ae674 : Ipc.obj (.text:ti_sdo_ipc_heaps_HeapBufMP_isBlocking__F)
                  c3025ee0    00000020     dsp_pe674.oe674 (.text:ti_sdo_ipc_heaps_HeapMemMP_Params__init__S)
                  c3025f00    00000020     dsp_pe674.oe674 (.text:ti_sdo_ipc_heaps_HeapMemMP_isBlocking__E)
                  c3025f20    00000020     ipc.ae674 : Ipc.obj (.text:ti_sdo_ipc_heaps_HeapMemMP_isBlocking__F)
                  c3025f40    00000020     dsp_pe674.oe674 (.text:ti_sdo_ipc_notifyDrivers_NotifyDriverShm_InterruptProxy_intClear__E)
                  c3025f60    00000020     dsp_pe674.oe674 (.text:ti_sdo_ipc_notifyDrivers_NotifyDriverShm_InterruptProxy_intDisable__E)
                  c3025f80    00000020     dsp_pe674.oe674 (.text:ti_sdo_ipc_notifyDrivers_NotifyDriverShm_InterruptProxy_intEnable__E)
                  c3025fa0    00000020     dsp_pe674.oe674 (.text:ti_sdo_ipc_notifyDrivers_NotifyDriverShm_InterruptProxy_intRegister__E)
                  c3025fc0    00000020     dsp_pe674.oe674 (.text:ti_sdo_ipc_notifyDrivers_NotifyDriverShm_InterruptProxy_intSend__E)
                  c3025fe0    00000020     dsp_pe674.oe674 (.text:ti_sdo_ipc_notifyDrivers_NotifyDriverShm_InterruptProxy_intUnregister__E)
                  c3026000    00000020     dsp_pe674.oe674 (.text:ti_sdo_ipc_notifyDrivers_NotifyDriverShm_Params__init__S)
                  c3026020    00000020     ipc.ae674 : Ipc.obj (.text:ti_sdo_ipc_notifyDrivers_NotifyDriverShm_disable__E)
                  c3026040    00000020               : Ipc.obj (.text:ti_sdo_ipc_notifyDrivers_NotifyDriverShm_enable__E)
                  c3026060    00000020     dsp_pe674.oe674 (.text:ti_sdo_ipc_notifyDrivers_NotifyDriverShm_sharedMemReq__E)
                  c3026080    00000020     dsp_pe674.oe674 (.text:ti_sdo_ipc_nsremote_NameServerRemoteNotify_Object__first__S)
                  c30260a0    00000020     dsp_pe674.oe674 (.text:ti_sdo_ipc_nsremote_NameServerRemoteNotify_Object__next__S)
                  c30260c0    00000020     dsp_pe674.oe674 (.text:ti_sdo_ipc_nsremote_NameServerRemoteNotify_Params__init__S)
                  c30260e0    00000020     ipc.ae674 : Ipc.obj (.text:ti_sdo_ipc_nsremote_NameServerRemoteNotify_cbFxn__I)
                  c3026100    00000020     dsp_pe674.oe674 (.text:ti_sdo_ipc_nsremote_NameServerRemoteNotify_get__E)
                  c3026120    00000020     ipc.ae674 : Ipc.obj (.text:ti_sdo_ipc_transports_TransportShmSetup_isRegistered__E)
                  c3026140    00000020     dsp_pe674.oe674 (.text:ti_sdo_ipc_transports_TransportShm_Params__init__S)
                  c3026160    00000020     dsp_pe674.oe674 (.text:ti_sdo_ipc_transports_TransportShm_close__E)
                  c3026180    00000020     ipc.ae674 : Ipc.obj (.text:ti_sdo_ipc_transports_TransportShm_close__F)
                  c30261a0    00000020               : Ipc.obj (.text:ti_sdo_ipc_transports_TransportShm_control__E)
                  c30261c0    00000020               : Ipc.obj (.text:ti_sdo_ipc_transports_TransportShm_getStatus__E)
                  c30261e0    00000020               : Ipc.obj (.text:ti_sdo_ipc_transports_TransportShm_notifyFxn__I)
                  c3026200    00000020     dsp_pe674.oe674 (.text:ti_sdo_ipc_transports_TransportShm_openByAddr__E)
                  c3026220    00000020     dsp_pe674.oe674 (.text:ti_sdo_ipc_transports_TransportShm_setErrFxn__E)
                  c3026240    00000020     ipc.ae674 : Ipc.obj (.text:ti_sdo_ipc_transports_TransportShm_setErrFxn__F)
                  c3026260    00000020     dsp_pe674.oe674 (.text:ti_sdo_ipc_transports_TransportShm_sharedMemReq__E)
                  c3026280    00000020     ipc.ae674 : Ipc.obj (.text:ti_sdo_utils_List_Instance_init__F)
                  c30262a0    00000020     dsp_pe674.oe674 (.text:ti_sdo_utils_List_Object__destruct__S)
                  c30262c0    00000020     dsp_pe674.oe674 (.text:ti_sdo_utils_List_Object__get__S)
                  c30262e0    00000020     dsp_pe674.oe674 (.text:ti_sdo_utils_MultiProc_getClusterId__E)
                  c3026300    00000020     ipc.ae674 : Ipc.obj (.text:ti_sdo_utils_MultiProc_getClusterId__F)
                  c3026320    00000020     dsp_pe674.oe674 (.text:ti_sdo_utils_NameServer_Module__startupDone__S)
                  c3026340    00000020     dsp_pe674.oe674 (.text:ti_sdo_utils_NameServer_Module_startup__E)
                  c3026360    00000020     dsp_pe674.oe674 (.text:ti_sdo_utils_NameServer_Object__first__S)
                  c3026380    00000020     dsp_pe674.oe674 (.text:ti_sdo_utils_NameServer_Object__next__S)
                  c30263a0    00000020     dsp_pe674.oe674 (.text:ti_sdo_utils_NameServer_SetupProxy_attach__E)
                  c30263c0    00000020     dsp_pe674.oe674 (.text:ti_sdo_utils_NameServer_SetupProxy_detach__E)
                  c30263e0    00000020     dsp_pe674.oe674 (.text:ti_sdo_utils_NameServer_SetupProxy_sharedMemReq__E)
                  c3026400    00000020     dsp_pe674.oe674 (.text:ti_sysbios_BIOS_RtsGateProxy_enter__E)
                  c3026420    00000020     dsp_pe674.oe674 (.text:ti_sysbios_BIOS_RtsGateProxy_leave__E)
                  c3026440    00000020     sysbios.ae674 : BIOS.obj (.text:ti_sysbios_BIOS_getThreadType__E)
                  c3026460    00000020                   : BIOS.obj (.text:ti_sysbios_BIOS_nullFunc__I)
                  c3026480    00000020                   : BIOS.obj (.text:ti_sysbios_BIOS_setThreadType__E)
                  c30264a0    00000020                   : BIOS.obj (.text:ti_sysbios_BIOS_start__E)
                  c30264c0    00000020     dsp_pe674.oe674 (.text:ti_sysbios_family_c62_TaskSupport_Module__startupDone__S)
                  c30264e0    00000020     sysbios.ae674 : BIOS.obj (.text:ti_sysbios_family_c62_TaskSupport_checkStack__E)
                  c3026500    00000020                   : BIOS.obj (.text:ti_sysbios_family_c62_TaskSupport_getStackAlignment__E)
                  c3026520    00000020     dsp_pe674.oe674 (.text:ti_sysbios_family_c64p_Cache_Module_startup__E)
                  c3026540    00000020     sysbios.ae674 : BIOS.obj (.text:ti_sysbios_family_c64p_Cache_invL1pAll__E)
                  c3026560    00000020                   : BIOS.obj (.text:ti_sysbios_family_c64p_Cache_inv__E)
                  c3026580    00000020                   : BIOS.obj (.text:ti_sysbios_family_c64p_Cache_wbInv__E)
                  c30265a0    00000020                   : BIOS.obj (.text:ti_sysbios_family_c64p_Cache_wb__E)
                  c30265c0    00000020     dsp_pe674.oe674 (.text:ti_sysbios_family_c64p_Exception_Module_startup__E)
                  c30265e0    00000020     dsp_pe674.oe674 (.text:ti_sysbios_family_c64p_Hwi_Module__startupDone__S)
                  c3026600    00000020     dsp_pe674.oe674 (.text:ti_sysbios_family_c64p_Hwi_Module_startup__E)
                  c3026620    00000020     dsp_pe674.oe674 (.text:ti_sysbios_family_c64p_Hwi_Params__init__S)
                  c3026640    00000020     sysbios.ae674 : BIOS.obj (.text:ti_sysbios_family_c64p_Hwi_clearInterrupt__E)
                  c3026660    00000020                   : BIOS.obj (.text:ti_sysbios_family_c64p_Hwi_getHandle__E)
                  c3026680    00000020                   : BIOS.obj (.text:ti_sysbios_family_c64p_Hwi_startup__E)
                  c30266a0    00000020                   : BIOS.obj (.text:ti_sysbios_family_c64p_Hwi_switchFromBootStack__E)
                  c30266c0    00000020                   : BIOS.obj (.text:ti_sysbios_family_c64p_Hwi_unPluggedInterrupt__I)
                  c30266e0    00000020     dsp_pe674.oe674 (.text:ti_sysbios_family_c64p_TimestampProvider_Module_startup__E)
                  c3026700    00000020     sysbios.ae674 : BIOS.obj (.text:ti_sysbios_family_c64p_TimestampProvider_Module_startup__F)
                  c3026720    00000020                   : BIOS.obj (.text:ti_sysbios_family_c64p_TimestampProvider_get64__E)
                  c3026740    00000020                   : BIOS.obj (.text:ti_sysbios_gates_GateAll_Instance_init__F)
                  c3026760    00000020     dsp_pe674.oe674 (.text:ti_sysbios_gates_GateAll_query__E)
                  c3026780    00000020     sysbios.ae674 : BIOS.obj (.text:ti_sysbios_gates_GateAll_query__F)
                  c30267a0    00000020                   : BIOS.obj (.text:ti_sysbios_gates_GateHwi_Instance_init__F)
                  c30267c0    00000020                   : BIOS.obj (.text:ti_sysbios_gates_GateHwi_enter__E)
                  c30267e0    00000020                   : BIOS.obj (.text:ti_sysbios_gates_GateHwi_leave__E)
                  c3026800    00000020     dsp_pe674.oe674 (.text:ti_sysbios_gates_GateHwi_query__E)
                  c3026820    00000020     sysbios.ae674 : BIOS.obj (.text:ti_sysbios_gates_GateHwi_query__F)
                  c3026840    00000020                   : BIOS.obj (.text:ti_sysbios_gates_GateMutexPri_Instance_finalize__F)
                  c3026860    00000020     dsp_pe674.oe674 (.text:ti_sysbios_gates_GateMutexPri_query__E)
                  c3026880    00000020     sysbios.ae674 : BIOS.obj (.text:ti_sysbios_gates_GateMutexPri_query__F)
                  c30268a0    00000020                   : BIOS.obj (.text:ti_sysbios_gates_GateMutex_Instance_finalize__F)
                  c30268c0    00000020     dsp_pe674.oe674 (.text:ti_sysbios_gates_GateMutex_query__E)
                  c30268e0    00000020     sysbios.ae674 : BIOS.obj (.text:ti_sysbios_gates_GateMutex_query__F)
                  c3026900    00000020                   : BIOS.obj (.text:ti_sysbios_gates_GateSwi_Instance_init__F)
                  c3026920    00000020                   : BIOS.obj (.text:ti_sysbios_gates_GateSwi_enter__E)
                  c3026940    00000020                   : BIOS.obj (.text:ti_sysbios_gates_GateSwi_leave__E)
                  c3026960    00000020     dsp_pe674.oe674 (.text:ti_sysbios_gates_GateSwi_query__E)
                  c3026980    00000020     sysbios.ae674 : BIOS.obj (.text:ti_sysbios_gates_GateSwi_query__F)
                  c30269a0    00000020     dsp_pe674.oe674 (.text:ti_sysbios_hal_Cache_CacheProxy_inv__E)
                  c30269c0    00000020     dsp_pe674.oe674 (.text:ti_sysbios_hal_Cache_CacheProxy_wbInv__E)
                  c30269e0    00000020     dsp_pe674.oe674 (.text:ti_sysbios_hal_Cache_CacheProxy_wb__E)
                  c3026a00    00000020     sysbios.ae674 : BIOS.obj (.text:ti_sysbios_hal_Cache_inv__E)
                  c3026a20    00000020                   : BIOS.obj (.text:ti_sysbios_hal_Cache_wbInv__E)
                  c3026a40    00000020                   : BIOS.obj (.text:ti_sysbios_hal_Cache_wb__E)
                  c3026a60    00000020     dsp_pe674.oe674 (.text:ti_sysbios_hal_Hwi_HwiProxy_Module__startupDone__S)
                  c3026a80    00000020     dsp_pe674.oe674 (.text:ti_sysbios_hal_Hwi_HwiProxy_Object__create__S)
                  c3026aa0    00000020     dsp_pe674.oe674 (.text:ti_sysbios_hal_Hwi_HwiProxy_Object__delete__S)
                  c3026ac0    00000020     dsp_pe674.oe674 (.text:ti_sysbios_hal_Hwi_HwiProxy_clearInterrupt__E)
                  c3026ae0    00000020     dsp_pe674.oe674 (.text:ti_sysbios_hal_Hwi_HwiProxy_disableInterrupt__E)
                  c3026b00    00000020     dsp_pe674.oe674 (.text:ti_sysbios_hal_Hwi_HwiProxy_enableInterrupt__E)
                  c3026b20    00000020     dsp_pe674.oe674 (.text:ti_sysbios_hal_Hwi_HwiProxy_getStackInfo__E)
                  c3026b40    00000020     dsp_pe674.oe674 (.text:ti_sysbios_hal_Hwi_HwiProxy_startup__E)
                  c3026b60    00000020     dsp_pe674.oe674 (.text:ti_sysbios_hal_Hwi_HwiProxy_switchFromBootStack__E)
                  c3026b80    00000020     sysbios.ae674 : BIOS.obj (.text:ti_sysbios_hal_Hwi_Instance_finalize__F)
                  c3026ba0    00000020     dsp_pe674.oe674 (.text:ti_sysbios_hal_Hwi_Module_startup__E)
                  c3026bc0    00000020     sysbios.ae674 : BIOS.obj (.text:ti_sysbios_hal_Hwi_Module_startup__F)
                  c3026be0    00000020     dsp_pe674.oe674 (.text:ti_sysbios_hal_Hwi_Params__init__S)
                  c3026c00    00000020     sysbios.ae674 : BIOS.obj (.text:ti_sysbios_hal_Hwi_enableInterrupt__E)
                  c3026c20    00000020                   : BIOS.obj (.text:ti_sysbios_hal_Hwi_startup__E)
                  c3026c40    00000020     dsp_pe674.oe674 (.text:ti_sysbios_hal_Timer_Module__startupDone__S)
                  c3026c60    00000020     dsp_pe674.oe674 (.text:ti_sysbios_hal_Timer_Module_startup__E)
                  c3026c80    00000020     sysbios.ae674 : BIOS.obj (.text:ti_sysbios_hal_Timer_Module_startup__F)
                  c3026ca0    00000020     dsp_pe674.oe674 (.text:ti_sysbios_hal_Timer_TimerProxy_Module__startupDone__S)
                  c3026cc0    00000020     dsp_pe674.oe674 (.text:ti_sysbios_hal_Timer_TimerProxy_getExpiredCounts__E)
                  c3026ce0    00000020     dsp_pe674.oe674 (.text:ti_sysbios_hal_Timer_TimerProxy_getPeriod__E)
                  c3026d00    00000020     dsp_pe674.oe674 (.text:ti_sysbios_hal_Timer_TimerProxy_setNextTick__E)
                  c3026d20    00000020     dsp_pe674.oe674 (.text:ti_sysbios_hal_Timer_TimerProxy_startup__E)
                  c3026d40    00000020     sysbios.ae674 : BIOS.obj (.text:ti_sysbios_hal_Timer_startup__E)
                  c3026d60    00000020     dsp_pe674.oe674 (.text:ti_sysbios_heaps_HeapMem_Module_GateProxy_enter__E)
                  c3026d80    00000020     dsp_pe674.oe674 (.text:ti_sysbios_heaps_HeapMem_Module_GateProxy_leave__E)
                  c3026da0    00000020     dsp_pe674.oe674 (.text:ti_sysbios_heaps_HeapMem_Module_GateProxy_query__E)
                  c3026dc0    00000020     sysbios.ae674 : BIOS.obj (.text:ti_sysbios_heaps_HeapMem_isBlocking__E)
                  c3026de0    00000020     dsp_pe674.oe674 (.text:ti_sysbios_knl_Clock_Module_startup__E)
                  c3026e00    00000020     dsp_pe674.oe674 (.text:ti_sysbios_knl_Clock_Params__init__S)
                  c3026e20    00000020     sysbios.ae674 : BIOS.obj (.text:ti_sysbios_knl_Clock_logTick__E)
                  c3026e40    00000020                   : BIOS.obj (.text:ti_sysbios_knl_Idle_loop__E)
                  c3026e60    00000020                   : BIOS.obj (.text:ti_sysbios_knl_Queue_Instance_init__F)
                  c3026e80    00000020     dsp_pe674.oe674 (.text:ti_sysbios_knl_Queue_Object__destruct__S)
                  c3026ea0    00000020     dsp_pe674.oe674 (.text:ti_sysbios_knl_Queue_Object__get__S)
                  c3026ec0    00000020     sysbios.ae674 : BIOS.obj (.text:ti_sysbios_knl_Queue_empty__E)
                  c3026ee0    00000020                   : BIOS.obj (.text:ti_sysbios_knl_Semaphore_Instance_finalize__F)
                  c3026f00    00000020     dsp_pe674.oe674 (.text:ti_sysbios_knl_Semaphore_Params__init__S)
                  c3026f20    00000020     sysbios.ae674 : BIOS.obj (.text:ti_sysbios_knl_Swi_Instance_finalize__F)
                  c3026f40    00000020     dsp_pe674.oe674 (.text:ti_sysbios_knl_Swi_Module_startup__E)
                  c3026f60    00000020     dsp_pe674.oe674 (.text:ti_sysbios_knl_Swi_Params__init__S)
                  c3026f80    00000020     sysbios.ae674 : BIOS.obj (.text:ti_sysbios_knl_Swi_disable__E)
                  c3026fa0    00000020                   : BIOS.obj (.text:ti_sysbios_knl_Swi_startup__E)
                  c3026fc0    00000020     dsp_pe674.oe674 (.text:ti_sysbios_knl_Task_Module_startup__E)
                  c3026fe0    00000020     dsp_pe674.oe674 (.text:ti_sysbios_knl_Task_Object__first__S)
                  c3027000    00000020     dsp_pe674.oe674 (.text:ti_sysbios_knl_Task_Object__next__S)
                  c3027020    00000020     dsp_pe674.oe674 (.text:ti_sysbios_knl_Task_Params__init__S)
                  c3027040    00000020     dsp_pe674.oe674 (.text:ti_sysbios_knl_Task_SupportProxy_Module__startupDone__S)
                  c3027060    00000020     dsp_pe674.oe674 (.text:ti_sysbios_knl_Task_SupportProxy_checkStack__E)
                  c3027080    00000020     dsp_pe674.oe674 (.text:ti_sysbios_knl_Task_SupportProxy_getStackAlignment__E)
                  c30270a0    00000020     dsp_pe674.oe674 (.text:ti_sysbios_knl_Task_SupportProxy_start__E)
                  c30270c0    00000020     dsp_pe674.oe674 (.text:ti_sysbios_knl_Task_SupportProxy_swap__E)
                  c30270e0    00000020     sysbios.ae674 : BIOS.obj (.text:ti_sysbios_knl_Task_disable__E)
                  c3027100    00000020                   : BIOS.obj (.text:ti_sysbios_knl_Task_getPri__E)
                  c3027120    00000020                   : BIOS.obj (.text:ti_sysbios_knl_Task_self__E)
                  c3027140    00000020                   : BIOS.obj (.text:ti_sysbios_knl_Task_startup__E)
                  c3027160    00000020                   : BIOS.obj (.text:ti_sysbios_syncs_SyncSem_Instance_finalize__F)
                  c3027180    00000020     dsp_pe674.oe674 (.text:ti_sysbios_syncs_SyncSem_query__E)
                  c30271a0    00000020     sysbios.ae674 : BIOS.obj (.text:ti_sysbios_syncs_SyncSem_query__F)
                  c30271c0    00000020     dsp_pe674.oe674 (.text:ti_sysbios_syncs_SyncSem_signal__E)
[...]
c303a176   ti_sdo_ipc_gates_GatePeterson_Module__id__C
c303a186   ti_sdo_ipc_heaps_HeapBufMP_Module__id__C
c303a194   ti_sdo_ipc_Ipc_E_internal__C
c303a198   ti_sdo_ipc_Ipc_userFxns__A
c303a1a4   ti_sysbios_family_c64p_Cache_initSize__C
c303a1bc   ti_sdo_ipc_Ipc_E_nameFailed__C
c303a1cc   ti_sdo_ipc_Ipc_E_versionMismatch__C
c303a1dc   ti_sdo_ipc_Ipc_numUserFxns__C
c303a1ec   ti_sdo_ipc_Ipc_procSync__C
c303a1fc   ti_sdo_ipc_Ipc_userFxns__C
c303a20a   ti_sdo_ipc_heaps_HeapBufMP_trackAllocs__C
c303a20c   ti_sdo_ipc_MessageQ_E_indexNotAvailable__C
c303a21a   ti_sdo_ipc_heaps_HeapMemMP_Module__id__C
c303a21c   ti_sdo_ipc_MessageQ_E_maxReached__C
c303a22a   ti_sdo_ipc_nsremote_NameServerRemoteNotify_Module__id__C
c303a22c   ti_sdo_ipc_MessageQ_E_nameFailed__C
c303a23a   ti_sdo_ipc_transports_TransportShm_Module__id__C
c303a23c   ti_sdo_ipc_MessageQ_Instance_State_highList__O
c303a24a   ti_sdo_ipc_transports_TransportShm_notifyEventId__C
c303a24c   ti_sdo_ipc_MessageQ_Instance_State_normalList__O
c303a25a   ti_sdo_utils_MultiProc_numProcessors__C
c303a25c   ti_sdo_ipc_MessageQ_Object__count__C
c303a278   ti_sdo_utils_MultiProc_nameList__A
c303a280   ti_sysbios_knl_Idle_coreList__C
c303a288   ti_sysbios_knl_Idle_funcList__C
c303a290   ti_sysbios_knl_Task_hooks__C
c303a298   xdc_runtime_Startup_firstFxns__A
c303a2a0   xdc_runtime_Startup_firstFxns__C
c303a2a8   xdc_runtime_Startup_lastFxns__C
c303a2b0   ti_sdo_ipc_MessageQ_Object__heap__C
c303a2b4   ti_sdo_ipc_MessageQ_maxRuntimeEntries__C
c303a2b8   ti_sdo_ipc_MessageQ_numReservedEntries__C
c303a2bc   ti_sdo_ipc_Notify_Module__gateObj__C
c303a2c0   ti_sdo_ipc_Notify_Object__heap__C
c303a2c4   ti_sdo_ipc_Notify_numEvents__C
c303a2c8   ti_sdo_ipc_Notify_sendEventPollCount__C
c303a2cc   ti_sdo_ipc_SharedRegion_INVALIDSRPTR__C
c303a2d0   ti_sdo_ipc_SharedRegion_numOffsetBits__C
c303a2d4   ti_sdo_ipc_SharedRegion_offsetMask__C
c303a2d8   ti_sdo_ipc_family_da830_NotifySetup_armRecvIntId0__C
c303a2dc   ti_sdo_ipc_family_da830_NotifySetup_armRecvIntId1__C
c303a2e0   ti_sdo_ipc_family_da830_NotifySetup_dspIntVectId0__C
c303a2e4   ti_sdo_ipc_family_da830_NotifySetup_dspIntVectId1__C
c303a2e8   ti_sdo_ipc_family_da830_NotifySetup_dspRecvIntId0__C
c303a2ec   ti_sdo_ipc_family_da830_NotifySetup_dspRecvIntId1__C
c303a2f0   ti_sdo_ipc_gates_GatePeterson_E_gateRemotelyOpened__C
c303a2f4   ti_sdo_ipc_heaps_HeapBufMP_E_alignTooLarge__C
c303a2f8   ti_sdo_ipc_heaps_HeapBufMP_E_exactFail__C
c303a2fc   ti_sdo_ipc_heaps_HeapBufMP_E_noBlocksLeft__C
c303a300   ti_sdo_ipc_heaps_HeapBufMP_E_sizeTooLarge__C
c303a304   ti_sdo_ipc_heaps_HeapMemMP_E_memory__C
c303a308   ti_sdo_ipc_interfaces_IGateMPSupport_Interface__BASE__C
c303a30c   ti_sdo_ipc_interfaces_IMessageQTransport_Interface__BASE__C
c303a310   ti_sdo_ipc_interfaces_INotifyDriver_Interface__BASE__C
c303a314   ti_sdo_ipc_notifyDrivers_NotifyDriverShm_Object__heap__C
c303a318   ti_sdo_ipc_nsremote_NameServerRemoteNotify_Instance_State_semMultiBlock__O
c303a31c   ti_sdo_ipc_nsremote_NameServerRemoteNotify_Instance_State_semRemoteWait__O
c303a320   ti_sdo_ipc_nsremote_NameServerRemoteNotify_Instance_State_swiObj__O
c303a324   ti_sdo_ipc_nsremote_NameServerRemoteNotify_notifyEventId__C
c303a328   ti_sdo_ipc_nsremote_NameServerRemoteNotify_timeout__C
c303a32c   ti_sdo_ipc_transports_TransportShmSetup_priority__C
c303a330   ti_sdo_ipc_transports_TransportShm_Instance_State_swiObj__O
c303a334   ti_sdo_utils_INameServerRemote_Interface__BASE__C
c303a338   ti_sdo_utils_MultiProc_nameList__C
c303a33c   ti_sdo_utils_MultiProc_procIdList__C
c303a340   ti_sdo_utils_MultiProc_procIdList__A
c303a344   ti_sdo_utils_NameServer_E_entryExists__C
c303a348   ti_sdo_utils_NameServer_E_maxReached__C
c303a34c   ti_sdo_utils_NameServer_Instance_State_freeList__O
c303a350   ti_sdo_utils_NameServer_Instance_State_nameList__O
c303a354   ti_sdo_utils_NameServer_Object__count__C
c303a358   ti_sysbios_BIOS_installedErrorHook__C
c303a35c   ti_sysbios_family_c62_TaskSupport_stackAlignment__C
c303a360   ti_sysbios_family_c64p_Cache_EMIFA_BASE__C
c303a364   ti_sysbios_family_c64p_Cache_EMIFA_CFG__C
c303a368   ti_sysbios_family_c64p_Cache_EMIFA_LENGTH__C
c303a36c   ti_sysbios_family_c64p_Cache_EMIFB_BASE__C
c303a370   ti_sysbios_family_c64p_Cache_EMIFB_CFG__C
c303a374   ti_sysbios_family_c64p_Cache_EMIFB_LENGTH__C
c303a378   ti_sysbios_family_c64p_Cache_EMIFC_BASE__C
c303a37c   ti_sysbios_family_c64p_Cache_EMIFC_CFG__C
c303a380   ti_sysbios_family_c64p_Cache_EMIFC_LENGTH__C
c303a384   ti_sysbios_family_c64p_Cache_MAR0_31__C
c303a388   ti_sysbios_family_c64p_Cache_MAR128_159__C
c303a38c   ti_sysbios_family_c64p_Cache_MAR160_191__C
c303a390   ti_sysbios_family_c64p_Cache_MAR192_223__C
c303a394   ti_sysbios_family_c64p_Cache_MAR224_255__C
c303a398   ti_sysbios_family_c64p_Cache_MAR32_63__C
c303a39c   ti_sysbios_family_c64p_Cache_MAR64_95__C
c303a3a0   ti_sysbios_family_c64p_Cache_MAR96_127__C
c303a3a4   ti_sysbios_family_c64p_Exception_E_exceptionMax__C
c303a3a8   ti_sysbios_family_c64p_Exception_E_exceptionMin__C
c303a3ac   ti_sysbios_family_c64p_Exception_exceptionHook__C
c303a3b0   ti_sysbios_family_c64p_Exception_externalHook__C
c303a3b4   ti_sysbios_family_c64p_Exception_internalHook__C
c303a3b8   ti_sysbios_family_c64p_Exception_nmiHook__C
c303a3bc   ti_sysbios_family_c64p_Hwi_E_alreadyDefined__C
c303a3c0   ti_sysbios_family_c64p_Hwi_E_handleNotFound__C
c303a3c4   ti_sysbios_gates_GateMutexPri_Instance_State_pendQ__O
c303a3c8   ti_sysbios_gates_GateMutex_Instance_State_sem__O
c303a3cc   ti_sysbios_hal_Hwi_E_stackOverflow__C
c303a3d0   ti_sysbios_heaps_HeapMem_E_memory__C
c303a3d4   ti_sysbios_heaps_HeapMem_Module__gateObj__C
c303a3d8   ti_sysbios_heaps_HeapMem_Object__count__C
c303a3dc   ti_sysbios_heaps_HeapMem_reqAlign__C
c303a3e0   ti_sysbios_knl_Clock_Module_State_clockQ__O
c303a3e4   ti_sysbios_knl_Clock_tickMode__C
c303a3e8   ti_sysbios_knl_Clock_tickPeriod__C
c303a3ec   ti_sysbios_knl_Clock_tickSource__C
c303a3f0   ti_sysbios_knl_Idle_coreList__A
c303a3f4   ti_sysbios_knl_Semaphore_Instance_State_pendQ__O
c303a3f8   ti_sysbios_knl_Idle_funcList__A
c303a3fc   ti_sysbios_knl_Swi_Object__count__C
c303a400   ti_sysbios_knl_Swi_numPriorities__C
c303a404   ti_sysbios_knl_Task_E_deleteNotAllowed__C
c303a408   ti_sysbios_knl_Task_E_spOutOfBounds__C
c303a40c   ti_sysbios_knl_Task_E_stackOverflow__C
c303a410   ti_sysbios_knl_Task_Module_State_inactiveQ__O
c303a414   ti_sysbios_knl_Task_Module_State_terminatedQ__O
c303a418   ti_sysbios_knl_Task_Object__count__C
c303a41c   ti_sysbios_knl_Task_Object__heap__C
c303a420   ti_sysbios_knl_Task_allBlockedFunc__C
c303a424   ti_sysbios_knl_Task_defaultStackHeap__C
c303a428   ti_sysbios_knl_Task_defaultStackSize__C
c303a42c   ti_sysbios_knl_Task_numConstructedTasks__C
c303a430   ti_sysbios_timers_timer64_Timer_E_cannotSupport__C
c303a434   ti_sysbios_timers_timer64_Timer_E_invalidTimer__C
c303a438   ti_sysbios_timers_timer64_Timer_E_notAvailable__C
c303a43c   ti_sysbios_timers_timer64_Timer_anyMask__C
c303a440   ti_sysbios_timers_timer64_Timer_defaultHalf__C
c303a444   ti_sysbios_timers_timer64_Timer_freqDivisor__C
c303a448   ti_sysbios_timers_timer64_Timer_numLocalTimers__C
c303a44c   ti_sysbios_timers_timer64_Timer_numTimerDevices__C
c303a450   ti_sysbios_xdcruntime_GateThreadSupport_Instance_State_gate__O
c303a454   xdc_runtime_Assert_E_assertFailed__C
c303a458   xdc_runtime_Core_A_initializedParams__C
c303a45c   xdc_runtime_Core_Module__diagsEnabled__C
c303a460   xdc_runtime_Core_Module__diagsIncluded__C
c303a464   xdc_runtime_Core_Module__diagsMask__C
c303a468   xdc_runtime_Diags_dictBase__C
c303a46c   xdc_runtime_Error_E_memory__C
c303a470   xdc_runtime_Error_Module__diagsEnabled__C
c303a474   xdc_runtime_Error_Module__diagsIncluded__C
c303a478   xdc_runtime_Error_Module__diagsMask__C
c303a47c   xdc_runtime_Error_Module__loggerFxn8__C
c303a480   xdc_runtime_Error_Module__loggerObj__C
c303a484   xdc_runtime_Error_policy__C
c303a488   xdc_runtime_Error_raiseHook__C
c303a48c   xdc_runtime_IFilterLogger_Interface__BASE__C
c303a490   xdc_runtime_IGateProvider_Interface__BASE__C
c303a494   xdc_runtime_IHeap_Interface__BASE__C
c303a498   xdc_runtime_ILogger_Interface__BASE__C
c303a49c   xdc_runtime_IModule_Interface__BASE__C
c303a4a0   xdc_runtime_Log_L_error__C
c303a4a4   xdc_runtime_LoggerBuf_E_badLevel__C
c303a4a8   xdc_runtime_LoggerBuf_Module__gateObj__C
c303a4ac   xdc_runtime_LoggerBuf_Object__count__C
c303a4b0   xdc_runtime_LoggerBuf_statusLogger__C
c303a4b4   xdc_runtime_Memory_defaultHeapInstance__C
c303a4b8   xdc_runtime_Registry_Module__diagsEnabled__C
c303a4bc   xdc_runtime_Registry_Module__diagsIncluded__C
c303a4c0   xdc_runtime_Registry_Module__diagsMask__C
c303a4c4   xdc_runtime_Registry_Module__loggerFxn1__C
c303a4c8   xdc_runtime_Registry_Module__loggerFxn2__C
c303a4cc   xdc_runtime_Registry_Module__loggerFxn4__C
c303a4d0   xdc_runtime_Registry_Module__loggerObj__C
c303a4d4   xdc_runtime_Startup_execImpl__C
c303a4d8   xdc_runtime_Startup_lastFxns__A
c303a4dc   xdc_runtime_Startup_maxPasses__C
c303a4e0   xdc_runtime_Startup_sfxnRts__C
c303a4e4   xdc_runtime_Startup_sfxnTab__C
c303a4e8   xdc_runtime_SysMin_bufSize__C
c303a4ec   xdc_runtime_SysMin_outputFunc__C
c303a4f0   xdc_runtime_System_Module__gateObj__C
c303a4f4   xdc_runtime_System_extendFxn__C
c303a4f8   xdc_runtime_System_maxAtexitHandlers__C
c303a4fc   xdc_runtime_Text_charTab__C
c303a500   xdc_runtime_Text_nameEmpty__C
c303a504   xdc_runtime_Text_nameStatic__C
c303a508   xdc_runtime_Text_nameUnknown__C
c303a50c   xdc_runtime_Text_nodeTab__C
c303a510   xdc_runtime_Text_visitRopeFxn__C
c303a514   xdc_runtime_knl_ISync_Interface__BASE__C
c303a518   ti_sdo_utils_MultiProc_numProcsInCluster__C
c303a51a   ti_sdo_utils_NameServer_Module__id__C
c303a51c   ti_sdo_utils_NameServer_singleProcessor__C
c303a51e   ti_sysbios_family_c64p_Exception_Module__id__C
c303a520   ti_sysbios_family_c64p_Exception_enableExternalMPC__C
c303a522   ti_sysbios_family_c64p_Exception_enablePrint__C
c303a524   ti_sysbios_family_c64p_Exception_useInternalBuffer__C
c303a526   ti_sysbios_family_c64p_Hwi_Module__id__C
c303a528   ti_sysbios_hal_Hwi_Module__id__C
c303a52a   ti_sysbios_heaps_HeapMem_Module__id__C
c303a52c   ti_sysbios_knl_Task_Module__id__C
c303a52e   ti_sysbios_knl_Task_deleteTerminatedTasks__C
c303a530   ti_sysbios_knl_Task_initStackFlag__C
c303a532   ti_sysbios_timers_timer64_Timer_Module__id__C
c303a534   ti_sysbios_timers_timer64_Timer_startupNeeded__C
c303a536   xdc_runtime_Core_Module__id__C
c303a538   xdc_runtime_Diags_setMaskEnabled__C
c303a53a   xdc_runtime_Error_Module__loggerDefined__C
c303a53c   xdc_runtime_Error_maxDepth__C
c303a53e   xdc_runtime_LoggerBuf_Module__id__C
c303a540   xdc_runtime_LoggerBuf_filterByLevel__C
c303a542   xdc_runtime_Memory_Module__id__C
c303a544   xdc_runtime_Registry_Module__loggerDefined__C
c303a546   xdc_runtime_SysMin_flushAtExit__C
c303a548   xdc_runtime_Text_charCnt__C
c303a54a   xdc_runtime_Text_isLoaded__C
c303a54c   xdc_runtime_Text_registryModsLastId__C
c303a54e   xdc_runtime_Text_unnamedModsLastId__C
c303a550   ti_sdo_ipc_GateMP_Module_State_0_remoteSystemGates__A
c303ad50   ti_sdo_ipc_GateMP_Module__root__V
c303ad5c   ti_sdo_ipc_GateMP_Module__state__V
c303ada4   ti_sdo_ipc_Ipc_Module__root__V
c303ada8   ti_sdo_ipc_Ipc_Module__state__V
c303adb4   ti_sdo_ipc_ListMP_Module__root__V
c303adc0   ti_sdo_ipc_ListMP_Module__state__V
c303adc4   ti_sdo_ipc_MessageQ_Module__root__V
c303add0   ti_sdo_ipc_MessageQ_Module__state__V
c303adf0   ti_sdo_ipc_Notify_Module__root__V
c303adfc   ti_sdo_ipc_Notify_Module__state__V
c303ae04   ti_sdo_ipc_SharedRegion_Module__root__V
c303ae08   ti_sdo_ipc_SharedRegion_Module__state__V
c303ae0c   ti_sdo_ipc_family_da830_InterruptDsp_Module__root__V
c303ae0e   ti_sdo_ipc_family_da830_NotifySetup_Module__root__V
c303ae10   ti_sdo_ipc_gates_GateMPSupportNull_Module__root__V
c303ae1c   ti_sdo_ipc_gates_GatePeterson_Module__root__V
c303ae28   ti_sdo_ipc_heaps_HeapBufMP_Module__root__V
c303ae34   ti_sdo_ipc_heaps_HeapBufMP_Module__state__V
c303ae38   ti_sdo_ipc_heaps_HeapMemMP_Module__root__V
c303ae44   ti_sdo_ipc_heaps_HeapMemMP_Module__state__V
c303ae48   ti_sdo_ipc_notifyDrivers_NotifyDriverShm_Module__root__V
c303ae54   ti_sdo_ipc_nsremote_NameServerRemoteNotify_Module__root__V
c303ae60   ti_sdo_ipc_transports_TransportShm_Module__root__V
c303ae6c   ti_sdo_ipc_transports_TransportShmSetup_Module__root__V
c303ae70   ti_sdo_ipc_transports_TransportShmSetup_Module__state__V
c303ae74   ti_sdo_utils_List_Module__root__V
c303ae80   ti_sdo_utils_MultiProc_Module__root__V
c303ae82   ti_sdo_utils_MultiProc_Module__state__V
c303ae88   ti_sdo_utils_NameServer_Module__root__V
c303ae94   ti_sdo_utils_NameServer_Module__state__V
c303ae9c   ti_sdo_utils_NameServerRemoteNull_Module__root__V
c303aea8   ti_sysbios_BIOS_Module__root__V
c303aeac   ti_sysbios_BIOS_Module__state__V
c303aecc   ti_sysbios_family_c62_IntrinsicsSupport_Module__root__V
c303aece   ti_sysbios_family_c62_TaskSupport_Module__root__V
c303aed0   ti_sysbios_family_c64p_Cache_Module__root__V
c303aed4   ti_sysbios_family_c64p_Cache_Module__state__V
c303aed8   ti_sysbios_family_c64p_Exception_Module__root__V
c303aedc   ti_sysbios_family_c64p_Exception_Module__state__V
c303af0c   ti_sysbios_family_c64p_Hwi_Module__root__V
c303af18   ti_sysbios_family_c64p_Hwi_Module__state__V
c303af80   ti_sysbios_family_c64p_primus_TimerSupport_Module__root__V
c303af84   ti_sysbios_family_c64p_primus_TimerSupport_Module__state__V
c303af88   ti_sysbios_gates_GateAll_Module__root__V
c303af94   ti_sysbios_gates_GateHwi_Module__root__V
c303afa0   ti_sysbios_gates_GateMutex_Module__root__V
c303afac   ti_sysbios_gates_GateMutexPri_Module__root__V
c303afb8   ti_sysbios_gates_GateSwi_Module__root__V
c303afc4   ti_sysbios_hal_Cache_Module__root__V
c303afc8   ti_sysbios_hal_Hwi_Module__root__V
c303afd4   ti_sysbios_hal_Timer_Module__root__V
c303afe0   ti_sysbios_heaps_HeapMem_Module__root__V
c303afec   ti_sysbios_knl_Clock_Module__root__V
c303aff8   ti_sysbios_knl_Clock_Module__state__V
c303b020   ti_sysbios_knl_Idle_Module__root__V
c303b022   ti_sysbios_knl_Intrinsics_Module__root__V
c303b024   ti_sysbios_knl_Queue_Module__root__V
c303b030   ti_sysbios_knl_Semaphore_Module__root__V
c303b03c   ti_sysbios_knl_Swi_Module__root__V
c303b048   ti_sysbios_knl_Swi_Module__state__V
c303b064   ti_sysbios_knl_Task_Module__root__V
c303b070   ti_sysbios_knl_Task_Module__state__V
c303b0b4   ti_sysbios_syncs_SyncSem_Module__root__V
c303b0c0   ti_sysbios_timers_timer64_Timer_Module__root__V
c303b0cc   ti_sysbios_timers_timer64_Timer_Module__state__V
c303b0e0   ti_sysbios_xdcruntime_GateThreadSupport_Module__root__V
c303b0ec   xdc_runtime_Defaults_Module__root__V
c303b0ee   xdc_runtime_Error_Module__root__V
c303b0f0   xdc_runtime_Error_Module__state__V
c303b0f4   xdc_runtime_GateNull_Module__root__V
c303b0fc   xdc_runtime_LoggerBuf_Module__root__V
c303b104   xdc_runtime_LoggerBuf_Module__state__V
c303b10a   xdc_runtime_Main_Module__root__V
c303b10c   xdc_runtime_Memory_Module__state__V
c303b110   xdc_runtime_Registry_Module__root__V
c303b114   xdc_runtime_Registry_Module__state__V
c303b11c   xdc_runtime_Startup_Module__state__V
c303b124   xdc_runtime_SysMin_Module__state__V
c303b130   xdc_runtime_System_Module__state__V
c303b13c   xdc_runtime_Text_Module__state__V
c303b144   xdc_runtime_knl_GateThread_Module__root__V
c303b150   __xdc__init__addr
c303b158   Cw
c303b358   xdc_runtime_Diags_dictElems
c303b4f8   ti_sdo_utils_NameServer_Object__table__V
c303b610   ti_sdo_ipc_SharedRegion_Module_State_0_regions__A
c303b6a0   ti_sysbios_knl_Swi_Module_State_0_readyQ__A
c303b720   ti_sysbios_knl_Task_Module_State_0_readyQ__A
c303b7a0   ti_sysbios_timers_timer64_Timer_Module_State_0_device__A
c303b800   TSK_idle
c303b800   ti_sysbios_knl_Task_Object__table__V
c303b84c   __errno
c303b84c   errno
c303b850   ti_sysbios_timers_timer64_Timer_Object__table__V
c303b8a0   brev
c303b8e0   ti_sysbios_gates_GateMutex_Object__table__V
c303b920   ti_sysbios_knl_Swi_Object__table__V
c303b950   ti_sdo_ipc_Ipc_Module_State_0_procEntry__A
c303b978   xdc_runtime_LoggerBuf_Object__table__V
c303b9a0   ti_sdo_ipc_MessageQ_Module_State_0_heaps__A
c303b9c0   ti_sysbios_timers_timer64_Timer_Module_State_0_gctrl__A
c303b9e0   ti_sysbios_timers_timer64_Timer_Module_State_0_handles__A
c303ba00   ti_sysbios_timers_timer64_Timer_Module_State_0_intFreqs__A
c303ba20   xdc_runtime_System_Module_State_0_atexitHandlers__A
c303ba40   ti_sysbios_family_c64p_Hwi_Object__table__V
c303ba58   ti_sysbios_gates_GateMutexPri_Object__table__V
c303ba70   ti_sysbios_heaps_HeapMem_Object__table__V
c303ba88   findindex
c303ba98   ti_sdo_ipc_MessageQ_Module_State_0_transports__A
c303baa8   ti_sysbios_gates_GateAll_Object__table__V
c303baf4   _cleanup_ptr
c303baf8   _dtors_ptr
c303bafc   __TI_enable_exit_profile_output
c303bb00   ti_sysbios_gates_GateSwi_Object__table__V
c303bb0c   _lock
c303bb10   _unlock
c303bb18   ti_sdo_ipc_Notify_Module_State_0_notifyHandles__A
c303bb20   ti_sdo_ipc_transports_TransportShmSetup_Module_State_0_handles__A
c303bb28   ti_sysbios_family_c64p_primus_TimerSupport_Module_State_0_suspSrc__A
c303bb30   ti_sysbios_hal_Hwi_Object__table__V
c303bb38   ti_sysbios_hal_Timer_Object__table__V
c303bb40   ti_sdo_ipc_GateMP_Module_State_0_remoteCustom2Gates__A
c303bb48   ti_sdo_ipc_Notify_Module_State_0_notifyHandles_0__A
c303bb50   ti_sdo_ipc_Notify_Module_State_0_notifyHandles_1__A
c303bb58   ti_sysbios_gates_GateHwi_Object__table__V
c303bb60   ti_sysbios_knl_Task_Module_State_0_idleTask__A
c303bb68   xdc_runtime_GateNull_Object__table__V
c303bb90   _stack
c303cb90   __TI_STACK_END
c303cc00   ti_sysbios_family_c64p_Hwi0
c303cc00   ti_sysbios_family_c64p_Hwi_int0
c303cc20   ti_sysbios_family_c64p_Hwi_int1
c303cc40   ti_sysbios_family_c64p_Hwi_int2
c303cc60   ti_sysbios_family_c64p_Hwi_int3
c303cc80   ti_sysbios_family_c64p_Hwi_int4
c303cca0   ti_sysbios_family_c64p_Hwi_int5
c303ccc0   ti_sysbios_family_c64p_Hwi_int6
c303cce0   ti_sysbios_family_c64p_Hwi_int7
c303cd00   ti_sysbios_family_c64p_Hwi_int8
c303cd20   ti_sysbios_family_c64p_Hwi_int9
c303cd40   ti_sysbios_family_c64p_Hwi_int10
c303cd60   ti_sysbios_family_c64p_Hwi_int11
c303cd80   ti_sysbios_family_c64p_Hwi_int12
c303cda0   ti_sysbios_family_c64p_Hwi_int13
c303cdc0   ti_sysbios_family_c64p_Hwi_int14
c303cde0   ti_sysbios_family_c64p_Hwi_int15
c303cf18   __CIOBUF_
c303d038   __c_args__
c303d09c   LEDDATA
c303d09c   __TI_STATIC_BASE
c303d0a0   Timer3
c303d0a4   SecondClock
c303d0a8   faqueue
c303d0ac   fasem
c303d0b0   tickets
c303d0b4   distance
c303d0b8   towards
c303d0bc   Syslink_terminateEventId
c303d0c0   Syslink_terminateEventLineId
c303d0c4   ReCounter
c303d0c5   old_fastatus
c303d0d0   FGflag
c303d400   _Ipc_ResetVector
c303d408   Ipc_sr0MemorySetup
ffffffff   __TI_pprof_out_hndl
ffffffff   __TI_prof_data_size
ffffffff   __TI_prof_data_start
ffffffff   __binit__
ffffffff   binit
UNDEFED    __TI_CINIT_Base
UNDEFED    __TI_CINIT_Limit
UNDEFED    __TI_Handler_Table_Base
UNDEFED    __TI_Handler_Table_Limit
UNDEFED    __TI_INITARRAY_Base
UNDEFED    __TI_INITARRAY_Limit

[1443 symbols]


DYNAMIC SYMBOLS: SORTED ALPHABETICALLY BY Name 

address    name
--------   ----
UNDEFED    
c303b800   TSK_idle
c303d400   _Ipc_ResetVector
c303cb90   __TI_STACK_END
00001000   __TI_STACK_SIZE
c303d09c   __TI_STATIC_BASE
ffffffff   __TI_pprof_out_hndl
ffffffff   __TI_prof_data_size
ffffffff   __TI_prof_data_start
ffffffff   __binit__
c303d038   __c_args__
00000064   _argsize
ffffffff   binit
00000001   xdc_runtime_Startup__EXECFXN__C
00000001   xdc_runtime_Startup__RESETFXN__C

[15 symbols]


IMPORTED and EXPORTED SYMBOLS: SORTED ALPHABETICALLY BY Name 

IMPORTED SYMBOLS

name                           size      Imported from
-----------------------------  --------  -------------

[0 symbols]


EXPORTED SYMBOLS

address    name
--------   ----
c303d400   _Ipc_ResetVector
