******************************************************************************
               TMS320C6x Linker Unix v7.4.4                    
******************************************************************************
>> Linked Mon Dec  7 14:44:05 2015

OUTPUT FILE NAME:   <bin/release/server_dsp.xe674>
ENTRY POINT SYMBOL: "ti_sysbios_family_c64p_Hwi0"  address: c303b400


MEMORY CONFIGURATION

         name            origin    length      used     unused   attr    fill
----------------------  --------  ---------  --------  --------  ----  --------
  IROM                  11700000   00100000  00000000  00100000  R  X
  IRAM                  11800000   00038000  00000000  00038000  RW X
  L3_CBA_RAM            80000000   00020000  00000000  00020000  RW X
  SR_0                  c2000000   00010000  00010000  00000000  RW X
  SR_1                  c2010000   00ff0000  00ff0000  00000000  RW X
  DSP_PROG              c3000000   00800000  0003b7e4  007c481c  RW X


SEGMENT ALLOCATION MAP

run origin  load origin   length   init length attrs members
----------  ----------- ---------- ----------- ----- -------
c3000000    c3000000    00028460   00028460    r-x
  c3000000    c3000000    00028460   00028460    r-x .text
c3028460    c3028460    0000b3b0   00000000    rw-
  c3028460    c3028460    0000b3b0   00000000    rw- .far
c3033810    c3033810    000053d4   000053d4    r--
  c3033810    c3033810    000053d4   000053d4    r-- .const
c3038be8    c3038be8    0000163b   0000163b    rw-
  c3038be8    c3038be8    0000163b   0000163b    rw- .fardata
c303a228    c303a228    00001000   00000000    rw-
  c303a228    c303a228    00001000   00000000    rw- .stack
c303b228    c303b228    00000180   00000180    r--
  c303b228    c303b228    00000180   00000180    r-- .switch
c303b3a8    c303b3a8    00000014   00000000    rw-
  c303b3a8    c303b3a8    00000014   00000000    rw- .bss
c303b3bc    c303b3bc    00000021   00000021    rw-
  c303b3bc    c303b3bc    00000021   00000021    rw- .neardata
c303b400    c303b400    00000200   00000200    r-x
  c303b400    c303b400    00000200   00000200    r-x .vecs
c303b600    c303b600    00000120   00000000    rw-
  c303b600    c303b600    00000120   00000000    rw- .cio
c303b720    c303b720    00000064   00000064    rw-
  c303b720    c303b720    00000064   00000064    rw- .args
c303b800    c303b800    0000008c   0000008c    r--
  c303b800    c303b800    0000008c   0000008c    r-- ti_sdo_ipc_init


SECTION ALLOCATION MAP

 output                                  attributes/
section   page    origin      length       input sections
--------  ----  ----------  ----------   ----------------
.cinit     0    c3000000    00000000     UNINITIALIZED

.init_array 
*          0    c3000000    00000000     UNINITIALIZED

ti.sdo.ipc.SharedRegion_0 
*          0    c2000000    00010000     NOLOAD SECTION
                  c2000000    00010000     --HOLE--

ti.sdo.ipc.SharedRegion_1 
*          0    c2010000    00ff0000     NOLOAD SECTION
                  c2010000    00ff0000     --HOLE--

xdc.meta   0    c3000000    00000100     COPY SECTION
                  c3000000    00000100     dsp_pe674.oe674 (xdc.meta)

.text      0    c3000000    00028460     
                  c3000000    00002360     IPCServer.oe674 (.text)
                  c3002360    00001b00     fa.oe674 (.text)
                  c3003e60    00000c40     utils.lib : uartStdio.obj (.text)
                  c3004aa0    00000ba0     fft.oe674 (.text)
                  c3005640    00000b40     ipc.ae674 : Ipc.obj (.text:ti_sdo_ipc_GateMP_Instance_init__F)
                  c3006180    00000ae0     drivers.lib : emifa.obj (.text)
                  c3006c60    00000a80     communicate.oe674 (.text)
                  c30076e0    000008a0     sysbios.ae674 : BIOS.obj (.text:ti_sysbios_family_c64p_Exception_handler__I)
                  c3007f80    000008a0     ti.targets.rts6000.ae674 : System.oe674 (.text:xdc_runtime_System_doPrint__I)
                  c3008820    000007c0     ipc.ae674 : Ipc.obj (.text:Ipc_attach)
                  c3008fe0    00000700               : Ipc.obj (.text:Ipc_detach)
                  c30096e0    00000700               : Ipc.obj (.text:ti_sdo_ipc_transports_TransportShm_Instance_init__F)
                  c3009de0    000006c0     sht11.oe674 (.text)
                  c300a4a0    00000620     dsp.oe674 (.text)
                  c300aac0    00000620     sysbios.ae674 : BIOS.obj (.text:ti_sysbios_timers_timer64_Timer_Instance_init__F)
                  c300b0e0    000005a0     rts6740_elf.lib : divd.obj (.text:__c6xabi_divd)
                  c300b680    000005a0     ad7606.oe674 (.text)
                  c300bc20    00000560     ipc.ae674 : Ipc.obj (.text:ti_sdo_ipc_heaps_HeapBufMP_Instance_init__F)
                  c300c180    000004e0     led.oe674 (.text)
                  c300c660    000004e0     ipc.ae674 : Ipc.obj (.text:ti_sdo_ipc_heaps_HeapMemMP_Instance_init__F)
                  c300cb40    000004c0               : Ipc.obj (.text:ti_sdo_ipc_ListMP_Instance_init__F)
                  c300d000    00000460               : Ipc.obj (.text:ti_sdo_ipc_GateMP_setRegion0Reserved__F)
                  c300d460    00000460               : Ipc.obj (.text:ti_sdo_ipc_MessageQ_Instance_init__F)
                  c300d8c0    00000460               : Ipc.obj (.text:ti_sdo_ipc_nsremote_NameServerRemoteNotify_get__F)
                  c300dd20    00000420               : Ipc.obj (.text:ti_sdo_ipc_GateMP_Instance_finalize__F)
                  c300e140    000003c0               : Ipc.obj (.text:ti_sdo_ipc_heaps_HeapMemMP_alloc__E)
                  c300e500    000003c0               : Ipc.obj (.text:ti_sdo_ipc_heaps_HeapMemMP_free__E)
                  c300e8c0    000003a0               : Ipc.obj (.text:NameServer_add)
                  c300ec60    000003a0     dsplib.ae674 : DSPF_sp_fftSPxSP.obj (.text:optimized)
                  c300f000    00000380     ti.targets.rts6000.ae674 : Diags.oe674 (.text:xdc_runtime_Diags_setMask__F)
                  c300f380    00000360     sys.oe674 (.text)
                  c300f6e0    00000340     drivers.lib : uart.obj (.text)
                  c300fa20    00000300     ipc.ae674 : Ipc.obj (.text:Ipc_writeConfig)
                  c300fd20    00000300     collect.oe674 (.text)
                  c3010020    00000300     ipc.ae674 : Ipc.obj (.text:ti_sdo_ipc_heaps_HeapBufMP_postInit__I)
                  c3010320    00000300     sysbios.ae674 : BIOS.obj (.text:ti_sysbios_knl_Semaphore_pend__E)
                  c3010620    00000300                   : BIOS.obj (.text:ti_sysbios_knl_Task_Instance_finalize__F)
                  c3010920    000002e0     ipc.ae674 : Ipc.obj (.text:ListMP_getHead)
                  c3010c00    000002e0               : Ipc.obj (.text:ti_sdo_ipc_Ipc_procSyncStart__I)
                  c3010ee0    000002e0               : Ipc.obj (.text:ti_sdo_ipc_nsremote_NameServerRemoteNotify_Instance_init__F)
                  c30111c0    000002c0               : Ipc.obj (.text:NameServer_get)
                  c3011480    000002c0     drivers.lib : gpio.obj (.text)
                  c3011740    000002c0     sysbios.ae674 : BIOS.obj (.text:ti_sysbios_timers_timer64_Timer_Module_startup__F)
                  c3011a00    000002a0     ipc.ae674 : Ipc.obj (.text:ti_sdo_ipc_transports_TransportShm_Instance_finalize__F)
                  c3011ca0    000002a0     sysbios.ae674 : BIOS.obj (.text:ti_sysbios_timers_timer64_Timer_deviceConfig__I)
                  c3011f40    00000280     ipc.ae674 : Ipc.obj (.text:ListMP_putTail)
                  c30121c0    00000280               : Ipc.obj (.text:ListMP_remove)
                  c3012440    00000280     rts6740_elf.lib : divf.obj (.text:__c6xabi_divf)
                  c30126c0    00000280     ipc.ae674 : Ipc.obj (.text:ti_sdo_ipc_gates_GatePeterson_Instance_init__F)
                  c3012940    00000280     ti.targets.rts6000.ae674 : Error.oe674 (.text:xdc_runtime_Error_raiseX__F)
                  c3012bc0    00000260     ipc.ae674 : Ipc.obj (.text:GateMP_openByAddr)
                  c3012e20    00000260               : Ipc.obj (.text:Ipc_start)
                  c3013080    00000260     rts6740_elf.lib : imath64.obj (.text:__c6xabi_divull)
                  c30132e0    00000260     sysbios.ae674 : BIOS.obj (.text:ti_sysbios_family_c64p_Exception_internalHandler__I)
                  c3013540    00000260                   : BIOS.obj (.text:ti_sysbios_timers_timer64_Timer_setPeriodMicroSecs__E)
                  c30137a0    00000260     ti.targets.rts6000.ae674 : Startup.oe674 (.text:xdc_runtime_Startup_startMods__I)
                  c3013a00    00000260     dsp_pe674.oe674 (.text:xdc_runtime_System_printfExtend__I)
                  c3013c60    00000240     ipc.ae674 : Ipc.obj (.text:Notify_unregisterEvent)
                  c3013ea0    00000240               : Ipc.obj (.text:ti_sdo_ipc_family_da830_NotifySetup_attach__E)
                  c30140e0    00000240               : Ipc.obj (.text:ti_sdo_ipc_heaps_HeapMemMP_getStats__E)
                  c3014320    00000240     ti.targets.rts6000.ae674 : LoggerBuf.oe674 (.text:xdc_runtime_LoggerBuf_write8__F)
                  c3014560    00000220     ipc.ae674 : Ipc.obj (.text:ti_sdo_ipc_nsremote_NameServerRemoteNotify_swiFxn__I)
                  c3014780    00000220     sysbios.ae674 : BIOS.obj (.text:ti_sysbios_family_c64p_Hwi_reconfig__E)
                  c30149a0    00000220                   : BIOS.obj (.text:ti_sysbios_gates_GateMutexPri_enter__E)
                  c3014bc0    00000220     ti.targets.rts6000.ae674 : Core-mem.oe674 (.text:xdc_runtime_Core_createObject__I)
                  c3014de0    00000200     sysbios.ae674 : c64p_Hwi_disp_always.obj (.text:_ti_sysbios_family_c64p_Hwi_dispatchAlways)
                  c3014fe0    00000200     ipc.ae674 : Ipc.obj (.text:ti_sdo_ipc_Ipc_procSyncFinish__I)
                  c30151e0    00000200               : Ipc.obj (.text:ti_sdo_ipc_heaps_HeapBufMP_alloc__E)
                  c30153e0    00000200               : Ipc.obj (.text:ti_sdo_ipc_notifyDrivers_NotifyDriverShm_Instance_init__F)
                  c30155e0    00000200               : Ipc.obj (.text:ti_sdo_ipc_notifyDrivers_NotifyDriverShm_sendEvent__E)
                  c30157e0    000001e0               : Ipc.obj (.text:GateMP_sharedMemReq)
                  c30159c0    000001e0               : Ipc.obj (.text:ListMP_openByAddr)
                  c3015ba0    000001e0     Platform.lib : GPIO.obj (.text)
                  c3015d80    000001e0     sysbios.ae674 : BIOS.obj (.text:ti_sysbios_family_c64p_Exception_externalHandler__I)
                  c3015f60    000001e0                   : BIOS.obj (.text:ti_sysbios_knl_Task_Instance_init__F)
                  c3016140    000001e0                   : BIOS.obj (.text:ti_sysbios_knl_Task_checkStacks__E)
                  c3016320    000001c0     mathlib.ae674 : atan2sp.obj (.text:optasm)
                  c30164e0    000001c0     ipc.ae674 : Ipc.obj (.text:ti_sdo_ipc_GateMP_getFreeResource__I)
                  c30166a0    000001c0               : Ipc.obj (.text:ti_sdo_ipc_heaps_HeapMemMP_postInit__I)
                  c3016860    000001c0     sysbios.ae674 : BIOS.obj (.text:ti_sysbios_family_c64p_Cache_block__I)
                  c3016a20    000001c0                   : BIOS.obj (.text:ti_sysbios_family_c64p_Exception_decodeMpfsr__I)
                  c3016be0    000001c0                   : BIOS.obj (.text:ti_sysbios_knl_Task_exit__E)
                  c3016da0    000001c0                   : BIOS.obj (.text:ti_sysbios_knl_Task_postInit__I)
                  c3016f60    000001c0     ti.targets.rts6000.ae674 : Text.oe674 (.text:xdc_runtime_Text_putSite__F)
                  c3017120    000001a0     ipc.ae674 : Ipc.obj (.text:ti_sdo_ipc_notifyDrivers_NotifyDriverShm_registerEvent__E)
                  c30172c0    000001a0               : Ipc.obj (.text:ti_sdo_ipc_notifyDrivers_NotifyDriverShm_unregisterEvent__E)
                  c3017460    000001a0     sysbios.ae674 : BIOS.obj (.text:ti_sysbios_timers_timer64_Timer_start__E)
                  c3017600    000001a0     ti.targets.rts6000.ae674 : LoggerBuf.oe674 (.text:xdc_runtime_LoggerBuf_write4__F)
                  c30177a0    00000180     ipc.ae674 : Ipc.obj (.text:HeapBufMP_sharedMemReq)
                  c3017920    00000180               : Ipc.obj (.text:NameServer_getHandle)
                  c3017aa0    00000180     Platform.lib : UART.obj (.text)
                  c3017c20    00000180     drivers.lib : psc.obj (.text)
                  c3017da0    00000180     sysbios.ae674 : c64p_Exception_asm.obj (.text)
                  c3017f20    00000180     ipc.ae674 : Ipc.obj (.text:ti_sdo_ipc_gates_GatePeterson_enter__E)
                  c30180a0    00000180               : Ipc.obj (.text:ti_sdo_ipc_heaps_HeapBufMP_Instance_finalize__F)
                  c3018220    00000180               : Ipc.obj (.text:ti_sdo_ipc_notifyDrivers_NotifyDriverShm_isr__I)
                  c30183a0    00000180     sysbios.ae674 : BIOS.obj (.text:ti_sysbios_heaps_HeapMem_alloc__E)
                  c3018520    00000180                   : BIOS.obj (.text:ti_sysbios_knl_Swi_schedule__I)
                  c30186a0    00000180                   : BIOS.obj (.text:ti_sysbios_knl_Task_setPri__E)
                  c3018820    00000160     ipc.ae674 : Ipc.obj (.text:ti_sdo_ipc_GateMP_openRegion0Reserved__F)
                  c3018980    00000160               : Ipc.obj (.text:ti_sdo_ipc_ListMP_Instance_finalize__F)
                  c3018ae0    00000160               : Ipc.obj (.text:ti_sdo_ipc_Notify_Instance_init__F)
                  c3018c40    00000160               : Ipc.obj (.text:ti_sdo_ipc_heaps_HeapMemMP_Instance_finalize__F)
                  c3018da0    00000160               : Ipc.obj (.text:ti_sdo_utils_NameServer_removeLocal__I)
                  c3018f00    00000160     sysbios.ae674 : BIOS.obj (.text:ti_sysbios_knl_Task_schedule__I)
                  c3019060    00000160                   : BIOS.obj (.text:ti_sysbios_knl_Task_startCore__E)
                  c30191c0    00000140     ipc.ae674 : Ipc.obj (.text:HeapBufMP_openByAddr)
                  c3019300    00000140               : Ipc.obj (.text:HeapMemMP_openByAddr)
                  c3019440    00000140               : Ipc.obj (.text:MessageQ_put)
                  c3019580    00000140               : Ipc.obj (.text:Notify_registerEvent)
                  c30196c0    00000140     boot.ae674 : autoinit.oe674 (.text:_auto_init_elf)
                  c3019800    00000140     ipc.ae674 : Ipc.obj (.text:ti_sdo_ipc_SharedRegion_start__F)
                  c3019940    00000140               : Ipc.obj (.text:ti_sdo_ipc_notifyDrivers_NotifyDriverShm_disableEvent__E)
                  c3019a80    00000140               : Ipc.obj (.text:ti_sdo_ipc_transports_TransportShm_openByAddr__F)
                  c3019bc0    00000140               : Ipc.obj (.text:ti_sdo_ipc_transports_TransportShm_put__E)
                  c3019d00    00000140     sysbios.ae674 : BIOS.obj (.text:ti_sysbios_heaps_HeapMem_free__E)
                  c3019e40    00000140                   : BIOS.obj (.text:ti_sysbios_knl_Task_Module_startup__F)
                  c3019f80    00000140                   : BIOS.obj (.text:ti_sysbios_knl_Task_sleep__E)
                  c301a0c0    00000140     ti.targets.rts6000.ae674 : Text.oe674 (.text:xdc_runtime_Text_putLab__F)
                  c301a200    00000120     ipc.ae674 : Ipc.obj (.text:HeapMemMP_sharedMemReq)
                  c301a320    00000120     mathlib.ae674 : cossp.obj (.text:optasm)
                  c301a440    00000120                   : sinsp.obj (.text:optasm)
                  c301a560    00000120     ipc.ae674 : Ipc.obj (.text:ti_sdo_ipc_MessageQ_Module_startup__F)
                  c301a680    00000120               : Ipc.obj (.text:ti_sdo_ipc_transports_TransportShm_sharedMemReq__F)
                  c301a7a0    00000120     sysbios.ae674 : BIOS.obj (.text:ti_sysbios_family_c64p_Exception_Module_startup__F)
                  c301a8c0    00000120                   : BIOS.obj (.text:ti_sysbios_knl_Clock_workFunc__E)
                  c301a9e0    00000120     ti.targets.rts6000.ae674 : LoggerBuf.oe674 (.text:xdc_runtime_LoggerBuf_setFilterLevel__F)
                  c301ab00    00000120                              : Text.oe674 (.text:xdc_runtime_Text_putMod__F)
                  c301ac20    00000100     EMIFAPinmuxSetup.oe674 (.text)
                  c301ad20    00000100     ipc.ae674 : Ipc.obj (.text:HeapBufMP_open)
                  c301ae20    00000100               : Ipc.obj (.text:ListMP_sharedMemReq)
                  c301af20    00000100               : Ipc.obj (.text:Notify_registerEventSingle)
                  c301b020    00000100               : Ipc.obj (.text:Notify_sendEvent)
                  c301b120    00000100               : Ipc.obj (.text:Notify_unregisterEventSingle)
                  c301b220    00000100               : Ipc.obj (.text:ti_sdo_ipc_GateMP_start__F)
                  c301b320    00000100               : Ipc.obj (.text:ti_sdo_ipc_MessageQ_Instance_finalize__F)
                  c301b420    00000100     dsp_pe674.oe674 (.text:ti_sdo_ipc_MessageQ_Object__create__S)
                  c301b520    00000100     ipc.ae674 : Ipc.obj (.text:ti_sdo_ipc_Notify_Instance_finalize__F)
                  c301b620    00000100     dsp_pe674.oe674 (.text:ti_sdo_ipc_Notify_Object__create__S)
                  c301b720    00000100     ipc.ae674 : Ipc.obj (.text:ti_sdo_ipc_SharedRegion_attach__F)
                  c301b820    00000100               : Ipc.obj (.text:ti_sdo_ipc_SharedRegion_clearReservedMemory__F)
                  c301b920    00000100     dsp_pe674.oe674 (.text:ti_sdo_ipc_gates_GatePeterson_Object__create__S)
                  c301ba20    00000100     ipc.ae674 : Ipc.obj (.text:ti_sdo_ipc_nsremote_NameServerRemoteNotify_Instance_finalize__F)
                  c301bb20    00000100     dsp_pe674.oe674 (.text:ti_sdo_ipc_nsremote_NameServerRemoteNotify_Object__create__S)
                  c301bc20    00000100     ipc.ae674 : Ipc.obj (.text:ti_sdo_ipc_transports_TransportShmSetup_attach__E)
                  c301bd20    00000100     dsp_pe674.oe674 (.text:ti_sdo_ipc_transports_TransportShm_Object__create__S)
                  c301be20    00000100     ipc.ae674 : Ipc.obj (.text:ti_sdo_utils_NameServer_findLocal__I)
                  c301bf20    00000100     sysbios.ae674 : BIOS.obj (.text:ti_sysbios_family_c64p_Hwi_Module_startup__F)
                  c301c020    00000100     dsp_pe674.oe674 (.text:ti_sysbios_family_c64p_Hwi_Object__create__S)
                  c301c120    00000100     sysbios.ae674 : BIOS.obj (.text:ti_sysbios_family_c64p_Hwi_dispatchC__I)
                  c301c220    00000100                   : BIOS.obj (.text:ti_sysbios_gates_GateMutexPri_leave__E)
                  c301c320    00000100     dsp_pe674.oe674 (.text:ti_sysbios_hal_Hwi_Object__create__S)
                  c301c420    00000100     sysbios.ae674 : BIOS.obj (.text:ti_sysbios_knl_Clock_startI__E)
                  c301c520    00000100                   : BIOS.obj (.text:ti_sysbios_knl_Semaphore_post__E)
                  c301c620    00000100     dsp_pe674.oe674 (.text:ti_sysbios_knl_Swi_Object__create__S)
                  c301c720    00000100     sysbios.ae674 : BIOS.obj (.text:ti_sysbios_knl_Swi_restoreHwi__E)
                  c301c820    00000100     dsp_pe674.oe674 (.text:ti_sysbios_knl_Task_Object__create__S)
                  c301c920    00000100     dsp_pe674.oe674 (.text:ti_sysbios_timers_timer64_Timer_Object__create__S)
                  c301ca20    00000100     sysbios.ae674 : BIOS.obj (.text:ti_sysbios_timers_timer64_Timer_initDevice__I)
                  c301cb20    00000100     ti.targets.rts6000.ae674 : Core-mem.oe674 (.text:xdc_runtime_Core_deleteObject__I)
                  c301cc20    00000100                              : LoggerBuf.oe674 (.text:xdc_runtime_LoggerBuf_getFilterLevel__F)
                  c301cd20    00000100                              : Startup.oe674 (.text:xdc_runtime_Startup_exec__F)
                  c301ce20    00000100                              : Text.oe674 (.text:xdc_runtime_Text_visitRope2__I)
                  c301cf20    000000e0     ipc.ae674 : Ipc.obj (.text:MessageQ_get)
                  c301d000    000000e0               : Ipc.obj (.text:NameServer_getLocal)
                  c301d0e0    000000e0     Platform.lib : UARTConsole.obj (.text)
                  c301d1c0    000000e0     rts6740_elf.lib : memset.obj (.text:memset)
                  c301d2a0    000000e0     dsp_pe674.oe674 (.text:ti_sdo_ipc_GateMP_Object__create__S)
                  c301d380    000000e0     ipc.ae674 : Ipc.obj (.text:ti_sdo_ipc_Ipc_getMasterAddr__I)
                  c301d460    000000e0               : Ipc.obj (.text:ti_sdo_ipc_Ipc_getSlaveAddr__I)
                  c301d540    000000e0     dsp_pe674.oe674 (.text:ti_sdo_ipc_ListMP_Object__create__S)
                  c301d620    000000e0     ipc.ae674 : Ipc.obj (.text:ti_sdo_ipc_MessageQ_grow__I)
                  c301d700    000000e0               : Ipc.obj (.text:ti_sdo_ipc_Notify_detach__F)
                  c301d7e0    000000e0               : Ipc.obj (.text:ti_sdo_ipc_SharedRegion_reserveMemory__F)
                  c301d8c0    000000e0               : Ipc.obj (.text:ti_sdo_ipc_SharedRegion_stop__F)
                  c301d9a0    000000e0               : Ipc.obj (.text:ti_sdo_ipc_gates_GatePeterson_sharedMemReq__E)
                  c301da80    000000e0     dsp_pe674.oe674 (.text:ti_sdo_ipc_heaps_HeapBufMP_Object__create__S)
                  c301db60    000000e0     ipc.ae674 : Ipc.obj (.text:ti_sdo_ipc_heaps_HeapBufMP_free__E)
                  c301dc40    000000e0               : Ipc.obj (.text:ti_sdo_ipc_heaps_HeapBufMP_getStats__F)
                  c301dd20    000000e0     dsp_pe674.oe674 (.text:ti_sdo_ipc_heaps_HeapMemMP_Object__create__S)
                  c301de00    000000e0     dsp_pe674.oe674 (.text:ti_sdo_ipc_notifyDrivers_NotifyDriverShm_Object__create__S)
                  c301dee0    000000e0     ipc.ae674 : Ipc.obj (.text:ti_sdo_utils_NameServer_Module_startup__F)
                  c301dfc0    000000e0     sysbios.ae674 : BIOS.obj (.text:ti_sysbios_family_c64p_Cache_Module_startup__F)
                  c301e0a0    000000e0                   : BIOS.obj (.text:ti_sysbios_family_c64p_Hwi_Instance_finalize__F)
                  c301e180    000000e0                   : BIOS.obj (.text:ti_sysbios_family_c64p_Hwi_Instance_init__F)
                  c301e260    000000e0                   : BIOS.obj (.text:ti_sysbios_knl_Task_unblockI__E)
                  c301e340    000000e0     dsp_pe674.oe674 (.text:ti_sysbios_syncs_SyncSem_Object__create__S)
                  c301e420    000000e0     ti.targets.rts6000.ae674 : Error.oe674 (.text:xdc_runtime_Error_print__F)
                  c301e500    000000e0     dsp_pe674.oe674 (.text:xdc_runtime_LoggerBuf_Object__create__S)
                  c301e5e0    000000e0     ti.targets.rts6000.ae674 : Memory.oe674 (.text:xdc_runtime_Memory_alloc__F)
                  c301e6c0    000000e0     dsp_pe674.oe674 (.text:xdc_runtime_Registry_addModule__E)
                  c301e7a0    000000e0     dsp_pe674.oe674 (.text:xdc_runtime_Registry_findByNamePattern__E)
                  c301e880    000000e0     dsp_pe674.oe674 (.text:xdc_runtime_knl_GateThread_Object__create__S)
                  c301e960    000000c0     rts6740_elf.lib : trgdrv.obj (.text:HOSTwrite)
                  c301ea20    000000c0     ipc.ae674 : Ipc.obj (.text:HeapMemMP_create)
                  c301eae0    000000c0               : Ipc.obj (.text:Ipc_stop)
                  c301eba0    000000c0               : Ipc.obj (.text:ListMP_create)
                  c301ec60    000000c0               : Ipc.obj (.text:MessageQ_create2)
                  c301ed20    000000c0               : Ipc.obj (.text:MultiProc_getId)
                  c301ede0    000000c0               : Ipc.obj (.text:SharedRegion_getId)
                  c301eea0    000000c0     rts6740_elf.lib : dtor_list.obj (.text:_Z11__TI_atexitPFYvPvES_S_)
                  c301ef60    000000c0                     : dtor_list.obj (.text:__cxa_finalize)
                  c301f020    000000c0                     : divu.obj (.text:__divu)
                  c301f0e0    000000c0                     : exit.obj (.text:exit)
                  c301f1a0    000000c0     ipc.ae674 : Ipc.obj (.text:ti_sdo_ipc_GateMP_attach__F)
                  c301f260    000000c0               : Ipc.obj (.text:ti_sdo_ipc_ListMP_elemClear__I)
                  c301f320    000000c0               : Ipc.obj (.text:ti_sdo_ipc_Notify_execMany__I)
                  c301f3e0    000000c0               : Ipc.obj (.text:ti_sdo_ipc_SharedRegion_detach__F)
                  c301f4a0    000000c0               : Ipc.obj (.text:ti_sdo_ipc_family_da830_InterruptDsp_intRegister__E)
                  c301f560    000000c0               : Ipc.obj (.text:ti_sdo_ipc_gates_GatePeterson_postInit__I)
                  c301f620    000000c0               : Ipc.obj (.text:ti_sdo_ipc_nsremote_NameServerRemoteNotify_attach__E)
                  c301f6e0    000000c0               : Ipc.obj (.text:ti_sdo_utils_NameServer_postInit__I)
                  c301f7a0    000000c0     sysbios.ae674 : BIOS.obj (.text:ti_sysbios_heaps_HeapMem_getStats__E)
                  c301f860    000000c0                   : BIOS.obj (.text:ti_sysbios_knl_Swi_Instance_init__F)
                  c301f920    000000c0                   : BIOS.obj (.text:ti_sysbios_knl_Swi_run__I)
                  c301f9e0    000000c0                   : BIOS.obj (.text:ti_sysbios_knl_Task_allBlockedFunction__I)
                  c301faa0    000000c0                   : BIOS.obj (.text:ti_sysbios_syncs_SyncSem_Instance_init__F)
                  c301fb60    000000c0                   : BIOS.obj (.text:ti_sysbios_timers_timer64_Timer_startup__E)
                  c301fc20    000000c0     ti.targets.rts6000.ae674 : LoggerBuf.oe674 (.text:xdc_runtime_LoggerBuf_Instance_init__F)
                  c301fce0    000000c0     dsp_pe674.oe674 (.text:xdc_runtime_Registry_findById__E)
                  c301fda0    000000c0     ti.targets.rts6000.ae674 : System.oe674 (.text:xdc_runtime_System_formatNum__I)
                  c301fe60    000000c0                              : Text.oe674 (.text:xdc_runtime_Text_matchVisFxn__I)
                  c301ff20    000000a0     ipc.ae674 : Ipc.obj (.text:SharedRegion_getPtr)
                  c301ffc0    000000a0               : Ipc.obj (.text:SharedRegion_getSRPtr)
                  c3020060    000000a0     rts6740_elf.lib : remu.obj (.text:__remu)
                  c3020100    000000a0     boot.ae674 : boot.oe674 (.text:_c_int00)
                  c30201a0    000000a0     sysbios.ae674 : c64p_Hwi_asm.obj (.text:_ti_sysbios_family_c64p_Hwi_plug__E)
                  c3020240    000000a0     rts6740_elf.lib : memcpy64.obj (.text:memcpy)
                  c30202e0    000000a0     mathlib.ae674 : sqrtsp.obj (.text:optasm)
                  c3020380    000000a0     ipc.ae674 : Ipc.obj (.text:ti_sdo_ipc_GateMP_detach__F)
                  c3020420    000000a0               : Ipc.obj (.text:ti_sdo_ipc_GateMP_getRegion0ReservedSize__F)
                  c30204c0    000000a0               : Ipc.obj (.text:ti_sdo_ipc_GateMP_stop__F)
                  c3020560    000000a0               : Ipc.obj (.text:ti_sdo_ipc_gates_GatePeterson_leave__E)
                  c3020600    000000a0               : Ipc.obj (.text:ti_sdo_ipc_notifyDrivers_NotifyDriverShm_Instance_finalize__F)
                  c30206a0    000000a0               : Ipc.obj (.text:ti_sdo_ipc_transports_TransportShmSetup_detach__E)
                  c3020740    000000a0     sysbios.ae674 : BIOS.obj (.text:ti_sysbios_family_c64p_Hwi_eventMap__E)
                  c30207e0    000000a0                   : BIOS.obj (.text:ti_sysbios_family_c64p_Hwi_getStackInfo__E)
                  c3020880    000000a0                   : BIOS.obj (.text:ti_sysbios_gates_GateMutex_enter__E)
                  c3020920    000000a0                   : BIOS.obj (.text:ti_sysbios_heaps_HeapMem_init__I)
                  c30209c0    000000a0                   : BIOS.obj (.text:ti_sysbios_knl_Clock_Instance_init__F)
                  c3020a60    000000a0     dsp_pe674.oe674 (.text:ti_sysbios_knl_Clock_Object__create__S)
                  c3020b00    000000a0     sysbios.ae674 : BIOS.obj (.text:ti_sysbios_knl_Idle_run__E)
                  c3020ba0    000000a0                   : BIOS.obj (.text:ti_sysbios_knl_Semaphore_pendTimeout__I)
                  c3020c40    000000a0                   : BIOS.obj (.text:ti_sysbios_knl_Swi_restore__E)
                  c3020ce0    000000a0                   : BIOS.obj (.text:ti_sysbios_syncs_SyncSem_wait__F)
                  c3020d80    000000a0                   : BIOS.obj (.text:ti_sysbios_timers_timer64_Timer_Instance_finalize__F)
                  c3020e20    000000a0                   : BIOS.obj (.text:ti_sysbios_timers_timer64_Timer_stop__E)
                  c3020ec0    000000a0     ti.targets.rts6000.ae674 : Assert.oe674 (.text:xdc_runtime_Assert_raise__I)
                  c3020f60    000000a0                              : LoggerBuf.oe674 (.text:xdc_runtime_LoggerBuf_Module_startup__F)
                  c3021000    000000a0                              : Registry.oe674 (.text:xdc_runtime_Registry_addModule__F)
                  c30210a0    000000a0                              : Registry.oe674 (.text:xdc_runtime_Registry_findByName__F)
                  c3021140    000000a0                              : SysMin.oe674 (.text:xdc_runtime_SysMin_abort__F)
                  c30211e0    000000a0                              : SysMin.oe674 (.text:xdc_runtime_SysMin_flush__F)
                  c3021280    000000a0                              : SysMin.oe674 (.text:xdc_runtime_SysMin_putch__F)
                  c3021320    000000a0                              : Text.oe674 (.text:xdc_runtime_Text_xprintf__I)
                  c30213c0    00000080     ipc.ae674 : Ipc.obj (.text:GateMP_close)
                  c3021440    00000080               : Ipc.obj (.text:HeapBufMP_Params_init)
                  c30214c0    00000080               : Ipc.obj (.text:HeapMemMP_restore)
                  c3021540    00000080               : Ipc.obj (.text:MessageQ_alloc)
                  c30215c0    00000080               : Ipc.obj (.text:MessageQ_free)
                  c3021640    00000080     rts6740_elf.lib : fixfu.obj (.text:__c6xabi_fixfu)
                  c30216c0    00000080                     : llshift.obj (.text:__c6xabi_llshl)
                  c3021740    00000080     sysbios.ae674 : c62_TaskSupport_asm.obj (.text:_ti_sysbios_family_c62_TaskSupport_swap__E)
                  c30217c0    00000080     dsp_pe674.oe674 (.text:malloc)
                  c3021840    00000080     rts6740_elf.lib : trgmsg.obj (.text:readmsg)
                  c30218c0    00000080     ipc.ae674 : Ipc.obj (.text:ti_sdo_ipc_Notify_Module_startup__F)
                  c3021940    00000080               : Ipc.obj (.text:ti_sdo_ipc_family_da830_NotifySetup_sharedMemReq__E)
                  c30219c0    00000080     dsp_pe674.oe674 (.text:ti_sdo_ipc_gates_GateMPSupportNull_Object__create__S)
                  c3021a40    00000080     ipc.ae674 : Ipc.obj (.text:ti_sdo_ipc_notifyDrivers_NotifyDriverShm_sharedMemReq__F)
                  c3021ac0    00000080               : Ipc.obj (.text:ti_sdo_ipc_nsremote_NameServerRemoteNotify_detach__E)
                  c3021b40    00000080               : Ipc.obj (.text:ti_sdo_ipc_transports_TransportShm_swiFxn__I)
                  c3021bc0    00000080     dsp_pe674.oe674 (.text:ti_sdo_utils_List_Object__create__S)
                  c3021c40    00000080     sysbios.ae674 : BIOS.obj (.text:ti_sysbios_BIOS_errorRaiseHook__I)
                  c3021cc0    00000080     dsp_pe674.oe674 (.text:ti_sysbios_BIOS_exitFunc__I)
                  c3021d40    00000080     dsp_pe674.oe674 (.text:ti_sysbios_gates_GateAll_Object__create__S)
                  c3021dc0    00000080     dsp_pe674.oe674 (.text:ti_sysbios_gates_GateHwi_Object__create__S)
                  c3021e40    00000080     dsp_pe674.oe674 (.text:ti_sysbios_gates_GateMutexPri_Object__create__S)
                  c3021ec0    00000080     dsp_pe674.oe674 (.text:ti_sysbios_gates_GateMutex_Object__create__S)
                  c3021f40    00000080     dsp_pe674.oe674 (.text:ti_sysbios_gates_GateSwi_Object__create__S)
                  c3021fc0    00000080     sysbios.ae674 : BIOS.obj (.text:ti_sysbios_hal_Hwi_checkStack:ti_sysbios_hal_Hwi_checkStack)
                  c3022040    00000080                   : BIOS.obj (.text:ti_sysbios_hal_Hwi_initStack:ti_sysbios_hal_Hwi_initStack)
                  c30220c0    00000080                   : BIOS.obj (.text:ti_sysbios_heaps_HeapMem_Instance_init__F)
                  c3022140    00000080     dsp_pe674.oe674 (.text:ti_sysbios_heaps_HeapMem_Object__create__S)
                  c30221c0    00000080     sysbios.ae674 : BIOS.obj (.text:ti_sysbios_knl_Clock_Module_startup__F)
                  c3022240    00000080     dsp_pe674.oe674 (.text:ti_sysbios_knl_Clock_doTick__I)
                  c30222c0    00000080     sysbios.ae674 : BIOS.obj (.text:ti_sysbios_knl_Clock_getTicks__E)
                  c3022340    00000080     dsp_pe674.oe674 (.text:ti_sysbios_knl_Queue_Object__create__S)
                  c30223c0    00000080     dsp_pe674.oe674 (.text:ti_sysbios_knl_Semaphore_Object__create__S)
                  c3022440    00000080     sysbios.ae674 : BIOS.obj (.text:ti_sysbios_knl_Swi_post__E)
                  c30224c0    00000080                   : BIOS.obj (.text:ti_sysbios_knl_Task_processVitalTaskFlag__I)
                  c3022540    00000080                   : BIOS.obj (.text:ti_sysbios_knl_Task_restoreHwi__E)
                  c30225c0    00000080                   : BIOS.obj (.text:ti_sysbios_knl_Task_restore__E)
                  c3022640    00000080                   : BIOS.obj (.text:ti_sysbios_knl_Task_yield__E)
                  c30226c0    00000080                   : BIOS.obj (.text:ti_sysbios_timers_timer64_Timer_getExpiredCounts__E)
                  c3022740    00000080                   : BIOS.obj (.text:ti_sysbios_timers_timer64_Timer_getPeriod__E)
                  c30227c0    00000080     dsp_pe674.oe674 (.text:ti_sysbios_xdcruntime_GateThreadSupport_Object__create__S)
                  c3022840    00000080     ti.targets.rts6000.ae674 : Core-label.oe674 (.text:xdc_runtime_Core_assignLabel__I)
                  c30228c0    00000080                              : Core-params.oe674 (.text:xdc_runtime_Core_assignParams__I)
                  c3022940    00000080                              : LoggerBuf.oe674 (.text:xdc_runtime_LoggerBuf_filterOutEvent__I)
                  c30229c0    00000080                              : Registry.oe674 (.text:xdc_runtime_Registry_findByNamePattern__F)
                  c3022a40    00000080                              : Registry.oe674 (.text:xdc_runtime_Registry_matchPattern__I)
                  c3022ac0    00000080                              : System.oe674 (.text:xdc_runtime_System_atexit__F)
                  c3022b40    00000080                              : System.oe674 (.text:xdc_runtime_System_putchar__I)
                  c3022bc0    00000080                              : System.oe674 (.text:xdc_runtime_System_rtsExit__I)
                  c3022c40    00000080                              : Text.oe674 (.text:xdc_runtime_Text_printVisFxn__I)
                  c3022cc0    00000060     ipc.ae674 : Ipc.obj (.text:GateMP_Params_init)
                  c3022d20    00000060               : Ipc.obj (.text:HeapMemMP_Params_init)
                  c3022d80    00000060               : Ipc.obj (.text:MessageQ_msgInit$4)
                  c3022de0    00000060               : Ipc.obj (.text:MessageQ_open)
                  c3022e40    00000060               : Ipc.obj (.text:Notify_numIntLines)
                  c3022ea0    00000060               : Ipc.obj (.text:Notify_sharedMemReq)
                  c3022f00    00000060     rts6740_elf.lib : imath64.obj (.text:_subcull)
                  c3022f60    00000060                     : strpbrk.obj (.text:strpbrk)
                  c3022fc0    00000060     dsp_pe674.oe674 (.text:ti_sdo_ipc_GateMP_Object__delete__S)
                  c3023020    00000060     ipc.ae674 : Ipc.obj (.text:ti_sdo_ipc_GateMP_createLocal__F)
                  c3023080    00000060               : Ipc.obj (.text:ti_sdo_ipc_Ipc_getRegion0ReservedSize__I)
                  c30230e0    00000060     dsp_pe674.oe674 (.text:ti_sdo_ipc_ListMP_Object__delete__S)
                  c3023140    00000060     dsp_pe674.oe674 (.text:ti_sdo_ipc_MessageQ_Object__delete__S)
                  c30231a0    00000060     dsp_pe674.oe674 (.text:ti_sdo_ipc_Notify_Object__delete__S)
                  c3023200    00000060     ipc.ae674 : Ipc.obj (.text:ti_sdo_ipc_gates_GatePeterson_Instance_finalize__F)
                  c3023260    00000060     dsp_pe674.oe674 (.text:ti_sdo_ipc_gates_GatePeterson_Object__delete__S)
                  c30232c0    00000060     dsp_pe674.oe674 (.text:ti_sdo_ipc_heaps_HeapBufMP_Object__delete__S)
                  c3023320    00000060     dsp_pe674.oe674 (.text:ti_sdo_ipc_heaps_HeapMemMP_Object__delete__S)
                  c3023380    00000060     dsp_pe674.oe674 (.text:ti_sdo_ipc_notifyDrivers_NotifyDriverShm_Object__delete__S)
                  c30233e0    00000060     ipc.ae674 : Ipc.obj (.text:ti_sdo_ipc_notifyDrivers_NotifyDriverShm_enableEvent__E)
                  c3023440    00000060               : Ipc.obj (.text:ti_sdo_ipc_notifyDrivers_NotifyDriverShm_setNotifyHandle__E)
                  c30234a0    00000060     dsp_pe674.oe674 (.text:ti_sdo_ipc_nsremote_NameServerRemoteNotify_Object__delete__S)
                  c3023500    00000060     ipc.ae674 : Ipc.obj (.text:ti_sdo_ipc_transports_TransportShmSetup_sharedMemReq__E)
                  c3023560    00000060     dsp_pe674.oe674 (.text:ti_sdo_ipc_transports_TransportShm_Object__delete__S)
                  c30235c0    00000060     sysbios.ae674 : BIOS.obj (.text:ti_sysbios_BIOS_registerRTSLock__I)
                  c3023620    00000060                   : BIOS.obj (.text:ti_sysbios_BIOS_removeRTSLock__I)
                  c3023680    00000060                   : BIOS.obj (.text:ti_sysbios_BIOS_rtsLock__I)
                  c30236e0    00000060                   : BIOS.obj (.text:ti_sysbios_family_c62_TaskSupport_start__E)
                  c3023740    00000060                   : BIOS.obj (.text:ti_sysbios_family_c64p_Cache_all__I)
                  c30237a0    00000060                   : BIOS.obj (.text:ti_sysbios_family_c64p_Cache_marInit__I)
                  c3023800    00000060                   : BIOS.obj (.text:ti_sysbios_family_c64p_Cache_setMar__E)
                  c3023860    00000060                   : BIOS.obj (.text:ti_sysbios_family_c64p_Cache_setSize__E)
                  c30238c0    00000060                   : BIOS.obj (.text:ti_sysbios_family_c64p_Cache_wait__E)
                  c3023920    00000060     dsp_pe674.oe674 (.text:ti_sysbios_family_c64p_Hwi_Object__delete__S)
                  c3023980    00000060     sysbios.ae674 : BIOS.obj (.text:ti_sysbios_gates_GateAll_enter__E)
                  c30239e0    00000060                   : BIOS.obj (.text:ti_sysbios_gates_GateAll_leave__E)
                  c3023a40    00000060     dsp_pe674.oe674 (.text:ti_sysbios_gates_GateMutexPri_Object__delete__S)
                  c3023aa0    00000060     sysbios.ae674 : BIOS.obj (.text:ti_sysbios_gates_GateMutex_Instance_init__F)
                  c3023b00    00000060     dsp_pe674.oe674 (.text:ti_sysbios_gates_GateMutex_Object__delete__S)
                  c3023b60    00000060     sysbios.ae674 : BIOS.obj (.text:ti_sysbios_hal_Hwi_Instance_init__F)
                  c3023bc0    00000060     dsp_pe674.oe674 (.text:ti_sysbios_hal_Hwi_Object__delete__S)
                  c3023c20    00000060     sysbios.ae674 : BIOS.obj (.text:ti_sysbios_knl_Clock_setupTimerToSkipTicks__E)
                  c3023c80    00000060                   : BIOS.obj (.text:ti_sysbios_knl_Semaphore_Instance_init__F)
                  c3023ce0    00000060     dsp_pe674.oe674 (.text:ti_sysbios_knl_Semaphore_Object__delete__S)
                  c3023d40    00000060     sysbios.ae674 : BIOS.obj (.text:ti_sysbios_knl_Swi_Module_startup__F)
                  c3023da0    00000060                   : BIOS.obj (.text:ti_sysbios_knl_Task_enter__I)
                  c3023e00    00000060                   : BIOS.obj (.text:ti_sysbios_knl_Task_sleepTimeout__I)
                  c3023e60    00000060     dsp_pe674.oe674 (.text:ti_sysbios_syncs_SyncSem_Object__delete__S)
                  c3023ec0    00000060     dsp_pe674.oe674 (.text:ti_sysbios_timers_timer64_Timer_Object__delete__S)
                  c3023f20    00000060     dsp_pe674.oe674 (.text:ti_sysbios_xdcruntime_GateThreadSupport_Object__delete__S)
                  c3023f80    00000060     ti.syslink.ipc.rtos.ae674 : Syslink.oe674 (.text:ti_syslink_ipc_rtos_Syslink_attach)
                  c3023fe0    00000060     rts6740_elf.lib : trgmsg.obj (.text:writemsg)
                  c3024040    00000060     dsp_pe674.oe674 (.text:xdc_runtime_GateNull_Object__create__S)
                  c30240a0    00000060     dsp_pe674.oe674 (.text:xdc_runtime_LoggerBuf_Object__delete__S)
                  c3024100    00000060     ti.targets.rts6000.ae674 : Memory.oe674 (.text:xdc_runtime_Memory_calloc__F)
                  c3024160    00000060                              : Memory.oe674 (.text:xdc_runtime_Memory_valloc__F)
                  c30241c0    00000060                              : SysMin.oe674 (.text:xdc_runtime_SysMin_Module_startup__F)
                  c3024220    00000060                              : SysMin.oe674 (.text:xdc_runtime_SysMin_exit__F)
                  c3024280    00000060     dsp_pe674.oe674 (.text:xdc_runtime_SysMin_output__I)
                  c30242e0    00000060     ti.targets.rts6000.ae674 : System.oe674 (.text:xdc_runtime_System_aprintf_va__F)
                  c3024340    00000060                              : System.oe674 (.text:xdc_runtime_System_printf_va__F)
                  c30243a0    00000060                              : Text.oe674 (.text:xdc_runtime_Text_cordText__F)
                  c3024400    00000060     dsp_pe674.oe674 (.text:xdc_runtime_knl_GateThread_Object__delete__S)
                  c3024460    00000040     ipc.ae674 : Ipc.obj (.text:MessageQ_create)
                  c30244a0    00000040               : Ipc.obj (.text:MessageQ_registerHeap)
                  c30244e0    00000040               : Ipc.obj (.text:MessageQ_unregisterHeap)
                  c3024520    00000040               : Ipc.obj (.text:Notify_intLineRegistered)
                  c3024560    00000040     rts6740_elf.lib : frcmpyd_div.obj (.text:__c6xabi_frcmpyd_div)
                  c30245a0    00000040                     : llshift.obj (.text:__c6xabi_llshru)
                  c30245e0    00000040                     : args_main.obj (.text:_args_main)
                  c3024620    00000040     sysbios.ae674 : c62_TaskSupport_asm.obj (.text:_ti_sysbios_family_c62_TaskSupport_buildTaskStack)
                  c3024660    00000040                   : c64p_Hwi_asm_switch.obj (.text:_ti_sysbios_family_xxx_Hwi_switchToIsrStack)
                  c30246a0    00000040     dsp_pe674.oe674 (.text:free)
                  c30246e0    00000040     ipc.ae674 : Ipc.obj (.text:ti_sdo_ipc_MessageQ_registerTransport__F)
                  c3024720    00000040               : Ipc.obj (.text:ti_sdo_ipc_MessageQ_unregisterTransport__F)
                  c3024760    00000040               : Ipc.obj (.text:ti_sdo_ipc_Notify_exec__F)
                  c30247a0    00000040               : Ipc.obj (.text:ti_sdo_ipc_SharedRegion_resetInternalFields__F)
                  c30247e0    00000040               : Ipc.obj (.text:ti_sdo_ipc_family_da830_InterruptDsp_intClear__E)
                  c3024820    00000040               : Ipc.obj (.text:ti_sdo_ipc_family_da830_InterruptDsp_intSend__E)
                  c3024860    00000040     dsp_pe674.oe674 (.text:ti_sdo_ipc_gates_GateMPSupportNull_Handle__label__S)
                  c30248a0    00000040     dsp_pe674.oe674 (.text:ti_sdo_ipc_gates_GateMPSupportNull_Object__delete__S)
                  c30248e0    00000040     dsp_pe674.oe674 (.text:ti_sdo_ipc_gates_GatePeterson_Handle__label__S)
                  c3024920    00000040     dsp_pe674.oe674 (.text:ti_sdo_ipc_heaps_HeapBufMP_Handle__label__S)
                  c3024960    00000040     dsp_pe674.oe674 (.text:ti_sdo_ipc_heaps_HeapMemMP_Handle__label__S)
                  c30249a0    00000040     dsp_pe674.oe674 (.text:ti_sdo_ipc_notifyDrivers_NotifyDriverShm_Handle__label__S)
                  c30249e0    00000040     dsp_pe674.oe674 (.text:ti_sdo_ipc_nsremote_NameServerRemoteNotify_Handle__label__S)
                  c3024a20    00000040     ipc.ae674 : Ipc.obj (.text:ti_sdo_ipc_nsremote_NameServerRemoteNotify_sharedMemReq__E)
                  c3024a60    00000040     dsp_pe674.oe674 (.text:ti_sdo_ipc_transports_TransportShm_Handle__label__S)
                  c3024aa0    00000040     ipc.ae674 : Ipc.obj (.text:ti_sdo_utils_List_get__E)
                  c3024ae0    00000040               : Ipc.obj (.text:ti_sdo_utils_List_putHead__E)
                  c3024b20    00000040               : Ipc.obj (.text:ti_sdo_utils_List_put__E)
                  c3024b60    00000040     dsp_pe674.oe674 (.text:ti_sdo_utils_NameServer_Module__startupDone__F)
                  c3024ba0    00000040     dsp_pe674.oe674 (.text:ti_sdo_utils_NameServer_Object__get__S)
                  c3024be0    00000040     ipc.ae674 : Ipc.obj (.text:ti_sdo_utils_NameServer_registerRemoteDriver__E)
                  c3024c20    00000040               : Ipc.obj (.text:ti_sdo_utils_NameServer_unregisterRemoteDriver__E)
                  c3024c60    00000040     sysbios.ae674 : BIOS.obj (.text:ti_sysbios_BIOS_rtsUnlock__I)
                  c3024ca0    00000040     dsp_pe674.oe674 (.text:ti_sysbios_BIOS_startFunc__I)
                  c3024ce0    00000040     dsp_pe674.oe674 (.text:ti_sysbios_family_c64p_Hwi_Module__startupDone__F)
                  c3024d20    00000040     sysbios.ae674 : BIOS.obj (.text:ti_sysbios_family_c64p_Hwi_disableInterrupt__E)
                  c3024d60    00000040                   : BIOS.obj (.text:ti_sysbios_family_c64p_Hwi_enableInterrupt__E)
                  c3024da0    00000040                   : BIOS.obj (.text:ti_sysbios_family_c64p_primus_TimerSupport_enable__E)
                  c3024de0    00000040     dsp_pe674.oe674 (.text:ti_sysbios_gates_GateAll_Handle__label__S)
                  c3024e20    00000040     dsp_pe674.oe674 (.text:ti_sysbios_gates_GateAll_Object__delete__S)
                  c3024e60    00000040     dsp_pe674.oe674 (.text:ti_sysbios_gates_GateHwi_Handle__label__S)
                  c3024ea0    00000040     dsp_pe674.oe674 (.text:ti_sysbios_gates_GateHwi_Object__delete__S)
                  c3024ee0    00000040     dsp_pe674.oe674 (.text:ti_sysbios_gates_GateMutexPri_Handle__label__S)
                  c3024f20    00000040     sysbios.ae674 : BIOS.obj (.text:ti_sysbios_gates_GateMutexPri_Instance_init__F)
                  c3024f60    00000040     dsp_pe674.oe674 (.text:ti_sysbios_gates_GateMutexPri_Object__destruct__S)
                  c3024fa0    00000040     dsp_pe674.oe674 (.text:ti_sysbios_gates_GateMutex_Handle__label__S)
                  c3024fe0    00000040     sysbios.ae674 : BIOS.obj (.text:ti_sysbios_gates_GateMutex_leave__E)
                  c3025020    00000040     dsp_pe674.oe674 (.text:ti_sysbios_gates_GateSwi_Handle__label__S)
                  c3025060    00000040     dsp_pe674.oe674 (.text:ti_sysbios_gates_GateSwi_Object__delete__S)
                  c30250a0    00000040     dsp_pe674.oe674 (.text:ti_sysbios_hal_Timer_Module__startupDone__F)
                  c30250e0    00000040     dsp_pe674.oe674 (.text:ti_sysbios_heaps_HeapMem_Handle__label__S)
                  c3025120    00000040     dsp_pe674.oe674 (.text:ti_sysbios_heaps_HeapMem_Object__delete__S)
                  c3025160    00000040     dsp_pe674.oe674 (.text:ti_sysbios_heaps_HeapMem_Object__get__S)
                  c30251a0    00000040     sysbios.ae674 : BIOS.obj (.text:ti_sysbios_knl_Clock_start__E)
                  c30251e0    00000040                   : BIOS.obj (.text:ti_sysbios_knl_Queue_put__E)
                  c3025220    00000040     dsp_pe674.oe674 (.text:ti_sysbios_knl_Semaphore_Object__destruct__S)
                  c3025260    00000040     dsp_pe674.oe674 (.text:ti_sysbios_knl_Swi_Object__destruct__S)
                  c30252a0    00000040     dsp_pe674.oe674 (.text:ti_sysbios_knl_Swi_Object__get__S)
                  c30252e0    00000040     dsp_pe674.oe674 (.text:ti_sysbios_knl_Task_Object__get__S)
                  c3025320    00000040     dsp_pe674.oe674 (.text:ti_sysbios_syncs_SyncSem_Handle__label__S)
                  c3025360    00000040     dsp_pe674.oe674 (.text:ti_sysbios_timers_timer64_Timer_Module__startupDone__F)
                  c30253a0    00000040     sysbios.ae674 : BIOS.obj (.text:ti_sysbios_xdcruntime_GateThreadSupport_Instance_init__F)
                  c30253e0    00000040     ti.syslink.ipc.rtos.ae674 : Syslink.oe674 (.text:ti_syslink_ipc_rtos_Syslink_detach)
                  c3025420    00000040     ti.targets.rts6000.ae674 : Error.oe674 (.text:xdc_runtime_Error_check__F)
                  c3025460    00000040                              : Error.oe674 (.text:xdc_runtime_Error_init__F)
                  c30254a0    00000040     dsp_pe674.oe674 (.text:xdc_runtime_GateNull_Handle__label__S)
                  c30254e0    00000040     dsp_pe674.oe674 (.text:xdc_runtime_GateNull_Object__delete__S)
                  c3025520    00000040     dsp_pe674.oe674 (.text:xdc_runtime_LoggerBuf_Handle__label__S)
                  c3025560    00000040     ti.targets.rts6000.ae674 : LoggerBuf.oe674 (.text:xdc_runtime_LoggerBuf_Instance_finalize__F)
                  c30255a0    00000040     dsp_pe674.oe674 (.text:xdc_runtime_LoggerBuf_Object__get__S)
                  c30255e0    00000040     ti.targets.rts6000.ae674 : LoggerBuf.oe674 (.text:xdc_runtime_LoggerBuf_write0__F)
                  c3025620    00000040     dsp_pe674.oe674 (.text:xdc_runtime_LoggerBuf_write8__E)
                  c3025660    00000040     ti.targets.rts6000.ae674 : Memory.oe674 (.text:xdc_runtime_Memory_free__F)
                  c30256a0    00000040                              : Registry.oe674 (.text:xdc_runtime_Registry_findById__F)
                  c30256e0    00000040                              : System.oe674 (.text:xdc_runtime_System_abort__F)
                  c3025720    00000040     dsp_pe674.oe674 (.text:xdc_runtime_System_aprintf__E)
                  c3025760    00000040     dsp_pe674.oe674 (.text:xdc_runtime_System_printf__E)
                  c30257a0    00000040     ti.targets.rts6000.ae674 : Text.oe674 (.text:xdc_runtime_Text_matchRope__F)
                  c30257e0    00000040                              : Text.oe674 (.text:xdc_runtime_Text_ropeText__F)
                  c3025820    00000040     dsp_pe674.oe674 (.text:xdc_runtime_knl_GateThread_Handle__label__S)
                  c3025860    00000040     ti.targets.rts6000.ae674 : GateThread.oe674 (.text:xdc_runtime_knl_GateThread_Instance_finalize__F)
                  c30258a0    00000040                              : GateThread.oe674 (.text:xdc_runtime_knl_GateThread_Instance_init__F)
                  c30258e0    00000020     ipc.ae674 : Ipc.obj (.text:GateMP_enter)
                  c3025900    00000020               : Ipc.obj (.text:GateMP_leave)
                  c3025920    00000020               : Ipc.obj (.text:HeapBufMP_close)
                  c3025940    00000020               : Ipc.obj (.text:ListMP_close)
                  c3025960    00000020               : Ipc.obj (.text:ListMP_delete)
                  c3025980    00000020               : Ipc.obj (.text:MessageQ_Params_init)
                  c30259a0    00000020               : Ipc.obj (.text:MessageQ_close)
                  c30259c0    00000020               : Ipc.obj (.text:MessageQ_delete)
                  c30259e0    00000020               : Ipc.obj (.text:NameServer_addUInt32)
                  c3025a00    00000020               : Ipc.obj (.text:NameServer_getUInt32)
                  c3025a20    00000020               : Ipc.obj (.text:NameServer_removeEntry)
                  c3025a40    00000020     utils.lib : uartStdio.obj (.text:UARTGetc)
                  c3025a60    00000020               : uartStdio.obj (.text:UARTPutc)
                  c3025a80    00000020               : uartStdio.obj (.text:UARTStdioInit)
                  c3025aa0    00000020     rts6740_elf.lib : dtor_list.obj (.text:__cxa_atexit)
                  c3025ac0    00000020                     : dtor_list.obj (.text:__cxa_ia64_exit)
                  c3025ae0    00000020     ti.targets.rts6000.ae674 : xdc_noinit.oe674 (.text:__xdc__init)
                  c3025b00    00000020     rts6740_elf.lib : _lock.obj (.text:_nop)
                  c3025b20    00000020                     : _lock.obj (.text:_register_lock)
                  c3025b40    00000020                     : _lock.obj (.text:_register_unlock)
                  c3025b60    00000020     sysbios.ae674 : c62_TaskSupport_asm.obj (.text:_ti_sysbios_family_c62_TaskSupport_glue)
                  c3025b80    00000020                   : c64p_Hwi_asm_switch.obj (.text:_ti_sysbios_family_xxx_Hwi_switchToTaskStack)
                  c3025ba0    00000020     rts6740_elf.lib : exit.obj (.text:abort)
                  c3025bc0    00000020                     : dtor_list.obj (.text:atexit)
                  c3025be0    00000020     dsp_pe674.oe674 (.text:ti_sdo_ipc_GateMP_Params__init__S)
                  c3025c00    00000020     dsp_pe674.oe674 (.text:ti_sdo_ipc_GateMP_RemoteCustom1Proxy_Object__create__S)
                  c3025c20    00000020     dsp_pe674.oe674 (.text:ti_sdo_ipc_GateMP_RemoteCustom1Proxy_Object__delete__S)
                  c3025c40    00000020     dsp_pe674.oe674 (.text:ti_sdo_ipc_GateMP_RemoteCustom1Proxy_Params__init__S)
                  c3025c60    00000020     dsp_pe674.oe674 (.text:ti_sdo_ipc_GateMP_RemoteCustom1Proxy_Proxy__abstract__S)
                  c3025c80    00000020     dsp_pe674.oe674 (.text:ti_sdo_ipc_GateMP_RemoteCustom1Proxy_Proxy__delegate__S)
                  c3025ca0    00000020     dsp_pe674.oe674 (.text:ti_sdo_ipc_GateMP_RemoteCustom1Proxy_getReservedMask__E)
                  c3025cc0    00000020     dsp_pe674.oe674 (.text:ti_sdo_ipc_GateMP_RemoteCustom1Proxy_sharedMemReq__E)
                  c3025ce0    00000020     dsp_pe674.oe674 (.text:ti_sdo_ipc_GateMP_RemoteCustom2Proxy_Object__create__S)
                  c3025d00    00000020     dsp_pe674.oe674 (.text:ti_sdo_ipc_GateMP_RemoteCustom2Proxy_Object__delete__S)
                  c3025d20    00000020     dsp_pe674.oe674 (.text:ti_sdo_ipc_GateMP_RemoteCustom2Proxy_Params__init__S)
                  c3025d40    00000020     dsp_pe674.oe674 (.text:ti_sdo_ipc_GateMP_RemoteCustom2Proxy_Proxy__abstract__S)
                  c3025d60    00000020     dsp_pe674.oe674 (.text:ti_sdo_ipc_GateMP_RemoteCustom2Proxy_Proxy__delegate__S)
                  c3025d80    00000020     dsp_pe674.oe674 (.text:ti_sdo_ipc_GateMP_RemoteCustom2Proxy_getReservedMask__E)
                  c3025da0    00000020     dsp_pe674.oe674 (.text:ti_sdo_ipc_GateMP_RemoteCustom2Proxy_sharedMemReq__E)
                  c3025dc0    00000020     dsp_pe674.oe674 (.text:ti_sdo_ipc_GateMP_RemoteSystemProxy_Object__create__S)
                  c3025de0    00000020     dsp_pe674.oe674 (.text:ti_sdo_ipc_GateMP_RemoteSystemProxy_Object__delete__S)
                  c3025e00    00000020     dsp_pe674.oe674 (.text:ti_sdo_ipc_GateMP_RemoteSystemProxy_Params__init__S)
                  c3025e20    00000020     dsp_pe674.oe674 (.text:ti_sdo_ipc_GateMP_RemoteSystemProxy_Proxy__abstract__S)
                  c3025e40    00000020     dsp_pe674.oe674 (.text:ti_sdo_ipc_GateMP_RemoteSystemProxy_Proxy__delegate__S)
                  c3025e60    00000020     dsp_pe674.oe674 (.text:ti_sdo_ipc_GateMP_RemoteSystemProxy_getReservedMask__E)
                  c3025e80    00000020     dsp_pe674.oe674 (.text:ti_sdo_ipc_GateMP_RemoteSystemProxy_sharedMemReq__E)
                  c3025ea0    00000020     dsp_pe674.oe674 (.text:ti_sdo_ipc_GateMP_attach__E)
                  c3025ec0    00000020     dsp_pe674.oe674 (.text:ti_sdo_ipc_GateMP_detach__E)
                  c3025ee0    00000020     dsp_pe674.oe674 (.text:ti_sdo_ipc_GateMP_getRegion0ReservedSize__E)
                  c3025f00    00000020     dsp_pe674.oe674 (.text:ti_sdo_ipc_GateMP_getSharedAddr__E)
                  c3025f20    00000020     ipc.ae674 : Ipc.obj (.text:ti_sdo_ipc_GateMP_getSharedAddr__F)
                  c3025f40    00000020     dsp_pe674.oe674 (.text:ti_sdo_ipc_GateMP_start__E)
                  c3025f60    00000020     dsp_pe674.oe674 (.text:ti_sdo_ipc_GateMP_stop__E)
                  c3025f80    00000020     dsp_pe674.oe674 (.text:ti_sdo_ipc_ListMP_Params__init__S)
                  c3025fa0    00000020     dsp_pe674.oe674 (.text:ti_sdo_ipc_MessageQ_Module_startup__E)
                  c3025fc0    00000020     dsp_pe674.oe674 (.text:ti_sdo_ipc_MessageQ_Object__get__S)
                  c3025fe0    00000020     dsp_pe674.oe674 (.text:ti_sdo_ipc_MessageQ_Params__init__S)
                  c3026000    00000020     dsp_pe674.oe674 (.text:ti_sdo_ipc_MessageQ_SetupTransportProxy_attach__E)
                  c3026020    00000020     dsp_pe674.oe674 (.text:ti_sdo_ipc_MessageQ_SetupTransportProxy_detach__E)
                  c3026040    00000020     dsp_pe674.oe674 (.text:ti_sdo_ipc_MessageQ_SetupTransportProxy_isRegistered__E)
                  c3026060    00000020     dsp_pe674.oe674 (.text:ti_sdo_ipc_MessageQ_SetupTransportProxy_sharedMemReq__E)
                  c3026080    00000020     dsp_pe674.oe674 (.text:ti_sdo_ipc_MessageQ_registerTransport__E)
                  c30260a0    00000020     dsp_pe674.oe674 (.text:ti_sdo_ipc_MessageQ_unregisterTransport__E)
                  c30260c0    00000020     dsp_pe674.oe674 (.text:ti_sdo_ipc_Notify_Module_GateProxy_enter__E)
                  c30260e0    00000020     dsp_pe674.oe674 (.text:ti_sdo_ipc_Notify_Module_GateProxy_leave__E)
                  c3026100    00000020     dsp_pe674.oe674 (.text:ti_sdo_ipc_Notify_Module_startup__E)
                  c3026120    00000020     dsp_pe674.oe674 (.text:ti_sdo_ipc_Notify_SetupProxy_attach__E)
                  c3026140    00000020     dsp_pe674.oe674 (.text:ti_sdo_ipc_Notify_SetupProxy_numIntLines__E)
                  c3026160    00000020     dsp_pe674.oe674 (.text:ti_sdo_ipc_Notify_SetupProxy_sharedMemReq__E)
                  c3026180    00000020     dsp_pe674.oe674 (.text:ti_sdo_ipc_Notify_detach__E)
                  c30261a0    00000020     dsp_pe674.oe674 (.text:ti_sdo_ipc_Notify_exec__E)
                  c30261c0    00000020     dsp_pe674.oe674 (.text:ti_sdo_ipc_SharedRegion_attach__E)
                  c30261e0    00000020     dsp_pe674.oe674 (.text:ti_sdo_ipc_SharedRegion_clearReservedMemory__E)
                  c3026200    00000020     dsp_pe674.oe674 (.text:ti_sdo_ipc_SharedRegion_detach__E)
                  c3026220    00000020     dsp_pe674.oe674 (.text:ti_sdo_ipc_SharedRegion_reserveMemory__E)
                  c3026240    00000020     dsp_pe674.oe674 (.text:ti_sdo_ipc_SharedRegion_resetInternalFields__E)
                  c3026260    00000020     dsp_pe674.oe674 (.text:ti_sdo_ipc_SharedRegion_start__E)
                  c3026280    00000020     dsp_pe674.oe674 (.text:ti_sdo_ipc_SharedRegion_stop__E)
                  c30262a0    00000020     ipc.ae674 : Ipc.obj (.text:ti_sdo_ipc_family_da830_InterruptDsp_intDisable__E)
                  c30262c0    00000020               : Ipc.obj (.text:ti_sdo_ipc_family_da830_InterruptDsp_intEnable__E)
                  c30262e0    00000020               : Ipc.obj (.text:ti_sdo_ipc_family_da830_InterruptDsp_intUnregister__E)
                  c3026300    00000020               : Ipc.obj (.text:ti_sdo_ipc_family_da830_NotifySetup_numIntLines__E)
                  c3026320    00000020               : Ipc.obj (.text:ti_sdo_ipc_gates_GateMPSupportNull_Instance_init__F)
                  c3026340    00000020     dsp_pe674.oe674 (.text:ti_sdo_ipc_gates_GateMPSupportNull_Params__init__S)
                  c3026360    00000020     ipc.ae674 : Ipc.obj (.text:ti_sdo_ipc_gates_GateMPSupportNull_enter__E)
                  c3026380    00000020               : Ipc.obj (.text:ti_sdo_ipc_gates_GateMPSupportNull_getReservedMask__E)
                  c30263a0    00000020               : Ipc.obj (.text:ti_sdo_ipc_gates_GateMPSupportNull_leave__E)
                  c30263c0    00000020     dsp_pe674.oe674 (.text:ti_sdo_ipc_gates_GateMPSupportNull_query__E)
                  c30263e0    00000020     ipc.ae674 : Ipc.obj (.text:ti_sdo_ipc_gates_GateMPSupportNull_query__F)
                  c3026400    00000020               : Ipc.obj (.text:ti_sdo_ipc_gates_GateMPSupportNull_sharedMemReq__E)
                  c3026420    00000020     dsp_pe674.oe674 (.text:ti_sdo_ipc_gates_GatePeterson_Params__init__S)
                  c3026440    00000020     ipc.ae674 : Ipc.obj (.text:ti_sdo_ipc_gates_GatePeterson_getReservedMask__E)
                  c3026460    00000020     dsp_pe674.oe674 (.text:ti_sdo_ipc_gates_GatePeterson_query__E)
                  c3026480    00000020     ipc.ae674 : Ipc.obj (.text:ti_sdo_ipc_gates_GatePeterson_query__F)
                  c30264a0    00000020     dsp_pe674.oe674 (.text:ti_sdo_ipc_heaps_HeapBufMP_Params__init__S)
                  c30264c0    00000020     dsp_pe674.oe674 (.text:ti_sdo_ipc_heaps_HeapBufMP_getStats__E)
                  c30264e0    00000020     dsp_pe674.oe674 (.text:ti_sdo_ipc_heaps_HeapBufMP_isBlocking__E)
                  c3026500    00000020     ipc.ae674 : Ipc.obj (.text:ti_sdo_ipc_heaps_HeapBufMP_isBlocking__F)
                  c3026520    00000020     dsp_pe674.oe674 (.text:ti_sdo_ipc_heaps_HeapMemMP_Params__init__S)
                  c3026540    00000020     dsp_pe674.oe674 (.text:ti_sdo_ipc_heaps_HeapMemMP_isBlocking__E)
                  c3026560    00000020     ipc.ae674 : Ipc.obj (.text:ti_sdo_ipc_heaps_HeapMemMP_isBlocking__F)
                  c3026580    00000020     dsp_pe674.oe674 (.text:ti_sdo_ipc_notifyDrivers_NotifyDriverShm_InterruptProxy_intClear__E)
                  c30265a0    00000020     dsp_pe674.oe674 (.text:ti_sdo_ipc_notifyDrivers_NotifyDriverShm_InterruptProxy_intDisable__E)
                  c30265c0    00000020     dsp_pe674.oe674 (.text:ti_sdo_ipc_notifyDrivers_NotifyDriverShm_InterruptProxy_intEnable__E)
                  c30265e0    00000020     dsp_pe674.oe674 (.text:ti_sdo_ipc_notifyDrivers_NotifyDriverShm_InterruptProxy_intRegister__E)
                  c3026600    00000020     dsp_pe674.oe674 (.text:ti_sdo_ipc_notifyDrivers_NotifyDriverShm_InterruptProxy_intSend__E)
                  c3026620    00000020     dsp_pe674.oe674 (.text:ti_sdo_ipc_notifyDrivers_NotifyDriverShm_InterruptProxy_intUnregister__E)
                  c3026640    00000020     dsp_pe674.oe674 (.text:ti_sdo_ipc_notifyDrivers_NotifyDriverShm_Params__init__S)
                  c3026660    00000020     ipc.ae674 : Ipc.obj (.text:ti_sdo_ipc_notifyDrivers_NotifyDriverShm_disable__E)
                  c3026680    00000020               : Ipc.obj (.text:ti_sdo_ipc_notifyDrivers_NotifyDriverShm_enable__E)
                  c30266a0    00000020     dsp_pe674.oe674 (.text:ti_sdo_ipc_notifyDrivers_NotifyDriverShm_sharedMemReq__E)
                  c30266c0    00000020     dsp_pe674.oe674 (.text:ti_sdo_ipc_nsremote_NameServerRemoteNotify_Object__first__S)
                  c30266e0    00000020     dsp_pe674.oe674 (.text:ti_sdo_ipc_nsremote_NameServerRemoteNotify_Object__next__S)
                  c3026700    00000020     dsp_pe674.oe674 (.text:ti_sdo_ipc_nsremote_NameServerRemoteNotify_Params__init__S)
                  c3026720    00000020     ipc.ae674 : Ipc.obj (.text:ti_sdo_ipc_nsremote_NameServerRemoteNotify_cbFxn__I)
                  c3026740    00000020     dsp_pe674.oe674 (.text:ti_sdo_ipc_nsremote_NameServerRemoteNotify_get__E)
                  c3026760    00000020     ipc.ae674 : Ipc.obj (.text:ti_sdo_ipc_transports_TransportShmSetup_isRegistered__E)
                  c3026780    00000020     dsp_pe674.oe674 (.text:ti_sdo_ipc_transports_TransportShm_Params__init__S)
                  c30267a0    00000020     dsp_pe674.oe674 (.text:ti_sdo_ipc_transports_TransportShm_close__E)
                  c30267c0    00000020     ipc.ae674 : Ipc.obj (.text:ti_sdo_ipc_transports_TransportShm_close__F)
                  c30267e0    00000020               : Ipc.obj (.text:ti_sdo_ipc_transports_TransportShm_control__E)
                  c3026800    00000020               : Ipc.obj (.text:ti_sdo_ipc_transports_TransportShm_getStatus__E)
                  c3026820    00000020               : Ipc.obj (.text:ti_sdo_ipc_transports_TransportShm_notifyFxn__I)
                  c3026840    00000020     dsp_pe674.oe674 (.text:ti_sdo_ipc_transports_TransportShm_openByAddr__E)
                  c3026860    00000020     dsp_pe674.oe674 (.text:ti_sdo_ipc_transports_TransportShm_setErrFxn__E)
                  c3026880    00000020     ipc.ae674 : Ipc.obj (.text:ti_sdo_ipc_transports_TransportShm_setErrFxn__F)
                  c30268a0    00000020     dsp_pe674.oe674 (.text:ti_sdo_ipc_transports_TransportShm_sharedMemReq__E)
                  c30268c0    00000020     ipc.ae674 : Ipc.obj (.text:ti_sdo_utils_List_Instance_init__F)
                  c30268e0    00000020     dsp_pe674.oe674 (.text:ti_sdo_utils_List_Object__destruct__S)
                  c3026900    00000020     dsp_pe674.oe674 (.text:ti_sdo_utils_List_Object__get__S)
                  c3026920    00000020     dsp_pe674.oe674 (.text:ti_sdo_utils_MultiProc_getClusterId__E)
                  c3026940    00000020     ipc.ae674 : Ipc.obj (.text:ti_sdo_utils_MultiProc_getClusterId__F)
                  c3026960    00000020     dsp_pe674.oe674 (.text:ti_sdo_utils_NameServer_Module__startupDone__S)
                  c3026980    00000020     dsp_pe674.oe674 (.text:ti_sdo_utils_NameServer_Module_startup__E)
                  c30269a0    00000020     dsp_pe674.oe674 (.text:ti_sdo_utils_NameServer_Object__first__S)
                  c30269c0    00000020     dsp_pe674.oe674 (.text:ti_sdo_utils_NameServer_Object__next__S)
                  c30269e0    00000020     dsp_pe674.oe674 (.text:ti_sdo_utils_NameServer_SetupProxy_attach__E)
                  c3026a00    00000020     dsp_pe674.oe674 (.text:ti_sdo_utils_NameServer_SetupProxy_detach__E)
                  c3026a20    00000020     dsp_pe674.oe674 (.text:ti_sdo_utils_NameServer_SetupProxy_sharedMemReq__E)
                  c3026a40    00000020     dsp_pe674.oe674 (.text:ti_sysbios_BIOS_RtsGateProxy_enter__E)
                  c3026a60    00000020     dsp_pe674.oe674 (.text:ti_sysbios_BIOS_RtsGateProxy_leave__E)
                  c3026a80    00000020     sysbios.ae674 : BIOS.obj (.text:ti_sysbios_BIOS_getThreadType__E)
                  c3026aa0    00000020                   : BIOS.obj (.text:ti_sysbios_BIOS_nullFunc__I)
                  c3026ac0    00000020                   : BIOS.obj (.text:ti_sysbios_BIOS_setThreadType__E)
                  c3026ae0    00000020                   : BIOS.obj (.text:ti_sysbios_BIOS_start__E)
                  c3026b00    00000020     dsp_pe674.oe674 (.text:ti_sysbios_family_c62_TaskSupport_Module__startupDone__S)
                  c3026b20    00000020     sysbios.ae674 : BIOS.obj (.text:ti_sysbios_family_c62_TaskSupport_checkStack__E)
                  c3026b40    00000020                   : BIOS.obj (.text:ti_sysbios_family_c62_TaskSupport_getStackAlignment__E)
                  c3026b60    00000020     dsp_pe674.oe674 (.text:ti_sysbios_family_c64p_Cache_Module_startup__E)
                  c3026b80    00000020     sysbios.ae674 : BIOS.obj (.text:ti_sysbios_family_c64p_Cache_invL1pAll__E)
                  c3026ba0    00000020                   : BIOS.obj (.text:ti_sysbios_family_c64p_Cache_inv__E)
                  c3026bc0    00000020                   : BIOS.obj (.text:ti_sysbios_family_c64p_Cache_wbInv__E)
                  c3026be0    00000020                   : BIOS.obj (.text:ti_sysbios_family_c64p_Cache_wb__E)
                  c3026c00    00000020     dsp_pe674.oe674 (.text:ti_sysbios_family_c64p_Exception_Module_startup__E)
                  c3026c20    00000020     dsp_pe674.oe674 (.text:ti_sysbios_family_c64p_Hwi_Module__startupDone__S)
                  c3026c40    00000020     dsp_pe674.oe674 (.text:ti_sysbios_family_c64p_Hwi_Module_startup__E)
                  c3026c60    00000020     dsp_pe674.oe674 (.text:ti_sysbios_family_c64p_Hwi_Params__init__S)
                  c3026c80    00000020     sysbios.ae674 : BIOS.obj (.text:ti_sysbios_family_c64p_Hwi_clearInterrupt__E)
                  c3026ca0    00000020                   : BIOS.obj (.text:ti_sysbios_family_c64p_Hwi_getHandle__E)
                  c3026cc0    00000020                   : BIOS.obj (.text:ti_sysbios_family_c64p_Hwi_startup__E)
                  c3026ce0    00000020                   : BIOS.obj (.text:ti_sysbios_family_c64p_Hwi_switchFromBootStack__E)
                  c3026d00    00000020                   : BIOS.obj (.text:ti_sysbios_family_c64p_Hwi_unPluggedInterrupt__I)
                  c3026d20    00000020     dsp_pe674.oe674 (.text:ti_sysbios_family_c64p_TimestampProvider_Module_startup__E)
                  c3026d40    00000020     sysbios.ae674 : BIOS.obj (.text:ti_sysbios_family_c64p_TimestampProvider_Module_startup__F)
                  c3026d60    00000020                   : BIOS.obj (.text:ti_sysbios_family_c64p_TimestampProvider_get64__E)
                  c3026d80    00000020                   : BIOS.obj (.text:ti_sysbios_gates_GateAll_Instance_init__F)
                  c3026da0    00000020     dsp_pe674.oe674 (.text:ti_sysbios_gates_GateAll_query__E)
                  c3026dc0    00000020     sysbios.ae674 : BIOS.obj (.text:ti_sysbios_gates_GateAll_query__F)
                  c3026de0    00000020                   : BIOS.obj (.text:ti_sysbios_gates_GateHwi_Instance_init__F)
                  c3026e00    00000020                   : BIOS.obj (.text:ti_sysbios_gates_GateHwi_enter__E)
                  c3026e20    00000020                   : BIOS.obj (.text:ti_sysbios_gates_GateHwi_leave__E)
                  c3026e40    00000020     dsp_pe674.oe674 (.text:ti_sysbios_gates_GateHwi_query__E)
                  c3026e60    00000020     sysbios.ae674 : BIOS.obj (.text:ti_sysbios_gates_GateHwi_query__F)
                  c3026e80    00000020                   : BIOS.obj (.text:ti_sysbios_gates_GateMutexPri_Instance_finalize__F)
                  c3026ea0    00000020     dsp_pe674.oe674 (.text:ti_sysbios_gates_GateMutexPri_query__E)
                  c3026ec0    00000020     sysbios.ae674 : BIOS.obj (.text:ti_sysbios_gates_GateMutexPri_query__F)
                  c3026ee0    00000020                   : BIOS.obj (.text:ti_sysbios_gates_GateMutex_Instance_finalize__F)
                  c3026f00    00000020     dsp_pe674.oe674 (.text:ti_sysbios_gates_GateMutex_query__E)
                  c3026f20    00000020     sysbios.ae674 : BIOS.obj (.text:ti_sysbios_gates_GateMutex_query__F)
                  c3026f40    00000020                   : BIOS.obj (.text:ti_sysbios_gates_GateSwi_Instance_init__F)
                  c3026f60    00000020                   : BIOS.obj (.text:ti_sysbios_gates_GateSwi_enter__E)
                  c3026f80    00000020                   : BIOS.obj (.text:ti_sysbios_gates_GateSwi_leave__E)
                  c3026fa0    00000020     dsp_pe674.oe674 (.text:ti_sysbios_gates_GateSwi_query__E)
                  c3026fc0    00000020     sysbios.ae674 : BIOS.obj (.text:ti_sysbios_gates_GateSwi_query__F)
                  c3026fe0    00000020     dsp_pe674.oe674 (.text:ti_sysbios_hal_Cache_CacheProxy_inv__E)
                  c3027000    00000020     dsp_pe674.oe674 (.text:ti_sysbios_hal_Cache_CacheProxy_wbInv__E)
                  c3027020    00000020     dsp_pe674.oe674 (.text:ti_sysbios_hal_Cache_CacheProxy_wb__E)
                  c3027040    00000020     sysbios.ae674 : BIOS.obj (.text:ti_sysbios_hal_Cache_inv__E)
                  c3027060    00000020                   : BIOS.obj (.text:ti_sysbios_hal_Cache_wbInv__E)
                  c3027080    00000020                   : BIOS.obj (.text:ti_sysbios_hal_Cache_wb__E)
                  c30270a0    00000020     dsp_pe674.oe674 (.text:ti_sysbios_hal_Hwi_HwiProxy_Module__startupDone__S)
                  c30270c0    00000020     dsp_pe674.oe674 (.text:ti_sysbios_hal_Hwi_HwiProxy_Object__create__S)
                  c30270e0    00000020     dsp_pe674.oe674 (.text:ti_sysbios_hal_Hwi_HwiProxy_Object__delete__S)
                  c3027100    00000020     dsp_pe674.oe674 (.text:ti_sysbios_hal_Hwi_HwiProxy_clearInterrupt__E)
                  c3027120    00000020     dsp_pe674.oe674 (.text:ti_sysbios_hal_Hwi_HwiProxy_disableInterrupt__E)
                  c3027140    00000020     dsp_pe674.oe674 (.text:ti_sysbios_hal_Hwi_HwiProxy_enableInterrupt__E)
                  c3027160    00000020     dsp_pe674.oe674 (.text:ti_sysbios_hal_Hwi_HwiProxy_getStackInfo__E)
                  c3027180    00000020     dsp_pe674.oe674 (.text:ti_sysbios_hal_Hwi_HwiProxy_startup__E)
                  c30271a0    00000020     dsp_pe674.oe674 (.text:ti_sysbios_hal_Hwi_HwiProxy_switchFromBootStack__E)
                  c30271c0    00000020     sysbios.ae674 : BIOS.obj (.text:ti_sysbios_hal_Hwi_Instance_finalize__F)
                  c30271e0    00000020     dsp_pe674.oe674 (.text:ti_sysbios_hal_Hwi_Module_startup__E)
                  c3027200    00000020     sysbios.ae674 : BIOS.obj (.text:ti_sysbios_hal_Hwi_Module_startup__F)
                  c3027220    00000020     dsp_pe674.oe674 (.text:ti_sysbios_hal_Hwi_Params__init__S)
                  c3027240    00000020     sysbios.ae674 : BIOS.obj (.text:ti_sysbios_hal_Hwi_enableInterrupt__E)
                  c3027260    00000020                   : BIOS.obj (.text:ti_sysbios_hal_Hwi_startup__E)
                  c3027280    00000020     dsp_pe674.oe674 (.text:ti_sysbios_hal_Timer_Module__startupDone__S)
                  c30272a0    00000020     dsp_pe674.oe674 (.text:ti_sysbios_hal_Timer_Module_startup__E)
                  c30272c0    00000020     sysbios.ae674 : BIOS.obj (.text:ti_sysbios_hal_Timer_Module_startup__F)
                  c30272e0    00000020     dsp_pe674.oe674 (.text:ti_sysbios_hal_Timer_TimerProxy_Module__startupDone__S)
                  c3027300    00000020     dsp_pe674.oe674 (.text:ti_sysbios_hal_Timer_TimerProxy_getExpiredCounts__E)
                  c3027320    00000020     dsp_pe674.oe674 (.text:ti_sysbios_hal_Timer_TimerProxy_getPeriod__E)
                  c3027340    00000020     dsp_pe674.oe674 (.text:ti_sysbios_hal_Timer_TimerProxy_setNextTick__E)
                  c3027360    00000020     dsp_pe674.oe674 (.text:ti_sysbios_hal_Timer_TimerProxy_startup__E)
                  c3027380    00000020     sysbios.ae674 : BIOS.obj (.text:ti_sysbios_hal_Timer_startup__E)
                  c30273a0    00000020     dsp_pe674.oe674 (.text:ti_sysbios_heaps_HeapMem_Module_GateProxy_enter__E)
                  c30273c0    00000020     dsp_pe674.oe674 (.text:ti_sysbios_heaps_HeapMem_Module_GateProxy_leave__E)
                  c30273e0    00000020     dsp_pe674.oe674 (.text:ti_sysbios_heaps_HeapMem_Module_GateProxy_query__E)
                  c3027400    00000020     sysbios.ae674 : BIOS.obj (.text:ti_sysbios_heaps_HeapMem_isBlocking__E)
                  c3027420    00000020     dsp_pe674.oe674 (.text:ti_sysbios_knl_Clock_Module_startup__E)
                  c3027440    00000020     dsp_pe674.oe674 (.text:ti_sysbios_knl_Clock_Params__init__S)
                  c3027460    00000020     sysbios.ae674 : BIOS.obj (.text:ti_sysbios_knl_Clock_logTick__E)
                  c3027480    00000020                   : BIOS.obj (.text:ti_sysbios_knl_Idle_loop__E)
                  c30274a0    00000020                   : BIOS.obj (.text:ti_sysbios_knl_Queue_Instance_init__F)
                  c30274c0    00000020     dsp_pe674.oe674 (.text:ti_sysbios_knl_Queue_Object__destruct__S)
                  c30274e0    00000020     dsp_pe674.oe674 (.text:ti_sysbios_knl_Queue_Object__get__S)
                  c3027500    00000020     sysbios.ae674 : BIOS.obj (.text:ti_sysbios_knl_Queue_empty__E)
                  c3027520    00000020                   : BIOS.obj (.text:ti_sysbios_knl_Semaphore_Instance_finalize__F)
                  c3027540    00000020     dsp_pe674.oe674 (.text:ti_sysbios_knl_Semaphore_Params__init__S)
                  c3027560    00000020     sysbios.ae674 : BIOS.obj (.text:ti_sysbios_knl_Swi_Instance_finalize__F)
                  c3027580    00000020     dsp_pe674.oe674 (.text:ti_sysbios_knl_Swi_Module_startup__E)
                  c30275a0    00000020     dsp_pe674.oe674 (.text:ti_sysbios_knl_Swi_Params__init__S)
                  c30275c0    00000020     sysbios.ae674 : BIOS.obj (.text:ti_sysbios_knl_Swi_disable__E)
                  c30275e0    00000020                   : BIOS.obj (.text:ti_sysbios_knl_Swi_startup__E)
                  c3027600    00000020     dsp_pe674.oe674 (.text:ti_sysbios_knl_Task_Module_startup__E)
                  c3027620    00000020     dsp_pe674.oe674 (.text:ti_sysbios_knl_Task_Object__first__S)
                  c3027640    00000020     dsp_pe674.oe674 (.text:ti_sysbios_knl_Task_Object__next__S)
                  c3027660    00000020     dsp_pe674.oe674 (.text:ti_sysbios_knl_Task_Params__init__S)
                  c3027680    00000020     dsp_pe674.oe674 (.text:ti_sysbios_knl_Task_SupportProxy_Module__startupDone__S)
                  c30276a0    00000020     dsp_pe674.oe674 (.text:ti_sysbios_knl_Task_SupportProxy_checkStack__E)
                  c30276c0    00000020     dsp_pe674.oe674 (.text:ti_sysbios_knl_Task_SupportProxy_getStackAlignment__E)
                  c30276e0    00000020     dsp_pe674.oe674 (.text:ti_sysbios_knl_Task_SupportProxy_start__E)
                  c3027700    00000020     dsp_pe674.oe674 (.text:ti_sysbios_knl_Task_SupportProxy_swap__E)
                  c3027720    00000020     sysbios.ae674 : BIOS.obj (.text:ti_sysbios_knl_Task_disable__E)
                  c3027740    00000020                   : BIOS.obj (.text:ti_sysbios_knl_Task_getPri__E)
                  c3027760    00000020                   : BIOS.obj (.text:ti_sysbios_knl_Task_self__E)
                  c3027780    00000020                   : BIOS.obj (.text:ti_sysbios_knl_Task_startup__E)
                  c30277a0    00000020                   : BIOS.obj (.text:ti_sysbios_syncs_SyncSem_Instance_finalize__F)
                  c30277c0    00000020     dsp_pe674.oe674 (.text:ti_sysbios_syncs_SyncSem_query__E)
                  c30277e0    00000020     sysbios.ae674 : BIOS.obj (.text:ti_sysbios_syncs_SyncSem_query__F)
                  c3027800    00000020     dsp_pe674.oe674 (.text:ti_sysbios_syncs_SyncSem_signal__E)
[...]
c303881e   ti_sdo_ipc_heaps_HeapBufMP_Module__id__C
c303882c   ti_sdo_ipc_GateMP_E_localGate__C
c3038830   ti_sdo_ipc_Ipc_userFxns__A
c303883c   ti_sysbios_family_c64p_Cache_initSize__C
c3038854   ti_sdo_ipc_Ipc_E_internal__C
c3038864   ti_sdo_ipc_Ipc_E_nameFailed__C
c3038874   ti_sdo_ipc_Ipc_E_versionMismatch__C
c3038884   ti_sdo_ipc_Ipc_numUserFxns__C
c3038894   ti_sdo_ipc_Ipc_procSync__C
c30388a2   ti_sdo_ipc_heaps_HeapBufMP_trackAllocs__C
c30388a4   ti_sdo_ipc_Ipc_userFxns__C
c30388b2   ti_sdo_ipc_heaps_HeapMemMP_Module__id__C
c30388b4   ti_sdo_ipc_MessageQ_E_indexNotAvailable__C
c30388c2   ti_sdo_ipc_nsremote_NameServerRemoteNotify_Module__id__C
c30388c4   ti_sdo_ipc_MessageQ_E_maxReached__C
c30388d2   ti_sdo_ipc_transports_TransportShm_Module__id__C
c30388d4   ti_sdo_ipc_MessageQ_E_nameFailed__C
c30388e2   ti_sdo_ipc_transports_TransportShm_notifyEventId__C
c30388e4   ti_sdo_ipc_MessageQ_Instance_State_highList__O
c30388f2   ti_sdo_utils_MultiProc_numProcessors__C
c30388f4   ti_sdo_ipc_MessageQ_Instance_State_normalList__O
c3038908   ti_sdo_utils_MultiProc_nameList__A
c3038910   ti_sysbios_knl_Idle_coreList__C
c3038918   ti_sysbios_knl_Idle_funcList__C
c3038920   ti_sysbios_knl_Task_hooks__C
c3038928   xdc_runtime_Startup_firstFxns__A
c3038930   xdc_runtime_Startup_firstFxns__C
c3038938   xdc_runtime_Startup_lastFxns__C
c3038940   ti_sdo_ipc_MessageQ_Object__count__C
c3038944   ti_sdo_ipc_MessageQ_Object__heap__C
c3038948   ti_sdo_ipc_MessageQ_maxRuntimeEntries__C
c303894c   ti_sdo_ipc_MessageQ_numReservedEntries__C
c3038950   ti_sdo_ipc_Notify_Module__gateObj__C
c3038954   ti_sdo_ipc_Notify_Object__heap__C
c3038958   ti_sdo_ipc_Notify_numEvents__C
c303895c   ti_sdo_ipc_Notify_sendEventPollCount__C
c3038960   ti_sdo_ipc_SharedRegion_INVALIDSRPTR__C
c3038964   ti_sdo_ipc_SharedRegion_numOffsetBits__C
c3038968   ti_sdo_ipc_SharedRegion_offsetMask__C
c303896c   ti_sdo_ipc_family_da830_NotifySetup_armRecvIntId0__C
c3038970   ti_sdo_ipc_family_da830_NotifySetup_armRecvIntId1__C
c3038974   ti_sdo_ipc_family_da830_NotifySetup_dspIntVectId0__C
c3038978   ti_sdo_ipc_family_da830_NotifySetup_dspIntVectId1__C
c303897c   ti_sdo_ipc_family_da830_NotifySetup_dspRecvIntId0__C
c3038980   ti_sdo_ipc_family_da830_NotifySetup_dspRecvIntId1__C
c3038984   ti_sdo_ipc_gates_GatePeterson_E_gateRemotelyOpened__C
c3038988   ti_sdo_ipc_heaps_HeapBufMP_E_alignTooLarge__C
c303898c   ti_sdo_ipc_heaps_HeapBufMP_E_exactFail__C
c3038990   ti_sdo_ipc_heaps_HeapBufMP_E_noBlocksLeft__C
c3038994   ti_sdo_ipc_heaps_HeapBufMP_E_sizeTooLarge__C
c3038998   ti_sdo_ipc_heaps_HeapMemMP_E_memory__C
c303899c   ti_sdo_ipc_interfaces_IGateMPSupport_Interface__BASE__C
c30389a0   ti_sdo_ipc_interfaces_IMessageQTransport_Interface__BASE__C
c30389a4   ti_sdo_ipc_interfaces_INotifyDriver_Interface__BASE__C
c30389a8   ti_sdo_ipc_notifyDrivers_NotifyDriverShm_Object__heap__C
c30389ac   ti_sdo_ipc_nsremote_NameServerRemoteNotify_Instance_State_semMultiBlock__O
c30389b0   ti_sdo_ipc_nsremote_NameServerRemoteNotify_Instance_State_semRemoteWait__O
c30389b4   ti_sdo_ipc_nsremote_NameServerRemoteNotify_Instance_State_swiObj__O
c30389b8   ti_sdo_ipc_nsremote_NameServerRemoteNotify_notifyEventId__C
c30389bc   ti_sdo_ipc_nsremote_NameServerRemoteNotify_timeout__C
c30389c0   ti_sdo_ipc_transports_TransportShmSetup_priority__C
c30389c4   ti_sdo_ipc_transports_TransportShm_Instance_State_swiObj__O
c30389c8   ti_sdo_utils_INameServerRemote_Interface__BASE__C
c30389cc   ti_sdo_utils_MultiProc_nameList__C
c30389d0   ti_sdo_utils_MultiProc_procIdList__A
c30389d4   ti_sdo_utils_MultiProc_procIdList__C
c30389d8   ti_sdo_utils_NameServer_E_entryExists__C
c30389dc   ti_sdo_utils_NameServer_E_maxReached__C
c30389e0   ti_sdo_utils_NameServer_Instance_State_freeList__O
c30389e4   ti_sdo_utils_NameServer_Instance_State_nameList__O
c30389e8   ti_sdo_utils_NameServer_Object__count__C
c30389ec   ti_sysbios_BIOS_installedErrorHook__C
c30389f0   ti_sysbios_family_c62_TaskSupport_stackAlignment__C
c30389f4   ti_sysbios_family_c64p_Cache_EMIFA_BASE__C
c30389f8   ti_sysbios_family_c64p_Cache_EMIFA_CFG__C
c30389fc   ti_sysbios_family_c64p_Cache_EMIFA_LENGTH__C
c3038a00   ti_sysbios_family_c64p_Cache_EMIFB_BASE__C
c3038a04   ti_sysbios_family_c64p_Cache_EMIFB_CFG__C
c3038a08   ti_sysbios_family_c64p_Cache_EMIFB_LENGTH__C
c3038a0c   ti_sysbios_family_c64p_Cache_EMIFC_BASE__C
c3038a10   ti_sysbios_family_c64p_Cache_EMIFC_CFG__C
c3038a14   ti_sysbios_family_c64p_Cache_EMIFC_LENGTH__C
c3038a18   ti_sysbios_family_c64p_Cache_MAR0_31__C
c3038a1c   ti_sysbios_family_c64p_Cache_MAR128_159__C
c3038a20   ti_sysbios_family_c64p_Cache_MAR160_191__C
c3038a24   ti_sysbios_family_c64p_Cache_MAR192_223__C
c3038a28   ti_sysbios_family_c64p_Cache_MAR224_255__C
c3038a2c   ti_sysbios_family_c64p_Cache_MAR32_63__C
c3038a30   ti_sysbios_family_c64p_Cache_MAR64_95__C
c3038a34   ti_sysbios_family_c64p_Cache_MAR96_127__C
c3038a38   ti_sysbios_family_c64p_Exception_E_exceptionMax__C
c3038a3c   ti_sysbios_family_c64p_Exception_E_exceptionMin__C
c3038a40   ti_sysbios_family_c64p_Exception_exceptionHook__C
c3038a44   ti_sysbios_family_c64p_Exception_externalHook__C
c3038a48   ti_sysbios_family_c64p_Exception_internalHook__C
c3038a4c   ti_sysbios_family_c64p_Exception_nmiHook__C
c3038a50   ti_sysbios_family_c64p_Hwi_E_alreadyDefined__C
c3038a54   ti_sysbios_family_c64p_Hwi_E_handleNotFound__C
c3038a58   ti_sysbios_gates_GateMutexPri_Instance_State_pendQ__O
c3038a5c   ti_sysbios_gates_GateMutex_Instance_State_sem__O
c3038a60   ti_sysbios_hal_Hwi_E_stackOverflow__C
c3038a64   ti_sysbios_heaps_HeapMem_E_memory__C
c3038a68   ti_sysbios_heaps_HeapMem_Module__gateObj__C
c3038a6c   ti_sysbios_heaps_HeapMem_Object__count__C
c3038a70   ti_sysbios_heaps_HeapMem_reqAlign__C
c3038a74   ti_sysbios_knl_Clock_Module_State_clockQ__O
c3038a78   ti_sysbios_knl_Clock_tickMode__C
c3038a7c   ti_sysbios_knl_Clock_tickPeriod__C
c3038a80   ti_sysbios_knl_Clock_tickSource__C
c3038a84   ti_sysbios_knl_Semaphore_Instance_State_pendQ__O
c3038a88   ti_sysbios_knl_Idle_coreList__A
c3038a8c   ti_sysbios_knl_Swi_Object__count__C
c3038a90   ti_sysbios_knl_Idle_funcList__A
c3038a94   ti_sysbios_knl_Swi_numPriorities__C
c3038a98   ti_sysbios_knl_Task_E_deleteNotAllowed__C
c3038a9c   ti_sysbios_knl_Task_E_spOutOfBounds__C
c3038aa0   ti_sysbios_knl_Task_E_stackOverflow__C
c3038aa4   ti_sysbios_knl_Task_Module_State_inactiveQ__O
c3038aa8   ti_sysbios_knl_Task_Module_State_terminatedQ__O
c3038aac   ti_sysbios_knl_Task_Object__count__C
c3038ab0   ti_sysbios_knl_Task_Object__heap__C
c3038ab4   ti_sysbios_knl_Task_allBlockedFunc__C
c3038ab8   ti_sysbios_knl_Task_defaultStackHeap__C
c3038abc   ti_sysbios_knl_Task_defaultStackSize__C
c3038ac0   ti_sysbios_knl_Task_numConstructedTasks__C
c3038ac4   ti_sysbios_timers_timer64_Timer_E_cannotSupport__C
c3038ac8   ti_sysbios_timers_timer64_Timer_E_invalidTimer__C
c3038acc   ti_sysbios_timers_timer64_Timer_E_notAvailable__C
c3038ad0   ti_sysbios_timers_timer64_Timer_anyMask__C
c3038ad4   ti_sysbios_timers_timer64_Timer_defaultHalf__C
c3038ad8   ti_sysbios_timers_timer64_Timer_freqDivisor__C
c3038adc   ti_sysbios_timers_timer64_Timer_numLocalTimers__C
c3038ae0   ti_sysbios_timers_timer64_Timer_numTimerDevices__C
c3038ae4   ti_sysbios_xdcruntime_GateThreadSupport_Instance_State_gate__O
c3038ae8   xdc_runtime_Assert_E_assertFailed__C
c3038aec   xdc_runtime_Core_A_initializedParams__C
c3038af0   xdc_runtime_Core_Module__diagsEnabled__C
c3038af4   xdc_runtime_Core_Module__diagsIncluded__C
c3038af8   xdc_runtime_Core_Module__diagsMask__C
c3038afc   xdc_runtime_Diags_dictBase__C
c3038b00   xdc_runtime_Error_E_memory__C
c3038b04   xdc_runtime_Error_Module__diagsEnabled__C
c3038b08   xdc_runtime_Error_Module__diagsIncluded__C
c3038b0c   xdc_runtime_Error_Module__diagsMask__C
c3038b10   xdc_runtime_Error_Module__loggerFxn8__C
c3038b14   xdc_runtime_Error_Module__loggerObj__C
c3038b18   xdc_runtime_Error_policy__C
c3038b1c   xdc_runtime_Error_raiseHook__C
c3038b20   xdc_runtime_IFilterLogger_Interface__BASE__C
c3038b24   xdc_runtime_IGateProvider_Interface__BASE__C
c3038b28   xdc_runtime_IHeap_Interface__BASE__C
c3038b2c   xdc_runtime_ILogger_Interface__BASE__C
c3038b30   xdc_runtime_IModule_Interface__BASE__C
c3038b34   xdc_runtime_Log_L_error__C
c3038b38   xdc_runtime_LoggerBuf_E_badLevel__C
c3038b3c   xdc_runtime_LoggerBuf_Module__gateObj__C
c3038b40   xdc_runtime_LoggerBuf_Object__count__C
c3038b44   xdc_runtime_LoggerBuf_statusLogger__C
c3038b48   xdc_runtime_Memory_defaultHeapInstance__C
c3038b4c   xdc_runtime_Registry_Module__diagsEnabled__C
c3038b50   xdc_runtime_Registry_Module__diagsIncluded__C
c3038b54   xdc_runtime_Registry_Module__diagsMask__C
c3038b58   xdc_runtime_Registry_Module__loggerFxn1__C
c3038b5c   xdc_runtime_Registry_Module__loggerFxn2__C
c3038b60   xdc_runtime_Registry_Module__loggerFxn4__C
c3038b64   xdc_runtime_Registry_Module__loggerObj__C
c3038b68   xdc_runtime_Startup_execImpl__C
c3038b6c   xdc_runtime_Startup_maxPasses__C
c3038b70   xdc_runtime_Startup_lastFxns__A
c3038b74   xdc_runtime_Startup_sfxnRts__C
c3038b78   xdc_runtime_Startup_sfxnTab__C
c3038b7c   xdc_runtime_SysMin_bufSize__C
c3038b80   xdc_runtime_SysMin_outputFunc__C
c3038b84   xdc_runtime_System_Module__gateObj__C
c3038b88   xdc_runtime_System_extendFxn__C
c3038b8c   xdc_runtime_System_maxAtexitHandlers__C
c3038b90   xdc_runtime_Text_charTab__C
c3038b94   xdc_runtime_Text_nameEmpty__C
c3038b98   xdc_runtime_Text_nameStatic__C
c3038b9c   xdc_runtime_Text_nameUnknown__C
c3038ba0   xdc_runtime_Text_nodeTab__C
c3038ba4   xdc_runtime_Text_visitRopeFxn__C
c3038ba8   xdc_runtime_knl_ISync_Interface__BASE__C
c3038bac   ti_sdo_utils_MultiProc_numProcsInCluster__C
c3038bae   ti_sdo_utils_NameServer_Module__id__C
c3038bb0   ti_sdo_utils_NameServer_singleProcessor__C
c3038bb2   ti_sysbios_family_c64p_Exception_Module__id__C
c3038bb4   ti_sysbios_family_c64p_Exception_enableExternalMPC__C
c3038bb6   ti_sysbios_family_c64p_Exception_enablePrint__C
c3038bb8   ti_sysbios_family_c64p_Exception_useInternalBuffer__C
c3038bba   ti_sysbios_family_c64p_Hwi_Module__id__C
c3038bbc   ti_sysbios_hal_Hwi_Module__id__C
c3038bbe   ti_sysbios_heaps_HeapMem_Module__id__C
c3038bc0   ti_sysbios_knl_Task_Module__id__C
c3038bc2   ti_sysbios_knl_Task_deleteTerminatedTasks__C
c3038bc4   ti_sysbios_knl_Task_initStackFlag__C
c3038bc6   ti_sysbios_timers_timer64_Timer_Module__id__C
c3038bc8   ti_sysbios_timers_timer64_Timer_startupNeeded__C
c3038bca   xdc_runtime_Core_Module__id__C
c3038bcc   xdc_runtime_Diags_setMaskEnabled__C
c3038bce   xdc_runtime_Error_Module__loggerDefined__C
c3038bd0   xdc_runtime_Error_maxDepth__C
c3038bd2   xdc_runtime_LoggerBuf_Module__id__C
c3038bd4   xdc_runtime_LoggerBuf_filterByLevel__C
c3038bd6   xdc_runtime_Memory_Module__id__C
c3038bd8   xdc_runtime_Registry_Module__loggerDefined__C
c3038bda   xdc_runtime_SysMin_flushAtExit__C
c3038bdc   xdc_runtime_Text_charCnt__C
c3038bde   xdc_runtime_Text_isLoaded__C
c3038be0   xdc_runtime_Text_registryModsLastId__C
c3038be2   xdc_runtime_Text_unnamedModsLastId__C
c3038be8   ti_sdo_ipc_GateMP_Module_State_0_remoteSystemGates__A
c30393e8   ti_sdo_ipc_GateMP_Module__root__V
c30393f4   ti_sdo_ipc_GateMP_Module__state__V
c303943c   ti_sdo_ipc_Ipc_Module__root__V
c3039440   ti_sdo_ipc_Ipc_Module__state__V
c303944c   ti_sdo_ipc_ListMP_Module__root__V
c3039458   ti_sdo_ipc_ListMP_Module__state__V
c303945c   ti_sdo_ipc_MessageQ_Module__root__V
c3039468   ti_sdo_ipc_MessageQ_Module__state__V
c3039488   ti_sdo_ipc_Notify_Module__root__V
c3039494   ti_sdo_ipc_Notify_Module__state__V
c303949c   ti_sdo_ipc_SharedRegion_Module__root__V
c30394a0   ti_sdo_ipc_SharedRegion_Module__state__V
c30394a4   ti_sdo_ipc_family_da830_InterruptDsp_Module__root__V
c30394a6   ti_sdo_ipc_family_da830_NotifySetup_Module__root__V
c30394a8   ti_sdo_ipc_gates_GateMPSupportNull_Module__root__V
c30394b4   ti_sdo_ipc_gates_GatePeterson_Module__root__V
c30394c0   ti_sdo_ipc_heaps_HeapBufMP_Module__root__V
c30394cc   ti_sdo_ipc_heaps_HeapBufMP_Module__state__V
c30394d0   ti_sdo_ipc_heaps_HeapMemMP_Module__root__V
c30394dc   ti_sdo_ipc_heaps_HeapMemMP_Module__state__V
c30394e0   ti_sdo_ipc_notifyDrivers_NotifyDriverShm_Module__root__V
c30394ec   ti_sdo_ipc_nsremote_NameServerRemoteNotify_Module__root__V
c30394f8   ti_sdo_ipc_transports_TransportShm_Module__root__V
c3039504   ti_sdo_ipc_transports_TransportShmSetup_Module__root__V
c3039508   ti_sdo_ipc_transports_TransportShmSetup_Module__state__V
c303950c   ti_sdo_utils_List_Module__root__V
c3039518   ti_sdo_utils_MultiProc_Module__root__V
c303951a   ti_sdo_utils_MultiProc_Module__state__V
c3039520   ti_sdo_utils_NameServer_Module__root__V
c303952c   ti_sdo_utils_NameServer_Module__state__V
c3039534   ti_sdo_utils_NameServerRemoteNull_Module__root__V
c3039540   ti_sysbios_BIOS_Module__root__V
c3039544   ti_sysbios_BIOS_Module__state__V
c3039564   ti_sysbios_family_c62_IntrinsicsSupport_Module__root__V
c3039566   ti_sysbios_family_c62_TaskSupport_Module__root__V
c3039568   ti_sysbios_family_c64p_Cache_Module__root__V
c303956c   ti_sysbios_family_c64p_Cache_Module__state__V
c3039570   ti_sysbios_family_c64p_Exception_Module__root__V
c3039574   ti_sysbios_family_c64p_Exception_Module__state__V
c30395a4   ti_sysbios_family_c64p_Hwi_Module__root__V
c30395b0   ti_sysbios_family_c64p_Hwi_Module__state__V
c3039618   ti_sysbios_family_c64p_primus_TimerSupport_Module__root__V
c303961c   ti_sysbios_family_c64p_primus_TimerSupport_Module__state__V
c3039620   ti_sysbios_gates_GateAll_Module__root__V
c303962c   ti_sysbios_gates_GateHwi_Module__root__V
c3039638   ti_sysbios_gates_GateMutex_Module__root__V
c3039644   ti_sysbios_gates_GateMutexPri_Module__root__V
c3039650   ti_sysbios_gates_GateSwi_Module__root__V
c303965c   ti_sysbios_hal_Cache_Module__root__V
c3039660   ti_sysbios_hal_Hwi_Module__root__V
c303966c   ti_sysbios_hal_Timer_Module__root__V
c3039678   ti_sysbios_heaps_HeapMem_Module__root__V
c3039684   ti_sysbios_knl_Clock_Module__root__V
c3039690   ti_sysbios_knl_Clock_Module__state__V
c30396b8   ti_sysbios_knl_Idle_Module__root__V
c30396ba   ti_sysbios_knl_Intrinsics_Module__root__V
c30396bc   ti_sysbios_knl_Queue_Module__root__V
c30396c8   ti_sysbios_knl_Semaphore_Module__root__V
c30396d4   ti_sysbios_knl_Swi_Module__root__V
c30396e0   ti_sysbios_knl_Swi_Module__state__V
c30396fc   ti_sysbios_knl_Task_Module__root__V
c3039708   ti_sysbios_knl_Task_Module__state__V
c303974c   ti_sysbios_syncs_SyncSem_Module__root__V
c3039758   ti_sysbios_timers_timer64_Timer_Module__root__V
c3039764   ti_sysbios_timers_timer64_Timer_Module__state__V
c3039778   ti_sysbios_xdcruntime_GateThreadSupport_Module__root__V
c3039784   xdc_runtime_Defaults_Module__root__V
c3039786   xdc_runtime_Error_Module__root__V
c3039788   xdc_runtime_Error_Module__state__V
c303978c   xdc_runtime_GateNull_Module__root__V
c3039794   xdc_runtime_LoggerBuf_Module__root__V
c303979c   xdc_runtime_LoggerBuf_Module__state__V
c30397a2   xdc_runtime_Main_Module__root__V
c30397a4   xdc_runtime_Memory_Module__state__V
c30397a8   xdc_runtime_Registry_Module__root__V
c30397ac   xdc_runtime_Registry_Module__state__V
c30397b4   xdc_runtime_Startup_Module__state__V
c30397bc   xdc_runtime_SysMin_Module__state__V
c30397c8   xdc_runtime_System_Module__state__V
c30397d4   xdc_runtime_Text_Module__state__V
c30397dc   xdc_runtime_knl_GateThread_Module__root__V
c30397e8   __xdc__init__addr
c30397f0   Cw
c30399f0   xdc_runtime_Diags_dictElems
c3039b90   ti_sdo_utils_NameServer_Object__table__V
c3039ca8   ti_sdo_ipc_SharedRegion_Module_State_0_regions__A
c3039d38   ti_sysbios_knl_Swi_Module_State_0_readyQ__A
c3039db8   ti_sysbios_knl_Task_Module_State_0_readyQ__A
c3039e38   ti_sysbios_timers_timer64_Timer_Module_State_0_device__A
c3039e98   TSK_idle
c3039e98   ti_sysbios_knl_Task_Object__table__V
c3039ee4   __errno
c3039ee4   errno
c3039ee8   ti_sysbios_timers_timer64_Timer_Object__table__V
c3039f38   brev
c3039f78   ti_sysbios_gates_GateMutex_Object__table__V
c3039fb8   ti_sysbios_knl_Swi_Object__table__V
c3039fe8   ti_sdo_ipc_Ipc_Module_State_0_procEntry__A
c303a010   xdc_runtime_LoggerBuf_Object__table__V
c303a038   ti_sdo_ipc_MessageQ_Module_State_0_heaps__A
c303a058   ti_sysbios_timers_timer64_Timer_Module_State_0_gctrl__A
c303a078   ti_sysbios_timers_timer64_Timer_Module_State_0_handles__A
c303a098   ti_sysbios_timers_timer64_Timer_Module_State_0_intFreqs__A
c303a0b8   xdc_runtime_System_Module_State_0_atexitHandlers__A
c303a0d8   ti_sysbios_family_c64p_Hwi_Object__table__V
c303a0f0   ti_sysbios_gates_GateMutexPri_Object__table__V
c303a108   ti_sysbios_heaps_HeapMem_Object__table__V
c303a120   findindex
c303a130   ti_sdo_ipc_MessageQ_Module_State_0_transports__A
c303a140   ti_sysbios_gates_GateAll_Object__table__V
c303a18c   _cleanup_ptr
c303a190   _dtors_ptr
c303a194   __TI_enable_exit_profile_output
c303a198   ti_sysbios_gates_GateSwi_Object__table__V
c303a1a4   _lock
c303a1a8   _unlock
c303a1b0   ti_sdo_ipc_Notify_Module_State_0_notifyHandles__A
c303a1b8   ti_sdo_ipc_transports_TransportShmSetup_Module_State_0_handles__A
c303a1c0   ti_sysbios_family_c64p_primus_TimerSupport_Module_State_0_suspSrc__A
c303a1c8   ti_sysbios_hal_Hwi_Object__table__V
c303a1d0   ti_sysbios_hal_Timer_Object__table__V
c303a1d8   ti_sdo_ipc_GateMP_Module_State_0_remoteCustom2Gates__A
c303a1e0   ti_sdo_ipc_Notify_Module_State_0_notifyHandles_0__A
c303a1e8   ti_sdo_ipc_Notify_Module_State_0_notifyHandles_1__A
c303a1f0   ti_sysbios_gates_GateHwi_Object__table__V
c303a1f8   ti_sysbios_knl_Task_Module_State_0_idleTask__A
c303a200   xdc_runtime_GateNull_Object__table__V
c303a228   _stack
c303b228   __TI_STACK_END
c303b3a8   LEDDATA
c303b3a8   __TI_STATIC_BASE
c303b3ac   Timer3
c303b3b0   SecondClock
c303b3b4   faqueue
c303b3b8   fasem
c303b3bc   tickets
c303b3c0   distance
c303b3c4   towards
c303b3c8   Syslink_terminateEventId
c303b3cc   Syslink_terminateEventLineId
c303b3d0   ReCounter
c303b3d1   old_fastatus
c303b3dc   FGflag
c303b400   ti_sysbios_family_c64p_Hwi0
c303b400   ti_sysbios_family_c64p_Hwi_int0
c303b420   ti_sysbios_family_c64p_Hwi_int1
c303b440   ti_sysbios_family_c64p_Hwi_int2
c303b460   ti_sysbios_family_c64p_Hwi_int3
c303b480   ti_sysbios_family_c64p_Hwi_int4
c303b4a0   ti_sysbios_family_c64p_Hwi_int5
c303b4c0   ti_sysbios_family_c64p_Hwi_int6
c303b4e0   ti_sysbios_family_c64p_Hwi_int7
c303b500   ti_sysbios_family_c64p_Hwi_int8
c303b520   ti_sysbios_family_c64p_Hwi_int9
c303b540   ti_sysbios_family_c64p_Hwi_int10
c303b560   ti_sysbios_family_c64p_Hwi_int11
c303b580   ti_sysbios_family_c64p_Hwi_int12
c303b5a0   ti_sysbios_family_c64p_Hwi_int13
c303b5c0   ti_sysbios_family_c64p_Hwi_int14
c303b5e0   ti_sysbios_family_c64p_Hwi_int15
c303b600   __CIOBUF_
c303b720   __c_args__
c303b800   _Ipc_ResetVector
c303b808   Ipc_sr0MemorySetup
ffffffff   __TI_pprof_out_hndl
ffffffff   __TI_prof_data_size
ffffffff   __TI_prof_data_start
ffffffff   __binit__
ffffffff   binit
UNDEFED    __TI_CINIT_Base
UNDEFED    __TI_CINIT_Limit
UNDEFED    __TI_Handler_Table_Base
UNDEFED    __TI_Handler_Table_Limit
UNDEFED    __TI_INITARRAY_Base
UNDEFED    __TI_INITARRAY_Limit

[1438 symbols]


DYNAMIC SYMBOLS: SORTED ALPHABETICALLY BY Name 

address    name
--------   ----
UNDEFED    
c3039e98   TSK_idle
c303b800   _Ipc_ResetVector
c303b228   __TI_STACK_END
00001000   __TI_STACK_SIZE
c303b3a8   __TI_STATIC_BASE
ffffffff   __TI_pprof_out_hndl
ffffffff   __TI_prof_data_size
ffffffff   __TI_prof_data_start
ffffffff   __binit__
c303b720   __c_args__
00000064   _argsize
ffffffff   binit
00000001   xdc_runtime_Startup__EXECFXN__C
00000001   xdc_runtime_Startup__RESETFXN__C

[15 symbols]


IMPORTED and EXPORTED SYMBOLS: SORTED ALPHABETICALLY BY Name 

IMPORTED SYMBOLS

name                           size      Imported from
-----------------------------  --------  -------------

[0 symbols]


EXPORTED SYMBOLS

address    name
--------   ----
c303b800   _Ipc_ResetVector
