******************************************************************************
               TMS320C6x Linker Unix v7.4.4                    
******************************************************************************
>> Linked Wed Feb 24 15:59:16 2016

OUTPUT FILE NAME:   <bin/release/server_dsp.xe674>
ENTRY POINT SYMBOL: "ti_sysbios_family_c64p_Hwi0"  address: c303d400


MEMORY CONFIGURATION

         name            origin    length      used     unused   attr    fill
----------------------  --------  ---------  --------  --------  ----  --------
  IROM                  11700000   00100000  00000000  00100000  R  X
  IRAM                  11800000   00038000  00000000  00038000  RW X
  L3_CBA_RAM            80000000   00020000  00000000  00020000  RW X
  SR_0                  c2000000   00010000  00010000  00000000  RW X
  SR_1                  c2010000   00ff0000  00ff0000  00000000  RW X
  DSP_PROG              c3000000   00800000  0003d72f  007c28d1  RW X


SEGMENT ALLOCATION MAP

run origin  load origin   length   init length attrs members
----------  ----------- ---------- ----------- ----- -------
c3000000    c3000000    000282c0   000282c0    r-x
  c3000000    c3000000    000282c0   000282c0    r-x .text
c30282c0    c30282c0    0000d3b8   00000000    rw-
  c30282c0    c30282c0    0000d3b8   00000000    rw- .far
c3035678    c3035678    000054b0   000054b0    r--
  c3035678    c3035678    000054b0   000054b0    r-- .const
c303ab28    c303ab28    0000163b   0000163b    rw-
  c303ab28    c303ab28    0000163b   0000163b    rw- .fardata
c303c168    c303c168    00001000   00000000    rw-
  c303c168    c303c168    00001000   00000000    rw- .stack
c303d168    c303d168    00000180   00000180    r--
  c303d168    c303d168    00000180   00000180    r-- .switch
c303d2e8    c303d2e8    00000078   00000064    rw-
  c303d2e8    c303d2e8    00000064   00000064    rw- .args
  c303d34c    c303d34c    00000014   00000000    rw- .bss
c303d360    c303d360    00000028   00000028    rw-
  c303d360    c303d360    00000028   00000028    rw- .neardata
c303d400    c303d400    00000200   00000200    r-x
  c303d400    c303d400    00000200   00000200    r-x .vecs
c303d600    c303d600    00000120   00000000    rw-
  c303d600    c303d600    00000120   00000000    rw- .cio
c303d800    c303d800    0000008c   0000008c    r--
  c303d800    c303d800    0000008c   0000008c    r-- ti_sdo_ipc_init


SECTION ALLOCATION MAP

 output                                  attributes/
section   page    origin      length       input sections
--------  ----  ----------  ----------   ----------------
.cinit     0    c3000000    00000000     UNINITIALIZED

.init_array 
*          0    c3000000    00000000     UNINITIALIZED

ti.sdo.ipc.SharedRegion_0 
*          0    c2000000    00010000     NOLOAD SECTION
                  c2000000    00010000     --HOLE--

ti.sdo.ipc.SharedRegion_1 
*          0    c2010000    00ff0000     NOLOAD SECTION
                  c2010000    00ff0000     --HOLE--

xdc.meta   0    c3000000    00000100     COPY SECTION
                  c3000000    00000100     dsp_pe674.oe674 (xdc.meta)

.text      0    c3000000    000282c0     
                  c3000000    00002360     IPCServer.oe674 (.text)
                  c3002360    00001900     fa.oe674 (.text)
                  c3003c60    00000d00     fft.oe674 (.text)
                  c3004960    00000c40     utils.lib : uartStdio.obj (.text)
                  c30055a0    00000b40     ipc.ae674 : Ipc.obj (.text:ti_sdo_ipc_GateMP_Instance_init__F)
                  c30060e0    00000ae0     drivers.lib : emifa.obj (.text)
                  c3006bc0    00000980     communicate.oe674 (.text)
                  c3007540    000008a0     sysbios.ae674 : BIOS.obj (.text:ti_sysbios_family_c64p_Exception_handler__I)
                  c3007de0    000008a0     ti.targets.rts6000.ae674 : System.oe674 (.text:xdc_runtime_System_doPrint__I)
                  c3008680    000007c0     ipc.ae674 : Ipc.obj (.text:Ipc_attach)
                  c3008e40    00000700               : Ipc.obj (.text:Ipc_detach)
                  c3009540    00000700               : Ipc.obj (.text:ti_sdo_ipc_transports_TransportShm_Instance_init__F)
                  c3009c40    000006c0     sht11.oe674 (.text)
                  c300a300    00000620     sysbios.ae674 : BIOS.obj (.text:ti_sysbios_timers_timer64_Timer_Instance_init__F)
                  c300a920    000005a0     rts6740_elf.lib : divd.obj (.text:__c6xabi_divd)
                  c300aec0    000005a0     ad7606.oe674 (.text)
                  c300b460    000005a0     dsp.oe674 (.text)
                  c300ba00    00000560     ipc.ae674 : Ipc.obj (.text:ti_sdo_ipc_heaps_HeapBufMP_Instance_init__F)
                  c300bf60    000004e0     led.oe674 (.text)
                  c300c440    000004e0     ipc.ae674 : Ipc.obj (.text:ti_sdo_ipc_heaps_HeapMemMP_Instance_init__F)
                  c300c920    000004c0               : Ipc.obj (.text:ti_sdo_ipc_ListMP_Instance_init__F)
                  c300cde0    00000460               : Ipc.obj (.text:ti_sdo_ipc_GateMP_setRegion0Reserved__F)
                  c300d240    00000460               : Ipc.obj (.text:ti_sdo_ipc_MessageQ_Instance_init__F)
                  c300d6a0    00000460               : Ipc.obj (.text:ti_sdo_ipc_nsremote_NameServerRemoteNotify_get__F)
                  c300db00    00000420               : Ipc.obj (.text:ti_sdo_ipc_GateMP_Instance_finalize__F)
                  c300df20    00000400     sys.oe674 (.text)
                  c300e320    000003c0     ipc.ae674 : Ipc.obj (.text:ti_sdo_ipc_heaps_HeapMemMP_alloc__E)
                  c300e6e0    000003c0               : Ipc.obj (.text:ti_sdo_ipc_heaps_HeapMemMP_free__E)
                  c300eaa0    000003a0               : Ipc.obj (.text:NameServer_add)
                  c300ee40    000003a0     dsplib.ae674 : DSPF_sp_fftSPxSP.obj (.text:optimized)
                  c300f1e0    00000380     ti.targets.rts6000.ae674 : Diags.oe674 (.text:xdc_runtime_Diags_setMask__F)
                  c300f560    00000340     drivers.lib : uart.obj (.text)
                  c300f8a0    00000300     ipc.ae674 : Ipc.obj (.text:Ipc_writeConfig)
                  c300fba0    00000300               : Ipc.obj (.text:ti_sdo_ipc_heaps_HeapBufMP_postInit__I)
                  c300fea0    00000300     sysbios.ae674 : BIOS.obj (.text:ti_sysbios_knl_Semaphore_pend__E)
                  c30101a0    00000300                   : BIOS.obj (.text:ti_sysbios_knl_Task_Instance_finalize__F)
                  c30104a0    000002e0     ipc.ae674 : Ipc.obj (.text:ListMP_getHead)
                  c3010780    000002e0     collect.oe674 (.text)
                  c3010a60    000002e0     ipc.ae674 : Ipc.obj (.text:ti_sdo_ipc_Ipc_procSyncStart__I)
                  c3010d40    000002e0               : Ipc.obj (.text:ti_sdo_ipc_nsremote_NameServerRemoteNotify_Instance_init__F)
                  c3011020    000002c0               : Ipc.obj (.text:NameServer_get)
                  c30112e0    000002c0     drivers.lib : gpio.obj (.text)
                  c30115a0    000002c0     sysbios.ae674 : BIOS.obj (.text:ti_sysbios_timers_timer64_Timer_Module_startup__F)
                  c3011860    000002a0     ipc.ae674 : Ipc.obj (.text:ti_sdo_ipc_transports_TransportShm_Instance_finalize__F)
                  c3011b00    000002a0     sysbios.ae674 : BIOS.obj (.text:ti_sysbios_timers_timer64_Timer_deviceConfig__I)
                  c3011da0    00000280     ipc.ae674 : Ipc.obj (.text:ListMP_putTail)
                  c3012020    00000280               : Ipc.obj (.text:ListMP_remove)
                  c30122a0    00000280     rts6740_elf.lib : divf.obj (.text:__c6xabi_divf)
                  c3012520    00000280     ipc.ae674 : Ipc.obj (.text:ti_sdo_ipc_gates_GatePeterson_Instance_init__F)
                  c30127a0    00000280     ti.targets.rts6000.ae674 : Error.oe674 (.text:xdc_runtime_Error_raiseX__F)
                  c3012a20    00000260     ipc.ae674 : Ipc.obj (.text:GateMP_openByAddr)
                  c3012c80    00000260               : Ipc.obj (.text:Ipc_start)
                  c3012ee0    00000260     rts6740_elf.lib : imath64.obj (.text:__c6xabi_divull)
                  c3013140    00000260     sysbios.ae674 : BIOS.obj (.text:ti_sysbios_family_c64p_Exception_internalHandler__I)
                  c30133a0    00000260                   : BIOS.obj (.text:ti_sysbios_timers_timer64_Timer_setPeriodMicroSecs__E)
                  c3013600    00000260     ti.targets.rts6000.ae674 : Startup.oe674 (.text:xdc_runtime_Startup_startMods__I)
                  c3013860    00000260     dsp_pe674.oe674 (.text:xdc_runtime_System_printfExtend__I)
                  c3013ac0    00000240     ipc.ae674 : Ipc.obj (.text:Notify_unregisterEvent)
                  c3013d00    00000240               : Ipc.obj (.text:ti_sdo_ipc_family_da830_NotifySetup_attach__E)
                  c3013f40    00000240               : Ipc.obj (.text:ti_sdo_ipc_heaps_HeapMemMP_getStats__E)
                  c3014180    00000240     ti.targets.rts6000.ae674 : LoggerBuf.oe674 (.text:xdc_runtime_LoggerBuf_write8__F)
                  c30143c0    00000220     ipc.ae674 : Ipc.obj (.text:ti_sdo_ipc_nsremote_NameServerRemoteNotify_swiFxn__I)
                  c30145e0    00000220     sysbios.ae674 : BIOS.obj (.text:ti_sysbios_family_c64p_Hwi_reconfig__E)
                  c3014800    00000220                   : BIOS.obj (.text:ti_sysbios_gates_GateMutexPri_enter__E)
                  c3014a20    00000220     ti.targets.rts6000.ae674 : Core-mem.oe674 (.text:xdc_runtime_Core_createObject__I)
                  c3014c40    00000200     sysbios.ae674 : c64p_Hwi_disp_always.obj (.text:_ti_sysbios_family_c64p_Hwi_dispatchAlways)
                  c3014e40    00000200     ipc.ae674 : Ipc.obj (.text:ti_sdo_ipc_Ipc_procSyncFinish__I)
                  c3015040    00000200               : Ipc.obj (.text:ti_sdo_ipc_heaps_HeapBufMP_alloc__E)
                  c3015240    00000200               : Ipc.obj (.text:ti_sdo_ipc_notifyDrivers_NotifyDriverShm_Instance_init__F)
                  c3015440    00000200               : Ipc.obj (.text:ti_sdo_ipc_notifyDrivers_NotifyDriverShm_sendEvent__E)
                  c3015640    000001e0               : Ipc.obj (.text:GateMP_sharedMemReq)
                  c3015820    000001e0               : Ipc.obj (.text:ListMP_openByAddr)
                  c3015a00    000001e0     Platform.lib : GPIO.obj (.text)
                  c3015be0    000001e0     sysbios.ae674 : BIOS.obj (.text:ti_sysbios_family_c64p_Exception_externalHandler__I)
                  c3015dc0    000001e0                   : BIOS.obj (.text:ti_sysbios_knl_Task_Instance_init__F)
                  c3015fa0    000001e0                   : BIOS.obj (.text:ti_sysbios_knl_Task_checkStacks__E)
                  c3016180    000001c0     mathlib.ae674 : atan2sp.obj (.text:optasm)
                  c3016340    000001c0     ipc.ae674 : Ipc.obj (.text:ti_sdo_ipc_GateMP_getFreeResource__I)
                  c3016500    000001c0               : Ipc.obj (.text:ti_sdo_ipc_heaps_HeapMemMP_postInit__I)
                  c30166c0    000001c0     sysbios.ae674 : BIOS.obj (.text:ti_sysbios_family_c64p_Cache_block__I)
                  c3016880    000001c0                   : BIOS.obj (.text:ti_sysbios_family_c64p_Exception_decodeMpfsr__I)
                  c3016a40    000001c0                   : BIOS.obj (.text:ti_sysbios_knl_Task_exit__E)
                  c3016c00    000001c0                   : BIOS.obj (.text:ti_sysbios_knl_Task_postInit__I)
                  c3016dc0    000001c0     ti.targets.rts6000.ae674 : Text.oe674 (.text:xdc_runtime_Text_putSite__F)
                  c3016f80    000001a0     ipc.ae674 : Ipc.obj (.text:ti_sdo_ipc_notifyDrivers_NotifyDriverShm_registerEvent__E)
                  c3017120    000001a0               : Ipc.obj (.text:ti_sdo_ipc_notifyDrivers_NotifyDriverShm_unregisterEvent__E)
                  c30172c0    000001a0     sysbios.ae674 : BIOS.obj (.text:ti_sysbios_timers_timer64_Timer_start__E)
                  c3017460    000001a0     ti.targets.rts6000.ae674 : LoggerBuf.oe674 (.text:xdc_runtime_LoggerBuf_write4__F)
                  c3017600    00000180     ipc.ae674 : Ipc.obj (.text:HeapBufMP_sharedMemReq)
                  c3017780    00000180               : Ipc.obj (.text:NameServer_getHandle)
                  c3017900    00000180     Platform.lib : UART.obj (.text)
                  c3017a80    00000180     drivers.lib : psc.obj (.text)
                  c3017c00    00000180     sysbios.ae674 : c64p_Exception_asm.obj (.text)
                  c3017d80    00000180     ipc.ae674 : Ipc.obj (.text:ti_sdo_ipc_gates_GatePeterson_enter__E)
                  c3017f00    00000180               : Ipc.obj (.text:ti_sdo_ipc_heaps_HeapBufMP_Instance_finalize__F)
                  c3018080    00000180               : Ipc.obj (.text:ti_sdo_ipc_notifyDrivers_NotifyDriverShm_isr__I)
                  c3018200    00000180     sysbios.ae674 : BIOS.obj (.text:ti_sysbios_heaps_HeapMem_alloc__E)
                  c3018380    00000180                   : BIOS.obj (.text:ti_sysbios_knl_Swi_schedule__I)
                  c3018500    00000180                   : BIOS.obj (.text:ti_sysbios_knl_Task_setPri__E)
                  c3018680    00000160     ipc.ae674 : Ipc.obj (.text:ti_sdo_ipc_GateMP_openRegion0Reserved__F)
                  c30187e0    00000160               : Ipc.obj (.text:ti_sdo_ipc_ListMP_Instance_finalize__F)
                  c3018940    00000160               : Ipc.obj (.text:ti_sdo_ipc_Notify_Instance_init__F)
                  c3018aa0    00000160               : Ipc.obj (.text:ti_sdo_ipc_heaps_HeapMemMP_Instance_finalize__F)
                  c3018c00    00000160               : Ipc.obj (.text:ti_sdo_utils_NameServer_removeLocal__I)
                  c3018d60    00000160     sysbios.ae674 : BIOS.obj (.text:ti_sysbios_knl_Task_schedule__I)
                  c3018ec0    00000160                   : BIOS.obj (.text:ti_sysbios_knl_Task_startCore__E)
                  c3019020    00000140     ipc.ae674 : Ipc.obj (.text:HeapBufMP_openByAddr)
                  c3019160    00000140               : Ipc.obj (.text:HeapMemMP_openByAddr)
                  c30192a0    00000140               : Ipc.obj (.text:MessageQ_put)
                  c30193e0    00000140               : Ipc.obj (.text:Notify_registerEvent)
                  c3019520    00000140     boot.ae674 : autoinit.oe674 (.text:_auto_init_elf)
                  c3019660    00000140     ipc.ae674 : Ipc.obj (.text:ti_sdo_ipc_SharedRegion_start__F)
                  c30197a0    00000140               : Ipc.obj (.text:ti_sdo_ipc_notifyDrivers_NotifyDriverShm_disableEvent__E)
                  c30198e0    00000140               : Ipc.obj (.text:ti_sdo_ipc_transports_TransportShm_openByAddr__F)
                  c3019a20    00000140               : Ipc.obj (.text:ti_sdo_ipc_transports_TransportShm_put__E)
                  c3019b60    00000140     sysbios.ae674 : BIOS.obj (.text:ti_sysbios_heaps_HeapMem_free__E)
                  c3019ca0    00000140                   : BIOS.obj (.text:ti_sysbios_knl_Task_Module_startup__F)
                  c3019de0    00000140                   : BIOS.obj (.text:ti_sysbios_knl_Task_sleep__E)
                  c3019f20    00000140     ti.targets.rts6000.ae674 : Text.oe674 (.text:xdc_runtime_Text_putLab__F)
                  c301a060    00000120     ipc.ae674 : Ipc.obj (.text:HeapMemMP_sharedMemReq)
                  c301a180    00000120     mathlib.ae674 : cossp.obj (.text:optasm)
                  c301a2a0    00000120                   : sinsp.obj (.text:optasm)
                  c301a3c0    00000120     ipc.ae674 : Ipc.obj (.text:ti_sdo_ipc_MessageQ_Module_startup__F)
                  c301a4e0    00000120               : Ipc.obj (.text:ti_sdo_ipc_transports_TransportShm_sharedMemReq__F)
                  c301a600    00000120     sysbios.ae674 : BIOS.obj (.text:ti_sysbios_family_c64p_Exception_Module_startup__F)
                  c301a720    00000120                   : BIOS.obj (.text:ti_sysbios_knl_Clock_workFunc__E)
                  c301a840    00000120     ti.targets.rts6000.ae674 : LoggerBuf.oe674 (.text:xdc_runtime_LoggerBuf_setFilterLevel__F)
                  c301a960    00000120                              : Text.oe674 (.text:xdc_runtime_Text_putMod__F)
                  c301aa80    00000100     EMIFAPinmuxSetup.oe674 (.text)
                  c301ab80    00000100     ipc.ae674 : Ipc.obj (.text:HeapBufMP_open)
                  c301ac80    00000100               : Ipc.obj (.text:ListMP_sharedMemReq)
                  c301ad80    00000100               : Ipc.obj (.text:Notify_registerEventSingle)
                  c301ae80    00000100               : Ipc.obj (.text:Notify_sendEvent)
                  c301af80    00000100               : Ipc.obj (.text:Notify_unregisterEventSingle)
                  c301b080    00000100               : Ipc.obj (.text:ti_sdo_ipc_GateMP_start__F)
                  c301b180    00000100               : Ipc.obj (.text:ti_sdo_ipc_MessageQ_Instance_finalize__F)
                  c301b280    00000100     dsp_pe674.oe674 (.text:ti_sdo_ipc_MessageQ_Object__create__S)
                  c301b380    00000100     ipc.ae674 : Ipc.obj (.text:ti_sdo_ipc_Notify_Instance_finalize__F)
                  c301b480    00000100     dsp_pe674.oe674 (.text:ti_sdo_ipc_Notify_Object__create__S)
                  c301b580    00000100     ipc.ae674 : Ipc.obj (.text:ti_sdo_ipc_SharedRegion_attach__F)
                  c301b680    00000100               : Ipc.obj (.text:ti_sdo_ipc_SharedRegion_clearReservedMemory__F)
                  c301b780    00000100     dsp_pe674.oe674 (.text:ti_sdo_ipc_gates_GatePeterson_Object__create__S)
                  c301b880    00000100     ipc.ae674 : Ipc.obj (.text:ti_sdo_ipc_nsremote_NameServerRemoteNotify_Instance_finalize__F)
                  c301b980    00000100     dsp_pe674.oe674 (.text:ti_sdo_ipc_nsremote_NameServerRemoteNotify_Object__create__S)
                  c301ba80    00000100     ipc.ae674 : Ipc.obj (.text:ti_sdo_ipc_transports_TransportShmSetup_attach__E)
                  c301bb80    00000100     dsp_pe674.oe674 (.text:ti_sdo_ipc_transports_TransportShm_Object__create__S)
                  c301bc80    00000100     ipc.ae674 : Ipc.obj (.text:ti_sdo_utils_NameServer_findLocal__I)
                  c301bd80    00000100     sysbios.ae674 : BIOS.obj (.text:ti_sysbios_family_c64p_Hwi_Module_startup__F)
                  c301be80    00000100     dsp_pe674.oe674 (.text:ti_sysbios_family_c64p_Hwi_Object__create__S)
                  c301bf80    00000100     sysbios.ae674 : BIOS.obj (.text:ti_sysbios_family_c64p_Hwi_dispatchC__I)
                  c301c080    00000100                   : BIOS.obj (.text:ti_sysbios_gates_GateMutexPri_leave__E)
                  c301c180    00000100     dsp_pe674.oe674 (.text:ti_sysbios_hal_Hwi_Object__create__S)
                  c301c280    00000100     sysbios.ae674 : BIOS.obj (.text:ti_sysbios_knl_Clock_startI__E)
                  c301c380    00000100                   : BIOS.obj (.text:ti_sysbios_knl_Semaphore_post__E)
                  c301c480    00000100     dsp_pe674.oe674 (.text:ti_sysbios_knl_Swi_Object__create__S)
                  c301c580    00000100     sysbios.ae674 : BIOS.obj (.text:ti_sysbios_knl_Swi_restoreHwi__E)
                  c301c680    00000100     dsp_pe674.oe674 (.text:ti_sysbios_knl_Task_Object__create__S)
                  c301c780    00000100     dsp_pe674.oe674 (.text:ti_sysbios_timers_timer64_Timer_Object__create__S)
                  c301c880    00000100     sysbios.ae674 : BIOS.obj (.text:ti_sysbios_timers_timer64_Timer_initDevice__I)
                  c301c980    00000100     ti.targets.rts6000.ae674 : Core-mem.oe674 (.text:xdc_runtime_Core_deleteObject__I)
                  c301ca80    00000100                              : LoggerBuf.oe674 (.text:xdc_runtime_LoggerBuf_getFilterLevel__F)
                  c301cb80    00000100                              : Startup.oe674 (.text:xdc_runtime_Startup_exec__F)
                  c301cc80    00000100                              : Text.oe674 (.text:xdc_runtime_Text_visitRope2__I)
                  c301cd80    000000e0     ipc.ae674 : Ipc.obj (.text:MessageQ_get)
                  c301ce60    000000e0               : Ipc.obj (.text:NameServer_getLocal)
                  c301cf40    000000e0     Platform.lib : UARTConsole.obj (.text)
                  c301d020    000000e0     rts6740_elf.lib : memset.obj (.text:memset)
                  c301d100    000000e0     dsp_pe674.oe674 (.text:ti_sdo_ipc_GateMP_Object__create__S)
                  c301d1e0    000000e0     ipc.ae674 : Ipc.obj (.text:ti_sdo_ipc_Ipc_getMasterAddr__I)
                  c301d2c0    000000e0               : Ipc.obj (.text:ti_sdo_ipc_Ipc_getSlaveAddr__I)
                  c301d3a0    000000e0     dsp_pe674.oe674 (.text:ti_sdo_ipc_ListMP_Object__create__S)
                  c301d480    000000e0     ipc.ae674 : Ipc.obj (.text:ti_sdo_ipc_MessageQ_grow__I)
                  c301d560    000000e0               : Ipc.obj (.text:ti_sdo_ipc_Notify_detach__F)
                  c301d640    000000e0               : Ipc.obj (.text:ti_sdo_ipc_SharedRegion_reserveMemory__F)
                  c301d720    000000e0               : Ipc.obj (.text:ti_sdo_ipc_SharedRegion_stop__F)
                  c301d800    000000e0               : Ipc.obj (.text:ti_sdo_ipc_gates_GatePeterson_sharedMemReq__E)
                  c301d8e0    000000e0     dsp_pe674.oe674 (.text:ti_sdo_ipc_heaps_HeapBufMP_Object__create__S)
                  c301d9c0    000000e0     ipc.ae674 : Ipc.obj (.text:ti_sdo_ipc_heaps_HeapBufMP_free__E)
                  c301daa0    000000e0               : Ipc.obj (.text:ti_sdo_ipc_heaps_HeapBufMP_getStats__F)
                  c301db80    000000e0     dsp_pe674.oe674 (.text:ti_sdo_ipc_heaps_HeapMemMP_Object__create__S)
                  c301dc60    000000e0     dsp_pe674.oe674 (.text:ti_sdo_ipc_notifyDrivers_NotifyDriverShm_Object__create__S)
                  c301dd40    000000e0     ipc.ae674 : Ipc.obj (.text:ti_sdo_utils_NameServer_Module_startup__F)
                  c301de20    000000e0     sysbios.ae674 : BIOS.obj (.text:ti_sysbios_family_c64p_Cache_Module_startup__F)
                  c301df00    000000e0                   : BIOS.obj (.text:ti_sysbios_family_c64p_Hwi_Instance_finalize__F)
                  c301dfe0    000000e0                   : BIOS.obj (.text:ti_sysbios_family_c64p_Hwi_Instance_init__F)
                  c301e0c0    000000e0                   : BIOS.obj (.text:ti_sysbios_knl_Task_unblockI__E)
                  c301e1a0    000000e0     dsp_pe674.oe674 (.text:ti_sysbios_syncs_SyncSem_Object__create__S)
                  c301e280    000000e0     ti.targets.rts6000.ae674 : Error.oe674 (.text:xdc_runtime_Error_print__F)
                  c301e360    000000e0     dsp_pe674.oe674 (.text:xdc_runtime_LoggerBuf_Object__create__S)
                  c301e440    000000e0     ti.targets.rts6000.ae674 : Memory.oe674 (.text:xdc_runtime_Memory_alloc__F)
                  c301e520    000000e0     dsp_pe674.oe674 (.text:xdc_runtime_Registry_addModule__E)
                  c301e600    000000e0     dsp_pe674.oe674 (.text:xdc_runtime_Registry_findByNamePattern__E)
                  c301e6e0    000000e0     dsp_pe674.oe674 (.text:xdc_runtime_knl_GateThread_Object__create__S)
                  c301e7c0    000000c0     rts6740_elf.lib : trgdrv.obj (.text:HOSTwrite)
                  c301e880    000000c0     ipc.ae674 : Ipc.obj (.text:HeapMemMP_create)
                  c301e940    000000c0               : Ipc.obj (.text:Ipc_stop)
                  c301ea00    000000c0               : Ipc.obj (.text:ListMP_create)
                  c301eac0    000000c0               : Ipc.obj (.text:MessageQ_create2)
                  c301eb80    000000c0               : Ipc.obj (.text:MultiProc_getId)
                  c301ec40    000000c0               : Ipc.obj (.text:SharedRegion_getId)
                  c301ed00    000000c0     rts6740_elf.lib : dtor_list.obj (.text:_Z11__TI_atexitPFYvPvES_S_)
                  c301edc0    000000c0                     : dtor_list.obj (.text:__cxa_finalize)
                  c301ee80    000000c0                     : divu.obj (.text:__divu)
                  c301ef40    000000c0                     : exit.obj (.text:exit)
                  c301f000    000000c0     ipc.ae674 : Ipc.obj (.text:ti_sdo_ipc_GateMP_attach__F)
                  c301f0c0    000000c0               : Ipc.obj (.text:ti_sdo_ipc_ListMP_elemClear__I)
                  c301f180    000000c0               : Ipc.obj (.text:ti_sdo_ipc_Notify_execMany__I)
                  c301f240    000000c0               : Ipc.obj (.text:ti_sdo_ipc_SharedRegion_detach__F)
                  c301f300    000000c0               : Ipc.obj (.text:ti_sdo_ipc_family_da830_InterruptDsp_intRegister__E)
                  c301f3c0    000000c0               : Ipc.obj (.text:ti_sdo_ipc_gates_GatePeterson_postInit__I)
                  c301f480    000000c0               : Ipc.obj (.text:ti_sdo_ipc_nsremote_NameServerRemoteNotify_attach__E)
                  c301f540    000000c0               : Ipc.obj (.text:ti_sdo_utils_NameServer_postInit__I)
                  c301f600    000000c0     sysbios.ae674 : BIOS.obj (.text:ti_sysbios_heaps_HeapMem_getStats__E)
                  c301f6c0    000000c0                   : BIOS.obj (.text:ti_sysbios_knl_Swi_Instance_init__F)
                  c301f780    000000c0                   : BIOS.obj (.text:ti_sysbios_knl_Swi_run__I)
                  c301f840    000000c0                   : BIOS.obj (.text:ti_sysbios_knl_Task_allBlockedFunction__I)
                  c301f900    000000c0                   : BIOS.obj (.text:ti_sysbios_syncs_SyncSem_Instance_init__F)
                  c301f9c0    000000c0                   : BIOS.obj (.text:ti_sysbios_timers_timer64_Timer_startup__E)
                  c301fa80    000000c0     ti.targets.rts6000.ae674 : LoggerBuf.oe674 (.text:xdc_runtime_LoggerBuf_Instance_init__F)
                  c301fb40    000000c0     dsp_pe674.oe674 (.text:xdc_runtime_Registry_findById__E)
                  c301fc00    000000c0     ti.targets.rts6000.ae674 : System.oe674 (.text:xdc_runtime_System_formatNum__I)
                  c301fcc0    000000c0                              : Text.oe674 (.text:xdc_runtime_Text_matchVisFxn__I)
                  c301fd80    000000a0     ipc.ae674 : Ipc.obj (.text:SharedRegion_getPtr)
                  c301fe20    000000a0               : Ipc.obj (.text:SharedRegion_getSRPtr)
                  c301fec0    000000a0     rts6740_elf.lib : remu.obj (.text:__remu)
                  c301ff60    000000a0     boot.ae674 : boot.oe674 (.text:_c_int00)
                  c3020000    000000a0     sysbios.ae674 : c64p_Hwi_asm.obj (.text:_ti_sysbios_family_c64p_Hwi_plug__E)
                  c30200a0    000000a0     rts6740_elf.lib : memcpy64.obj (.text:memcpy)
                  c3020140    000000a0     mathlib.ae674 : sqrtsp.obj (.text:optasm)
                  c30201e0    000000a0     ipc.ae674 : Ipc.obj (.text:ti_sdo_ipc_GateMP_detach__F)
                  c3020280    000000a0               : Ipc.obj (.text:ti_sdo_ipc_GateMP_getRegion0ReservedSize__F)
                  c3020320    000000a0               : Ipc.obj (.text:ti_sdo_ipc_GateMP_stop__F)
                  c30203c0    000000a0               : Ipc.obj (.text:ti_sdo_ipc_gates_GatePeterson_leave__E)
                  c3020460    000000a0               : Ipc.obj (.text:ti_sdo_ipc_notifyDrivers_NotifyDriverShm_Instance_finalize__F)
                  c3020500    000000a0               : Ipc.obj (.text:ti_sdo_ipc_transports_TransportShmSetup_detach__E)
                  c30205a0    000000a0     sysbios.ae674 : BIOS.obj (.text:ti_sysbios_family_c64p_Hwi_eventMap__E)
                  c3020640    000000a0                   : BIOS.obj (.text:ti_sysbios_family_c64p_Hwi_getStackInfo__E)
                  c30206e0    000000a0                   : BIOS.obj (.text:ti_sysbios_gates_GateMutex_enter__E)
                  c3020780    000000a0                   : BIOS.obj (.text:ti_sysbios_heaps_HeapMem_init__I)
                  c3020820    000000a0                   : BIOS.obj (.text:ti_sysbios_knl_Clock_Instance_init__F)
                  c30208c0    000000a0     dsp_pe674.oe674 (.text:ti_sysbios_knl_Clock_Object__create__S)
                  c3020960    000000a0     sysbios.ae674 : BIOS.obj (.text:ti_sysbios_knl_Idle_run__E)
                  c3020a00    000000a0                   : BIOS.obj (.text:ti_sysbios_knl_Semaphore_pendTimeout__I)
                  c3020aa0    000000a0                   : BIOS.obj (.text:ti_sysbios_knl_Swi_restore__E)
                  c3020b40    000000a0                   : BIOS.obj (.text:ti_sysbios_syncs_SyncSem_wait__F)
                  c3020be0    000000a0                   : BIOS.obj (.text:ti_sysbios_timers_timer64_Timer_Instance_finalize__F)
                  c3020c80    000000a0                   : BIOS.obj (.text:ti_sysbios_timers_timer64_Timer_stop__E)
                  c3020d20    000000a0     ti.targets.rts6000.ae674 : Assert.oe674 (.text:xdc_runtime_Assert_raise__I)
                  c3020dc0    000000a0                              : LoggerBuf.oe674 (.text:xdc_runtime_LoggerBuf_Module_startup__F)
                  c3020e60    000000a0                              : Registry.oe674 (.text:xdc_runtime_Registry_addModule__F)
                  c3020f00    000000a0                              : Registry.oe674 (.text:xdc_runtime_Registry_findByName__F)
                  c3020fa0    000000a0                              : SysMin.oe674 (.text:xdc_runtime_SysMin_abort__F)
                  c3021040    000000a0                              : SysMin.oe674 (.text:xdc_runtime_SysMin_flush__F)
                  c30210e0    000000a0                              : SysMin.oe674 (.text:xdc_runtime_SysMin_putch__F)
                  c3021180    000000a0                              : Text.oe674 (.text:xdc_runtime_Text_xprintf__I)
                  c3021220    00000080     ipc.ae674 : Ipc.obj (.text:GateMP_close)
                  c30212a0    00000080               : Ipc.obj (.text:HeapBufMP_Params_init)
                  c3021320    00000080               : Ipc.obj (.text:HeapMemMP_restore)
                  c30213a0    00000080               : Ipc.obj (.text:MessageQ_alloc)
                  c3021420    00000080               : Ipc.obj (.text:MessageQ_free)
                  c30214a0    00000080     rts6740_elf.lib : fixfu.obj (.text:__c6xabi_fixfu)
                  c3021520    00000080                     : llshift.obj (.text:__c6xabi_llshl)
                  c30215a0    00000080     sysbios.ae674 : c62_TaskSupport_asm.obj (.text:_ti_sysbios_family_c62_TaskSupport_swap__E)
                  c3021620    00000080     dsp_pe674.oe674 (.text:malloc)
                  c30216a0    00000080     rts6740_elf.lib : trgmsg.obj (.text:readmsg)
                  c3021720    00000080     ipc.ae674 : Ipc.obj (.text:ti_sdo_ipc_Notify_Module_startup__F)
                  c30217a0    00000080               : Ipc.obj (.text:ti_sdo_ipc_family_da830_NotifySetup_sharedMemReq__E)
                  c3021820    00000080     dsp_pe674.oe674 (.text:ti_sdo_ipc_gates_GateMPSupportNull_Object__create__S)
                  c30218a0    00000080     ipc.ae674 : Ipc.obj (.text:ti_sdo_ipc_notifyDrivers_NotifyDriverShm_sharedMemReq__F)
                  c3021920    00000080               : Ipc.obj (.text:ti_sdo_ipc_nsremote_NameServerRemoteNotify_detach__E)
                  c30219a0    00000080               : Ipc.obj (.text:ti_sdo_ipc_transports_TransportShm_swiFxn__I)
                  c3021a20    00000080     dsp_pe674.oe674 (.text:ti_sdo_utils_List_Object__create__S)
                  c3021aa0    00000080     sysbios.ae674 : BIOS.obj (.text:ti_sysbios_BIOS_errorRaiseHook__I)
                  c3021b20    00000080     dsp_pe674.oe674 (.text:ti_sysbios_BIOS_exitFunc__I)
                  c3021ba0    00000080     dsp_pe674.oe674 (.text:ti_sysbios_gates_GateAll_Object__create__S)
                  c3021c20    00000080     dsp_pe674.oe674 (.text:ti_sysbios_gates_GateHwi_Object__create__S)
                  c3021ca0    00000080     dsp_pe674.oe674 (.text:ti_sysbios_gates_GateMutexPri_Object__create__S)
                  c3021d20    00000080     dsp_pe674.oe674 (.text:ti_sysbios_gates_GateMutex_Object__create__S)
                  c3021da0    00000080     dsp_pe674.oe674 (.text:ti_sysbios_gates_GateSwi_Object__create__S)
                  c3021e20    00000080     sysbios.ae674 : BIOS.obj (.text:ti_sysbios_hal_Hwi_checkStack:ti_sysbios_hal_Hwi_checkStack)
                  c3021ea0    00000080                   : BIOS.obj (.text:ti_sysbios_hal_Hwi_initStack:ti_sysbios_hal_Hwi_initStack)
                  c3021f20    00000080                   : BIOS.obj (.text:ti_sysbios_heaps_HeapMem_Instance_init__F)
                  c3021fa0    00000080     dsp_pe674.oe674 (.text:ti_sysbios_heaps_HeapMem_Object__create__S)
                  c3022020    00000080     sysbios.ae674 : BIOS.obj (.text:ti_sysbios_knl_Clock_Module_startup__F)
                  c30220a0    00000080     dsp_pe674.oe674 (.text:ti_sysbios_knl_Clock_doTick__I)
                  c3022120    00000080     sysbios.ae674 : BIOS.obj (.text:ti_sysbios_knl_Clock_getTicks__E)
                  c30221a0    00000080     dsp_pe674.oe674 (.text:ti_sysbios_knl_Queue_Object__create__S)
                  c3022220    00000080     dsp_pe674.oe674 (.text:ti_sysbios_knl_Semaphore_Object__create__S)
                  c30222a0    00000080     sysbios.ae674 : BIOS.obj (.text:ti_sysbios_knl_Swi_post__E)
                  c3022320    00000080                   : BIOS.obj (.text:ti_sysbios_knl_Task_processVitalTaskFlag__I)
                  c30223a0    00000080                   : BIOS.obj (.text:ti_sysbios_knl_Task_restoreHwi__E)
                  c3022420    00000080                   : BIOS.obj (.text:ti_sysbios_knl_Task_restore__E)
                  c30224a0    00000080                   : BIOS.obj (.text:ti_sysbios_knl_Task_yield__E)
                  c3022520    00000080                   : BIOS.obj (.text:ti_sysbios_timers_timer64_Timer_getExpiredCounts__E)
                  c30225a0    00000080                   : BIOS.obj (.text:ti_sysbios_timers_timer64_Timer_getPeriod__E)
                  c3022620    00000080     dsp_pe674.oe674 (.text:ti_sysbios_xdcruntime_GateThreadSupport_Object__create__S)
                  c30226a0    00000080     ti.targets.rts6000.ae674 : Core-label.oe674 (.text:xdc_runtime_Core_assignLabel__I)
                  c3022720    00000080                              : Core-params.oe674 (.text:xdc_runtime_Core_assignParams__I)
                  c30227a0    00000080                              : LoggerBuf.oe674 (.text:xdc_runtime_LoggerBuf_filterOutEvent__I)
                  c3022820    00000080                              : Registry.oe674 (.text:xdc_runtime_Registry_findByNamePattern__F)
                  c30228a0    00000080                              : Registry.oe674 (.text:xdc_runtime_Registry_matchPattern__I)
                  c3022920    00000080                              : System.oe674 (.text:xdc_runtime_System_atexit__F)
                  c30229a0    00000080                              : System.oe674 (.text:xdc_runtime_System_putchar__I)
                  c3022a20    00000080                              : System.oe674 (.text:xdc_runtime_System_rtsExit__I)
                  c3022aa0    00000080                              : Text.oe674 (.text:xdc_runtime_Text_printVisFxn__I)
                  c3022b20    00000060     ipc.ae674 : Ipc.obj (.text:GateMP_Params_init)
                  c3022b80    00000060               : Ipc.obj (.text:HeapMemMP_Params_init)
                  c3022be0    00000060               : Ipc.obj (.text:MessageQ_msgInit$4)
                  c3022c40    00000060               : Ipc.obj (.text:MessageQ_open)
                  c3022ca0    00000060               : Ipc.obj (.text:Notify_numIntLines)
                  c3022d00    00000060               : Ipc.obj (.text:Notify_sharedMemReq)
                  c3022d60    00000060     rts6740_elf.lib : imath64.obj (.text:_subcull)
                  c3022dc0    00000060                     : strpbrk.obj (.text:strpbrk)
                  c3022e20    00000060     dsp_pe674.oe674 (.text:ti_sdo_ipc_GateMP_Object__delete__S)
                  c3022e80    00000060     ipc.ae674 : Ipc.obj (.text:ti_sdo_ipc_GateMP_createLocal__F)
                  c3022ee0    00000060               : Ipc.obj (.text:ti_sdo_ipc_Ipc_getRegion0ReservedSize__I)
                  c3022f40    00000060     dsp_pe674.oe674 (.text:ti_sdo_ipc_ListMP_Object__delete__S)
                  c3022fa0    00000060     dsp_pe674.oe674 (.text:ti_sdo_ipc_MessageQ_Object__delete__S)
                  c3023000    00000060     dsp_pe674.oe674 (.text:ti_sdo_ipc_Notify_Object__delete__S)
                  c3023060    00000060     ipc.ae674 : Ipc.obj (.text:ti_sdo_ipc_gates_GatePeterson_Instance_finalize__F)
                  c30230c0    00000060     dsp_pe674.oe674 (.text:ti_sdo_ipc_gates_GatePeterson_Object__delete__S)
                  c3023120    00000060     dsp_pe674.oe674 (.text:ti_sdo_ipc_heaps_HeapBufMP_Object__delete__S)
                  c3023180    00000060     dsp_pe674.oe674 (.text:ti_sdo_ipc_heaps_HeapMemMP_Object__delete__S)
                  c30231e0    00000060     dsp_pe674.oe674 (.text:ti_sdo_ipc_notifyDrivers_NotifyDriverShm_Object__delete__S)
                  c3023240    00000060     ipc.ae674 : Ipc.obj (.text:ti_sdo_ipc_notifyDrivers_NotifyDriverShm_enableEvent__E)
                  c30232a0    00000060               : Ipc.obj (.text:ti_sdo_ipc_notifyDrivers_NotifyDriverShm_setNotifyHandle__E)
                  c3023300    00000060     dsp_pe674.oe674 (.text:ti_sdo_ipc_nsremote_NameServerRemoteNotify_Object__delete__S)
                  c3023360    00000060     ipc.ae674 : Ipc.obj (.text:ti_sdo_ipc_transports_TransportShmSetup_sharedMemReq__E)
                  c30233c0    00000060     dsp_pe674.oe674 (.text:ti_sdo_ipc_transports_TransportShm_Object__delete__S)
                  c3023420    00000060     sysbios.ae674 : BIOS.obj (.text:ti_sysbios_BIOS_registerRTSLock__I)
                  c3023480    00000060                   : BIOS.obj (.text:ti_sysbios_BIOS_removeRTSLock__I)
                  c30234e0    00000060                   : BIOS.obj (.text:ti_sysbios_BIOS_rtsLock__I)
                  c3023540    00000060                   : BIOS.obj (.text:ti_sysbios_family_c62_TaskSupport_start__E)
                  c30235a0    00000060                   : BIOS.obj (.text:ti_sysbios_family_c64p_Cache_all__I)
                  c3023600    00000060                   : BIOS.obj (.text:ti_sysbios_family_c64p_Cache_marInit__I)
                  c3023660    00000060                   : BIOS.obj (.text:ti_sysbios_family_c64p_Cache_setMar__E)
                  c30236c0    00000060                   : BIOS.obj (.text:ti_sysbios_family_c64p_Cache_setSize__E)
                  c3023720    00000060                   : BIOS.obj (.text:ti_sysbios_family_c64p_Cache_wait__E)
                  c3023780    00000060     dsp_pe674.oe674 (.text:ti_sysbios_family_c64p_Hwi_Object__delete__S)
                  c30237e0    00000060     sysbios.ae674 : BIOS.obj (.text:ti_sysbios_gates_GateAll_enter__E)
                  c3023840    00000060                   : BIOS.obj (.text:ti_sysbios_gates_GateAll_leave__E)
                  c30238a0    00000060     dsp_pe674.oe674 (.text:ti_sysbios_gates_GateMutexPri_Object__delete__S)
                  c3023900    00000060     sysbios.ae674 : BIOS.obj (.text:ti_sysbios_gates_GateMutex_Instance_init__F)
                  c3023960    00000060     dsp_pe674.oe674 (.text:ti_sysbios_gates_GateMutex_Object__delete__S)
                  c30239c0    00000060     sysbios.ae674 : BIOS.obj (.text:ti_sysbios_hal_Hwi_Instance_init__F)
                  c3023a20    00000060     dsp_pe674.oe674 (.text:ti_sysbios_hal_Hwi_Object__delete__S)
                  c3023a80    00000060     sysbios.ae674 : BIOS.obj (.text:ti_sysbios_knl_Clock_setupTimerToSkipTicks__E)
                  c3023ae0    00000060                   : BIOS.obj (.text:ti_sysbios_knl_Semaphore_Instance_init__F)
                  c3023b40    00000060     dsp_pe674.oe674 (.text:ti_sysbios_knl_Semaphore_Object__delete__S)
                  c3023ba0    00000060     sysbios.ae674 : BIOS.obj (.text:ti_sysbios_knl_Swi_Module_startup__F)
                  c3023c00    00000060                   : BIOS.obj (.text:ti_sysbios_knl_Task_enter__I)
                  c3023c60    00000060                   : BIOS.obj (.text:ti_sysbios_knl_Task_sleepTimeout__I)
                  c3023cc0    00000060     dsp_pe674.oe674 (.text:ti_sysbios_syncs_SyncSem_Object__delete__S)
                  c3023d20    00000060     dsp_pe674.oe674 (.text:ti_sysbios_timers_timer64_Timer_Object__delete__S)
                  c3023d80    00000060     dsp_pe674.oe674 (.text:ti_sysbios_xdcruntime_GateThreadSupport_Object__delete__S)
                  c3023de0    00000060     ti.syslink.ipc.rtos.ae674 : Syslink.oe674 (.text:ti_syslink_ipc_rtos_Syslink_attach)
                  c3023e40    00000060     rts6740_elf.lib : trgmsg.obj (.text:writemsg)
                  c3023ea0    00000060     dsp_pe674.oe674 (.text:xdc_runtime_GateNull_Object__create__S)
                  c3023f00    00000060     dsp_pe674.oe674 (.text:xdc_runtime_LoggerBuf_Object__delete__S)
                  c3023f60    00000060     ti.targets.rts6000.ae674 : Memory.oe674 (.text:xdc_runtime_Memory_calloc__F)
                  c3023fc0    00000060                              : Memory.oe674 (.text:xdc_runtime_Memory_valloc__F)
                  c3024020    00000060                              : SysMin.oe674 (.text:xdc_runtime_SysMin_Module_startup__F)
                  c3024080    00000060                              : SysMin.oe674 (.text:xdc_runtime_SysMin_exit__F)
                  c30240e0    00000060     dsp_pe674.oe674 (.text:xdc_runtime_SysMin_output__I)
                  c3024140    00000060     ti.targets.rts6000.ae674 : System.oe674 (.text:xdc_runtime_System_aprintf_va__F)
                  c30241a0    00000060                              : System.oe674 (.text:xdc_runtime_System_printf_va__F)
                  c3024200    00000060                              : Text.oe674 (.text:xdc_runtime_Text_cordText__F)
                  c3024260    00000060     dsp_pe674.oe674 (.text:xdc_runtime_knl_GateThread_Object__delete__S)
                  c30242c0    00000040     ipc.ae674 : Ipc.obj (.text:MessageQ_create)
                  c3024300    00000040               : Ipc.obj (.text:MessageQ_registerHeap)
                  c3024340    00000040               : Ipc.obj (.text:MessageQ_unregisterHeap)
                  c3024380    00000040               : Ipc.obj (.text:Notify_intLineRegistered)
                  c30243c0    00000040     rts6740_elf.lib : frcmpyd_div.obj (.text:__c6xabi_frcmpyd_div)
                  c3024400    00000040                     : llshift.obj (.text:__c6xabi_llshru)
                  c3024440    00000040                     : args_main.obj (.text:_args_main)
                  c3024480    00000040     sysbios.ae674 : c62_TaskSupport_asm.obj (.text:_ti_sysbios_family_c62_TaskSupport_buildTaskStack)
                  c30244c0    00000040                   : c64p_Hwi_asm_switch.obj (.text:_ti_sysbios_family_xxx_Hwi_switchToIsrStack)
                  c3024500    00000040     dsp_pe674.oe674 (.text:free)
                  c3024540    00000040     ipc.ae674 : Ipc.obj (.text:ti_sdo_ipc_MessageQ_registerTransport__F)
                  c3024580    00000040               : Ipc.obj (.text:ti_sdo_ipc_MessageQ_unregisterTransport__F)
                  c30245c0    00000040               : Ipc.obj (.text:ti_sdo_ipc_Notify_exec__F)
                  c3024600    00000040               : Ipc.obj (.text:ti_sdo_ipc_SharedRegion_resetInternalFields__F)
                  c3024640    00000040               : Ipc.obj (.text:ti_sdo_ipc_family_da830_InterruptDsp_intClear__E)
                  c3024680    00000040               : Ipc.obj (.text:ti_sdo_ipc_family_da830_InterruptDsp_intSend__E)
                  c30246c0    00000040     dsp_pe674.oe674 (.text:ti_sdo_ipc_gates_GateMPSupportNull_Handle__label__S)
                  c3024700    00000040     dsp_pe674.oe674 (.text:ti_sdo_ipc_gates_GateMPSupportNull_Object__delete__S)
                  c3024740    00000040     dsp_pe674.oe674 (.text:ti_sdo_ipc_gates_GatePeterson_Handle__label__S)
                  c3024780    00000040     dsp_pe674.oe674 (.text:ti_sdo_ipc_heaps_HeapBufMP_Handle__label__S)
                  c30247c0    00000040     dsp_pe674.oe674 (.text:ti_sdo_ipc_heaps_HeapMemMP_Handle__label__S)
                  c3024800    00000040     dsp_pe674.oe674 (.text:ti_sdo_ipc_notifyDrivers_NotifyDriverShm_Handle__label__S)
                  c3024840    00000040     dsp_pe674.oe674 (.text:ti_sdo_ipc_nsremote_NameServerRemoteNotify_Handle__label__S)
                  c3024880    00000040     ipc.ae674 : Ipc.obj (.text:ti_sdo_ipc_nsremote_NameServerRemoteNotify_sharedMemReq__E)
                  c30248c0    00000040     dsp_pe674.oe674 (.text:ti_sdo_ipc_transports_TransportShm_Handle__label__S)
                  c3024900    00000040     ipc.ae674 : Ipc.obj (.text:ti_sdo_utils_List_get__E)
                  c3024940    00000040               : Ipc.obj (.text:ti_sdo_utils_List_putHead__E)
                  c3024980    00000040               : Ipc.obj (.text:ti_sdo_utils_List_put__E)
                  c30249c0    00000040     dsp_pe674.oe674 (.text:ti_sdo_utils_NameServer_Module__startupDone__F)
                  c3024a00    00000040     dsp_pe674.oe674 (.text:ti_sdo_utils_NameServer_Object__get__S)
                  c3024a40    00000040     ipc.ae674 : Ipc.obj (.text:ti_sdo_utils_NameServer_registerRemoteDriver__E)
                  c3024a80    00000040               : Ipc.obj (.text:ti_sdo_utils_NameServer_unregisterRemoteDriver__E)
                  c3024ac0    00000040     sysbios.ae674 : BIOS.obj (.text:ti_sysbios_BIOS_rtsUnlock__I)
                  c3024b00    00000040     dsp_pe674.oe674 (.text:ti_sysbios_BIOS_startFunc__I)
                  c3024b40    00000040     dsp_pe674.oe674 (.text:ti_sysbios_family_c64p_Hwi_Module__startupDone__F)
                  c3024b80    00000040     sysbios.ae674 : BIOS.obj (.text:ti_sysbios_family_c64p_Hwi_disableInterrupt__E)
                  c3024bc0    00000040                   : BIOS.obj (.text:ti_sysbios_family_c64p_Hwi_enableInterrupt__E)
                  c3024c00    00000040                   : BIOS.obj (.text:ti_sysbios_family_c64p_primus_TimerSupport_enable__E)
                  c3024c40    00000040     dsp_pe674.oe674 (.text:ti_sysbios_gates_GateAll_Handle__label__S)
                  c3024c80    00000040     dsp_pe674.oe674 (.text:ti_sysbios_gates_GateAll_Object__delete__S)
                  c3024cc0    00000040     dsp_pe674.oe674 (.text:ti_sysbios_gates_GateHwi_Handle__label__S)
                  c3024d00    00000040     dsp_pe674.oe674 (.text:ti_sysbios_gates_GateHwi_Object__delete__S)
                  c3024d40    00000040     dsp_pe674.oe674 (.text:ti_sysbios_gates_GateMutexPri_Handle__label__S)
                  c3024d80    00000040     sysbios.ae674 : BIOS.obj (.text:ti_sysbios_gates_GateMutexPri_Instance_init__F)
                  c3024dc0    00000040     dsp_pe674.oe674 (.text:ti_sysbios_gates_GateMutexPri_Object__destruct__S)
                  c3024e00    00000040     dsp_pe674.oe674 (.text:ti_sysbios_gates_GateMutex_Handle__label__S)
                  c3024e40    00000040     sysbios.ae674 : BIOS.obj (.text:ti_sysbios_gates_GateMutex_leave__E)
                  c3024e80    00000040     dsp_pe674.oe674 (.text:ti_sysbios_gates_GateSwi_Handle__label__S)
                  c3024ec0    00000040     dsp_pe674.oe674 (.text:ti_sysbios_gates_GateSwi_Object__delete__S)
                  c3024f00    00000040     dsp_pe674.oe674 (.text:ti_sysbios_hal_Timer_Module__startupDone__F)
                  c3024f40    00000040     dsp_pe674.oe674 (.text:ti_sysbios_heaps_HeapMem_Handle__label__S)
                  c3024f80    00000040     dsp_pe674.oe674 (.text:ti_sysbios_heaps_HeapMem_Object__delete__S)
                  c3024fc0    00000040     dsp_pe674.oe674 (.text:ti_sysbios_heaps_HeapMem_Object__get__S)
                  c3025000    00000040     sysbios.ae674 : BIOS.obj (.text:ti_sysbios_knl_Clock_start__E)
                  c3025040    00000040                   : BIOS.obj (.text:ti_sysbios_knl_Queue_put__E)
                  c3025080    00000040     dsp_pe674.oe674 (.text:ti_sysbios_knl_Semaphore_Object__destruct__S)
                  c30250c0    00000040     dsp_pe674.oe674 (.text:ti_sysbios_knl_Swi_Object__destruct__S)
                  c3025100    00000040     dsp_pe674.oe674 (.text:ti_sysbios_knl_Swi_Object__get__S)
                  c3025140    00000040     dsp_pe674.oe674 (.text:ti_sysbios_knl_Task_Object__get__S)
                  c3025180    00000040     dsp_pe674.oe674 (.text:ti_sysbios_syncs_SyncSem_Handle__label__S)
                  c30251c0    00000040     dsp_pe674.oe674 (.text:ti_sysbios_timers_timer64_Timer_Module__startupDone__F)
                  c3025200    00000040     sysbios.ae674 : BIOS.obj (.text:ti_sysbios_xdcruntime_GateThreadSupport_Instance_init__F)
                  c3025240    00000040     ti.syslink.ipc.rtos.ae674 : Syslink.oe674 (.text:ti_syslink_ipc_rtos_Syslink_detach)
                  c3025280    00000040     ti.targets.rts6000.ae674 : Error.oe674 (.text:xdc_runtime_Error_check__F)
                  c30252c0    00000040                              : Error.oe674 (.text:xdc_runtime_Error_init__F)
                  c3025300    00000040     dsp_pe674.oe674 (.text:xdc_runtime_GateNull_Handle__label__S)
                  c3025340    00000040     dsp_pe674.oe674 (.text:xdc_runtime_GateNull_Object__delete__S)
                  c3025380    00000040     dsp_pe674.oe674 (.text:xdc_runtime_LoggerBuf_Handle__label__S)
                  c30253c0    00000040     ti.targets.rts6000.ae674 : LoggerBuf.oe674 (.text:xdc_runtime_LoggerBuf_Instance_finalize__F)
                  c3025400    00000040     dsp_pe674.oe674 (.text:xdc_runtime_LoggerBuf_Object__get__S)
                  c3025440    00000040     ti.targets.rts6000.ae674 : LoggerBuf.oe674 (.text:xdc_runtime_LoggerBuf_write0__F)
                  c3025480    00000040     dsp_pe674.oe674 (.text:xdc_runtime_LoggerBuf_write8__E)
                  c30254c0    00000040     ti.targets.rts6000.ae674 : Memory.oe674 (.text:xdc_runtime_Memory_free__F)
                  c3025500    00000040                              : Registry.oe674 (.text:xdc_runtime_Registry_findById__F)
                  c3025540    00000040                              : System.oe674 (.text:xdc_runtime_System_abort__F)
                  c3025580    00000040     dsp_pe674.oe674 (.text:xdc_runtime_System_aprintf__E)
                  c30255c0    00000040     dsp_pe674.oe674 (.text:xdc_runtime_System_printf__E)
                  c3025600    00000040     ti.targets.rts6000.ae674 : Text.oe674 (.text:xdc_runtime_Text_matchRope__F)
                  c3025640    00000040                              : Text.oe674 (.text:xdc_runtime_Text_ropeText__F)
                  c3025680    00000040     dsp_pe674.oe674 (.text:xdc_runtime_knl_GateThread_Handle__label__S)
                  c30256c0    00000040     ti.targets.rts6000.ae674 : GateThread.oe674 (.text:xdc_runtime_knl_GateThread_Instance_finalize__F)
                  c3025700    00000040                              : GateThread.oe674 (.text:xdc_runtime_knl_GateThread_Instance_init__F)
                  c3025740    00000020     ipc.ae674 : Ipc.obj (.text:GateMP_enter)
                  c3025760    00000020               : Ipc.obj (.text:GateMP_leave)
                  c3025780    00000020               : Ipc.obj (.text:HeapBufMP_close)
                  c30257a0    00000020               : Ipc.obj (.text:ListMP_close)
                  c30257c0    00000020               : Ipc.obj (.text:ListMP_delete)
                  c30257e0    00000020               : Ipc.obj (.text:MessageQ_Params_init)
                  c3025800    00000020               : Ipc.obj (.text:MessageQ_close)
                  c3025820    00000020               : Ipc.obj (.text:MessageQ_delete)
                  c3025840    00000020               : Ipc.obj (.text:NameServer_addUInt32)
                  c3025860    00000020               : Ipc.obj (.text:NameServer_getUInt32)
                  c3025880    00000020               : Ipc.obj (.text:NameServer_removeEntry)
                  c30258a0    00000020     utils.lib : uartStdio.obj (.text:UARTGetc)
                  c30258c0    00000020               : uartStdio.obj (.text:UARTPutc)
                  c30258e0    00000020               : uartStdio.obj (.text:UARTStdioInit)
                  c3025900    00000020     rts6740_elf.lib : dtor_list.obj (.text:__cxa_atexit)
                  c3025920    00000020                     : dtor_list.obj (.text:__cxa_ia64_exit)
                  c3025940    00000020     ti.targets.rts6000.ae674 : xdc_noinit.oe674 (.text:__xdc__init)
                  c3025960    00000020     rts6740_elf.lib : _lock.obj (.text:_nop)
                  c3025980    00000020                     : _lock.obj (.text:_register_lock)
                  c30259a0    00000020                     : _lock.obj (.text:_register_unlock)
                  c30259c0    00000020     sysbios.ae674 : c62_TaskSupport_asm.obj (.text:_ti_sysbios_family_c62_TaskSupport_glue)
                  c30259e0    00000020                   : c64p_Hwi_asm_switch.obj (.text:_ti_sysbios_family_xxx_Hwi_switchToTaskStack)
                  c3025a00    00000020     rts6740_elf.lib : exit.obj (.text:abort)
                  c3025a20    00000020                     : dtor_list.obj (.text:atexit)
                  c3025a40    00000020     dsp_pe674.oe674 (.text:ti_sdo_ipc_GateMP_Params__init__S)
                  c3025a60    00000020     dsp_pe674.oe674 (.text:ti_sdo_ipc_GateMP_RemoteCustom1Proxy_Object__create__S)
                  c3025a80    00000020     dsp_pe674.oe674 (.text:ti_sdo_ipc_GateMP_RemoteCustom1Proxy_Object__delete__S)
                  c3025aa0    00000020     dsp_pe674.oe674 (.text:ti_sdo_ipc_GateMP_RemoteCustom1Proxy_Params__init__S)
                  c3025ac0    00000020     dsp_pe674.oe674 (.text:ti_sdo_ipc_GateMP_RemoteCustom1Proxy_Proxy__abstract__S)
                  c3025ae0    00000020     dsp_pe674.oe674 (.text:ti_sdo_ipc_GateMP_RemoteCustom1Proxy_Proxy__delegate__S)
                  c3025b00    00000020     dsp_pe674.oe674 (.text:ti_sdo_ipc_GateMP_RemoteCustom1Proxy_getReservedMask__E)
                  c3025b20    00000020     dsp_pe674.oe674 (.text:ti_sdo_ipc_GateMP_RemoteCustom1Proxy_sharedMemReq__E)
                  c3025b40    00000020     dsp_pe674.oe674 (.text:ti_sdo_ipc_GateMP_RemoteCustom2Proxy_Object__create__S)
                  c3025b60    00000020     dsp_pe674.oe674 (.text:ti_sdo_ipc_GateMP_RemoteCustom2Proxy_Object__delete__S)
                  c3025b80    00000020     dsp_pe674.oe674 (.text:ti_sdo_ipc_GateMP_RemoteCustom2Proxy_Params__init__S)
                  c3025ba0    00000020     dsp_pe674.oe674 (.text:ti_sdo_ipc_GateMP_RemoteCustom2Proxy_Proxy__abstract__S)
                  c3025bc0    00000020     dsp_pe674.oe674 (.text:ti_sdo_ipc_GateMP_RemoteCustom2Proxy_Proxy__delegate__S)
                  c3025be0    00000020     dsp_pe674.oe674 (.text:ti_sdo_ipc_GateMP_RemoteCustom2Proxy_getReservedMask__E)
                  c3025c00    00000020     dsp_pe674.oe674 (.text:ti_sdo_ipc_GateMP_RemoteCustom2Proxy_sharedMemReq__E)
                  c3025c20    00000020     dsp_pe674.oe674 (.text:ti_sdo_ipc_GateMP_RemoteSystemProxy_Object__create__S)
                  c3025c40    00000020     dsp_pe674.oe674 (.text:ti_sdo_ipc_GateMP_RemoteSystemProxy_Object__delete__S)
                  c3025c60    00000020     dsp_pe674.oe674 (.text:ti_sdo_ipc_GateMP_RemoteSystemProxy_Params__init__S)
                  c3025c80    00000020     dsp_pe674.oe674 (.text:ti_sdo_ipc_GateMP_RemoteSystemProxy_Proxy__abstract__S)
                  c3025ca0    00000020     dsp_pe674.oe674 (.text:ti_sdo_ipc_GateMP_RemoteSystemProxy_Proxy__delegate__S)
                  c3025cc0    00000020     dsp_pe674.oe674 (.text:ti_sdo_ipc_GateMP_RemoteSystemProxy_getReservedMask__E)
                  c3025ce0    00000020     dsp_pe674.oe674 (.text:ti_sdo_ipc_GateMP_RemoteSystemProxy_sharedMemReq__E)
                  c3025d00    00000020     dsp_pe674.oe674 (.text:ti_sdo_ipc_GateMP_attach__E)
                  c3025d20    00000020     dsp_pe674.oe674 (.text:ti_sdo_ipc_GateMP_detach__E)
                  c3025d40    00000020     dsp_pe674.oe674 (.text:ti_sdo_ipc_GateMP_getRegion0ReservedSize__E)
                  c3025d60    00000020     dsp_pe674.oe674 (.text:ti_sdo_ipc_GateMP_getSharedAddr__E)
                  c3025d80    00000020     ipc.ae674 : Ipc.obj (.text:ti_sdo_ipc_GateMP_getSharedAddr__F)
                  c3025da0    00000020     dsp_pe674.oe674 (.text:ti_sdo_ipc_GateMP_start__E)
                  c3025dc0    00000020     dsp_pe674.oe674 (.text:ti_sdo_ipc_GateMP_stop__E)
                  c3025de0    00000020     dsp_pe674.oe674 (.text:ti_sdo_ipc_ListMP_Params__init__S)
                  c3025e00    00000020     dsp_pe674.oe674 (.text:ti_sdo_ipc_MessageQ_Module_startup__E)
                  c3025e20    00000020     dsp_pe674.oe674 (.text:ti_sdo_ipc_MessageQ_Object__get__S)
                  c3025e40    00000020     dsp_pe674.oe674 (.text:ti_sdo_ipc_MessageQ_Params__init__S)
                  c3025e60    00000020     dsp_pe674.oe674 (.text:ti_sdo_ipc_MessageQ_SetupTransportProxy_attach__E)
                  c3025e80    00000020     dsp_pe674.oe674 (.text:ti_sdo_ipc_MessageQ_SetupTransportProxy_detach__E)
                  c3025ea0    00000020     dsp_pe674.oe674 (.text:ti_sdo_ipc_MessageQ_SetupTransportProxy_isRegistered__E)
                  c3025ec0    00000020     dsp_pe674.oe674 (.text:ti_sdo_ipc_MessageQ_SetupTransportProxy_sharedMemReq__E)
                  c3025ee0    00000020     dsp_pe674.oe674 (.text:ti_sdo_ipc_MessageQ_registerTransport__E)
                  c3025f00    00000020     dsp_pe674.oe674 (.text:ti_sdo_ipc_MessageQ_unregisterTransport__E)
                  c3025f20    00000020     dsp_pe674.oe674 (.text:ti_sdo_ipc_Notify_Module_GateProxy_enter__E)
                  c3025f40    00000020     dsp_pe674.oe674 (.text:ti_sdo_ipc_Notify_Module_GateProxy_leave__E)
                  c3025f60    00000020     dsp_pe674.oe674 (.text:ti_sdo_ipc_Notify_Module_startup__E)
                  c3025f80    00000020     dsp_pe674.oe674 (.text:ti_sdo_ipc_Notify_SetupProxy_attach__E)
                  c3025fa0    00000020     dsp_pe674.oe674 (.text:ti_sdo_ipc_Notify_SetupProxy_numIntLines__E)
                  c3025fc0    00000020     dsp_pe674.oe674 (.text:ti_sdo_ipc_Notify_SetupProxy_sharedMemReq__E)
                  c3025fe0    00000020     dsp_pe674.oe674 (.text:ti_sdo_ipc_Notify_detach__E)
                  c3026000    00000020     dsp_pe674.oe674 (.text:ti_sdo_ipc_Notify_exec__E)
                  c3026020    00000020     dsp_pe674.oe674 (.text:ti_sdo_ipc_SharedRegion_attach__E)
                  c3026040    00000020     dsp_pe674.oe674 (.text:ti_sdo_ipc_SharedRegion_clearReservedMemory__E)
                  c3026060    00000020     dsp_pe674.oe674 (.text:ti_sdo_ipc_SharedRegion_detach__E)
                  c3026080    00000020     dsp_pe674.oe674 (.text:ti_sdo_ipc_SharedRegion_reserveMemory__E)
                  c30260a0    00000020     dsp_pe674.oe674 (.text:ti_sdo_ipc_SharedRegion_resetInternalFields__E)
                  c30260c0    00000020     dsp_pe674.oe674 (.text:ti_sdo_ipc_SharedRegion_start__E)
                  c30260e0    00000020     dsp_pe674.oe674 (.text:ti_sdo_ipc_SharedRegion_stop__E)
                  c3026100    00000020     ipc.ae674 : Ipc.obj (.text:ti_sdo_ipc_family_da830_InterruptDsp_intDisable__E)
                  c3026120    00000020               : Ipc.obj (.text:ti_sdo_ipc_family_da830_InterruptDsp_intEnable__E)
                  c3026140    00000020               : Ipc.obj (.text:ti_sdo_ipc_family_da830_InterruptDsp_intUnregister__E)
                  c3026160    00000020               : Ipc.obj (.text:ti_sdo_ipc_family_da830_NotifySetup_numIntLines__E)
                  c3026180    00000020               : Ipc.obj (.text:ti_sdo_ipc_gates_GateMPSupportNull_Instance_init__F)
                  c30261a0    00000020     dsp_pe674.oe674 (.text:ti_sdo_ipc_gates_GateMPSupportNull_Params__init__S)
                  c30261c0    00000020     ipc.ae674 : Ipc.obj (.text:ti_sdo_ipc_gates_GateMPSupportNull_enter__E)
                  c30261e0    00000020               : Ipc.obj (.text:ti_sdo_ipc_gates_GateMPSupportNull_getReservedMask__E)
                  c3026200    00000020               : Ipc.obj (.text:ti_sdo_ipc_gates_GateMPSupportNull_leave__E)
                  c3026220    00000020     dsp_pe674.oe674 (.text:ti_sdo_ipc_gates_GateMPSupportNull_query__E)
                  c3026240    00000020     ipc.ae674 : Ipc.obj (.text:ti_sdo_ipc_gates_GateMPSupportNull_query__F)
                  c3026260    00000020               : Ipc.obj (.text:ti_sdo_ipc_gates_GateMPSupportNull_sharedMemReq__E)
                  c3026280    00000020     dsp_pe674.oe674 (.text:ti_sdo_ipc_gates_GatePeterson_Params__init__S)
                  c30262a0    00000020     ipc.ae674 : Ipc.obj (.text:ti_sdo_ipc_gates_GatePeterson_getReservedMask__E)
                  c30262c0    00000020     dsp_pe674.oe674 (.text:ti_sdo_ipc_gates_GatePeterson_query__E)
                  c30262e0    00000020     ipc.ae674 : Ipc.obj (.text:ti_sdo_ipc_gates_GatePeterson_query__F)
                  c3026300    00000020     dsp_pe674.oe674 (.text:ti_sdo_ipc_heaps_HeapBufMP_Params__init__S)
                  c3026320    00000020     dsp_pe674.oe674 (.text:ti_sdo_ipc_heaps_HeapBufMP_getStats__E)
                  c3026340    00000020     dsp_pe674.oe674 (.text:ti_sdo_ipc_heaps_HeapBufMP_isBlocking__E)
                  c3026360    00000020     ipc.ae674 : Ipc.obj (.text:ti_sdo_ipc_heaps_HeapBufMP_isBlocking__F)
                  c3026380    00000020     dsp_pe674.oe674 (.text:ti_sdo_ipc_heaps_HeapMemMP_Params__init__S)
                  c30263a0    00000020     dsp_pe674.oe674 (.text:ti_sdo_ipc_heaps_HeapMemMP_isBlocking__E)
                  c30263c0    00000020     ipc.ae674 : Ipc.obj (.text:ti_sdo_ipc_heaps_HeapMemMP_isBlocking__F)
                  c30263e0    00000020     dsp_pe674.oe674 (.text:ti_sdo_ipc_notifyDrivers_NotifyDriverShm_InterruptProxy_intClear__E)
                  c3026400    00000020     dsp_pe674.oe674 (.text:ti_sdo_ipc_notifyDrivers_NotifyDriverShm_InterruptProxy_intDisable__E)
                  c3026420    00000020     dsp_pe674.oe674 (.text:ti_sdo_ipc_notifyDrivers_NotifyDriverShm_InterruptProxy_intEnable__E)
                  c3026440    00000020     dsp_pe674.oe674 (.text:ti_sdo_ipc_notifyDrivers_NotifyDriverShm_InterruptProxy_intRegister__E)
                  c3026460    00000020     dsp_pe674.oe674 (.text:ti_sdo_ipc_notifyDrivers_NotifyDriverShm_InterruptProxy_intSend__E)
                  c3026480    00000020     dsp_pe674.oe674 (.text:ti_sdo_ipc_notifyDrivers_NotifyDriverShm_InterruptProxy_intUnregister__E)
                  c30264a0    00000020     dsp_pe674.oe674 (.text:ti_sdo_ipc_notifyDrivers_NotifyDriverShm_Params__init__S)
                  c30264c0    00000020     ipc.ae674 : Ipc.obj (.text:ti_sdo_ipc_notifyDrivers_NotifyDriverShm_disable__E)
                  c30264e0    00000020               : Ipc.obj (.text:ti_sdo_ipc_notifyDrivers_NotifyDriverShm_enable__E)
                  c3026500    00000020     dsp_pe674.oe674 (.text:ti_sdo_ipc_notifyDrivers_NotifyDriverShm_sharedMemReq__E)
                  c3026520    00000020     dsp_pe674.oe674 (.text:ti_sdo_ipc_nsremote_NameServerRemoteNotify_Object__first__S)
                  c3026540    00000020     dsp_pe674.oe674 (.text:ti_sdo_ipc_nsremote_NameServerRemoteNotify_Object__next__S)
                  c3026560    00000020     dsp_pe674.oe674 (.text:ti_sdo_ipc_nsremote_NameServerRemoteNotify_Params__init__S)
                  c3026580    00000020     ipc.ae674 : Ipc.obj (.text:ti_sdo_ipc_nsremote_NameServerRemoteNotify_cbFxn__I)
                  c30265a0    00000020     dsp_pe674.oe674 (.text:ti_sdo_ipc_nsremote_NameServerRemoteNotify_get__E)
                  c30265c0    00000020     ipc.ae674 : Ipc.obj (.text:ti_sdo_ipc_transports_TransportShmSetup_isRegistered__E)
                  c30265e0    00000020     dsp_pe674.oe674 (.text:ti_sdo_ipc_transports_TransportShm_Params__init__S)
                  c3026600    00000020     dsp_pe674.oe674 (.text:ti_sdo_ipc_transports_TransportShm_close__E)
                  c3026620    00000020     ipc.ae674 : Ipc.obj (.text:ti_sdo_ipc_transports_TransportShm_close__F)
                  c3026640    00000020               : Ipc.obj (.text:ti_sdo_ipc_transports_TransportShm_control__E)
                  c3026660    00000020               : Ipc.obj (.text:ti_sdo_ipc_transports_TransportShm_getStatus__E)
                  c3026680    00000020               : Ipc.obj (.text:ti_sdo_ipc_transports_TransportShm_notifyFxn__I)
                  c30266a0    00000020     dsp_pe674.oe674 (.text:ti_sdo_ipc_transports_TransportShm_openByAddr__E)
                  c30266c0    00000020     dsp_pe674.oe674 (.text:ti_sdo_ipc_transports_TransportShm_setErrFxn__E)
                  c30266e0    00000020     ipc.ae674 : Ipc.obj (.text:ti_sdo_ipc_transports_TransportShm_setErrFxn__F)
                  c3026700    00000020     dsp_pe674.oe674 (.text:ti_sdo_ipc_transports_TransportShm_sharedMemReq__E)
                  c3026720    00000020     ipc.ae674 : Ipc.obj (.text:ti_sdo_utils_List_Instance_init__F)
                  c3026740    00000020     dsp_pe674.oe674 (.text:ti_sdo_utils_List_Object__destruct__S)
                  c3026760    00000020     dsp_pe674.oe674 (.text:ti_sdo_utils_List_Object__get__S)
                  c3026780    00000020     dsp_pe674.oe674 (.text:ti_sdo_utils_MultiProc_getClusterId__E)
                  c30267a0    00000020     ipc.ae674 : Ipc.obj (.text:ti_sdo_utils_MultiProc_getClusterId__F)
                  c30267c0    00000020     dsp_pe674.oe674 (.text:ti_sdo_utils_NameServer_Module__startupDone__S)
                  c30267e0    00000020     dsp_pe674.oe674 (.text:ti_sdo_utils_NameServer_Module_startup__E)
                  c3026800    00000020     dsp_pe674.oe674 (.text:ti_sdo_utils_NameServer_Object__first__S)
                  c3026820    00000020     dsp_pe674.oe674 (.text:ti_sdo_utils_NameServer_Object__next__S)
                  c3026840    00000020     dsp_pe674.oe674 (.text:ti_sdo_utils_NameServer_SetupProxy_attach__E)
                  c3026860    00000020     dsp_pe674.oe674 (.text:ti_sdo_utils_NameServer_SetupProxy_detach__E)
                  c3026880    00000020     dsp_pe674.oe674 (.text:ti_sdo_utils_NameServer_SetupProxy_sharedMemReq__E)
                  c30268a0    00000020     dsp_pe674.oe674 (.text:ti_sysbios_BIOS_RtsGateProxy_enter__E)
                  c30268c0    00000020     dsp_pe674.oe674 (.text:ti_sysbios_BIOS_RtsGateProxy_leave__E)
                  c30268e0    00000020     sysbios.ae674 : BIOS.obj (.text:ti_sysbios_BIOS_getThreadType__E)
                  c3026900    00000020                   : BIOS.obj (.text:ti_sysbios_BIOS_nullFunc__I)
                  c3026920    00000020                   : BIOS.obj (.text:ti_sysbios_BIOS_setThreadType__E)
                  c3026940    00000020                   : BIOS.obj (.text:ti_sysbios_BIOS_start__E)
                  c3026960    00000020     dsp_pe674.oe674 (.text:ti_sysbios_family_c62_TaskSupport_Module__startupDone__S)
                  c3026980    00000020     sysbios.ae674 : BIOS.obj (.text:ti_sysbios_family_c62_TaskSupport_checkStack__E)
                  c30269a0    00000020                   : BIOS.obj (.text:ti_sysbios_family_c62_TaskSupport_getStackAlignment__E)
                  c30269c0    00000020     dsp_pe674.oe674 (.text:ti_sysbios_family_c64p_Cache_Module_startup__E)
                  c30269e0    00000020     sysbios.ae674 : BIOS.obj (.text:ti_sysbios_family_c64p_Cache_invL1pAll__E)
                  c3026a00    00000020                   : BIOS.obj (.text:ti_sysbios_family_c64p_Cache_inv__E)
                  c3026a20    00000020                   : BIOS.obj (.text:ti_sysbios_family_c64p_Cache_wbInv__E)
                  c3026a40    00000020                   : BIOS.obj (.text:ti_sysbios_family_c64p_Cache_wb__E)
                  c3026a60    00000020     dsp_pe674.oe674 (.text:ti_sysbios_family_c64p_Exception_Module_startup__E)
                  c3026a80    00000020     dsp_pe674.oe674 (.text:ti_sysbios_family_c64p_Hwi_Module__startupDone__S)
                  c3026aa0    00000020     dsp_pe674.oe674 (.text:ti_sysbios_family_c64p_Hwi_Module_startup__E)
                  c3026ac0    00000020     dsp_pe674.oe674 (.text:ti_sysbios_family_c64p_Hwi_Params__init__S)
                  c3026ae0    00000020     sysbios.ae674 : BIOS.obj (.text:ti_sysbios_family_c64p_Hwi_clearInterrupt__E)
                  c3026b00    00000020                   : BIOS.obj (.text:ti_sysbios_family_c64p_Hwi_getHandle__E)
                  c3026b20    00000020                   : BIOS.obj (.text:ti_sysbios_family_c64p_Hwi_startup__E)
                  c3026b40    00000020                   : BIOS.obj (.text:ti_sysbios_family_c64p_Hwi_switchFromBootStack__E)
                  c3026b60    00000020                   : BIOS.obj (.text:ti_sysbios_family_c64p_Hwi_unPluggedInterrupt__I)
                  c3026b80    00000020     dsp_pe674.oe674 (.text:ti_sysbios_family_c64p_TimestampProvider_Module_startup__E)
                  c3026ba0    00000020     sysbios.ae674 : BIOS.obj (.text:ti_sysbios_family_c64p_TimestampProvider_Module_startup__F)
                  c3026bc0    00000020                   : BIOS.obj (.text:ti_sysbios_family_c64p_TimestampProvider_get64__E)
                  c3026be0    00000020                   : BIOS.obj (.text:ti_sysbios_gates_GateAll_Instance_init__F)
                  c3026c00    00000020     dsp_pe674.oe674 (.text:ti_sysbios_gates_GateAll_query__E)
                  c3026c20    00000020     sysbios.ae674 : BIOS.obj (.text:ti_sysbios_gates_GateAll_query__F)
                  c3026c40    00000020                   : BIOS.obj (.text:ti_sysbios_gates_GateHwi_Instance_init__F)
                  c3026c60    00000020                   : BIOS.obj (.text:ti_sysbios_gates_GateHwi_enter__E)
                  c3026c80    00000020                   : BIOS.obj (.text:ti_sysbios_gates_GateHwi_leave__E)
                  c3026ca0    00000020     dsp_pe674.oe674 (.text:ti_sysbios_gates_GateHwi_query__E)
                  c3026cc0    00000020     sysbios.ae674 : BIOS.obj (.text:ti_sysbios_gates_GateHwi_query__F)
                  c3026ce0    00000020                   : BIOS.obj (.text:ti_sysbios_gates_GateMutexPri_Instance_finalize__F)
                  c3026d00    00000020     dsp_pe674.oe674 (.text:ti_sysbios_gates_GateMutexPri_query__E)
                  c3026d20    00000020     sysbios.ae674 : BIOS.obj (.text:ti_sysbios_gates_GateMutexPri_query__F)
                  c3026d40    00000020                   : BIOS.obj (.text:ti_sysbios_gates_GateMutex_Instance_finalize__F)
                  c3026d60    00000020     dsp_pe674.oe674 (.text:ti_sysbios_gates_GateMutex_query__E)
                  c3026d80    00000020     sysbios.ae674 : BIOS.obj (.text:ti_sysbios_gates_GateMutex_query__F)
                  c3026da0    00000020                   : BIOS.obj (.text:ti_sysbios_gates_GateSwi_Instance_init__F)
                  c3026dc0    00000020                   : BIOS.obj (.text:ti_sysbios_gates_GateSwi_enter__E)
                  c3026de0    00000020                   : BIOS.obj (.text:ti_sysbios_gates_GateSwi_leave__E)
                  c3026e00    00000020     dsp_pe674.oe674 (.text:ti_sysbios_gates_GateSwi_query__E)
                  c3026e20    00000020     sysbios.ae674 : BIOS.obj (.text:ti_sysbios_gates_GateSwi_query__F)
                  c3026e40    00000020     dsp_pe674.oe674 (.text:ti_sysbios_hal_Cache_CacheProxy_inv__E)
                  c3026e60    00000020     dsp_pe674.oe674 (.text:ti_sysbios_hal_Cache_CacheProxy_wbInv__E)
                  c3026e80    00000020     dsp_pe674.oe674 (.text:ti_sysbios_hal_Cache_CacheProxy_wb__E)
                  c3026ea0    00000020     sysbios.ae674 : BIOS.obj (.text:ti_sysbios_hal_Cache_inv__E)
                  c3026ec0    00000020                   : BIOS.obj (.text:ti_sysbios_hal_Cache_wbInv__E)
                  c3026ee0    00000020                   : BIOS.obj (.text:ti_sysbios_hal_Cache_wb__E)
                  c3026f00    00000020     dsp_pe674.oe674 (.text:ti_sysbios_hal_Hwi_HwiProxy_Module__startupDone__S)
                  c3026f20    00000020     dsp_pe674.oe674 (.text:ti_sysbios_hal_Hwi_HwiProxy_Object__create__S)
                  c3026f40    00000020     dsp_pe674.oe674 (.text:ti_sysbios_hal_Hwi_HwiProxy_Object__delete__S)
                  c3026f60    00000020     dsp_pe674.oe674 (.text:ti_sysbios_hal_Hwi_HwiProxy_clearInterrupt__E)
                  c3026f80    00000020     dsp_pe674.oe674 (.text:ti_sysbios_hal_Hwi_HwiProxy_disableInterrupt__E)
                  c3026fa0    00000020     dsp_pe674.oe674 (.text:ti_sysbios_hal_Hwi_HwiProxy_enableInterrupt__E)
                  c3026fc0    00000020     dsp_pe674.oe674 (.text:ti_sysbios_hal_Hwi_HwiProxy_getStackInfo__E)
                  c3026fe0    00000020     dsp_pe674.oe674 (.text:ti_sysbios_hal_Hwi_HwiProxy_startup__E)
                  c3027000    00000020     dsp_pe674.oe674 (.text:ti_sysbios_hal_Hwi_HwiProxy_switchFromBootStack__E)
                  c3027020    00000020     sysbios.ae674 : BIOS.obj (.text:ti_sysbios_hal_Hwi_Instance_finalize__F)
                  c3027040    00000020     dsp_pe674.oe674 (.text:ti_sysbios_hal_Hwi_Module_startup__E)
                  c3027060    00000020     sysbios.ae674 : BIOS.obj (.text:ti_sysbios_hal_Hwi_Module_startup__F)
                  c3027080    00000020     dsp_pe674.oe674 (.text:ti_sysbios_hal_Hwi_Params__init__S)
                  c30270a0    00000020     sysbios.ae674 : BIOS.obj (.text:ti_sysbios_hal_Hwi_enableInterrupt__E)
                  c30270c0    00000020                   : BIOS.obj (.text:ti_sysbios_hal_Hwi_startup__E)
                  c30270e0    00000020     dsp_pe674.oe674 (.text:ti_sysbios_hal_Timer_Module__startupDone__S)
                  c3027100    00000020     dsp_pe674.oe674 (.text:ti_sysbios_hal_Timer_Module_startup__E)
                  c3027120    00000020     sysbios.ae674 : BIOS.obj (.text:ti_sysbios_hal_Timer_Module_startup__F)
                  c3027140    00000020     dsp_pe674.oe674 (.text:ti_sysbios_hal_Timer_TimerProxy_Module__startupDone__S)
                  c3027160    00000020     dsp_pe674.oe674 (.text:ti_sysbios_hal_Timer_TimerProxy_getExpiredCounts__E)
                  c3027180    00000020     dsp_pe674.oe674 (.text:ti_sysbios_hal_Timer_TimerProxy_getPeriod__E)
                  c30271a0    00000020     dsp_pe674.oe674 (.text:ti_sysbios_hal_Timer_TimerProxy_setNextTick__E)
                  c30271c0    00000020     dsp_pe674.oe674 (.text:ti_sysbios_hal_Timer_TimerProxy_startup__E)
                  c30271e0    00000020     sysbios.ae674 : BIOS.obj (.text:ti_sysbios_hal_Timer_startup__E)
                  c3027200    00000020     dsp_pe674.oe674 (.text:ti_sysbios_heaps_HeapMem_Module_GateProxy_enter__E)
                  c3027220    00000020     dsp_pe674.oe674 (.text:ti_sysbios_heaps_HeapMem_Module_GateProxy_leave__E)
                  c3027240    00000020     dsp_pe674.oe674 (.text:ti_sysbios_heaps_HeapMem_Module_GateProxy_query__E)
                  c3027260    00000020     sysbios.ae674 : BIOS.obj (.text:ti_sysbios_heaps_HeapMem_isBlocking__E)
                  c3027280    00000020     dsp_pe674.oe674 (.text:ti_sysbios_knl_Clock_Module_startup__E)
                  c30272a0    00000020     dsp_pe674.oe674 (.text:ti_sysbios_knl_Clock_Params__init__S)
                  c30272c0    00000020     sysbios.ae674 : BIOS.obj (.text:ti_sysbios_knl_Clock_logTick__E)
                  c30272e0    00000020                   : BIOS.obj (.text:ti_sysbios_knl_Idle_loop__E)
                  c3027300    00000020                   : BIOS.obj (.text:ti_sysbios_knl_Queue_Instance_init__F)
                  c3027320    00000020     dsp_pe674.oe674 (.text:ti_sysbios_knl_Queue_Object__destruct__S)
                  c3027340    00000020     dsp_pe674.oe674 (.text:ti_sysbios_knl_Queue_Object__get__S)
                  c3027360    00000020     sysbios.ae674 : BIOS.obj (.text:ti_sysbios_knl_Queue_empty__E)
                  c3027380    00000020                   : BIOS.obj (.text:ti_sysbios_knl_Semaphore_Instance_finalize__F)
                  c30273a0    00000020     dsp_pe674.oe674 (.text:ti_sysbios_knl_Semaphore_Params__init__S)
                  c30273c0    00000020     sysbios.ae674 : BIOS.obj (.text:ti_sysbios_knl_Swi_Instance_finalize__F)
                  c30273e0    00000020     dsp_pe674.oe674 (.text:ti_sysbios_knl_Swi_Module_startup__E)
                  c3027400    00000020     dsp_pe674.oe674 (.text:ti_sysbios_knl_Swi_Params__init__S)
                  c3027420    00000020     sysbios.ae674 : BIOS.obj (.text:ti_sysbios_knl_Swi_disable__E)
                  c3027440    00000020                   : BIOS.obj (.text:ti_sysbios_knl_Swi_startup__E)
                  c3027460    00000020     dsp_pe674.oe674 (.text:ti_sysbios_knl_Task_Module_startup__E)
                  c3027480    00000020     dsp_pe674.oe674 (.text:ti_sysbios_knl_Task_Object__first__S)
                  c30274a0    00000020     dsp_pe674.oe674 (.text:ti_sysbios_knl_Task_Object__next__S)
                  c30274c0    00000020     dsp_pe674.oe674 (.text:ti_sysbios_knl_Task_Params__init__S)
                  c30274e0    00000020     dsp_pe674.oe674 (.text:ti_sysbios_knl_Task_SupportProxy_Module__startupDone__S)
                  c3027500    00000020     dsp_pe674.oe674 (.text:ti_sysbios_knl_Task_SupportProxy_checkStack__E)
                  c3027520    00000020     dsp_pe674.oe674 (.text:ti_sysbios_knl_Task_SupportProxy_getStackAlignment__E)
                  c3027540    00000020     dsp_pe674.oe674 (.text:ti_sysbios_knl_Task_SupportProxy_start__E)
                  c3027560    00000020     dsp_pe674.oe674 (.text:ti_sysbios_knl_Task_SupportProxy_swap__E)
                  c3027580    00000020     sysbios.ae674 : BIOS.obj (.text:ti_sysbios_knl_Task_disable__E)
                  c30275a0    00000020                   : BIOS.obj (.text:ti_sysbios_knl_Task_getPri__E)
                  c30275c0    00000020                   : BIOS.obj (.text:ti_sysbios_knl_Task_self__E)
                  c30275e0    00000020                   : BIOS.obj (.text:ti_sysbios_knl_Task_startup__E)
                  c3027600    00000020                   : BIOS.obj (.text:ti_sysbios_syncs_SyncSem_Instance_finalize__F)
                  c3027620    00000020     dsp_pe674.oe674 (.text:ti_sysbios_syncs_SyncSem_query__E)
                  c3027640    00000020     sysbios.ae674 : BIOS.obj (.text:ti_sysbios_syncs_SyncSem_query__F)
                  c3027660    00000020     dsp_pe674.oe674 (.text:ti_sysbios_syncs_SyncSem_signal__E)
                  c3027680    00000020     sysbios.ae674 : BIOS.obj (.text:ti_sysbios_syncs_SyncSem_signal__F)
[...]
c303a726   ti_sdo_ipc_gates_GatePeterson_Module__id__C
c303a736   ti_sdo_ipc_heaps_HeapBufMP_Module__id__C
c303a746   ti_sdo_ipc_heaps_HeapBufMP_trackAllocs__C
c303a754   ti_sdo_ipc_GateMP_E_localGate__C
c303a758   ti_sdo_ipc_Ipc_userFxns__A
c303a764   ti_sysbios_family_c64p_Cache_initSize__C
c303a77c   ti_sdo_ipc_Ipc_E_internal__C
c303a78c   ti_sdo_ipc_Ipc_E_nameFailed__C
c303a79c   ti_sdo_ipc_Ipc_E_versionMismatch__C
c303a7ac   ti_sdo_ipc_Ipc_numUserFxns__C
c303a7bc   ti_sdo_ipc_Ipc_procSync__C
c303a7cc   ti_sdo_ipc_Ipc_userFxns__C
c303a7da   ti_sdo_ipc_heaps_HeapMemMP_Module__id__C
c303a7dc   ti_sdo_ipc_MessageQ_E_indexNotAvailable__C
c303a7ea   ti_sdo_ipc_nsremote_NameServerRemoteNotify_Module__id__C
c303a7ec   ti_sdo_ipc_MessageQ_E_maxReached__C
c303a7fa   ti_sdo_ipc_transports_TransportShm_Module__id__C
c303a7fc   ti_sdo_ipc_MessageQ_E_nameFailed__C
c303a80a   ti_sdo_ipc_transports_TransportShm_notifyEventId__C
c303a80c   ti_sdo_ipc_MessageQ_Instance_State_highList__O
c303a81a   ti_sdo_utils_MultiProc_numProcessors__C
c303a81c   ti_sdo_ipc_MessageQ_Instance_State_normalList__O
c303a82a   ti_sdo_utils_MultiProc_numProcsInCluster__C
c303a82c   ti_sdo_ipc_MessageQ_Object__count__C
c303a83a   ti_sdo_utils_NameServer_Module__id__C
c303a83c   ti_sdo_ipc_MessageQ_Object__heap__C
c303a858   ti_sdo_utils_MultiProc_nameList__A
c303a860   ti_sysbios_knl_Idle_coreList__C
c303a868   ti_sysbios_knl_Idle_funcList__C
c303a870   ti_sysbios_knl_Task_hooks__C
c303a878   xdc_runtime_Startup_firstFxns__A
c303a880   xdc_runtime_Startup_firstFxns__C
c303a888   xdc_runtime_Startup_lastFxns__C
c303a890   ti_sdo_ipc_MessageQ_maxRuntimeEntries__C
c303a894   ti_sdo_ipc_MessageQ_numReservedEntries__C
c303a898   ti_sdo_ipc_Notify_Module__gateObj__C
c303a89c   ti_sdo_ipc_Notify_Object__heap__C
c303a8a0   ti_sdo_ipc_Notify_numEvents__C
c303a8a4   ti_sdo_ipc_Notify_sendEventPollCount__C
c303a8a8   ti_sdo_ipc_SharedRegion_INVALIDSRPTR__C
c303a8ac   ti_sdo_ipc_SharedRegion_numOffsetBits__C
c303a8b0   ti_sdo_ipc_SharedRegion_offsetMask__C
c303a8b4   ti_sdo_ipc_family_da830_NotifySetup_armRecvIntId0__C
c303a8b8   ti_sdo_ipc_family_da830_NotifySetup_armRecvIntId1__C
c303a8bc   ti_sdo_ipc_family_da830_NotifySetup_dspIntVectId0__C
c303a8c0   ti_sdo_ipc_family_da830_NotifySetup_dspIntVectId1__C
c303a8c4   ti_sdo_ipc_family_da830_NotifySetup_dspRecvIntId0__C
c303a8c8   ti_sdo_ipc_family_da830_NotifySetup_dspRecvIntId1__C
c303a8cc   ti_sdo_ipc_gates_GatePeterson_E_gateRemotelyOpened__C
c303a8d0   ti_sdo_ipc_heaps_HeapBufMP_E_alignTooLarge__C
c303a8d4   ti_sdo_ipc_heaps_HeapBufMP_E_exactFail__C
c303a8d8   ti_sdo_ipc_heaps_HeapBufMP_E_noBlocksLeft__C
c303a8dc   ti_sdo_ipc_heaps_HeapBufMP_E_sizeTooLarge__C
c303a8e0   ti_sdo_ipc_heaps_HeapMemMP_E_memory__C
c303a8e4   ti_sdo_ipc_interfaces_IGateMPSupport_Interface__BASE__C
c303a8e8   ti_sdo_ipc_interfaces_IMessageQTransport_Interface__BASE__C
c303a8ec   ti_sdo_ipc_interfaces_INotifyDriver_Interface__BASE__C
c303a8f0   ti_sdo_ipc_notifyDrivers_NotifyDriverShm_Object__heap__C
c303a8f4   ti_sdo_ipc_nsremote_NameServerRemoteNotify_Instance_State_semMultiBlock__O
c303a8f8   ti_sdo_ipc_nsremote_NameServerRemoteNotify_Instance_State_semRemoteWait__O
c303a8fc   ti_sdo_ipc_nsremote_NameServerRemoteNotify_Instance_State_swiObj__O
c303a900   ti_sdo_ipc_nsremote_NameServerRemoteNotify_notifyEventId__C
c303a904   ti_sdo_ipc_nsremote_NameServerRemoteNotify_timeout__C
c303a908   ti_sdo_ipc_transports_TransportShmSetup_priority__C
c303a90c   ti_sdo_ipc_transports_TransportShm_Instance_State_swiObj__O
c303a910   ti_sdo_utils_INameServerRemote_Interface__BASE__C
c303a914   ti_sdo_utils_MultiProc_nameList__C
c303a918   ti_sdo_utils_MultiProc_procIdList__A
c303a91c   ti_sdo_utils_MultiProc_procIdList__C
c303a920   ti_sdo_utils_NameServer_E_entryExists__C
c303a924   ti_sdo_utils_NameServer_E_maxReached__C
c303a928   ti_sdo_utils_NameServer_Instance_State_freeList__O
c303a92c   ti_sdo_utils_NameServer_Instance_State_nameList__O
c303a930   ti_sdo_utils_NameServer_Object__count__C
c303a934   ti_sysbios_BIOS_installedErrorHook__C
c303a938   ti_sysbios_family_c62_TaskSupport_stackAlignment__C
c303a93c   ti_sysbios_family_c64p_Cache_EMIFA_BASE__C
c303a940   ti_sysbios_family_c64p_Cache_EMIFA_CFG__C
c303a944   ti_sysbios_family_c64p_Cache_EMIFA_LENGTH__C
c303a948   ti_sysbios_family_c64p_Cache_EMIFB_BASE__C
c303a94c   ti_sysbios_family_c64p_Cache_EMIFB_CFG__C
c303a950   ti_sysbios_family_c64p_Cache_EMIFB_LENGTH__C
c303a954   ti_sysbios_family_c64p_Cache_EMIFC_BASE__C
c303a958   ti_sysbios_family_c64p_Cache_EMIFC_CFG__C
c303a95c   ti_sysbios_family_c64p_Cache_EMIFC_LENGTH__C
c303a960   ti_sysbios_family_c64p_Cache_MAR0_31__C
c303a964   ti_sysbios_family_c64p_Cache_MAR128_159__C
c303a968   ti_sysbios_family_c64p_Cache_MAR160_191__C
c303a96c   ti_sysbios_family_c64p_Cache_MAR192_223__C
c303a970   ti_sysbios_family_c64p_Cache_MAR224_255__C
c303a974   ti_sysbios_family_c64p_Cache_MAR32_63__C
c303a978   ti_sysbios_family_c64p_Cache_MAR64_95__C
c303a97c   ti_sysbios_family_c64p_Cache_MAR96_127__C
c303a980   ti_sysbios_family_c64p_Exception_E_exceptionMax__C
c303a984   ti_sysbios_family_c64p_Exception_E_exceptionMin__C
c303a988   ti_sysbios_family_c64p_Exception_exceptionHook__C
c303a98c   ti_sysbios_family_c64p_Exception_externalHook__C
c303a990   ti_sysbios_family_c64p_Exception_internalHook__C
c303a994   ti_sysbios_family_c64p_Exception_nmiHook__C
c303a998   ti_sysbios_family_c64p_Hwi_E_alreadyDefined__C
c303a99c   ti_sysbios_family_c64p_Hwi_E_handleNotFound__C
c303a9a0   ti_sysbios_gates_GateMutexPri_Instance_State_pendQ__O
c303a9a4   ti_sysbios_gates_GateMutex_Instance_State_sem__O
c303a9a8   ti_sysbios_hal_Hwi_E_stackOverflow__C
c303a9ac   ti_sysbios_heaps_HeapMem_E_memory__C
c303a9b0   ti_sysbios_heaps_HeapMem_Module__gateObj__C
c303a9b4   ti_sysbios_heaps_HeapMem_Object__count__C
c303a9b8   ti_sysbios_heaps_HeapMem_reqAlign__C
c303a9bc   ti_sysbios_knl_Clock_Module_State_clockQ__O
c303a9c0   ti_sysbios_knl_Clock_tickMode__C
c303a9c4   ti_sysbios_knl_Clock_tickPeriod__C
c303a9c8   ti_sysbios_knl_Clock_tickSource__C
c303a9cc   ti_sysbios_knl_Semaphore_Instance_State_pendQ__O
c303a9d0   ti_sysbios_knl_Idle_coreList__A
c303a9d4   ti_sysbios_knl_Swi_Object__count__C
c303a9d8   ti_sysbios_knl_Idle_funcList__A
c303a9dc   ti_sysbios_knl_Swi_numPriorities__C
c303a9e0   ti_sysbios_knl_Task_E_deleteNotAllowed__C
c303a9e4   ti_sysbios_knl_Task_E_spOutOfBounds__C
c303a9e8   ti_sysbios_knl_Task_E_stackOverflow__C
c303a9ec   ti_sysbios_knl_Task_Module_State_inactiveQ__O
c303a9f0   ti_sysbios_knl_Task_Module_State_terminatedQ__O
c303a9f4   ti_sysbios_knl_Task_Object__count__C
c303a9f8   ti_sysbios_knl_Task_Object__heap__C
c303a9fc   ti_sysbios_knl_Task_allBlockedFunc__C
c303aa00   ti_sysbios_knl_Task_defaultStackHeap__C
c303aa04   ti_sysbios_knl_Task_defaultStackSize__C
c303aa08   ti_sysbios_knl_Task_numConstructedTasks__C
c303aa0c   ti_sysbios_timers_timer64_Timer_E_cannotSupport__C
c303aa10   ti_sysbios_timers_timer64_Timer_E_invalidTimer__C
c303aa14   ti_sysbios_timers_timer64_Timer_E_notAvailable__C
c303aa18   ti_sysbios_timers_timer64_Timer_anyMask__C
c303aa1c   ti_sysbios_timers_timer64_Timer_defaultHalf__C
c303aa20   ti_sysbios_timers_timer64_Timer_freqDivisor__C
c303aa24   ti_sysbios_timers_timer64_Timer_numLocalTimers__C
c303aa28   ti_sysbios_timers_timer64_Timer_numTimerDevices__C
c303aa2c   ti_sysbios_xdcruntime_GateThreadSupport_Instance_State_gate__O
c303aa30   xdc_runtime_Assert_E_assertFailed__C
c303aa34   xdc_runtime_Core_A_initializedParams__C
c303aa38   xdc_runtime_Core_Module__diagsEnabled__C
c303aa3c   xdc_runtime_Core_Module__diagsIncluded__C
c303aa40   xdc_runtime_Core_Module__diagsMask__C
c303aa44   xdc_runtime_Diags_dictBase__C
c303aa48   xdc_runtime_Error_E_memory__C
c303aa4c   xdc_runtime_Error_Module__diagsEnabled__C
c303aa50   xdc_runtime_Error_Module__diagsIncluded__C
c303aa54   xdc_runtime_Error_Module__diagsMask__C
c303aa58   xdc_runtime_Error_Module__loggerFxn8__C
c303aa5c   xdc_runtime_Error_Module__loggerObj__C
c303aa60   xdc_runtime_Error_policy__C
c303aa64   xdc_runtime_Error_raiseHook__C
c303aa68   xdc_runtime_IFilterLogger_Interface__BASE__C
c303aa6c   xdc_runtime_IGateProvider_Interface__BASE__C
c303aa70   xdc_runtime_IHeap_Interface__BASE__C
c303aa74   xdc_runtime_ILogger_Interface__BASE__C
c303aa78   xdc_runtime_IModule_Interface__BASE__C
c303aa7c   xdc_runtime_Log_L_error__C
c303aa80   xdc_runtime_LoggerBuf_E_badLevel__C
c303aa84   xdc_runtime_LoggerBuf_Module__gateObj__C
c303aa88   xdc_runtime_LoggerBuf_Object__count__C
c303aa8c   xdc_runtime_LoggerBuf_statusLogger__C
c303aa90   xdc_runtime_Memory_defaultHeapInstance__C
c303aa94   xdc_runtime_Registry_Module__diagsEnabled__C
c303aa98   xdc_runtime_Registry_Module__diagsIncluded__C
c303aa9c   xdc_runtime_Registry_Module__diagsMask__C
c303aaa0   xdc_runtime_Registry_Module__loggerFxn1__C
c303aaa4   xdc_runtime_Registry_Module__loggerFxn2__C
c303aaa8   xdc_runtime_Registry_Module__loggerFxn4__C
c303aaac   xdc_runtime_Registry_Module__loggerObj__C
c303aab0   xdc_runtime_Startup_execImpl__C
c303aab4   xdc_runtime_Startup_maxPasses__C
c303aab8   xdc_runtime_Startup_lastFxns__A
c303aabc   xdc_runtime_Startup_sfxnRts__C
c303aac0   xdc_runtime_Startup_sfxnTab__C
c303aac4   xdc_runtime_SysMin_bufSize__C
c303aac8   xdc_runtime_SysMin_outputFunc__C
c303aacc   xdc_runtime_System_Module__gateObj__C
c303aad0   xdc_runtime_System_extendFxn__C
c303aad4   xdc_runtime_System_maxAtexitHandlers__C
c303aad8   xdc_runtime_Text_charTab__C
c303aadc   xdc_runtime_Text_nameEmpty__C
c303aae0   xdc_runtime_Text_nameStatic__C
c303aae4   xdc_runtime_Text_nameUnknown__C
c303aae8   xdc_runtime_Text_nodeTab__C
c303aaec   xdc_runtime_Text_visitRopeFxn__C
c303aaf0   xdc_runtime_knl_ISync_Interface__BASE__C
c303aaf4   ti_sdo_utils_NameServer_singleProcessor__C
c303aaf6   ti_sysbios_family_c64p_Exception_Module__id__C
c303aaf8   ti_sysbios_family_c64p_Exception_enableExternalMPC__C
c303aafa   ti_sysbios_family_c64p_Exception_enablePrint__C
c303aafc   ti_sysbios_family_c64p_Exception_useInternalBuffer__C
c303aafe   ti_sysbios_family_c64p_Hwi_Module__id__C
c303ab00   ti_sysbios_hal_Hwi_Module__id__C
c303ab02   ti_sysbios_heaps_HeapMem_Module__id__C
c303ab04   ti_sysbios_knl_Task_Module__id__C
c303ab06   ti_sysbios_knl_Task_deleteTerminatedTasks__C
c303ab08   ti_sysbios_knl_Task_initStackFlag__C
c303ab0a   ti_sysbios_timers_timer64_Timer_Module__id__C
c303ab0c   ti_sysbios_timers_timer64_Timer_startupNeeded__C
c303ab0e   xdc_runtime_Core_Module__id__C
c303ab10   xdc_runtime_Diags_setMaskEnabled__C
c303ab12   xdc_runtime_Error_Module__loggerDefined__C
c303ab14   xdc_runtime_Error_maxDepth__C
c303ab16   xdc_runtime_LoggerBuf_Module__id__C
c303ab18   xdc_runtime_LoggerBuf_filterByLevel__C
c303ab1a   xdc_runtime_Memory_Module__id__C
c303ab1c   xdc_runtime_Registry_Module__loggerDefined__C
c303ab1e   xdc_runtime_SysMin_flushAtExit__C
c303ab20   xdc_runtime_Text_charCnt__C
c303ab22   xdc_runtime_Text_isLoaded__C
c303ab24   xdc_runtime_Text_registryModsLastId__C
c303ab26   xdc_runtime_Text_unnamedModsLastId__C
c303ab28   ti_sdo_ipc_GateMP_Module_State_0_remoteSystemGates__A
c303b328   ti_sdo_ipc_GateMP_Module__root__V
c303b334   ti_sdo_ipc_GateMP_Module__state__V
c303b37c   ti_sdo_ipc_Ipc_Module__root__V
c303b380   ti_sdo_ipc_Ipc_Module__state__V
c303b38c   ti_sdo_ipc_ListMP_Module__root__V
c303b398   ti_sdo_ipc_ListMP_Module__state__V
c303b39c   ti_sdo_ipc_MessageQ_Module__root__V
c303b3a8   ti_sdo_ipc_MessageQ_Module__state__V
c303b3c8   ti_sdo_ipc_Notify_Module__root__V
c303b3d4   ti_sdo_ipc_Notify_Module__state__V
c303b3dc   ti_sdo_ipc_SharedRegion_Module__root__V
c303b3e0   ti_sdo_ipc_SharedRegion_Module__state__V
c303b3e4   ti_sdo_ipc_family_da830_InterruptDsp_Module__root__V
c303b3e6   ti_sdo_ipc_family_da830_NotifySetup_Module__root__V
c303b3e8   ti_sdo_ipc_gates_GateMPSupportNull_Module__root__V
c303b3f4   ti_sdo_ipc_gates_GatePeterson_Module__root__V
c303b400   ti_sdo_ipc_heaps_HeapBufMP_Module__root__V
c303b40c   ti_sdo_ipc_heaps_HeapBufMP_Module__state__V
c303b410   ti_sdo_ipc_heaps_HeapMemMP_Module__root__V
c303b41c   ti_sdo_ipc_heaps_HeapMemMP_Module__state__V
c303b420   ti_sdo_ipc_notifyDrivers_NotifyDriverShm_Module__root__V
c303b42c   ti_sdo_ipc_nsremote_NameServerRemoteNotify_Module__root__V
c303b438   ti_sdo_ipc_transports_TransportShm_Module__root__V
c303b444   ti_sdo_ipc_transports_TransportShmSetup_Module__root__V
c303b448   ti_sdo_ipc_transports_TransportShmSetup_Module__state__V
c303b44c   ti_sdo_utils_List_Module__root__V
c303b458   ti_sdo_utils_MultiProc_Module__root__V
c303b45a   ti_sdo_utils_MultiProc_Module__state__V
c303b460   ti_sdo_utils_NameServer_Module__root__V
c303b46c   ti_sdo_utils_NameServer_Module__state__V
c303b474   ti_sdo_utils_NameServerRemoteNull_Module__root__V
c303b480   ti_sysbios_BIOS_Module__root__V
c303b484   ti_sysbios_BIOS_Module__state__V
c303b4a4   ti_sysbios_family_c62_IntrinsicsSupport_Module__root__V
c303b4a6   ti_sysbios_family_c62_TaskSupport_Module__root__V
c303b4a8   ti_sysbios_family_c64p_Cache_Module__root__V
c303b4ac   ti_sysbios_family_c64p_Cache_Module__state__V
c303b4b0   ti_sysbios_family_c64p_Exception_Module__root__V
c303b4b4   ti_sysbios_family_c64p_Exception_Module__state__V
c303b4e4   ti_sysbios_family_c64p_Hwi_Module__root__V
c303b4f0   ti_sysbios_family_c64p_Hwi_Module__state__V
c303b558   ti_sysbios_family_c64p_primus_TimerSupport_Module__root__V
c303b55c   ti_sysbios_family_c64p_primus_TimerSupport_Module__state__V
c303b560   ti_sysbios_gates_GateAll_Module__root__V
c303b56c   ti_sysbios_gates_GateHwi_Module__root__V
c303b578   ti_sysbios_gates_GateMutex_Module__root__V
c303b584   ti_sysbios_gates_GateMutexPri_Module__root__V
c303b590   ti_sysbios_gates_GateSwi_Module__root__V
c303b59c   ti_sysbios_hal_Cache_Module__root__V
c303b5a0   ti_sysbios_hal_Hwi_Module__root__V
c303b5ac   ti_sysbios_hal_Timer_Module__root__V
c303b5b8   ti_sysbios_heaps_HeapMem_Module__root__V
c303b5c4   ti_sysbios_knl_Clock_Module__root__V
c303b5d0   ti_sysbios_knl_Clock_Module__state__V
c303b5f8   ti_sysbios_knl_Idle_Module__root__V
c303b5fa   ti_sysbios_knl_Intrinsics_Module__root__V
c303b5fc   ti_sysbios_knl_Queue_Module__root__V
c303b608   ti_sysbios_knl_Semaphore_Module__root__V
c303b614   ti_sysbios_knl_Swi_Module__root__V
c303b620   ti_sysbios_knl_Swi_Module__state__V
c303b63c   ti_sysbios_knl_Task_Module__root__V
c303b648   ti_sysbios_knl_Task_Module__state__V
c303b68c   ti_sysbios_syncs_SyncSem_Module__root__V
c303b698   ti_sysbios_timers_timer64_Timer_Module__root__V
c303b6a4   ti_sysbios_timers_timer64_Timer_Module__state__V
c303b6b8   ti_sysbios_xdcruntime_GateThreadSupport_Module__root__V
c303b6c4   xdc_runtime_Defaults_Module__root__V
c303b6c6   xdc_runtime_Error_Module__root__V
c303b6c8   xdc_runtime_Error_Module__state__V
c303b6cc   xdc_runtime_GateNull_Module__root__V
c303b6d4   xdc_runtime_LoggerBuf_Module__root__V
c303b6dc   xdc_runtime_LoggerBuf_Module__state__V
c303b6e2   xdc_runtime_Main_Module__root__V
c303b6e4   xdc_runtime_Memory_Module__state__V
c303b6e8   xdc_runtime_Registry_Module__root__V
c303b6ec   xdc_runtime_Registry_Module__state__V
c303b6f4   xdc_runtime_Startup_Module__state__V
c303b6fc   xdc_runtime_SysMin_Module__state__V
c303b708   xdc_runtime_System_Module__state__V
c303b714   xdc_runtime_Text_Module__state__V
c303b71c   xdc_runtime_knl_GateThread_Module__root__V
c303b728   __xdc__init__addr
c303b730   Cw
c303b930   xdc_runtime_Diags_dictElems
c303bad0   ti_sdo_utils_NameServer_Object__table__V
c303bbe8   ti_sdo_ipc_SharedRegion_Module_State_0_regions__A
c303bc78   ti_sysbios_knl_Swi_Module_State_0_readyQ__A
c303bcf8   ti_sysbios_knl_Task_Module_State_0_readyQ__A
c303bd78   ti_sysbios_timers_timer64_Timer_Module_State_0_device__A
c303bdd8   TSK_idle
c303bdd8   ti_sysbios_knl_Task_Object__table__V
c303be24   __errno
c303be24   errno
c303be28   ti_sysbios_timers_timer64_Timer_Object__table__V
c303be78   brev
c303beb8   ti_sysbios_gates_GateMutex_Object__table__V
c303bef8   ti_sysbios_knl_Swi_Object__table__V
c303bf28   ti_sdo_ipc_Ipc_Module_State_0_procEntry__A
c303bf50   xdc_runtime_LoggerBuf_Object__table__V
c303bf78   ti_sdo_ipc_MessageQ_Module_State_0_heaps__A
c303bf98   ti_sysbios_timers_timer64_Timer_Module_State_0_gctrl__A
c303bfb8   ti_sysbios_timers_timer64_Timer_Module_State_0_handles__A
c303bfd8   ti_sysbios_timers_timer64_Timer_Module_State_0_intFreqs__A
c303bff8   xdc_runtime_System_Module_State_0_atexitHandlers__A
c303c018   ti_sysbios_family_c64p_Hwi_Object__table__V
c303c030   ti_sysbios_gates_GateMutexPri_Object__table__V
c303c048   ti_sysbios_heaps_HeapMem_Object__table__V
c303c060   findindex
c303c070   ti_sdo_ipc_MessageQ_Module_State_0_transports__A
c303c080   ti_sysbios_gates_GateAll_Object__table__V
c303c0cc   _cleanup_ptr
c303c0d0   _dtors_ptr
c303c0d4   __TI_enable_exit_profile_output
c303c0d8   ti_sysbios_gates_GateSwi_Object__table__V
c303c0e4   _lock
c303c0e8   _unlock
c303c0f0   ti_sdo_ipc_Notify_Module_State_0_notifyHandles__A
c303c0f8   ti_sdo_ipc_transports_TransportShmSetup_Module_State_0_handles__A
c303c100   ti_sysbios_family_c64p_primus_TimerSupport_Module_State_0_suspSrc__A
c303c108   ti_sysbios_hal_Hwi_Object__table__V
c303c110   ti_sysbios_hal_Timer_Object__table__V
c303c118   ti_sdo_ipc_GateMP_Module_State_0_remoteCustom2Gates__A
c303c120   ti_sdo_ipc_Notify_Module_State_0_notifyHandles_0__A
c303c128   ti_sdo_ipc_Notify_Module_State_0_notifyHandles_1__A
c303c130   ti_sysbios_gates_GateHwi_Object__table__V
c303c138   ti_sysbios_knl_Task_Module_State_0_idleTask__A
c303c140   xdc_runtime_GateNull_Object__table__V
c303c168   _stack
c303d168   __TI_STACK_END
c303d2e8   __c_args__
c303d34c   LEDDATA
c303d34c   __TI_STATIC_BASE
c303d350   Timer3
c303d354   SecondClock
c303d358   faqueue
c303d35c   fasem
c303d360   tickets
c303d364   distance
c303d368   towards
c303d36c   FGflag
c303d370   yxstatus
c303d374   Syslink_terminateEventId
c303d378   Syslink_terminateEventLineId
c303d400   ti_sysbios_family_c64p_Hwi0
c303d400   ti_sysbios_family_c64p_Hwi_int0
c303d420   ti_sysbios_family_c64p_Hwi_int1
c303d440   ti_sysbios_family_c64p_Hwi_int2
c303d460   ti_sysbios_family_c64p_Hwi_int3
c303d480   ti_sysbios_family_c64p_Hwi_int4
c303d4a0   ti_sysbios_family_c64p_Hwi_int5
c303d4c0   ti_sysbios_family_c64p_Hwi_int6
c303d4e0   ti_sysbios_family_c64p_Hwi_int7
c303d500   ti_sysbios_family_c64p_Hwi_int8
c303d520   ti_sysbios_family_c64p_Hwi_int9
c303d540   ti_sysbios_family_c64p_Hwi_int10
c303d560   ti_sysbios_family_c64p_Hwi_int11
c303d580   ti_sysbios_family_c64p_Hwi_int12
c303d5a0   ti_sysbios_family_c64p_Hwi_int13
c303d5c0   ti_sysbios_family_c64p_Hwi_int14
c303d5e0   ti_sysbios_family_c64p_Hwi_int15
c303d600   __CIOBUF_
c303d800   _Ipc_ResetVector
c303d808   Ipc_sr0MemorySetup
ffffffff   __TI_pprof_out_hndl
ffffffff   __TI_prof_data_size
ffffffff   __TI_prof_data_start
ffffffff   __binit__
ffffffff   binit
UNDEFED    __TI_CINIT_Base
UNDEFED    __TI_CINIT_Limit
UNDEFED    __TI_Handler_Table_Base
UNDEFED    __TI_Handler_Table_Limit
UNDEFED    __TI_INITARRAY_Base
UNDEFED    __TI_INITARRAY_Limit

[1443 symbols]


DYNAMIC SYMBOLS: SORTED ALPHABETICALLY BY Name 

address    name
--------   ----
UNDEFED    
c303bdd8   TSK_idle
c303d800   _Ipc_ResetVector
c303d168   __TI_STACK_END
00001000   __TI_STACK_SIZE
c303d34c   __TI_STATIC_BASE
ffffffff   __TI_pprof_out_hndl
ffffffff   __TI_prof_data_size
ffffffff   __TI_prof_data_start
ffffffff   __binit__
c303d2e8   __c_args__
00000064   _argsize
ffffffff   binit
00000001   xdc_runtime_Startup__EXECFXN__C
00000001   xdc_runtime_Startup__RESETFXN__C

[15 symbols]


IMPORTED and EXPORTED SYMBOLS: SORTED ALPHABETICALLY BY Name 

IMPORTED SYMBOLS

name                           size      Imported from
-----------------------------  --------  -------------

[0 symbols]


EXPORTED SYMBOLS

address    name
--------   ----
c303d800   _Ipc_ResetVector
