******************************************************************************
               TMS320C6x Linker Unix v7.4.4                    
******************************************************************************
>> Linked Wed Feb 24 09:10:11 2016

OUTPUT FILE NAME:   <bin/release/server_dsp.xe674>
ENTRY POINT SYMBOL: "ti_sysbios_family_c64p_Hwi0"  address: c303d000


MEMORY CONFIGURATION

         name            origin    length      used     unused   attr    fill
----------------------  --------  ---------  --------  --------  ----  --------
  IROM                  11700000   00100000  00000000  00100000  R  X
  IRAM                  11800000   00038000  00000000  00038000  RW X
  L3_CBA_RAM            80000000   00020000  00000000  00020000  RW X
  SR_0                  c2000000   00010000  00010000  00000000  RW X
  SR_1                  c2010000   00ff0000  00ff0000  00000000  RW X
  DSP_PROG              c3000000   00800000  0003d56f  007c2a91  RW X


SEGMENT ALLOCATION MAP

run origin  load origin   length   init length attrs members
----------  ----------- ---------- ----------- ----- -------
c3000000    c3000000    00028100   00028100    r-x
  c3000000    c3000000    00028100   00028100    r-x .text
c3028100    c3028100    0000d3b8   00000000    rw-
  c3028100    c3028100    0000d3b8   00000000    rw- .far
c30354b8    c30354b8    000054b0   000054b0    r--
  c30354b8    c30354b8    000054b0   000054b0    r-- .const
c303a968    c303a968    0000163b   0000163b    rw-
  c303a968    c303a968    0000163b   0000163b    rw- .fardata
c303bfa8    c303bfa8    00001000   00000000    rw-
  c303bfa8    c303bfa8    00001000   00000000    rw- .stack
c303cfa8    c303cfa8    00000054   00000054    r--
  c303cfa8    c303cfa8    00000054   00000054    r-- .switch.1
c303d000    c303d000    0000032c   0000032c    r-x
  c303d000    c303d000    00000200   00000200    r-x .vecs
  c303d200    c303d200    0000012c   0000012c    r-- .switch.2
c303d330    c303d330    00000120   00000000    rw-
  c303d330    c303d330    00000120   00000000    rw- .cio
c303d450    c303d450    00000078   00000064    rw-
  c303d450    c303d450    00000064   00000064    rw- .args
  c303d4b4    c303d4b4    00000014   00000000    rw- .bss
c303d4c8    c303d4c8    00000028   00000028    rw-
  c303d4c8    c303d4c8    00000028   00000028    rw- .neardata
c303d800    c303d800    0000008c   0000008c    r--
  c303d800    c303d800    0000008c   0000008c    r-- ti_sdo_ipc_init


SECTION ALLOCATION MAP

 output                                  attributes/
section   page    origin      length       input sections
--------  ----  ----------  ----------   ----------------
.cinit     0    c3000000    00000000     UNINITIALIZED

.init_array 
*          0    c3000000    00000000     UNINITIALIZED

ti.sdo.ipc.SharedRegion_0 
*          0    c2000000    00010000     NOLOAD SECTION
                  c2000000    00010000     --HOLE--

ti.sdo.ipc.SharedRegion_1 
*          0    c2010000    00ff0000     NOLOAD SECTION
                  c2010000    00ff0000     --HOLE--

xdc.meta   0    c3000000    00000100     COPY SECTION
                  c3000000    00000100     dsp_pe674.oe674 (xdc.meta)

.text      0    c3000000    00028100     
                  c3000000    00002360     IPCServer.oe674 (.text)
                  c3002360    00001900     fa.oe674 (.text)
                  c3003c60    00000c40     utils.lib : uartStdio.obj (.text)
                  c30048a0    00000b40     fft.oe674 (.text)
                  c30053e0    00000b40     ipc.ae674 : Ipc.obj (.text:ti_sdo_ipc_GateMP_Instance_init__F)
                  c3005f20    00000ae0     drivers.lib : emifa.obj (.text)
                  c3006a00    00000980     communicate.oe674 (.text)
                  c3007380    000008a0     sysbios.ae674 : BIOS.obj (.text:ti_sysbios_family_c64p_Exception_handler__I)
                  c3007c20    000008a0     ti.targets.rts6000.ae674 : System.oe674 (.text:xdc_runtime_System_doPrint__I)
                  c30084c0    000007c0     ipc.ae674 : Ipc.obj (.text:Ipc_attach)
                  c3008c80    00000700               : Ipc.obj (.text:Ipc_detach)
                  c3009380    00000700               : Ipc.obj (.text:ti_sdo_ipc_transports_TransportShm_Instance_init__F)
                  c3009a80    000006c0     sht11.oe674 (.text)
                  c300a140    00000620     sysbios.ae674 : BIOS.obj (.text:ti_sysbios_timers_timer64_Timer_Instance_init__F)
                  c300a760    000005a0     rts6740_elf.lib : divd.obj (.text:__c6xabi_divd)
                  c300ad00    000005a0     ad7606.oe674 (.text)
                  c300b2a0    000005a0     dsp.oe674 (.text)
                  c300b840    00000560     ipc.ae674 : Ipc.obj (.text:ti_sdo_ipc_heaps_HeapBufMP_Instance_init__F)
                  c300bda0    000004e0     led.oe674 (.text)
                  c300c280    000004e0     ipc.ae674 : Ipc.obj (.text:ti_sdo_ipc_heaps_HeapMemMP_Instance_init__F)
                  c300c760    000004c0               : Ipc.obj (.text:ti_sdo_ipc_ListMP_Instance_init__F)
                  c300cc20    00000460               : Ipc.obj (.text:ti_sdo_ipc_GateMP_setRegion0Reserved__F)
                  c300d080    00000460               : Ipc.obj (.text:ti_sdo_ipc_MessageQ_Instance_init__F)
                  c300d4e0    00000460               : Ipc.obj (.text:ti_sdo_ipc_nsremote_NameServerRemoteNotify_get__F)
                  c300d940    00000420               : Ipc.obj (.text:ti_sdo_ipc_GateMP_Instance_finalize__F)
                  c300dd60    00000400     sys.oe674 (.text)
                  c300e160    000003c0     ipc.ae674 : Ipc.obj (.text:ti_sdo_ipc_heaps_HeapMemMP_alloc__E)
                  c300e520    000003c0               : Ipc.obj (.text:ti_sdo_ipc_heaps_HeapMemMP_free__E)
                  c300e8e0    000003a0               : Ipc.obj (.text:NameServer_add)
                  c300ec80    000003a0     dsplib.ae674 : DSPF_sp_fftSPxSP.obj (.text:optimized)
                  c300f020    00000380     ti.targets.rts6000.ae674 : Diags.oe674 (.text:xdc_runtime_Diags_setMask__F)
                  c300f3a0    00000340     drivers.lib : uart.obj (.text)
                  c300f6e0    00000300     ipc.ae674 : Ipc.obj (.text:Ipc_writeConfig)
                  c300f9e0    00000300               : Ipc.obj (.text:ti_sdo_ipc_heaps_HeapBufMP_postInit__I)
                  c300fce0    00000300     sysbios.ae674 : BIOS.obj (.text:ti_sysbios_knl_Semaphore_pend__E)
                  c300ffe0    00000300                   : BIOS.obj (.text:ti_sysbios_knl_Task_Instance_finalize__F)
                  c30102e0    000002e0     ipc.ae674 : Ipc.obj (.text:ListMP_getHead)
                  c30105c0    000002e0     collect.oe674 (.text)
                  c30108a0    000002e0     ipc.ae674 : Ipc.obj (.text:ti_sdo_ipc_Ipc_procSyncStart__I)
                  c3010b80    000002e0               : Ipc.obj (.text:ti_sdo_ipc_nsremote_NameServerRemoteNotify_Instance_init__F)
                  c3010e60    000002c0               : Ipc.obj (.text:NameServer_get)
                  c3011120    000002c0     drivers.lib : gpio.obj (.text)
                  c30113e0    000002c0     sysbios.ae674 : BIOS.obj (.text:ti_sysbios_timers_timer64_Timer_Module_startup__F)
                  c30116a0    000002a0     ipc.ae674 : Ipc.obj (.text:ti_sdo_ipc_transports_TransportShm_Instance_finalize__F)
                  c3011940    000002a0     sysbios.ae674 : BIOS.obj (.text:ti_sysbios_timers_timer64_Timer_deviceConfig__I)
                  c3011be0    00000280     ipc.ae674 : Ipc.obj (.text:ListMP_putTail)
                  c3011e60    00000280               : Ipc.obj (.text:ListMP_remove)
                  c30120e0    00000280     rts6740_elf.lib : divf.obj (.text:__c6xabi_divf)
                  c3012360    00000280     ipc.ae674 : Ipc.obj (.text:ti_sdo_ipc_gates_GatePeterson_Instance_init__F)
                  c30125e0    00000280     ti.targets.rts6000.ae674 : Error.oe674 (.text:xdc_runtime_Error_raiseX__F)
                  c3012860    00000260     ipc.ae674 : Ipc.obj (.text:GateMP_openByAddr)
                  c3012ac0    00000260               : Ipc.obj (.text:Ipc_start)
                  c3012d20    00000260     rts6740_elf.lib : imath64.obj (.text:__c6xabi_divull)
                  c3012f80    00000260     sysbios.ae674 : BIOS.obj (.text:ti_sysbios_family_c64p_Exception_internalHandler__I)
                  c30131e0    00000260                   : BIOS.obj (.text:ti_sysbios_timers_timer64_Timer_setPeriodMicroSecs__E)
                  c3013440    00000260     ti.targets.rts6000.ae674 : Startup.oe674 (.text:xdc_runtime_Startup_startMods__I)
                  c30136a0    00000260     dsp_pe674.oe674 (.text:xdc_runtime_System_printfExtend__I)
                  c3013900    00000240     ipc.ae674 : Ipc.obj (.text:Notify_unregisterEvent)
                  c3013b40    00000240               : Ipc.obj (.text:ti_sdo_ipc_family_da830_NotifySetup_attach__E)
                  c3013d80    00000240               : Ipc.obj (.text:ti_sdo_ipc_heaps_HeapMemMP_getStats__E)
                  c3013fc0    00000240     ti.targets.rts6000.ae674 : LoggerBuf.oe674 (.text:xdc_runtime_LoggerBuf_write8__F)
                  c3014200    00000220     ipc.ae674 : Ipc.obj (.text:ti_sdo_ipc_nsremote_NameServerRemoteNotify_swiFxn__I)
                  c3014420    00000220     sysbios.ae674 : BIOS.obj (.text:ti_sysbios_family_c64p_Hwi_reconfig__E)
                  c3014640    00000220                   : BIOS.obj (.text:ti_sysbios_gates_GateMutexPri_enter__E)
                  c3014860    00000220     ti.targets.rts6000.ae674 : Core-mem.oe674 (.text:xdc_runtime_Core_createObject__I)
                  c3014a80    00000200     sysbios.ae674 : c64p_Hwi_disp_always.obj (.text:_ti_sysbios_family_c64p_Hwi_dispatchAlways)
                  c3014c80    00000200     ipc.ae674 : Ipc.obj (.text:ti_sdo_ipc_Ipc_procSyncFinish__I)
                  c3014e80    00000200               : Ipc.obj (.text:ti_sdo_ipc_heaps_HeapBufMP_alloc__E)
                  c3015080    00000200               : Ipc.obj (.text:ti_sdo_ipc_notifyDrivers_NotifyDriverShm_Instance_init__F)
                  c3015280    00000200               : Ipc.obj (.text:ti_sdo_ipc_notifyDrivers_NotifyDriverShm_sendEvent__E)
                  c3015480    000001e0               : Ipc.obj (.text:GateMP_sharedMemReq)
                  c3015660    000001e0               : Ipc.obj (.text:ListMP_openByAddr)
                  c3015840    000001e0     Platform.lib : GPIO.obj (.text)
                  c3015a20    000001e0     sysbios.ae674 : BIOS.obj (.text:ti_sysbios_family_c64p_Exception_externalHandler__I)
                  c3015c00    000001e0                   : BIOS.obj (.text:ti_sysbios_knl_Task_Instance_init__F)
                  c3015de0    000001e0                   : BIOS.obj (.text:ti_sysbios_knl_Task_checkStacks__E)
                  c3015fc0    000001c0     mathlib.ae674 : atan2sp.obj (.text:optasm)
                  c3016180    000001c0     ipc.ae674 : Ipc.obj (.text:ti_sdo_ipc_GateMP_getFreeResource__I)
                  c3016340    000001c0               : Ipc.obj (.text:ti_sdo_ipc_heaps_HeapMemMP_postInit__I)
                  c3016500    000001c0     sysbios.ae674 : BIOS.obj (.text:ti_sysbios_family_c64p_Cache_block__I)
                  c30166c0    000001c0                   : BIOS.obj (.text:ti_sysbios_family_c64p_Exception_decodeMpfsr__I)
                  c3016880    000001c0                   : BIOS.obj (.text:ti_sysbios_knl_Task_exit__E)
                  c3016a40    000001c0                   : BIOS.obj (.text:ti_sysbios_knl_Task_postInit__I)
                  c3016c00    000001c0     ti.targets.rts6000.ae674 : Text.oe674 (.text:xdc_runtime_Text_putSite__F)
                  c3016dc0    000001a0     ipc.ae674 : Ipc.obj (.text:ti_sdo_ipc_notifyDrivers_NotifyDriverShm_registerEvent__E)
                  c3016f60    000001a0               : Ipc.obj (.text:ti_sdo_ipc_notifyDrivers_NotifyDriverShm_unregisterEvent__E)
                  c3017100    000001a0     sysbios.ae674 : BIOS.obj (.text:ti_sysbios_timers_timer64_Timer_start__E)
                  c30172a0    000001a0     ti.targets.rts6000.ae674 : LoggerBuf.oe674 (.text:xdc_runtime_LoggerBuf_write4__F)
                  c3017440    00000180     ipc.ae674 : Ipc.obj (.text:HeapBufMP_sharedMemReq)
                  c30175c0    00000180               : Ipc.obj (.text:NameServer_getHandle)
                  c3017740    00000180     Platform.lib : UART.obj (.text)
                  c30178c0    00000180     drivers.lib : psc.obj (.text)
                  c3017a40    00000180     sysbios.ae674 : c64p_Exception_asm.obj (.text)
                  c3017bc0    00000180     ipc.ae674 : Ipc.obj (.text:ti_sdo_ipc_gates_GatePeterson_enter__E)
                  c3017d40    00000180               : Ipc.obj (.text:ti_sdo_ipc_heaps_HeapBufMP_Instance_finalize__F)
                  c3017ec0    00000180               : Ipc.obj (.text:ti_sdo_ipc_notifyDrivers_NotifyDriverShm_isr__I)
                  c3018040    00000180     sysbios.ae674 : BIOS.obj (.text:ti_sysbios_heaps_HeapMem_alloc__E)
                  c30181c0    00000180                   : BIOS.obj (.text:ti_sysbios_knl_Swi_schedule__I)
                  c3018340    00000180                   : BIOS.obj (.text:ti_sysbios_knl_Task_setPri__E)
                  c30184c0    00000160     ipc.ae674 : Ipc.obj (.text:ti_sdo_ipc_GateMP_openRegion0Reserved__F)
                  c3018620    00000160               : Ipc.obj (.text:ti_sdo_ipc_ListMP_Instance_finalize__F)
                  c3018780    00000160               : Ipc.obj (.text:ti_sdo_ipc_Notify_Instance_init__F)
                  c30188e0    00000160               : Ipc.obj (.text:ti_sdo_ipc_heaps_HeapMemMP_Instance_finalize__F)
                  c3018a40    00000160               : Ipc.obj (.text:ti_sdo_utils_NameServer_removeLocal__I)
                  c3018ba0    00000160     sysbios.ae674 : BIOS.obj (.text:ti_sysbios_knl_Task_schedule__I)
                  c3018d00    00000160                   : BIOS.obj (.text:ti_sysbios_knl_Task_startCore__E)
                  c3018e60    00000140     ipc.ae674 : Ipc.obj (.text:HeapBufMP_openByAddr)
                  c3018fa0    00000140               : Ipc.obj (.text:HeapMemMP_openByAddr)
                  c30190e0    00000140               : Ipc.obj (.text:MessageQ_put)
                  c3019220    00000140               : Ipc.obj (.text:Notify_registerEvent)
                  c3019360    00000140     boot.ae674 : autoinit.oe674 (.text:_auto_init_elf)
                  c30194a0    00000140     ipc.ae674 : Ipc.obj (.text:ti_sdo_ipc_SharedRegion_start__F)
                  c30195e0    00000140               : Ipc.obj (.text:ti_sdo_ipc_notifyDrivers_NotifyDriverShm_disableEvent__E)
                  c3019720    00000140               : Ipc.obj (.text:ti_sdo_ipc_transports_TransportShm_openByAddr__F)
                  c3019860    00000140               : Ipc.obj (.text:ti_sdo_ipc_transports_TransportShm_put__E)
                  c30199a0    00000140     sysbios.ae674 : BIOS.obj (.text:ti_sysbios_heaps_HeapMem_free__E)
                  c3019ae0    00000140                   : BIOS.obj (.text:ti_sysbios_knl_Task_Module_startup__F)
                  c3019c20    00000140                   : BIOS.obj (.text:ti_sysbios_knl_Task_sleep__E)
                  c3019d60    00000140     ti.targets.rts6000.ae674 : Text.oe674 (.text:xdc_runtime_Text_putLab__F)
                  c3019ea0    00000120     ipc.ae674 : Ipc.obj (.text:HeapMemMP_sharedMemReq)
                  c3019fc0    00000120     mathlib.ae674 : cossp.obj (.text:optasm)
                  c301a0e0    00000120                   : sinsp.obj (.text:optasm)
                  c301a200    00000120     ipc.ae674 : Ipc.obj (.text:ti_sdo_ipc_MessageQ_Module_startup__F)
                  c301a320    00000120               : Ipc.obj (.text:ti_sdo_ipc_transports_TransportShm_sharedMemReq__F)
                  c301a440    00000120     sysbios.ae674 : BIOS.obj (.text:ti_sysbios_family_c64p_Exception_Module_startup__F)
                  c301a560    00000120                   : BIOS.obj (.text:ti_sysbios_knl_Clock_workFunc__E)
                  c301a680    00000120     ti.targets.rts6000.ae674 : LoggerBuf.oe674 (.text:xdc_runtime_LoggerBuf_setFilterLevel__F)
                  c301a7a0    00000120                              : Text.oe674 (.text:xdc_runtime_Text_putMod__F)
                  c301a8c0    00000100     EMIFAPinmuxSetup.oe674 (.text)
                  c301a9c0    00000100     ipc.ae674 : Ipc.obj (.text:HeapBufMP_open)
                  c301aac0    00000100               : Ipc.obj (.text:ListMP_sharedMemReq)
                  c301abc0    00000100               : Ipc.obj (.text:Notify_registerEventSingle)
                  c301acc0    00000100               : Ipc.obj (.text:Notify_sendEvent)
                  c301adc0    00000100               : Ipc.obj (.text:Notify_unregisterEventSingle)
                  c301aec0    00000100               : Ipc.obj (.text:ti_sdo_ipc_GateMP_start__F)
                  c301afc0    00000100               : Ipc.obj (.text:ti_sdo_ipc_MessageQ_Instance_finalize__F)
                  c301b0c0    00000100     dsp_pe674.oe674 (.text:ti_sdo_ipc_MessageQ_Object__create__S)
                  c301b1c0    00000100     ipc.ae674 : Ipc.obj (.text:ti_sdo_ipc_Notify_Instance_finalize__F)
                  c301b2c0    00000100     dsp_pe674.oe674 (.text:ti_sdo_ipc_Notify_Object__create__S)
                  c301b3c0    00000100     ipc.ae674 : Ipc.obj (.text:ti_sdo_ipc_SharedRegion_attach__F)
                  c301b4c0    00000100               : Ipc.obj (.text:ti_sdo_ipc_SharedRegion_clearReservedMemory__F)
                  c301b5c0    00000100     dsp_pe674.oe674 (.text:ti_sdo_ipc_gates_GatePeterson_Object__create__S)
                  c301b6c0    00000100     ipc.ae674 : Ipc.obj (.text:ti_sdo_ipc_nsremote_NameServerRemoteNotify_Instance_finalize__F)
                  c301b7c0    00000100     dsp_pe674.oe674 (.text:ti_sdo_ipc_nsremote_NameServerRemoteNotify_Object__create__S)
                  c301b8c0    00000100     ipc.ae674 : Ipc.obj (.text:ti_sdo_ipc_transports_TransportShmSetup_attach__E)
                  c301b9c0    00000100     dsp_pe674.oe674 (.text:ti_sdo_ipc_transports_TransportShm_Object__create__S)
                  c301bac0    00000100     ipc.ae674 : Ipc.obj (.text:ti_sdo_utils_NameServer_findLocal__I)
                  c301bbc0    00000100     sysbios.ae674 : BIOS.obj (.text:ti_sysbios_family_c64p_Hwi_Module_startup__F)
                  c301bcc0    00000100     dsp_pe674.oe674 (.text:ti_sysbios_family_c64p_Hwi_Object__create__S)
                  c301bdc0    00000100     sysbios.ae674 : BIOS.obj (.text:ti_sysbios_family_c64p_Hwi_dispatchC__I)
                  c301bec0    00000100                   : BIOS.obj (.text:ti_sysbios_gates_GateMutexPri_leave__E)
                  c301bfc0    00000100     dsp_pe674.oe674 (.text:ti_sysbios_hal_Hwi_Object__create__S)
                  c301c0c0    00000100     sysbios.ae674 : BIOS.obj (.text:ti_sysbios_knl_Clock_startI__E)
                  c301c1c0    00000100                   : BIOS.obj (.text:ti_sysbios_knl_Semaphore_post__E)
                  c301c2c0    00000100     dsp_pe674.oe674 (.text:ti_sysbios_knl_Swi_Object__create__S)
                  c301c3c0    00000100     sysbios.ae674 : BIOS.obj (.text:ti_sysbios_knl_Swi_restoreHwi__E)
                  c301c4c0    00000100     dsp_pe674.oe674 (.text:ti_sysbios_knl_Task_Object__create__S)
                  c301c5c0    00000100     dsp_pe674.oe674 (.text:ti_sysbios_timers_timer64_Timer_Object__create__S)
                  c301c6c0    00000100     sysbios.ae674 : BIOS.obj (.text:ti_sysbios_timers_timer64_Timer_initDevice__I)
                  c301c7c0    00000100     ti.targets.rts6000.ae674 : Core-mem.oe674 (.text:xdc_runtime_Core_deleteObject__I)
                  c301c8c0    00000100                              : LoggerBuf.oe674 (.text:xdc_runtime_LoggerBuf_getFilterLevel__F)
                  c301c9c0    00000100                              : Startup.oe674 (.text:xdc_runtime_Startup_exec__F)
                  c301cac0    00000100                              : Text.oe674 (.text:xdc_runtime_Text_visitRope2__I)
                  c301cbc0    000000e0     ipc.ae674 : Ipc.obj (.text:MessageQ_get)
                  c301cca0    000000e0               : Ipc.obj (.text:NameServer_getLocal)
                  c301cd80    000000e0     Platform.lib : UARTConsole.obj (.text)
                  c301ce60    000000e0     rts6740_elf.lib : memset.obj (.text:memset)
                  c301cf40    000000e0     dsp_pe674.oe674 (.text:ti_sdo_ipc_GateMP_Object__create__S)
                  c301d020    000000e0     ipc.ae674 : Ipc.obj (.text:ti_sdo_ipc_Ipc_getMasterAddr__I)
                  c301d100    000000e0               : Ipc.obj (.text:ti_sdo_ipc_Ipc_getSlaveAddr__I)
                  c301d1e0    000000e0     dsp_pe674.oe674 (.text:ti_sdo_ipc_ListMP_Object__create__S)
                  c301d2c0    000000e0     ipc.ae674 : Ipc.obj (.text:ti_sdo_ipc_MessageQ_grow__I)
                  c301d3a0    000000e0               : Ipc.obj (.text:ti_sdo_ipc_Notify_detach__F)
                  c301d480    000000e0               : Ipc.obj (.text:ti_sdo_ipc_SharedRegion_reserveMemory__F)
                  c301d560    000000e0               : Ipc.obj (.text:ti_sdo_ipc_SharedRegion_stop__F)
                  c301d640    000000e0               : Ipc.obj (.text:ti_sdo_ipc_gates_GatePeterson_sharedMemReq__E)
                  c301d720    000000e0     dsp_pe674.oe674 (.text:ti_sdo_ipc_heaps_HeapBufMP_Object__create__S)
                  c301d800    000000e0     ipc.ae674 : Ipc.obj (.text:ti_sdo_ipc_heaps_HeapBufMP_free__E)
                  c301d8e0    000000e0               : Ipc.obj (.text:ti_sdo_ipc_heaps_HeapBufMP_getStats__F)
                  c301d9c0    000000e0     dsp_pe674.oe674 (.text:ti_sdo_ipc_heaps_HeapMemMP_Object__create__S)
                  c301daa0    000000e0     dsp_pe674.oe674 (.text:ti_sdo_ipc_notifyDrivers_NotifyDriverShm_Object__create__S)
                  c301db80    000000e0     ipc.ae674 : Ipc.obj (.text:ti_sdo_utils_NameServer_Module_startup__F)
                  c301dc60    000000e0     sysbios.ae674 : BIOS.obj (.text:ti_sysbios_family_c64p_Cache_Module_startup__F)
                  c301dd40    000000e0                   : BIOS.obj (.text:ti_sysbios_family_c64p_Hwi_Instance_finalize__F)
                  c301de20    000000e0                   : BIOS.obj (.text:ti_sysbios_family_c64p_Hwi_Instance_init__F)
                  c301df00    000000e0                   : BIOS.obj (.text:ti_sysbios_knl_Task_unblockI__E)
                  c301dfe0    000000e0     dsp_pe674.oe674 (.text:ti_sysbios_syncs_SyncSem_Object__create__S)
                  c301e0c0    000000e0     ti.targets.rts6000.ae674 : Error.oe674 (.text:xdc_runtime_Error_print__F)
                  c301e1a0    000000e0     dsp_pe674.oe674 (.text:xdc_runtime_LoggerBuf_Object__create__S)
                  c301e280    000000e0     ti.targets.rts6000.ae674 : Memory.oe674 (.text:xdc_runtime_Memory_alloc__F)
                  c301e360    000000e0     dsp_pe674.oe674 (.text:xdc_runtime_Registry_addModule__E)
                  c301e440    000000e0     dsp_pe674.oe674 (.text:xdc_runtime_Registry_findByNamePattern__E)
                  c301e520    000000e0     dsp_pe674.oe674 (.text:xdc_runtime_knl_GateThread_Object__create__S)
                  c301e600    000000c0     rts6740_elf.lib : trgdrv.obj (.text:HOSTwrite)
                  c301e6c0    000000c0     ipc.ae674 : Ipc.obj (.text:HeapMemMP_create)
                  c301e780    000000c0               : Ipc.obj (.text:Ipc_stop)
                  c301e840    000000c0               : Ipc.obj (.text:ListMP_create)
                  c301e900    000000c0               : Ipc.obj (.text:MessageQ_create2)
                  c301e9c0    000000c0               : Ipc.obj (.text:MultiProc_getId)
                  c301ea80    000000c0               : Ipc.obj (.text:SharedRegion_getId)
                  c301eb40    000000c0     rts6740_elf.lib : dtor_list.obj (.text:_Z11__TI_atexitPFYvPvES_S_)
                  c301ec00    000000c0                     : dtor_list.obj (.text:__cxa_finalize)
                  c301ecc0    000000c0                     : divu.obj (.text:__divu)
                  c301ed80    000000c0                     : exit.obj (.text:exit)
                  c301ee40    000000c0     ipc.ae674 : Ipc.obj (.text:ti_sdo_ipc_GateMP_attach__F)
                  c301ef00    000000c0               : Ipc.obj (.text:ti_sdo_ipc_ListMP_elemClear__I)
                  c301efc0    000000c0               : Ipc.obj (.text:ti_sdo_ipc_Notify_execMany__I)
                  c301f080    000000c0               : Ipc.obj (.text:ti_sdo_ipc_SharedRegion_detach__F)
                  c301f140    000000c0               : Ipc.obj (.text:ti_sdo_ipc_family_da830_InterruptDsp_intRegister__E)
                  c301f200    000000c0               : Ipc.obj (.text:ti_sdo_ipc_gates_GatePeterson_postInit__I)
                  c301f2c0    000000c0               : Ipc.obj (.text:ti_sdo_ipc_nsremote_NameServerRemoteNotify_attach__E)
                  c301f380    000000c0               : Ipc.obj (.text:ti_sdo_utils_NameServer_postInit__I)
                  c301f440    000000c0     sysbios.ae674 : BIOS.obj (.text:ti_sysbios_heaps_HeapMem_getStats__E)
                  c301f500    000000c0                   : BIOS.obj (.text:ti_sysbios_knl_Swi_Instance_init__F)
                  c301f5c0    000000c0                   : BIOS.obj (.text:ti_sysbios_knl_Swi_run__I)
                  c301f680    000000c0                   : BIOS.obj (.text:ti_sysbios_knl_Task_allBlockedFunction__I)
                  c301f740    000000c0                   : BIOS.obj (.text:ti_sysbios_syncs_SyncSem_Instance_init__F)
                  c301f800    000000c0                   : BIOS.obj (.text:ti_sysbios_timers_timer64_Timer_startup__E)
                  c301f8c0    000000c0     ti.targets.rts6000.ae674 : LoggerBuf.oe674 (.text:xdc_runtime_LoggerBuf_Instance_init__F)
                  c301f980    000000c0     dsp_pe674.oe674 (.text:xdc_runtime_Registry_findById__E)
                  c301fa40    000000c0     ti.targets.rts6000.ae674 : System.oe674 (.text:xdc_runtime_System_formatNum__I)
                  c301fb00    000000c0                              : Text.oe674 (.text:xdc_runtime_Text_matchVisFxn__I)
                  c301fbc0    000000a0     ipc.ae674 : Ipc.obj (.text:SharedRegion_getPtr)
                  c301fc60    000000a0               : Ipc.obj (.text:SharedRegion_getSRPtr)
                  c301fd00    000000a0     rts6740_elf.lib : remu.obj (.text:__remu)
                  c301fda0    000000a0     boot.ae674 : boot.oe674 (.text:_c_int00)
                  c301fe40    000000a0     sysbios.ae674 : c64p_Hwi_asm.obj (.text:_ti_sysbios_family_c64p_Hwi_plug__E)
                  c301fee0    000000a0     rts6740_elf.lib : memcpy64.obj (.text:memcpy)
                  c301ff80    000000a0     mathlib.ae674 : sqrtsp.obj (.text:optasm)
                  c3020020    000000a0     ipc.ae674 : Ipc.obj (.text:ti_sdo_ipc_GateMP_detach__F)
                  c30200c0    000000a0               : Ipc.obj (.text:ti_sdo_ipc_GateMP_getRegion0ReservedSize__F)
                  c3020160    000000a0               : Ipc.obj (.text:ti_sdo_ipc_GateMP_stop__F)
                  c3020200    000000a0               : Ipc.obj (.text:ti_sdo_ipc_gates_GatePeterson_leave__E)
                  c30202a0    000000a0               : Ipc.obj (.text:ti_sdo_ipc_notifyDrivers_NotifyDriverShm_Instance_finalize__F)
                  c3020340    000000a0               : Ipc.obj (.text:ti_sdo_ipc_transports_TransportShmSetup_detach__E)
                  c30203e0    000000a0     sysbios.ae674 : BIOS.obj (.text:ti_sysbios_family_c64p_Hwi_eventMap__E)
                  c3020480    000000a0                   : BIOS.obj (.text:ti_sysbios_family_c64p_Hwi_getStackInfo__E)
                  c3020520    000000a0                   : BIOS.obj (.text:ti_sysbios_gates_GateMutex_enter__E)
                  c30205c0    000000a0                   : BIOS.obj (.text:ti_sysbios_heaps_HeapMem_init__I)
                  c3020660    000000a0                   : BIOS.obj (.text:ti_sysbios_knl_Clock_Instance_init__F)
                  c3020700    000000a0     dsp_pe674.oe674 (.text:ti_sysbios_knl_Clock_Object__create__S)
                  c30207a0    000000a0     sysbios.ae674 : BIOS.obj (.text:ti_sysbios_knl_Idle_run__E)
                  c3020840    000000a0                   : BIOS.obj (.text:ti_sysbios_knl_Semaphore_pendTimeout__I)
                  c30208e0    000000a0                   : BIOS.obj (.text:ti_sysbios_knl_Swi_restore__E)
                  c3020980    000000a0                   : BIOS.obj (.text:ti_sysbios_syncs_SyncSem_wait__F)
                  c3020a20    000000a0                   : BIOS.obj (.text:ti_sysbios_timers_timer64_Timer_Instance_finalize__F)
                  c3020ac0    000000a0                   : BIOS.obj (.text:ti_sysbios_timers_timer64_Timer_stop__E)
                  c3020b60    000000a0     ti.targets.rts6000.ae674 : Assert.oe674 (.text:xdc_runtime_Assert_raise__I)
                  c3020c00    000000a0                              : LoggerBuf.oe674 (.text:xdc_runtime_LoggerBuf_Module_startup__F)
                  c3020ca0    000000a0                              : Registry.oe674 (.text:xdc_runtime_Registry_addModule__F)
                  c3020d40    000000a0                              : Registry.oe674 (.text:xdc_runtime_Registry_findByName__F)
                  c3020de0    000000a0                              : SysMin.oe674 (.text:xdc_runtime_SysMin_abort__F)
                  c3020e80    000000a0                              : SysMin.oe674 (.text:xdc_runtime_SysMin_flush__F)
                  c3020f20    000000a0                              : SysMin.oe674 (.text:xdc_runtime_SysMin_putch__F)
                  c3020fc0    000000a0                              : Text.oe674 (.text:xdc_runtime_Text_xprintf__I)
                  c3021060    00000080     ipc.ae674 : Ipc.obj (.text:GateMP_close)
                  c30210e0    00000080               : Ipc.obj (.text:HeapBufMP_Params_init)
                  c3021160    00000080               : Ipc.obj (.text:HeapMemMP_restore)
                  c30211e0    00000080               : Ipc.obj (.text:MessageQ_alloc)
                  c3021260    00000080               : Ipc.obj (.text:MessageQ_free)
                  c30212e0    00000080     rts6740_elf.lib : fixfu.obj (.text:__c6xabi_fixfu)
                  c3021360    00000080                     : llshift.obj (.text:__c6xabi_llshl)
                  c30213e0    00000080     sysbios.ae674 : c62_TaskSupport_asm.obj (.text:_ti_sysbios_family_c62_TaskSupport_swap__E)
                  c3021460    00000080     dsp_pe674.oe674 (.text:malloc)
                  c30214e0    00000080     rts6740_elf.lib : trgmsg.obj (.text:readmsg)
                  c3021560    00000080     ipc.ae674 : Ipc.obj (.text:ti_sdo_ipc_Notify_Module_startup__F)
                  c30215e0    00000080               : Ipc.obj (.text:ti_sdo_ipc_family_da830_NotifySetup_sharedMemReq__E)
                  c3021660    00000080     dsp_pe674.oe674 (.text:ti_sdo_ipc_gates_GateMPSupportNull_Object__create__S)
                  c30216e0    00000080     ipc.ae674 : Ipc.obj (.text:ti_sdo_ipc_notifyDrivers_NotifyDriverShm_sharedMemReq__F)
                  c3021760    00000080               : Ipc.obj (.text:ti_sdo_ipc_nsremote_NameServerRemoteNotify_detach__E)
                  c30217e0    00000080               : Ipc.obj (.text:ti_sdo_ipc_transports_TransportShm_swiFxn__I)
                  c3021860    00000080     dsp_pe674.oe674 (.text:ti_sdo_utils_List_Object__create__S)
                  c30218e0    00000080     sysbios.ae674 : BIOS.obj (.text:ti_sysbios_BIOS_errorRaiseHook__I)
                  c3021960    00000080     dsp_pe674.oe674 (.text:ti_sysbios_BIOS_exitFunc__I)
                  c30219e0    00000080     dsp_pe674.oe674 (.text:ti_sysbios_gates_GateAll_Object__create__S)
                  c3021a60    00000080     dsp_pe674.oe674 (.text:ti_sysbios_gates_GateHwi_Object__create__S)
                  c3021ae0    00000080     dsp_pe674.oe674 (.text:ti_sysbios_gates_GateMutexPri_Object__create__S)
                  c3021b60    00000080     dsp_pe674.oe674 (.text:ti_sysbios_gates_GateMutex_Object__create__S)
                  c3021be0    00000080     dsp_pe674.oe674 (.text:ti_sysbios_gates_GateSwi_Object__create__S)
                  c3021c60    00000080     sysbios.ae674 : BIOS.obj (.text:ti_sysbios_hal_Hwi_checkStack:ti_sysbios_hal_Hwi_checkStack)
                  c3021ce0    00000080                   : BIOS.obj (.text:ti_sysbios_hal_Hwi_initStack:ti_sysbios_hal_Hwi_initStack)
                  c3021d60    00000080                   : BIOS.obj (.text:ti_sysbios_heaps_HeapMem_Instance_init__F)
                  c3021de0    00000080     dsp_pe674.oe674 (.text:ti_sysbios_heaps_HeapMem_Object__create__S)
                  c3021e60    00000080     sysbios.ae674 : BIOS.obj (.text:ti_sysbios_knl_Clock_Module_startup__F)
                  c3021ee0    00000080     dsp_pe674.oe674 (.text:ti_sysbios_knl_Clock_doTick__I)
                  c3021f60    00000080     sysbios.ae674 : BIOS.obj (.text:ti_sysbios_knl_Clock_getTicks__E)
                  c3021fe0    00000080     dsp_pe674.oe674 (.text:ti_sysbios_knl_Queue_Object__create__S)
                  c3022060    00000080     dsp_pe674.oe674 (.text:ti_sysbios_knl_Semaphore_Object__create__S)
                  c30220e0    00000080     sysbios.ae674 : BIOS.obj (.text:ti_sysbios_knl_Swi_post__E)
                  c3022160    00000080                   : BIOS.obj (.text:ti_sysbios_knl_Task_processVitalTaskFlag__I)
                  c30221e0    00000080                   : BIOS.obj (.text:ti_sysbios_knl_Task_restoreHwi__E)
                  c3022260    00000080                   : BIOS.obj (.text:ti_sysbios_knl_Task_restore__E)
                  c30222e0    00000080                   : BIOS.obj (.text:ti_sysbios_knl_Task_yield__E)
                  c3022360    00000080                   : BIOS.obj (.text:ti_sysbios_timers_timer64_Timer_getExpiredCounts__E)
                  c30223e0    00000080                   : BIOS.obj (.text:ti_sysbios_timers_timer64_Timer_getPeriod__E)
                  c3022460    00000080     dsp_pe674.oe674 (.text:ti_sysbios_xdcruntime_GateThreadSupport_Object__create__S)
                  c30224e0    00000080     ti.targets.rts6000.ae674 : Core-label.oe674 (.text:xdc_runtime_Core_assignLabel__I)
                  c3022560    00000080                              : Core-params.oe674 (.text:xdc_runtime_Core_assignParams__I)
                  c30225e0    00000080                              : LoggerBuf.oe674 (.text:xdc_runtime_LoggerBuf_filterOutEvent__I)
                  c3022660    00000080                              : Registry.oe674 (.text:xdc_runtime_Registry_findByNamePattern__F)
                  c30226e0    00000080                              : Registry.oe674 (.text:xdc_runtime_Registry_matchPattern__I)
                  c3022760    00000080                              : System.oe674 (.text:xdc_runtime_System_atexit__F)
                  c30227e0    00000080                              : System.oe674 (.text:xdc_runtime_System_putchar__I)
                  c3022860    00000080                              : System.oe674 (.text:xdc_runtime_System_rtsExit__I)
                  c30228e0    00000080                              : Text.oe674 (.text:xdc_runtime_Text_printVisFxn__I)
                  c3022960    00000060     ipc.ae674 : Ipc.obj (.text:GateMP_Params_init)
                  c30229c0    00000060               : Ipc.obj (.text:HeapMemMP_Params_init)
                  c3022a20    00000060               : Ipc.obj (.text:MessageQ_msgInit$4)
                  c3022a80    00000060               : Ipc.obj (.text:MessageQ_open)
                  c3022ae0    00000060               : Ipc.obj (.text:Notify_numIntLines)
                  c3022b40    00000060               : Ipc.obj (.text:Notify_sharedMemReq)
                  c3022ba0    00000060     rts6740_elf.lib : imath64.obj (.text:_subcull)
                  c3022c00    00000060                     : strpbrk.obj (.text:strpbrk)
                  c3022c60    00000060     dsp_pe674.oe674 (.text:ti_sdo_ipc_GateMP_Object__delete__S)
                  c3022cc0    00000060     ipc.ae674 : Ipc.obj (.text:ti_sdo_ipc_GateMP_createLocal__F)
                  c3022d20    00000060               : Ipc.obj (.text:ti_sdo_ipc_Ipc_getRegion0ReservedSize__I)
                  c3022d80    00000060     dsp_pe674.oe674 (.text:ti_sdo_ipc_ListMP_Object__delete__S)
                  c3022de0    00000060     dsp_pe674.oe674 (.text:ti_sdo_ipc_MessageQ_Object__delete__S)
                  c3022e40    00000060     dsp_pe674.oe674 (.text:ti_sdo_ipc_Notify_Object__delete__S)
                  c3022ea0    00000060     ipc.ae674 : Ipc.obj (.text:ti_sdo_ipc_gates_GatePeterson_Instance_finalize__F)
                  c3022f00    00000060     dsp_pe674.oe674 (.text:ti_sdo_ipc_gates_GatePeterson_Object__delete__S)
                  c3022f60    00000060     dsp_pe674.oe674 (.text:ti_sdo_ipc_heaps_HeapBufMP_Object__delete__S)
                  c3022fc0    00000060     dsp_pe674.oe674 (.text:ti_sdo_ipc_heaps_HeapMemMP_Object__delete__S)
                  c3023020    00000060     dsp_pe674.oe674 (.text:ti_sdo_ipc_notifyDrivers_NotifyDriverShm_Object__delete__S)
                  c3023080    00000060     ipc.ae674 : Ipc.obj (.text:ti_sdo_ipc_notifyDrivers_NotifyDriverShm_enableEvent__E)
                  c30230e0    00000060               : Ipc.obj (.text:ti_sdo_ipc_notifyDrivers_NotifyDriverShm_setNotifyHandle__E)
                  c3023140    00000060     dsp_pe674.oe674 (.text:ti_sdo_ipc_nsremote_NameServerRemoteNotify_Object__delete__S)
                  c30231a0    00000060     ipc.ae674 : Ipc.obj (.text:ti_sdo_ipc_transports_TransportShmSetup_sharedMemReq__E)
                  c3023200    00000060     dsp_pe674.oe674 (.text:ti_sdo_ipc_transports_TransportShm_Object__delete__S)
                  c3023260    00000060     sysbios.ae674 : BIOS.obj (.text:ti_sysbios_BIOS_registerRTSLock__I)
                  c30232c0    00000060                   : BIOS.obj (.text:ti_sysbios_BIOS_removeRTSLock__I)
                  c3023320    00000060                   : BIOS.obj (.text:ti_sysbios_BIOS_rtsLock__I)
                  c3023380    00000060                   : BIOS.obj (.text:ti_sysbios_family_c62_TaskSupport_start__E)
                  c30233e0    00000060                   : BIOS.obj (.text:ti_sysbios_family_c64p_Cache_all__I)
                  c3023440    00000060                   : BIOS.obj (.text:ti_sysbios_family_c64p_Cache_marInit__I)
                  c30234a0    00000060                   : BIOS.obj (.text:ti_sysbios_family_c64p_Cache_setMar__E)
                  c3023500    00000060                   : BIOS.obj (.text:ti_sysbios_family_c64p_Cache_setSize__E)
                  c3023560    00000060                   : BIOS.obj (.text:ti_sysbios_family_c64p_Cache_wait__E)
                  c30235c0    00000060     dsp_pe674.oe674 (.text:ti_sysbios_family_c64p_Hwi_Object__delete__S)
                  c3023620    00000060     sysbios.ae674 : BIOS.obj (.text:ti_sysbios_gates_GateAll_enter__E)
                  c3023680    00000060                   : BIOS.obj (.text:ti_sysbios_gates_GateAll_leave__E)
                  c30236e0    00000060     dsp_pe674.oe674 (.text:ti_sysbios_gates_GateMutexPri_Object__delete__S)
                  c3023740    00000060     sysbios.ae674 : BIOS.obj (.text:ti_sysbios_gates_GateMutex_Instance_init__F)
                  c30237a0    00000060     dsp_pe674.oe674 (.text:ti_sysbios_gates_GateMutex_Object__delete__S)
                  c3023800    00000060     sysbios.ae674 : BIOS.obj (.text:ti_sysbios_hal_Hwi_Instance_init__F)
                  c3023860    00000060     dsp_pe674.oe674 (.text:ti_sysbios_hal_Hwi_Object__delete__S)
                  c30238c0    00000060     sysbios.ae674 : BIOS.obj (.text:ti_sysbios_knl_Clock_setupTimerToSkipTicks__E)
                  c3023920    00000060                   : BIOS.obj (.text:ti_sysbios_knl_Semaphore_Instance_init__F)
                  c3023980    00000060     dsp_pe674.oe674 (.text:ti_sysbios_knl_Semaphore_Object__delete__S)
                  c30239e0    00000060     sysbios.ae674 : BIOS.obj (.text:ti_sysbios_knl_Swi_Module_startup__F)
                  c3023a40    00000060                   : BIOS.obj (.text:ti_sysbios_knl_Task_enter__I)
                  c3023aa0    00000060                   : BIOS.obj (.text:ti_sysbios_knl_Task_sleepTimeout__I)
                  c3023b00    00000060     dsp_pe674.oe674 (.text:ti_sysbios_syncs_SyncSem_Object__delete__S)
                  c3023b60    00000060     dsp_pe674.oe674 (.text:ti_sysbios_timers_timer64_Timer_Object__delete__S)
                  c3023bc0    00000060     dsp_pe674.oe674 (.text:ti_sysbios_xdcruntime_GateThreadSupport_Object__delete__S)
                  c3023c20    00000060     ti.syslink.ipc.rtos.ae674 : Syslink.oe674 (.text:ti_syslink_ipc_rtos_Syslink_attach)
                  c3023c80    00000060     rts6740_elf.lib : trgmsg.obj (.text:writemsg)
                  c3023ce0    00000060     dsp_pe674.oe674 (.text:xdc_runtime_GateNull_Object__create__S)
                  c3023d40    00000060     dsp_pe674.oe674 (.text:xdc_runtime_LoggerBuf_Object__delete__S)
                  c3023da0    00000060     ti.targets.rts6000.ae674 : Memory.oe674 (.text:xdc_runtime_Memory_calloc__F)
                  c3023e00    00000060                              : Memory.oe674 (.text:xdc_runtime_Memory_valloc__F)
                  c3023e60    00000060                              : SysMin.oe674 (.text:xdc_runtime_SysMin_Module_startup__F)
                  c3023ec0    00000060                              : SysMin.oe674 (.text:xdc_runtime_SysMin_exit__F)
                  c3023f20    00000060     dsp_pe674.oe674 (.text:xdc_runtime_SysMin_output__I)
                  c3023f80    00000060     ti.targets.rts6000.ae674 : System.oe674 (.text:xdc_runtime_System_aprintf_va__F)
                  c3023fe0    00000060                              : System.oe674 (.text:xdc_runtime_System_printf_va__F)
                  c3024040    00000060                              : Text.oe674 (.text:xdc_runtime_Text_cordText__F)
                  c30240a0    00000060     dsp_pe674.oe674 (.text:xdc_runtime_knl_GateThread_Object__delete__S)
                  c3024100    00000040     ipc.ae674 : Ipc.obj (.text:MessageQ_create)
                  c3024140    00000040               : Ipc.obj (.text:MessageQ_registerHeap)
                  c3024180    00000040               : Ipc.obj (.text:MessageQ_unregisterHeap)
                  c30241c0    00000040               : Ipc.obj (.text:Notify_intLineRegistered)
                  c3024200    00000040     rts6740_elf.lib : frcmpyd_div.obj (.text:__c6xabi_frcmpyd_div)
                  c3024240    00000040                     : llshift.obj (.text:__c6xabi_llshru)
                  c3024280    00000040                     : args_main.obj (.text:_args_main)
                  c30242c0    00000040     sysbios.ae674 : c62_TaskSupport_asm.obj (.text:_ti_sysbios_family_c62_TaskSupport_buildTaskStack)
                  c3024300    00000040                   : c64p_Hwi_asm_switch.obj (.text:_ti_sysbios_family_xxx_Hwi_switchToIsrStack)
                  c3024340    00000040     dsp_pe674.oe674 (.text:free)
                  c3024380    00000040     ipc.ae674 : Ipc.obj (.text:ti_sdo_ipc_MessageQ_registerTransport__F)
                  c30243c0    00000040               : Ipc.obj (.text:ti_sdo_ipc_MessageQ_unregisterTransport__F)
                  c3024400    00000040               : Ipc.obj (.text:ti_sdo_ipc_Notify_exec__F)
                  c3024440    00000040               : Ipc.obj (.text:ti_sdo_ipc_SharedRegion_resetInternalFields__F)
                  c3024480    00000040               : Ipc.obj (.text:ti_sdo_ipc_family_da830_InterruptDsp_intClear__E)
                  c30244c0    00000040               : Ipc.obj (.text:ti_sdo_ipc_family_da830_InterruptDsp_intSend__E)
                  c3024500    00000040     dsp_pe674.oe674 (.text:ti_sdo_ipc_gates_GateMPSupportNull_Handle__label__S)
                  c3024540    00000040     dsp_pe674.oe674 (.text:ti_sdo_ipc_gates_GateMPSupportNull_Object__delete__S)
                  c3024580    00000040     dsp_pe674.oe674 (.text:ti_sdo_ipc_gates_GatePeterson_Handle__label__S)
                  c30245c0    00000040     dsp_pe674.oe674 (.text:ti_sdo_ipc_heaps_HeapBufMP_Handle__label__S)
                  c3024600    00000040     dsp_pe674.oe674 (.text:ti_sdo_ipc_heaps_HeapMemMP_Handle__label__S)
                  c3024640    00000040     dsp_pe674.oe674 (.text:ti_sdo_ipc_notifyDrivers_NotifyDriverShm_Handle__label__S)
                  c3024680    00000040     dsp_pe674.oe674 (.text:ti_sdo_ipc_nsremote_NameServerRemoteNotify_Handle__label__S)
                  c30246c0    00000040     ipc.ae674 : Ipc.obj (.text:ti_sdo_ipc_nsremote_NameServerRemoteNotify_sharedMemReq__E)
                  c3024700    00000040     dsp_pe674.oe674 (.text:ti_sdo_ipc_transports_TransportShm_Handle__label__S)
                  c3024740    00000040     ipc.ae674 : Ipc.obj (.text:ti_sdo_utils_List_get__E)
                  c3024780    00000040               : Ipc.obj (.text:ti_sdo_utils_List_putHead__E)
                  c30247c0    00000040               : Ipc.obj (.text:ti_sdo_utils_List_put__E)
                  c3024800    00000040     dsp_pe674.oe674 (.text:ti_sdo_utils_NameServer_Module__startupDone__F)
                  c3024840    00000040     dsp_pe674.oe674 (.text:ti_sdo_utils_NameServer_Object__get__S)
                  c3024880    00000040     ipc.ae674 : Ipc.obj (.text:ti_sdo_utils_NameServer_registerRemoteDriver__E)
                  c30248c0    00000040               : Ipc.obj (.text:ti_sdo_utils_NameServer_unregisterRemoteDriver__E)
                  c3024900    00000040     sysbios.ae674 : BIOS.obj (.text:ti_sysbios_BIOS_rtsUnlock__I)
                  c3024940    00000040     dsp_pe674.oe674 (.text:ti_sysbios_BIOS_startFunc__I)
                  c3024980    00000040     dsp_pe674.oe674 (.text:ti_sysbios_family_c64p_Hwi_Module__startupDone__F)
                  c30249c0    00000040     sysbios.ae674 : BIOS.obj (.text:ti_sysbios_family_c64p_Hwi_disableInterrupt__E)
                  c3024a00    00000040                   : BIOS.obj (.text:ti_sysbios_family_c64p_Hwi_enableInterrupt__E)
                  c3024a40    00000040                   : BIOS.obj (.text:ti_sysbios_family_c64p_primus_TimerSupport_enable__E)
                  c3024a80    00000040     dsp_pe674.oe674 (.text:ti_sysbios_gates_GateAll_Handle__label__S)
                  c3024ac0    00000040     dsp_pe674.oe674 (.text:ti_sysbios_gates_GateAll_Object__delete__S)
                  c3024b00    00000040     dsp_pe674.oe674 (.text:ti_sysbios_gates_GateHwi_Handle__label__S)
                  c3024b40    00000040     dsp_pe674.oe674 (.text:ti_sysbios_gates_GateHwi_Object__delete__S)
                  c3024b80    00000040     dsp_pe674.oe674 (.text:ti_sysbios_gates_GateMutexPri_Handle__label__S)
                  c3024bc0    00000040     sysbios.ae674 : BIOS.obj (.text:ti_sysbios_gates_GateMutexPri_Instance_init__F)
                  c3024c00    00000040     dsp_pe674.oe674 (.text:ti_sysbios_gates_GateMutexPri_Object__destruct__S)
                  c3024c40    00000040     dsp_pe674.oe674 (.text:ti_sysbios_gates_GateMutex_Handle__label__S)
                  c3024c80    00000040     sysbios.ae674 : BIOS.obj (.text:ti_sysbios_gates_GateMutex_leave__E)
                  c3024cc0    00000040     dsp_pe674.oe674 (.text:ti_sysbios_gates_GateSwi_Handle__label__S)
                  c3024d00    00000040     dsp_pe674.oe674 (.text:ti_sysbios_gates_GateSwi_Object__delete__S)
                  c3024d40    00000040     dsp_pe674.oe674 (.text:ti_sysbios_hal_Timer_Module__startupDone__F)
                  c3024d80    00000040     dsp_pe674.oe674 (.text:ti_sysbios_heaps_HeapMem_Handle__label__S)
                  c3024dc0    00000040     dsp_pe674.oe674 (.text:ti_sysbios_heaps_HeapMem_Object__delete__S)
                  c3024e00    00000040     dsp_pe674.oe674 (.text:ti_sysbios_heaps_HeapMem_Object__get__S)
                  c3024e40    00000040     sysbios.ae674 : BIOS.obj (.text:ti_sysbios_knl_Clock_start__E)
                  c3024e80    00000040                   : BIOS.obj (.text:ti_sysbios_knl_Queue_put__E)
                  c3024ec0    00000040     dsp_pe674.oe674 (.text:ti_sysbios_knl_Semaphore_Object__destruct__S)
                  c3024f00    00000040     dsp_pe674.oe674 (.text:ti_sysbios_knl_Swi_Object__destruct__S)
                  c3024f40    00000040     dsp_pe674.oe674 (.text:ti_sysbios_knl_Swi_Object__get__S)
                  c3024f80    00000040     dsp_pe674.oe674 (.text:ti_sysbios_knl_Task_Object__get__S)
                  c3024fc0    00000040     dsp_pe674.oe674 (.text:ti_sysbios_syncs_SyncSem_Handle__label__S)
                  c3025000    00000040     dsp_pe674.oe674 (.text:ti_sysbios_timers_timer64_Timer_Module__startupDone__F)
                  c3025040    00000040     sysbios.ae674 : BIOS.obj (.text:ti_sysbios_xdcruntime_GateThreadSupport_Instance_init__F)
                  c3025080    00000040     ti.syslink.ipc.rtos.ae674 : Syslink.oe674 (.text:ti_syslink_ipc_rtos_Syslink_detach)
                  c30250c0    00000040     ti.targets.rts6000.ae674 : Error.oe674 (.text:xdc_runtime_Error_check__F)
                  c3025100    00000040                              : Error.oe674 (.text:xdc_runtime_Error_init__F)
                  c3025140    00000040     dsp_pe674.oe674 (.text:xdc_runtime_GateNull_Handle__label__S)
                  c3025180    00000040     dsp_pe674.oe674 (.text:xdc_runtime_GateNull_Object__delete__S)
                  c30251c0    00000040     dsp_pe674.oe674 (.text:xdc_runtime_LoggerBuf_Handle__label__S)
                  c3025200    00000040     ti.targets.rts6000.ae674 : LoggerBuf.oe674 (.text:xdc_runtime_LoggerBuf_Instance_finalize__F)
                  c3025240    00000040     dsp_pe674.oe674 (.text:xdc_runtime_LoggerBuf_Object__get__S)
                  c3025280    00000040     ti.targets.rts6000.ae674 : LoggerBuf.oe674 (.text:xdc_runtime_LoggerBuf_write0__F)
                  c30252c0    00000040     dsp_pe674.oe674 (.text:xdc_runtime_LoggerBuf_write8__E)
                  c3025300    00000040     ti.targets.rts6000.ae674 : Memory.oe674 (.text:xdc_runtime_Memory_free__F)
                  c3025340    00000040                              : Registry.oe674 (.text:xdc_runtime_Registry_findById__F)
                  c3025380    00000040                              : System.oe674 (.text:xdc_runtime_System_abort__F)
                  c30253c0    00000040     dsp_pe674.oe674 (.text:xdc_runtime_System_aprintf__E)
                  c3025400    00000040     dsp_pe674.oe674 (.text:xdc_runtime_System_printf__E)
                  c3025440    00000040     ti.targets.rts6000.ae674 : Text.oe674 (.text:xdc_runtime_Text_matchRope__F)
                  c3025480    00000040                              : Text.oe674 (.text:xdc_runtime_Text_ropeText__F)
                  c30254c0    00000040     dsp_pe674.oe674 (.text:xdc_runtime_knl_GateThread_Handle__label__S)
                  c3025500    00000040     ti.targets.rts6000.ae674 : GateThread.oe674 (.text:xdc_runtime_knl_GateThread_Instance_finalize__F)
                  c3025540    00000040                              : GateThread.oe674 (.text:xdc_runtime_knl_GateThread_Instance_init__F)
                  c3025580    00000020     ipc.ae674 : Ipc.obj (.text:GateMP_enter)
                  c30255a0    00000020               : Ipc.obj (.text:GateMP_leave)
                  c30255c0    00000020               : Ipc.obj (.text:HeapBufMP_close)
                  c30255e0    00000020               : Ipc.obj (.text:ListMP_close)
                  c3025600    00000020               : Ipc.obj (.text:ListMP_delete)
                  c3025620    00000020               : Ipc.obj (.text:MessageQ_Params_init)
                  c3025640    00000020               : Ipc.obj (.text:MessageQ_close)
                  c3025660    00000020               : Ipc.obj (.text:MessageQ_delete)
                  c3025680    00000020               : Ipc.obj (.text:NameServer_addUInt32)
                  c30256a0    00000020               : Ipc.obj (.text:NameServer_getUInt32)
                  c30256c0    00000020               : Ipc.obj (.text:NameServer_removeEntry)
                  c30256e0    00000020     utils.lib : uartStdio.obj (.text:UARTGetc)
                  c3025700    00000020               : uartStdio.obj (.text:UARTPutc)
                  c3025720    00000020               : uartStdio.obj (.text:UARTStdioInit)
                  c3025740    00000020     rts6740_elf.lib : dtor_list.obj (.text:__cxa_atexit)
                  c3025760    00000020                     : dtor_list.obj (.text:__cxa_ia64_exit)
                  c3025780    00000020     ti.targets.rts6000.ae674 : xdc_noinit.oe674 (.text:__xdc__init)
                  c30257a0    00000020     rts6740_elf.lib : _lock.obj (.text:_nop)
                  c30257c0    00000020                     : _lock.obj (.text:_register_lock)
                  c30257e0    00000020                     : _lock.obj (.text:_register_unlock)
                  c3025800    00000020     sysbios.ae674 : c62_TaskSupport_asm.obj (.text:_ti_sysbios_family_c62_TaskSupport_glue)
                  c3025820    00000020                   : c64p_Hwi_asm_switch.obj (.text:_ti_sysbios_family_xxx_Hwi_switchToTaskStack)
                  c3025840    00000020     rts6740_elf.lib : exit.obj (.text:abort)
                  c3025860    00000020                     : dtor_list.obj (.text:atexit)
                  c3025880    00000020     dsp_pe674.oe674 (.text:ti_sdo_ipc_GateMP_Params__init__S)
                  c30258a0    00000020     dsp_pe674.oe674 (.text:ti_sdo_ipc_GateMP_RemoteCustom1Proxy_Object__create__S)
                  c30258c0    00000020     dsp_pe674.oe674 (.text:ti_sdo_ipc_GateMP_RemoteCustom1Proxy_Object__delete__S)
                  c30258e0    00000020     dsp_pe674.oe674 (.text:ti_sdo_ipc_GateMP_RemoteCustom1Proxy_Params__init__S)
                  c3025900    00000020     dsp_pe674.oe674 (.text:ti_sdo_ipc_GateMP_RemoteCustom1Proxy_Proxy__abstract__S)
                  c3025920    00000020     dsp_pe674.oe674 (.text:ti_sdo_ipc_GateMP_RemoteCustom1Proxy_Proxy__delegate__S)
                  c3025940    00000020     dsp_pe674.oe674 (.text:ti_sdo_ipc_GateMP_RemoteCustom1Proxy_getReservedMask__E)
                  c3025960    00000020     dsp_pe674.oe674 (.text:ti_sdo_ipc_GateMP_RemoteCustom1Proxy_sharedMemReq__E)
                  c3025980    00000020     dsp_pe674.oe674 (.text:ti_sdo_ipc_GateMP_RemoteCustom2Proxy_Object__create__S)
                  c30259a0    00000020     dsp_pe674.oe674 (.text:ti_sdo_ipc_GateMP_RemoteCustom2Proxy_Object__delete__S)
                  c30259c0    00000020     dsp_pe674.oe674 (.text:ti_sdo_ipc_GateMP_RemoteCustom2Proxy_Params__init__S)
                  c30259e0    00000020     dsp_pe674.oe674 (.text:ti_sdo_ipc_GateMP_RemoteCustom2Proxy_Proxy__abstract__S)
                  c3025a00    00000020     dsp_pe674.oe674 (.text:ti_sdo_ipc_GateMP_RemoteCustom2Proxy_Proxy__delegate__S)
                  c3025a20    00000020     dsp_pe674.oe674 (.text:ti_sdo_ipc_GateMP_RemoteCustom2Proxy_getReservedMask__E)
                  c3025a40    00000020     dsp_pe674.oe674 (.text:ti_sdo_ipc_GateMP_RemoteCustom2Proxy_sharedMemReq__E)
                  c3025a60    00000020     dsp_pe674.oe674 (.text:ti_sdo_ipc_GateMP_RemoteSystemProxy_Object__create__S)
                  c3025a80    00000020     dsp_pe674.oe674 (.text:ti_sdo_ipc_GateMP_RemoteSystemProxy_Object__delete__S)
                  c3025aa0    00000020     dsp_pe674.oe674 (.text:ti_sdo_ipc_GateMP_RemoteSystemProxy_Params__init__S)
                  c3025ac0    00000020     dsp_pe674.oe674 (.text:ti_sdo_ipc_GateMP_RemoteSystemProxy_Proxy__abstract__S)
                  c3025ae0    00000020     dsp_pe674.oe674 (.text:ti_sdo_ipc_GateMP_RemoteSystemProxy_Proxy__delegate__S)
                  c3025b00    00000020     dsp_pe674.oe674 (.text:ti_sdo_ipc_GateMP_RemoteSystemProxy_getReservedMask__E)
                  c3025b20    00000020     dsp_pe674.oe674 (.text:ti_sdo_ipc_GateMP_RemoteSystemProxy_sharedMemReq__E)
                  c3025b40    00000020     dsp_pe674.oe674 (.text:ti_sdo_ipc_GateMP_attach__E)
                  c3025b60    00000020     dsp_pe674.oe674 (.text:ti_sdo_ipc_GateMP_detach__E)
                  c3025b80    00000020     dsp_pe674.oe674 (.text:ti_sdo_ipc_GateMP_getRegion0ReservedSize__E)
                  c3025ba0    00000020     dsp_pe674.oe674 (.text:ti_sdo_ipc_GateMP_getSharedAddr__E)
                  c3025bc0    00000020     ipc.ae674 : Ipc.obj (.text:ti_sdo_ipc_GateMP_getSharedAddr__F)
                  c3025be0    00000020     dsp_pe674.oe674 (.text:ti_sdo_ipc_GateMP_start__E)
                  c3025c00    00000020     dsp_pe674.oe674 (.text:ti_sdo_ipc_GateMP_stop__E)
                  c3025c20    00000020     dsp_pe674.oe674 (.text:ti_sdo_ipc_ListMP_Params__init__S)
                  c3025c40    00000020     dsp_pe674.oe674 (.text:ti_sdo_ipc_MessageQ_Module_startup__E)
                  c3025c60    00000020     dsp_pe674.oe674 (.text:ti_sdo_ipc_MessageQ_Object__get__S)
                  c3025c80    00000020     dsp_pe674.oe674 (.text:ti_sdo_ipc_MessageQ_Params__init__S)
                  c3025ca0    00000020     dsp_pe674.oe674 (.text:ti_sdo_ipc_MessageQ_SetupTransportProxy_attach__E)
                  c3025cc0    00000020     dsp_pe674.oe674 (.text:ti_sdo_ipc_MessageQ_SetupTransportProxy_detach__E)
                  c3025ce0    00000020     dsp_pe674.oe674 (.text:ti_sdo_ipc_MessageQ_SetupTransportProxy_isRegistered__E)
                  c3025d00    00000020     dsp_pe674.oe674 (.text:ti_sdo_ipc_MessageQ_SetupTransportProxy_sharedMemReq__E)
                  c3025d20    00000020     dsp_pe674.oe674 (.text:ti_sdo_ipc_MessageQ_registerTransport__E)
                  c3025d40    00000020     dsp_pe674.oe674 (.text:ti_sdo_ipc_MessageQ_unregisterTransport__E)
                  c3025d60    00000020     dsp_pe674.oe674 (.text:ti_sdo_ipc_Notify_Module_GateProxy_enter__E)
                  c3025d80    00000020     dsp_pe674.oe674 (.text:ti_sdo_ipc_Notify_Module_GateProxy_leave__E)
                  c3025da0    00000020     dsp_pe674.oe674 (.text:ti_sdo_ipc_Notify_Module_startup__E)
                  c3025dc0    00000020     dsp_pe674.oe674 (.text:ti_sdo_ipc_Notify_SetupProxy_attach__E)
                  c3025de0    00000020     dsp_pe674.oe674 (.text:ti_sdo_ipc_Notify_SetupProxy_numIntLines__E)
                  c3025e00    00000020     dsp_pe674.oe674 (.text:ti_sdo_ipc_Notify_SetupProxy_sharedMemReq__E)
                  c3025e20    00000020     dsp_pe674.oe674 (.text:ti_sdo_ipc_Notify_detach__E)
                  c3025e40    00000020     dsp_pe674.oe674 (.text:ti_sdo_ipc_Notify_exec__E)
                  c3025e60    00000020     dsp_pe674.oe674 (.text:ti_sdo_ipc_SharedRegion_attach__E)
                  c3025e80    00000020     dsp_pe674.oe674 (.text:ti_sdo_ipc_SharedRegion_clearReservedMemory__E)
                  c3025ea0    00000020     dsp_pe674.oe674 (.text:ti_sdo_ipc_SharedRegion_detach__E)
                  c3025ec0    00000020     dsp_pe674.oe674 (.text:ti_sdo_ipc_SharedRegion_reserveMemory__E)
                  c3025ee0    00000020     dsp_pe674.oe674 (.text:ti_sdo_ipc_SharedRegion_resetInternalFields__E)
                  c3025f00    00000020     dsp_pe674.oe674 (.text:ti_sdo_ipc_SharedRegion_start__E)
                  c3025f20    00000020     dsp_pe674.oe674 (.text:ti_sdo_ipc_SharedRegion_stop__E)
                  c3025f40    00000020     ipc.ae674 : Ipc.obj (.text:ti_sdo_ipc_family_da830_InterruptDsp_intDisable__E)
                  c3025f60    00000020               : Ipc.obj (.text:ti_sdo_ipc_family_da830_InterruptDsp_intEnable__E)
                  c3025f80    00000020               : Ipc.obj (.text:ti_sdo_ipc_family_da830_InterruptDsp_intUnregister__E)
                  c3025fa0    00000020               : Ipc.obj (.text:ti_sdo_ipc_family_da830_NotifySetup_numIntLines__E)
                  c3025fc0    00000020               : Ipc.obj (.text:ti_sdo_ipc_gates_GateMPSupportNull_Instance_init__F)
                  c3025fe0    00000020     dsp_pe674.oe674 (.text:ti_sdo_ipc_gates_GateMPSupportNull_Params__init__S)
                  c3026000    00000020     ipc.ae674 : Ipc.obj (.text:ti_sdo_ipc_gates_GateMPSupportNull_enter__E)
                  c3026020    00000020               : Ipc.obj (.text:ti_sdo_ipc_gates_GateMPSupportNull_getReservedMask__E)
                  c3026040    00000020               : Ipc.obj (.text:ti_sdo_ipc_gates_GateMPSupportNull_leave__E)
                  c3026060    00000020     dsp_pe674.oe674 (.text:ti_sdo_ipc_gates_GateMPSupportNull_query__E)
                  c3026080    00000020     ipc.ae674 : Ipc.obj (.text:ti_sdo_ipc_gates_GateMPSupportNull_query__F)
                  c30260a0    00000020               : Ipc.obj (.text:ti_sdo_ipc_gates_GateMPSupportNull_sharedMemReq__E)
                  c30260c0    00000020     dsp_pe674.oe674 (.text:ti_sdo_ipc_gates_GatePeterson_Params__init__S)
                  c30260e0    00000020     ipc.ae674 : Ipc.obj (.text:ti_sdo_ipc_gates_GatePeterson_getReservedMask__E)
                  c3026100    00000020     dsp_pe674.oe674 (.text:ti_sdo_ipc_gates_GatePeterson_query__E)
                  c3026120    00000020     ipc.ae674 : Ipc.obj (.text:ti_sdo_ipc_gates_GatePeterson_query__F)
                  c3026140    00000020     dsp_pe674.oe674 (.text:ti_sdo_ipc_heaps_HeapBufMP_Params__init__S)
                  c3026160    00000020     dsp_pe674.oe674 (.text:ti_sdo_ipc_heaps_HeapBufMP_getStats__E)
                  c3026180    00000020     dsp_pe674.oe674 (.text:ti_sdo_ipc_heaps_HeapBufMP_isBlocking__E)
                  c30261a0    00000020     ipc.ae674 : Ipc.obj (.text:ti_sdo_ipc_heaps_HeapBufMP_isBlocking__F)
                  c30261c0    00000020     dsp_pe674.oe674 (.text:ti_sdo_ipc_heaps_HeapMemMP_Params__init__S)
                  c30261e0    00000020     dsp_pe674.oe674 (.text:ti_sdo_ipc_heaps_HeapMemMP_isBlocking__E)
                  c3026200    00000020     ipc.ae674 : Ipc.obj (.text:ti_sdo_ipc_heaps_HeapMemMP_isBlocking__F)
                  c3026220    00000020     dsp_pe674.oe674 (.text:ti_sdo_ipc_notifyDrivers_NotifyDriverShm_InterruptProxy_intClear__E)
                  c3026240    00000020     dsp_pe674.oe674 (.text:ti_sdo_ipc_notifyDrivers_NotifyDriverShm_InterruptProxy_intDisable__E)
                  c3026260    00000020     dsp_pe674.oe674 (.text:ti_sdo_ipc_notifyDrivers_NotifyDriverShm_InterruptProxy_intEnable__E)
                  c3026280    00000020     dsp_pe674.oe674 (.text:ti_sdo_ipc_notifyDrivers_NotifyDriverShm_InterruptProxy_intRegister__E)
                  c30262a0    00000020     dsp_pe674.oe674 (.text:ti_sdo_ipc_notifyDrivers_NotifyDriverShm_InterruptProxy_intSend__E)
                  c30262c0    00000020     dsp_pe674.oe674 (.text:ti_sdo_ipc_notifyDrivers_NotifyDriverShm_InterruptProxy_intUnregister__E)
                  c30262e0    00000020     dsp_pe674.oe674 (.text:ti_sdo_ipc_notifyDrivers_NotifyDriverShm_Params__init__S)
                  c3026300    00000020     ipc.ae674 : Ipc.obj (.text:ti_sdo_ipc_notifyDrivers_NotifyDriverShm_disable__E)
                  c3026320    00000020               : Ipc.obj (.text:ti_sdo_ipc_notifyDrivers_NotifyDriverShm_enable__E)
                  c3026340    00000020     dsp_pe674.oe674 (.text:ti_sdo_ipc_notifyDrivers_NotifyDriverShm_sharedMemReq__E)
                  c3026360    00000020     dsp_pe674.oe674 (.text:ti_sdo_ipc_nsremote_NameServerRemoteNotify_Object__first__S)
                  c3026380    00000020     dsp_pe674.oe674 (.text:ti_sdo_ipc_nsremote_NameServerRemoteNotify_Object__next__S)
                  c30263a0    00000020     dsp_pe674.oe674 (.text:ti_sdo_ipc_nsremote_NameServerRemoteNotify_Params__init__S)
                  c30263c0    00000020     ipc.ae674 : Ipc.obj (.text:ti_sdo_ipc_nsremote_NameServerRemoteNotify_cbFxn__I)
                  c30263e0    00000020     dsp_pe674.oe674 (.text:ti_sdo_ipc_nsremote_NameServerRemoteNotify_get__E)
                  c3026400    00000020     ipc.ae674 : Ipc.obj (.text:ti_sdo_ipc_transports_TransportShmSetup_isRegistered__E)
                  c3026420    00000020     dsp_pe674.oe674 (.text:ti_sdo_ipc_transports_TransportShm_Params__init__S)
                  c3026440    00000020     dsp_pe674.oe674 (.text:ti_sdo_ipc_transports_TransportShm_close__E)
                  c3026460    00000020     ipc.ae674 : Ipc.obj (.text:ti_sdo_ipc_transports_TransportShm_close__F)
                  c3026480    00000020               : Ipc.obj (.text:ti_sdo_ipc_transports_TransportShm_control__E)
                  c30264a0    00000020               : Ipc.obj (.text:ti_sdo_ipc_transports_TransportShm_getStatus__E)
                  c30264c0    00000020               : Ipc.obj (.text:ti_sdo_ipc_transports_TransportShm_notifyFxn__I)
                  c30264e0    00000020     dsp_pe674.oe674 (.text:ti_sdo_ipc_transports_TransportShm_openByAddr__E)
                  c3026500    00000020     dsp_pe674.oe674 (.text:ti_sdo_ipc_transports_TransportShm_setErrFxn__E)
                  c3026520    00000020     ipc.ae674 : Ipc.obj (.text:ti_sdo_ipc_transports_TransportShm_setErrFxn__F)
                  c3026540    00000020     dsp_pe674.oe674 (.text:ti_sdo_ipc_transports_TransportShm_sharedMemReq__E)
                  c3026560    00000020     ipc.ae674 : Ipc.obj (.text:ti_sdo_utils_List_Instance_init__F)
                  c3026580    00000020     dsp_pe674.oe674 (.text:ti_sdo_utils_List_Object__destruct__S)
                  c30265a0    00000020     dsp_pe674.oe674 (.text:ti_sdo_utils_List_Object__get__S)
                  c30265c0    00000020     dsp_pe674.oe674 (.text:ti_sdo_utils_MultiProc_getClusterId__E)
                  c30265e0    00000020     ipc.ae674 : Ipc.obj (.text:ti_sdo_utils_MultiProc_getClusterId__F)
                  c3026600    00000020     dsp_pe674.oe674 (.text:ti_sdo_utils_NameServer_Module__startupDone__S)
                  c3026620    00000020     dsp_pe674.oe674 (.text:ti_sdo_utils_NameServer_Module_startup__E)
                  c3026640    00000020     dsp_pe674.oe674 (.text:ti_sdo_utils_NameServer_Object__first__S)
                  c3026660    00000020     dsp_pe674.oe674 (.text:ti_sdo_utils_NameServer_Object__next__S)
                  c3026680    00000020     dsp_pe674.oe674 (.text:ti_sdo_utils_NameServer_SetupProxy_attach__E)
                  c30266a0    00000020     dsp_pe674.oe674 (.text:ti_sdo_utils_NameServer_SetupProxy_detach__E)
                  c30266c0    00000020     dsp_pe674.oe674 (.text:ti_sdo_utils_NameServer_SetupProxy_sharedMemReq__E)
                  c30266e0    00000020     dsp_pe674.oe674 (.text:ti_sysbios_BIOS_RtsGateProxy_enter__E)
                  c3026700    00000020     dsp_pe674.oe674 (.text:ti_sysbios_BIOS_RtsGateProxy_leave__E)
                  c3026720    00000020     sysbios.ae674 : BIOS.obj (.text:ti_sysbios_BIOS_getThreadType__E)
                  c3026740    00000020                   : BIOS.obj (.text:ti_sysbios_BIOS_nullFunc__I)
                  c3026760    00000020                   : BIOS.obj (.text:ti_sysbios_BIOS_setThreadType__E)
                  c3026780    00000020                   : BIOS.obj (.text:ti_sysbios_BIOS_start__E)
                  c30267a0    00000020     dsp_pe674.oe674 (.text:ti_sysbios_family_c62_TaskSupport_Module__startupDone__S)
                  c30267c0    00000020     sysbios.ae674 : BIOS.obj (.text:ti_sysbios_family_c62_TaskSupport_checkStack__E)
                  c30267e0    00000020                   : BIOS.obj (.text:ti_sysbios_family_c62_TaskSupport_getStackAlignment__E)
                  c3026800    00000020     dsp_pe674.oe674 (.text:ti_sysbios_family_c64p_Cache_Module_startup__E)
                  c3026820    00000020     sysbios.ae674 : BIOS.obj (.text:ti_sysbios_family_c64p_Cache_invL1pAll__E)
                  c3026840    00000020                   : BIOS.obj (.text:ti_sysbios_family_c64p_Cache_inv__E)
                  c3026860    00000020                   : BIOS.obj (.text:ti_sysbios_family_c64p_Cache_wbInv__E)
                  c3026880    00000020                   : BIOS.obj (.text:ti_sysbios_family_c64p_Cache_wb__E)
                  c30268a0    00000020     dsp_pe674.oe674 (.text:ti_sysbios_family_c64p_Exception_Module_startup__E)
                  c30268c0    00000020     dsp_pe674.oe674 (.text:ti_sysbios_family_c64p_Hwi_Module__startupDone__S)
                  c30268e0    00000020     dsp_pe674.oe674 (.text:ti_sysbios_family_c64p_Hwi_Module_startup__E)
                  c3026900    00000020     dsp_pe674.oe674 (.text:ti_sysbios_family_c64p_Hwi_Params__init__S)
                  c3026920    00000020     sysbios.ae674 : BIOS.obj (.text:ti_sysbios_family_c64p_Hwi_clearInterrupt__E)
                  c3026940    00000020                   : BIOS.obj (.text:ti_sysbios_family_c64p_Hwi_getHandle__E)
                  c3026960    00000020                   : BIOS.obj (.text:ti_sysbios_family_c64p_Hwi_startup__E)
                  c3026980    00000020                   : BIOS.obj (.text:ti_sysbios_family_c64p_Hwi_switchFromBootStack__E)
                  c30269a0    00000020                   : BIOS.obj (.text:ti_sysbios_family_c64p_Hwi_unPluggedInterrupt__I)
                  c30269c0    00000020     dsp_pe674.oe674 (.text:ti_sysbios_family_c64p_TimestampProvider_Module_startup__E)
                  c30269e0    00000020     sysbios.ae674 : BIOS.obj (.text:ti_sysbios_family_c64p_TimestampProvider_Module_startup__F)
                  c3026a00    00000020                   : BIOS.obj (.text:ti_sysbios_family_c64p_TimestampProvider_get64__E)
                  c3026a20    00000020                   : BIOS.obj (.text:ti_sysbios_gates_GateAll_Instance_init__F)
                  c3026a40    00000020     dsp_pe674.oe674 (.text:ti_sysbios_gates_GateAll_query__E)
                  c3026a60    00000020     sysbios.ae674 : BIOS.obj (.text:ti_sysbios_gates_GateAll_query__F)
                  c3026a80    00000020                   : BIOS.obj (.text:ti_sysbios_gates_GateHwi_Instance_init__F)
                  c3026aa0    00000020                   : BIOS.obj (.text:ti_sysbios_gates_GateHwi_enter__E)
                  c3026ac0    00000020                   : BIOS.obj (.text:ti_sysbios_gates_GateHwi_leave__E)
                  c3026ae0    00000020     dsp_pe674.oe674 (.text:ti_sysbios_gates_GateHwi_query__E)
                  c3026b00    00000020     sysbios.ae674 : BIOS.obj (.text:ti_sysbios_gates_GateHwi_query__F)
                  c3026b20    00000020                   : BIOS.obj (.text:ti_sysbios_gates_GateMutexPri_Instance_finalize__F)
                  c3026b40    00000020     dsp_pe674.oe674 (.text:ti_sysbios_gates_GateMutexPri_query__E)
                  c3026b60    00000020     sysbios.ae674 : BIOS.obj (.text:ti_sysbios_gates_GateMutexPri_query__F)
                  c3026b80    00000020                   : BIOS.obj (.text:ti_sysbios_gates_GateMutex_Instance_finalize__F)
                  c3026ba0    00000020     dsp_pe674.oe674 (.text:ti_sysbios_gates_GateMutex_query__E)
                  c3026bc0    00000020     sysbios.ae674 : BIOS.obj (.text:ti_sysbios_gates_GateMutex_query__F)
                  c3026be0    00000020                   : BIOS.obj (.text:ti_sysbios_gates_GateSwi_Instance_init__F)
                  c3026c00    00000020                   : BIOS.obj (.text:ti_sysbios_gates_GateSwi_enter__E)
                  c3026c20    00000020                   : BIOS.obj (.text:ti_sysbios_gates_GateSwi_leave__E)
                  c3026c40    00000020     dsp_pe674.oe674 (.text:ti_sysbios_gates_GateSwi_query__E)
                  c3026c60    00000020     sysbios.ae674 : BIOS.obj (.text:ti_sysbios_gates_GateSwi_query__F)
                  c3026c80    00000020     dsp_pe674.oe674 (.text:ti_sysbios_hal_Cache_CacheProxy_inv__E)
                  c3026ca0    00000020     dsp_pe674.oe674 (.text:ti_sysbios_hal_Cache_CacheProxy_wbInv__E)
                  c3026cc0    00000020     dsp_pe674.oe674 (.text:ti_sysbios_hal_Cache_CacheProxy_wb__E)
                  c3026ce0    00000020     sysbios.ae674 : BIOS.obj (.text:ti_sysbios_hal_Cache_inv__E)
                  c3026d00    00000020                   : BIOS.obj (.text:ti_sysbios_hal_Cache_wbInv__E)
                  c3026d20    00000020                   : BIOS.obj (.text:ti_sysbios_hal_Cache_wb__E)
                  c3026d40    00000020     dsp_pe674.oe674 (.text:ti_sysbios_hal_Hwi_HwiProxy_Module__startupDone__S)
                  c3026d60    00000020     dsp_pe674.oe674 (.text:ti_sysbios_hal_Hwi_HwiProxy_Object__create__S)
                  c3026d80    00000020     dsp_pe674.oe674 (.text:ti_sysbios_hal_Hwi_HwiProxy_Object__delete__S)
                  c3026da0    00000020     dsp_pe674.oe674 (.text:ti_sysbios_hal_Hwi_HwiProxy_clearInterrupt__E)
                  c3026dc0    00000020     dsp_pe674.oe674 (.text:ti_sysbios_hal_Hwi_HwiProxy_disableInterrupt__E)
                  c3026de0    00000020     dsp_pe674.oe674 (.text:ti_sysbios_hal_Hwi_HwiProxy_enableInterrupt__E)
                  c3026e00    00000020     dsp_pe674.oe674 (.text:ti_sysbios_hal_Hwi_HwiProxy_getStackInfo__E)
                  c3026e20    00000020     dsp_pe674.oe674 (.text:ti_sysbios_hal_Hwi_HwiProxy_startup__E)
                  c3026e40    00000020     dsp_pe674.oe674 (.text:ti_sysbios_hal_Hwi_HwiProxy_switchFromBootStack__E)
                  c3026e60    00000020     sysbios.ae674 : BIOS.obj (.text:ti_sysbios_hal_Hwi_Instance_finalize__F)
                  c3026e80    00000020     dsp_pe674.oe674 (.text:ti_sysbios_hal_Hwi_Module_startup__E)
                  c3026ea0    00000020     sysbios.ae674 : BIOS.obj (.text:ti_sysbios_hal_Hwi_Module_startup__F)
                  c3026ec0    00000020     dsp_pe674.oe674 (.text:ti_sysbios_hal_Hwi_Params__init__S)
                  c3026ee0    00000020     sysbios.ae674 : BIOS.obj (.text:ti_sysbios_hal_Hwi_enableInterrupt__E)
                  c3026f00    00000020                   : BIOS.obj (.text:ti_sysbios_hal_Hwi_startup__E)
                  c3026f20    00000020     dsp_pe674.oe674 (.text:ti_sysbios_hal_Timer_Module__startupDone__S)
                  c3026f40    00000020     dsp_pe674.oe674 (.text:ti_sysbios_hal_Timer_Module_startup__E)
                  c3026f60    00000020     sysbios.ae674 : BIOS.obj (.text:ti_sysbios_hal_Timer_Module_startup__F)
                  c3026f80    00000020     dsp_pe674.oe674 (.text:ti_sysbios_hal_Timer_TimerProxy_Module__startupDone__S)
                  c3026fa0    00000020     dsp_pe674.oe674 (.text:ti_sysbios_hal_Timer_TimerProxy_getExpiredCounts__E)
                  c3026fc0    00000020     dsp_pe674.oe674 (.text:ti_sysbios_hal_Timer_TimerProxy_getPeriod__E)
                  c3026fe0    00000020     dsp_pe674.oe674 (.text:ti_sysbios_hal_Timer_TimerProxy_setNextTick__E)
                  c3027000    00000020     dsp_pe674.oe674 (.text:ti_sysbios_hal_Timer_TimerProxy_startup__E)
                  c3027020    00000020     sysbios.ae674 : BIOS.obj (.text:ti_sysbios_hal_Timer_startup__E)
                  c3027040    00000020     dsp_pe674.oe674 (.text:ti_sysbios_heaps_HeapMem_Module_GateProxy_enter__E)
                  c3027060    00000020     dsp_pe674.oe674 (.text:ti_sysbios_heaps_HeapMem_Module_GateProxy_leave__E)
                  c3027080    00000020     dsp_pe674.oe674 (.text:ti_sysbios_heaps_HeapMem_Module_GateProxy_query__E)
                  c30270a0    00000020     sysbios.ae674 : BIOS.obj (.text:ti_sysbios_heaps_HeapMem_isBlocking__E)
                  c30270c0    00000020     dsp_pe674.oe674 (.text:ti_sysbios_knl_Clock_Module_startup__E)
                  c30270e0    00000020     dsp_pe674.oe674 (.text:ti_sysbios_knl_Clock_Params__init__S)
                  c3027100    00000020     sysbios.ae674 : BIOS.obj (.text:ti_sysbios_knl_Clock_logTick__E)
                  c3027120    00000020                   : BIOS.obj (.text:ti_sysbios_knl_Idle_loop__E)
                  c3027140    00000020                   : BIOS.obj (.text:ti_sysbios_knl_Queue_Instance_init__F)
                  c3027160    00000020     dsp_pe674.oe674 (.text:ti_sysbios_knl_Queue_Object__destruct__S)
                  c3027180    00000020     dsp_pe674.oe674 (.text:ti_sysbios_knl_Queue_Object__get__S)
                  c30271a0    00000020     sysbios.ae674 : BIOS.obj (.text:ti_sysbios_knl_Queue_empty__E)
                  c30271c0    00000020                   : BIOS.obj (.text:ti_sysbios_knl_Semaphore_Instance_finalize__F)
                  c30271e0    00000020     dsp_pe674.oe674 (.text:ti_sysbios_knl_Semaphore_Params__init__S)
                  c3027200    00000020     sysbios.ae674 : BIOS.obj (.text:ti_sysbios_knl_Swi_Instance_finalize__F)
                  c3027220    00000020     dsp_pe674.oe674 (.text:ti_sysbios_knl_Swi_Module_startup__E)
                  c3027240    00000020     dsp_pe674.oe674 (.text:ti_sysbios_knl_Swi_Params__init__S)
                  c3027260    00000020     sysbios.ae674 : BIOS.obj (.text:ti_sysbios_knl_Swi_disable__E)
                  c3027280    00000020                   : BIOS.obj (.text:ti_sysbios_knl_Swi_startup__E)
                  c30272a0    00000020     dsp_pe674.oe674 (.text:ti_sysbios_knl_Task_Module_startup__E)
                  c30272c0    00000020     dsp_pe674.oe674 (.text:ti_sysbios_knl_Task_Object__first__S)
                  c30272e0    00000020     dsp_pe674.oe674 (.text:ti_sysbios_knl_Task_Object__next__S)
                  c3027300    00000020     dsp_pe674.oe674 (.text:ti_sysbios_knl_Task_Params__init__S)
                  c3027320    00000020     dsp_pe674.oe674 (.text:ti_sysbios_knl_Task_SupportProxy_Module__startupDone__S)
                  c3027340    00000020     dsp_pe674.oe674 (.text:ti_sysbios_knl_Task_SupportProxy_checkStack__E)
                  c3027360    00000020     dsp_pe674.oe674 (.text:ti_sysbios_knl_Task_SupportProxy_getStackAlignment__E)
                  c3027380    00000020     dsp_pe674.oe674 (.text:ti_sysbios_knl_Task_SupportProxy_start__E)
                  c30273a0    00000020     dsp_pe674.oe674 (.text:ti_sysbios_knl_Task_SupportProxy_swap__E)
                  c30273c0    00000020     sysbios.ae674 : BIOS.obj (.text:ti_sysbios_knl_Task_disable__E)
                  c30273e0    00000020                   : BIOS.obj (.text:ti_sysbios_knl_Task_getPri__E)
                  c3027400    00000020                   : BIOS.obj (.text:ti_sysbios_knl_Task_self__E)
                  c3027420    00000020                   : BIOS.obj (.text:ti_sysbios_knl_Task_startup__E)
                  c3027440    00000020                   : BIOS.obj (.text:ti_sysbios_syncs_SyncSem_Instance_finalize__F)
                  c3027460    00000020     dsp_pe674.oe674 (.text:ti_sysbios_syncs_SyncSem_query__E)
                  c3027480    00000020     sysbios.ae674 : BIOS.obj (.text:ti_sysbios_syncs_SyncSem_query__F)
                  c30274a0    00000020     dsp_pe674.oe674 (.text:ti_sysbios_syncs_SyncSem_signal__E)
[...]
c303a566   ti_sdo_ipc_gates_GatePeterson_Module__id__C
c303a576   ti_sdo_ipc_heaps_HeapBufMP_Module__id__C
c303a586   ti_sdo_ipc_heaps_HeapBufMP_trackAllocs__C
c303a594   ti_sdo_ipc_GateMP_E_localGate__C
c303a598   ti_sdo_ipc_Ipc_userFxns__A
c303a5a4   ti_sysbios_family_c64p_Cache_initSize__C
c303a5bc   ti_sdo_ipc_Ipc_E_internal__C
c303a5cc   ti_sdo_ipc_Ipc_E_nameFailed__C
c303a5dc   ti_sdo_ipc_Ipc_E_versionMismatch__C
c303a5ec   ti_sdo_ipc_Ipc_numUserFxns__C
c303a5fc   ti_sdo_ipc_Ipc_procSync__C
c303a60c   ti_sdo_ipc_Ipc_userFxns__C
c303a61a   ti_sdo_ipc_heaps_HeapMemMP_Module__id__C
c303a61c   ti_sdo_ipc_MessageQ_E_indexNotAvailable__C
c303a62a   ti_sdo_ipc_nsremote_NameServerRemoteNotify_Module__id__C
c303a62c   ti_sdo_ipc_MessageQ_E_maxReached__C
c303a63a   ti_sdo_ipc_transports_TransportShm_Module__id__C
c303a63c   ti_sdo_ipc_MessageQ_E_nameFailed__C
c303a64a   ti_sdo_ipc_transports_TransportShm_notifyEventId__C
c303a64c   ti_sdo_ipc_MessageQ_Instance_State_highList__O
c303a65a   ti_sdo_utils_MultiProc_numProcessors__C
c303a65c   ti_sdo_ipc_MessageQ_Instance_State_normalList__O
c303a66a   ti_sdo_utils_MultiProc_numProcsInCluster__C
c303a66c   ti_sdo_ipc_MessageQ_Object__count__C
c303a67a   ti_sdo_utils_NameServer_Module__id__C
c303a67c   ti_sdo_ipc_MessageQ_Object__heap__C
c303a698   ti_sdo_utils_MultiProc_nameList__A
c303a6a0   ti_sysbios_knl_Idle_coreList__C
c303a6a8   ti_sysbios_knl_Idle_funcList__C
c303a6b0   ti_sysbios_knl_Task_hooks__C
c303a6b8   xdc_runtime_Startup_firstFxns__A
c303a6c0   xdc_runtime_Startup_firstFxns__C
c303a6c8   xdc_runtime_Startup_lastFxns__C
c303a6d0   ti_sdo_ipc_MessageQ_maxRuntimeEntries__C
c303a6d4   ti_sdo_ipc_MessageQ_numReservedEntries__C
c303a6d8   ti_sdo_ipc_Notify_Module__gateObj__C
c303a6dc   ti_sdo_ipc_Notify_Object__heap__C
c303a6e0   ti_sdo_ipc_Notify_numEvents__C
c303a6e4   ti_sdo_ipc_Notify_sendEventPollCount__C
c303a6e8   ti_sdo_ipc_SharedRegion_INVALIDSRPTR__C
c303a6ec   ti_sdo_ipc_SharedRegion_numOffsetBits__C
c303a6f0   ti_sdo_ipc_SharedRegion_offsetMask__C
c303a6f4   ti_sdo_ipc_family_da830_NotifySetup_armRecvIntId0__C
c303a6f8   ti_sdo_ipc_family_da830_NotifySetup_armRecvIntId1__C
c303a6fc   ti_sdo_ipc_family_da830_NotifySetup_dspIntVectId0__C
c303a700   ti_sdo_ipc_family_da830_NotifySetup_dspIntVectId1__C
c303a704   ti_sdo_ipc_family_da830_NotifySetup_dspRecvIntId0__C
c303a708   ti_sdo_ipc_family_da830_NotifySetup_dspRecvIntId1__C
c303a70c   ti_sdo_ipc_gates_GatePeterson_E_gateRemotelyOpened__C
c303a710   ti_sdo_ipc_heaps_HeapBufMP_E_alignTooLarge__C
c303a714   ti_sdo_ipc_heaps_HeapBufMP_E_exactFail__C
c303a718   ti_sdo_ipc_heaps_HeapBufMP_E_noBlocksLeft__C
c303a71c   ti_sdo_ipc_heaps_HeapBufMP_E_sizeTooLarge__C
c303a720   ti_sdo_ipc_heaps_HeapMemMP_E_memory__C
c303a724   ti_sdo_ipc_interfaces_IGateMPSupport_Interface__BASE__C
c303a728   ti_sdo_ipc_interfaces_IMessageQTransport_Interface__BASE__C
c303a72c   ti_sdo_ipc_interfaces_INotifyDriver_Interface__BASE__C
c303a730   ti_sdo_ipc_notifyDrivers_NotifyDriverShm_Object__heap__C
c303a734   ti_sdo_ipc_nsremote_NameServerRemoteNotify_Instance_State_semMultiBlock__O
c303a738   ti_sdo_ipc_nsremote_NameServerRemoteNotify_Instance_State_semRemoteWait__O
c303a73c   ti_sdo_ipc_nsremote_NameServerRemoteNotify_Instance_State_swiObj__O
c303a740   ti_sdo_ipc_nsremote_NameServerRemoteNotify_notifyEventId__C
c303a744   ti_sdo_ipc_nsremote_NameServerRemoteNotify_timeout__C
c303a748   ti_sdo_ipc_transports_TransportShmSetup_priority__C
c303a74c   ti_sdo_ipc_transports_TransportShm_Instance_State_swiObj__O
c303a750   ti_sdo_utils_INameServerRemote_Interface__BASE__C
c303a754   ti_sdo_utils_MultiProc_nameList__C
c303a758   ti_sdo_utils_MultiProc_procIdList__A
c303a75c   ti_sdo_utils_MultiProc_procIdList__C
c303a760   ti_sdo_utils_NameServer_E_entryExists__C
c303a764   ti_sdo_utils_NameServer_E_maxReached__C
c303a768   ti_sdo_utils_NameServer_Instance_State_freeList__O
c303a76c   ti_sdo_utils_NameServer_Instance_State_nameList__O
c303a770   ti_sdo_utils_NameServer_Object__count__C
c303a774   ti_sysbios_BIOS_installedErrorHook__C
c303a778   ti_sysbios_family_c62_TaskSupport_stackAlignment__C
c303a77c   ti_sysbios_family_c64p_Cache_EMIFA_BASE__C
c303a780   ti_sysbios_family_c64p_Cache_EMIFA_CFG__C
c303a784   ti_sysbios_family_c64p_Cache_EMIFA_LENGTH__C
c303a788   ti_sysbios_family_c64p_Cache_EMIFB_BASE__C
c303a78c   ti_sysbios_family_c64p_Cache_EMIFB_CFG__C
c303a790   ti_sysbios_family_c64p_Cache_EMIFB_LENGTH__C
c303a794   ti_sysbios_family_c64p_Cache_EMIFC_BASE__C
c303a798   ti_sysbios_family_c64p_Cache_EMIFC_CFG__C
c303a79c   ti_sysbios_family_c64p_Cache_EMIFC_LENGTH__C
c303a7a0   ti_sysbios_family_c64p_Cache_MAR0_31__C
c303a7a4   ti_sysbios_family_c64p_Cache_MAR128_159__C
c303a7a8   ti_sysbios_family_c64p_Cache_MAR160_191__C
c303a7ac   ti_sysbios_family_c64p_Cache_MAR192_223__C
c303a7b0   ti_sysbios_family_c64p_Cache_MAR224_255__C
c303a7b4   ti_sysbios_family_c64p_Cache_MAR32_63__C
c303a7b8   ti_sysbios_family_c64p_Cache_MAR64_95__C
c303a7bc   ti_sysbios_family_c64p_Cache_MAR96_127__C
c303a7c0   ti_sysbios_family_c64p_Exception_E_exceptionMax__C
c303a7c4   ti_sysbios_family_c64p_Exception_E_exceptionMin__C
c303a7c8   ti_sysbios_family_c64p_Exception_exceptionHook__C
c303a7cc   ti_sysbios_family_c64p_Exception_externalHook__C
c303a7d0   ti_sysbios_family_c64p_Exception_internalHook__C
c303a7d4   ti_sysbios_family_c64p_Exception_nmiHook__C
c303a7d8   ti_sysbios_family_c64p_Hwi_E_alreadyDefined__C
c303a7dc   ti_sysbios_family_c64p_Hwi_E_handleNotFound__C
c303a7e0   ti_sysbios_gates_GateMutexPri_Instance_State_pendQ__O
c303a7e4   ti_sysbios_gates_GateMutex_Instance_State_sem__O
c303a7e8   ti_sysbios_hal_Hwi_E_stackOverflow__C
c303a7ec   ti_sysbios_heaps_HeapMem_E_memory__C
c303a7f0   ti_sysbios_heaps_HeapMem_Module__gateObj__C
c303a7f4   ti_sysbios_heaps_HeapMem_Object__count__C
c303a7f8   ti_sysbios_heaps_HeapMem_reqAlign__C
c303a7fc   ti_sysbios_knl_Clock_Module_State_clockQ__O
c303a800   ti_sysbios_knl_Clock_tickMode__C
c303a804   ti_sysbios_knl_Clock_tickPeriod__C
c303a808   ti_sysbios_knl_Clock_tickSource__C
c303a80c   ti_sysbios_knl_Semaphore_Instance_State_pendQ__O
c303a810   ti_sysbios_knl_Idle_coreList__A
c303a814   ti_sysbios_knl_Swi_Object__count__C
c303a818   ti_sysbios_knl_Idle_funcList__A
c303a81c   ti_sysbios_knl_Swi_numPriorities__C
c303a820   ti_sysbios_knl_Task_E_deleteNotAllowed__C
c303a824   ti_sysbios_knl_Task_E_spOutOfBounds__C
c303a828   ti_sysbios_knl_Task_E_stackOverflow__C
c303a82c   ti_sysbios_knl_Task_Module_State_inactiveQ__O
c303a830   ti_sysbios_knl_Task_Module_State_terminatedQ__O
c303a834   ti_sysbios_knl_Task_Object__count__C
c303a838   ti_sysbios_knl_Task_Object__heap__C
c303a83c   ti_sysbios_knl_Task_allBlockedFunc__C
c303a840   ti_sysbios_knl_Task_defaultStackHeap__C
c303a844   ti_sysbios_knl_Task_defaultStackSize__C
c303a848   ti_sysbios_knl_Task_numConstructedTasks__C
c303a84c   ti_sysbios_timers_timer64_Timer_E_cannotSupport__C
c303a850   ti_sysbios_timers_timer64_Timer_E_invalidTimer__C
c303a854   ti_sysbios_timers_timer64_Timer_E_notAvailable__C
c303a858   ti_sysbios_timers_timer64_Timer_anyMask__C
c303a85c   ti_sysbios_timers_timer64_Timer_defaultHalf__C
c303a860   ti_sysbios_timers_timer64_Timer_freqDivisor__C
c303a864   ti_sysbios_timers_timer64_Timer_numLocalTimers__C
c303a868   ti_sysbios_timers_timer64_Timer_numTimerDevices__C
c303a86c   ti_sysbios_xdcruntime_GateThreadSupport_Instance_State_gate__O
c303a870   xdc_runtime_Assert_E_assertFailed__C
c303a874   xdc_runtime_Core_A_initializedParams__C
c303a878   xdc_runtime_Core_Module__diagsEnabled__C
c303a87c   xdc_runtime_Core_Module__diagsIncluded__C
c303a880   xdc_runtime_Core_Module__diagsMask__C
c303a884   xdc_runtime_Diags_dictBase__C
c303a888   xdc_runtime_Error_E_memory__C
c303a88c   xdc_runtime_Error_Module__diagsEnabled__C
c303a890   xdc_runtime_Error_Module__diagsIncluded__C
c303a894   xdc_runtime_Error_Module__diagsMask__C
c303a898   xdc_runtime_Error_Module__loggerFxn8__C
c303a89c   xdc_runtime_Error_Module__loggerObj__C
c303a8a0   xdc_runtime_Error_policy__C
c303a8a4   xdc_runtime_Error_raiseHook__C
c303a8a8   xdc_runtime_IFilterLogger_Interface__BASE__C
c303a8ac   xdc_runtime_IGateProvider_Interface__BASE__C
c303a8b0   xdc_runtime_IHeap_Interface__BASE__C
c303a8b4   xdc_runtime_ILogger_Interface__BASE__C
c303a8b8   xdc_runtime_IModule_Interface__BASE__C
c303a8bc   xdc_runtime_Log_L_error__C
c303a8c0   xdc_runtime_LoggerBuf_E_badLevel__C
c303a8c4   xdc_runtime_LoggerBuf_Module__gateObj__C
c303a8c8   xdc_runtime_LoggerBuf_Object__count__C
c303a8cc   xdc_runtime_LoggerBuf_statusLogger__C
c303a8d0   xdc_runtime_Memory_defaultHeapInstance__C
c303a8d4   xdc_runtime_Registry_Module__diagsEnabled__C
c303a8d8   xdc_runtime_Registry_Module__diagsIncluded__C
c303a8dc   xdc_runtime_Registry_Module__diagsMask__C
c303a8e0   xdc_runtime_Registry_Module__loggerFxn1__C
c303a8e4   xdc_runtime_Registry_Module__loggerFxn2__C
c303a8e8   xdc_runtime_Registry_Module__loggerFxn4__C
c303a8ec   xdc_runtime_Registry_Module__loggerObj__C
c303a8f0   xdc_runtime_Startup_execImpl__C
c303a8f4   xdc_runtime_Startup_maxPasses__C
c303a8f8   xdc_runtime_Startup_lastFxns__A
c303a8fc   xdc_runtime_Startup_sfxnRts__C
c303a900   xdc_runtime_Startup_sfxnTab__C
c303a904   xdc_runtime_SysMin_bufSize__C
c303a908   xdc_runtime_SysMin_outputFunc__C
c303a90c   xdc_runtime_System_Module__gateObj__C
c303a910   xdc_runtime_System_extendFxn__C
c303a914   xdc_runtime_System_maxAtexitHandlers__C
c303a918   xdc_runtime_Text_charTab__C
c303a91c   xdc_runtime_Text_nameEmpty__C
c303a920   xdc_runtime_Text_nameStatic__C
c303a924   xdc_runtime_Text_nameUnknown__C
c303a928   xdc_runtime_Text_nodeTab__C
c303a92c   xdc_runtime_Text_visitRopeFxn__C
c303a930   xdc_runtime_knl_ISync_Interface__BASE__C
c303a934   ti_sdo_utils_NameServer_singleProcessor__C
c303a936   ti_sysbios_family_c64p_Exception_Module__id__C
c303a938   ti_sysbios_family_c64p_Exception_enableExternalMPC__C
c303a93a   ti_sysbios_family_c64p_Exception_enablePrint__C
c303a93c   ti_sysbios_family_c64p_Exception_useInternalBuffer__C
c303a93e   ti_sysbios_family_c64p_Hwi_Module__id__C
c303a940   ti_sysbios_hal_Hwi_Module__id__C
c303a942   ti_sysbios_heaps_HeapMem_Module__id__C
c303a944   ti_sysbios_knl_Task_Module__id__C
c303a946   ti_sysbios_knl_Task_deleteTerminatedTasks__C
c303a948   ti_sysbios_knl_Task_initStackFlag__C
c303a94a   ti_sysbios_timers_timer64_Timer_Module__id__C
c303a94c   ti_sysbios_timers_timer64_Timer_startupNeeded__C
c303a94e   xdc_runtime_Core_Module__id__C
c303a950   xdc_runtime_Diags_setMaskEnabled__C
c303a952   xdc_runtime_Error_Module__loggerDefined__C
c303a954   xdc_runtime_Error_maxDepth__C
c303a956   xdc_runtime_LoggerBuf_Module__id__C
c303a958   xdc_runtime_LoggerBuf_filterByLevel__C
c303a95a   xdc_runtime_Memory_Module__id__C
c303a95c   xdc_runtime_Registry_Module__loggerDefined__C
c303a95e   xdc_runtime_SysMin_flushAtExit__C
c303a960   xdc_runtime_Text_charCnt__C
c303a962   xdc_runtime_Text_isLoaded__C
c303a964   xdc_runtime_Text_registryModsLastId__C
c303a966   xdc_runtime_Text_unnamedModsLastId__C
c303a968   ti_sdo_ipc_GateMP_Module_State_0_remoteSystemGates__A
c303b168   ti_sdo_ipc_GateMP_Module__root__V
c303b174   ti_sdo_ipc_GateMP_Module__state__V
c303b1bc   ti_sdo_ipc_Ipc_Module__root__V
c303b1c0   ti_sdo_ipc_Ipc_Module__state__V
c303b1cc   ti_sdo_ipc_ListMP_Module__root__V
c303b1d8   ti_sdo_ipc_ListMP_Module__state__V
c303b1dc   ti_sdo_ipc_MessageQ_Module__root__V
c303b1e8   ti_sdo_ipc_MessageQ_Module__state__V
c303b208   ti_sdo_ipc_Notify_Module__root__V
c303b214   ti_sdo_ipc_Notify_Module__state__V
c303b21c   ti_sdo_ipc_SharedRegion_Module__root__V
c303b220   ti_sdo_ipc_SharedRegion_Module__state__V
c303b224   ti_sdo_ipc_family_da830_InterruptDsp_Module__root__V
c303b226   ti_sdo_ipc_family_da830_NotifySetup_Module__root__V
c303b228   ti_sdo_ipc_gates_GateMPSupportNull_Module__root__V
c303b234   ti_sdo_ipc_gates_GatePeterson_Module__root__V
c303b240   ti_sdo_ipc_heaps_HeapBufMP_Module__root__V
c303b24c   ti_sdo_ipc_heaps_HeapBufMP_Module__state__V
c303b250   ti_sdo_ipc_heaps_HeapMemMP_Module__root__V
c303b25c   ti_sdo_ipc_heaps_HeapMemMP_Module__state__V
c303b260   ti_sdo_ipc_notifyDrivers_NotifyDriverShm_Module__root__V
c303b26c   ti_sdo_ipc_nsremote_NameServerRemoteNotify_Module__root__V
c303b278   ti_sdo_ipc_transports_TransportShm_Module__root__V
c303b284   ti_sdo_ipc_transports_TransportShmSetup_Module__root__V
c303b288   ti_sdo_ipc_transports_TransportShmSetup_Module__state__V
c303b28c   ti_sdo_utils_List_Module__root__V
c303b298   ti_sdo_utils_MultiProc_Module__root__V
c303b29a   ti_sdo_utils_MultiProc_Module__state__V
c303b2a0   ti_sdo_utils_NameServer_Module__root__V
c303b2ac   ti_sdo_utils_NameServer_Module__state__V
c303b2b4   ti_sdo_utils_NameServerRemoteNull_Module__root__V
c303b2c0   ti_sysbios_BIOS_Module__root__V
c303b2c4   ti_sysbios_BIOS_Module__state__V
c303b2e4   ti_sysbios_family_c62_IntrinsicsSupport_Module__root__V
c303b2e6   ti_sysbios_family_c62_TaskSupport_Module__root__V
c303b2e8   ti_sysbios_family_c64p_Cache_Module__root__V
c303b2ec   ti_sysbios_family_c64p_Cache_Module__state__V
c303b2f0   ti_sysbios_family_c64p_Exception_Module__root__V
c303b2f4   ti_sysbios_family_c64p_Exception_Module__state__V
c303b324   ti_sysbios_family_c64p_Hwi_Module__root__V
c303b330   ti_sysbios_family_c64p_Hwi_Module__state__V
c303b398   ti_sysbios_family_c64p_primus_TimerSupport_Module__root__V
c303b39c   ti_sysbios_family_c64p_primus_TimerSupport_Module__state__V
c303b3a0   ti_sysbios_gates_GateAll_Module__root__V
c303b3ac   ti_sysbios_gates_GateHwi_Module__root__V
c303b3b8   ti_sysbios_gates_GateMutex_Module__root__V
c303b3c4   ti_sysbios_gates_GateMutexPri_Module__root__V
c303b3d0   ti_sysbios_gates_GateSwi_Module__root__V
c303b3dc   ti_sysbios_hal_Cache_Module__root__V
c303b3e0   ti_sysbios_hal_Hwi_Module__root__V
c303b3ec   ti_sysbios_hal_Timer_Module__root__V
c303b3f8   ti_sysbios_heaps_HeapMem_Module__root__V
c303b404   ti_sysbios_knl_Clock_Module__root__V
c303b410   ti_sysbios_knl_Clock_Module__state__V
c303b438   ti_sysbios_knl_Idle_Module__root__V
c303b43a   ti_sysbios_knl_Intrinsics_Module__root__V
c303b43c   ti_sysbios_knl_Queue_Module__root__V
c303b448   ti_sysbios_knl_Semaphore_Module__root__V
c303b454   ti_sysbios_knl_Swi_Module__root__V
c303b460   ti_sysbios_knl_Swi_Module__state__V
c303b47c   ti_sysbios_knl_Task_Module__root__V
c303b488   ti_sysbios_knl_Task_Module__state__V
c303b4cc   ti_sysbios_syncs_SyncSem_Module__root__V
c303b4d8   ti_sysbios_timers_timer64_Timer_Module__root__V
c303b4e4   ti_sysbios_timers_timer64_Timer_Module__state__V
c303b4f8   ti_sysbios_xdcruntime_GateThreadSupport_Module__root__V
c303b504   xdc_runtime_Defaults_Module__root__V
c303b506   xdc_runtime_Error_Module__root__V
c303b508   xdc_runtime_Error_Module__state__V
c303b50c   xdc_runtime_GateNull_Module__root__V
c303b514   xdc_runtime_LoggerBuf_Module__root__V
c303b51c   xdc_runtime_LoggerBuf_Module__state__V
c303b522   xdc_runtime_Main_Module__root__V
c303b524   xdc_runtime_Memory_Module__state__V
c303b528   xdc_runtime_Registry_Module__root__V
c303b52c   xdc_runtime_Registry_Module__state__V
c303b534   xdc_runtime_Startup_Module__state__V
c303b53c   xdc_runtime_SysMin_Module__state__V
c303b548   xdc_runtime_System_Module__state__V
c303b554   xdc_runtime_Text_Module__state__V
c303b55c   xdc_runtime_knl_GateThread_Module__root__V
c303b568   __xdc__init__addr
c303b570   Cw
c303b770   xdc_runtime_Diags_dictElems
c303b910   ti_sdo_utils_NameServer_Object__table__V
c303ba28   ti_sdo_ipc_SharedRegion_Module_State_0_regions__A
c303bab8   ti_sysbios_knl_Swi_Module_State_0_readyQ__A
c303bb38   ti_sysbios_knl_Task_Module_State_0_readyQ__A
c303bbb8   ti_sysbios_timers_timer64_Timer_Module_State_0_device__A
c303bc18   TSK_idle
c303bc18   ti_sysbios_knl_Task_Object__table__V
c303bc64   __errno
c303bc64   errno
c303bc68   ti_sysbios_timers_timer64_Timer_Object__table__V
c303bcb8   brev
c303bcf8   ti_sysbios_gates_GateMutex_Object__table__V
c303bd38   ti_sysbios_knl_Swi_Object__table__V
c303bd68   ti_sdo_ipc_Ipc_Module_State_0_procEntry__A
c303bd90   xdc_runtime_LoggerBuf_Object__table__V
c303bdb8   ti_sdo_ipc_MessageQ_Module_State_0_heaps__A
c303bdd8   ti_sysbios_timers_timer64_Timer_Module_State_0_gctrl__A
c303bdf8   ti_sysbios_timers_timer64_Timer_Module_State_0_handles__A
c303be18   ti_sysbios_timers_timer64_Timer_Module_State_0_intFreqs__A
c303be38   xdc_runtime_System_Module_State_0_atexitHandlers__A
c303be58   ti_sysbios_family_c64p_Hwi_Object__table__V
c303be70   ti_sysbios_gates_GateMutexPri_Object__table__V
c303be88   ti_sysbios_heaps_HeapMem_Object__table__V
c303bea0   findindex
c303beb0   ti_sdo_ipc_MessageQ_Module_State_0_transports__A
c303bec0   ti_sysbios_gates_GateAll_Object__table__V
c303bf0c   _cleanup_ptr
c303bf10   _dtors_ptr
c303bf14   __TI_enable_exit_profile_output
c303bf18   ti_sysbios_gates_GateSwi_Object__table__V
c303bf24   _lock
c303bf28   _unlock
c303bf30   ti_sdo_ipc_Notify_Module_State_0_notifyHandles__A
c303bf38   ti_sdo_ipc_transports_TransportShmSetup_Module_State_0_handles__A
c303bf40   ti_sysbios_family_c64p_primus_TimerSupport_Module_State_0_suspSrc__A
c303bf48   ti_sysbios_hal_Hwi_Object__table__V
c303bf50   ti_sysbios_hal_Timer_Object__table__V
c303bf58   ti_sdo_ipc_GateMP_Module_State_0_remoteCustom2Gates__A
c303bf60   ti_sdo_ipc_Notify_Module_State_0_notifyHandles_0__A
c303bf68   ti_sdo_ipc_Notify_Module_State_0_notifyHandles_1__A
c303bf70   ti_sysbios_gates_GateHwi_Object__table__V
c303bf78   ti_sysbios_knl_Task_Module_State_0_idleTask__A
c303bf80   xdc_runtime_GateNull_Object__table__V
c303bfa8   _stack
c303cfa8   __TI_STACK_END
c303d000   ti_sysbios_family_c64p_Hwi0
c303d000   ti_sysbios_family_c64p_Hwi_int0
c303d020   ti_sysbios_family_c64p_Hwi_int1
c303d040   ti_sysbios_family_c64p_Hwi_int2
c303d060   ti_sysbios_family_c64p_Hwi_int3
c303d080   ti_sysbios_family_c64p_Hwi_int4
c303d0a0   ti_sysbios_family_c64p_Hwi_int5
c303d0c0   ti_sysbios_family_c64p_Hwi_int6
c303d0e0   ti_sysbios_family_c64p_Hwi_int7
c303d100   ti_sysbios_family_c64p_Hwi_int8
c303d120   ti_sysbios_family_c64p_Hwi_int9
c303d140   ti_sysbios_family_c64p_Hwi_int10
c303d160   ti_sysbios_family_c64p_Hwi_int11
c303d180   ti_sysbios_family_c64p_Hwi_int12
c303d1a0   ti_sysbios_family_c64p_Hwi_int13
c303d1c0   ti_sysbios_family_c64p_Hwi_int14
c303d1e0   ti_sysbios_family_c64p_Hwi_int15
c303d330   __CIOBUF_
c303d450   __c_args__
c303d4b4   LEDDATA
c303d4b4   __TI_STATIC_BASE
c303d4b8   Timer3
c303d4bc   SecondClock
c303d4c0   faqueue
c303d4c4   fasem
c303d4c8   tickets
c303d4cc   distance
c303d4d0   towards
c303d4d4   FGflag
c303d4d8   yxstatus
c303d4dc   Syslink_terminateEventId
c303d4e0   Syslink_terminateEventLineId
c303d800   _Ipc_ResetVector
c303d808   Ipc_sr0MemorySetup
ffffffff   __TI_pprof_out_hndl
ffffffff   __TI_prof_data_size
ffffffff   __TI_prof_data_start
ffffffff   __binit__
ffffffff   binit
UNDEFED    __TI_CINIT_Base
UNDEFED    __TI_CINIT_Limit
UNDEFED    __TI_Handler_Table_Base
UNDEFED    __TI_Handler_Table_Limit
UNDEFED    __TI_INITARRAY_Base
UNDEFED    __TI_INITARRAY_Limit

[1443 symbols]


DYNAMIC SYMBOLS: SORTED ALPHABETICALLY BY Name 

address    name
--------   ----
UNDEFED    
c303bc18   TSK_idle
c303d800   _Ipc_ResetVector
c303cfa8   __TI_STACK_END
00001000   __TI_STACK_SIZE
c303d4b4   __TI_STATIC_BASE
ffffffff   __TI_pprof_out_hndl
ffffffff   __TI_prof_data_size
ffffffff   __TI_prof_data_start
ffffffff   __binit__
c303d450   __c_args__
00000064   _argsize
ffffffff   binit
00000001   xdc_runtime_Startup__EXECFXN__C
00000001   xdc_runtime_Startup__RESETFXN__C

[15 symbols]


IMPORTED and EXPORTED SYMBOLS: SORTED ALPHABETICALLY BY Name 

IMPORTED SYMBOLS

name                           size      Imported from
-----------------------------  --------  -------------

[0 symbols]


EXPORTED SYMBOLS

address    name
--------   ----
c303d800   _Ipc_ResetVector
