Archive member included because of file (symbol)

/home/think/ti/syslink_2_21_01_05/packages/ti/syslink/lib/syslink.a_release(SharedRegion.o)
                              bin/release/obj/sharearea.ov5T (SharedRegion_getSRPtr)
/home/think/ti/syslink_2_21_01_05/packages/ti/syslink/lib/syslink.a_release(Notify.o)
                              bin/release/obj/sharearea.ov5T (Notify_sendEvent)
/home/think/ti/syslink_2_21_01_05/packages/ti/syslink/lib/syslink.a_release(MessageQ.o)
                              bin/release/obj/sharearea.ov5T (MessageQ_setReplyQueue)
/home/think/ti/syslink_2_21_01_05/packages/ti/syslink/lib/syslink.a_release(Ipc.o)
                              bin/release/obj/arm_main.ov5T (Ipc_control)
/home/think/ti/syslink_2_21_01_05/packages/ti/syslink/lib/syslink.a_release(RingIO.o)
                              /home/think/ti/syslink_2_21_01_05/packages/ti/syslink/lib/syslink.a_release(Ipc.o) (RingIO_destroy)
/home/think/ti/syslink_2_21_01_05/packages/ti/syslink/lib/syslink.a_release(RingIOShm.o)
                              /home/think/ti/syslink_2_21_01_05/packages/ti/syslink/lib/syslink.a_release(Ipc.o) (RingIOShm_destroy)
/home/think/ti/syslink_2_21_01_05/packages/ti/syslink/lib/syslink.a_release(FrameQ.o)
                              /home/think/ti/syslink_2_21_01_05/packages/ti/syslink/lib/syslink.a_release(Ipc.o) (FrameQ_destroy)
/home/think/ti/syslink_2_21_01_05/packages/ti/syslink/lib/syslink.a_release(FrameQBufMgr.o)
                              /home/think/ti/syslink_2_21_01_05/packages/ti/syslink/lib/syslink.a_release(FrameQ.o) (FrameQBufMgr_getHandle)
/home/think/ti/syslink_2_21_01_05/packages/ti/syslink/lib/syslink.a_release(ClientNotifyMgr.o)
                              /home/think/ti/syslink_2_21_01_05/packages/ti/syslink/lib/syslink.a_release(RingIO.o) (ClientNotifyMgr_sendForceNotificationMulti)
/home/think/ti/syslink_2_21_01_05/packages/ti/syslink/lib/syslink.a_release(HeapMemMP.o)
                              /home/think/ti/syslink_2_21_01_05/packages/ti/syslink/lib/syslink.a_release(Ipc.o) (HeapMemMP_destroy)
/home/think/ti/syslink_2_21_01_05/packages/ti/syslink/lib/syslink.a_release(HeapBufMP.o)
                              bin/release/obj/sharearea.ov5T (HeapBufMP_delete)
/home/think/ti/syslink_2_21_01_05/packages/ti/syslink/lib/syslink.a_release(GateMP.o)
                              /home/think/ti/syslink_2_21_01_05/packages/ti/syslink/lib/syslink.a_release(RingIO.o) (GateMP_getKnlHandle)
/home/think/ti/syslink_2_21_01_05/packages/ti/syslink/lib/syslink.a_release(SharedRegionDrv.o)
                              /home/think/ti/syslink_2_21_01_05/packages/ti/syslink/lib/syslink.a_release(SharedRegion.o) (SharedRegionDrv_ioctl)
/home/think/ti/syslink_2_21_01_05/packages/ti/syslink/lib/syslink.a_release(NotifyDrvUsr.o)
                              /home/think/ti/syslink_2_21_01_05/packages/ti/syslink/lib/syslink.a_release(Notify.o) (NotifyDrvUsr_ioctl)
/home/think/ti/syslink_2_21_01_05/packages/ti/syslink/lib/syslink.a_release(HeapBufMPDrv.o)
                              /home/think/ti/syslink_2_21_01_05/packages/ti/syslink/lib/syslink.a_release(HeapBufMP.o) (HeapBufMPDrv_ioctl)
/home/think/ti/syslink_2_21_01_05/packages/ti/syslink/lib/syslink.a_release(MessageQDrv.o)
                              /home/think/ti/syslink_2_21_01_05/packages/ti/syslink/lib/syslink.a_release(MessageQ.o) (MessageQDrv_ioctl)
/home/think/ti/syslink_2_21_01_05/packages/ti/syslink/lib/syslink.a_release(IpcDrv.o)
                              /home/think/ti/syslink_2_21_01_05/packages/ti/syslink/lib/syslink.a_release(Ipc.o) (IpcDrv_ioctl)
/home/think/ti/syslink_2_21_01_05/packages/ti/syslink/lib/syslink.a_release(FrameQDrv.o)
                              /home/think/ti/syslink_2_21_01_05/packages/ti/syslink/lib/syslink.a_release(FrameQ.o) (FrameQDrv_ioctl)
/home/think/ti/syslink_2_21_01_05/packages/ti/syslink/lib/syslink.a_release(FrameQBufMgrDrv.o)
                              /home/think/ti/syslink_2_21_01_05/packages/ti/syslink/lib/syslink.a_release(FrameQBufMgr.o) (FrameQBufMgrDrv_ioctl)
/home/think/ti/syslink_2_21_01_05/packages/ti/syslink/lib/syslink.a_release(ClientNotifyMgrDrv.o)
                              /home/think/ti/syslink_2_21_01_05/packages/ti/syslink/lib/syslink.a_release(ClientNotifyMgr.o) (ClientNotifyMgrDrv_ioctl)
/home/think/ti/syslink_2_21_01_05/packages/ti/syslink/lib/syslink.a_release(RingIODrv.o)
                              /home/think/ti/syslink_2_21_01_05/packages/ti/syslink/lib/syslink.a_release(RingIO.o) (RingIODrv_ioctl)
/home/think/ti/syslink_2_21_01_05/packages/ti/syslink/lib/syslink.a_release(RingIOShmDrv.o)
                              /home/think/ti/syslink_2_21_01_05/packages/ti/syslink/lib/syslink.a_release(RingIOShm.o) (RingIOShmDrv_ioctl)
/home/think/ti/syslink_2_21_01_05/packages/ti/syslink/lib/syslink.a_release(HeapMemMPDrv.o)
[...]
Memory Configuration

Name             Origin             Length             Attributes
*default*        0x00000000         0xffffffff

Linker script and memory map

LOAD /home/think/l138/arm-2009q1/bin/../arm-none-linux-gnueabi/libc/usr/lib/crt1.o
LOAD /home/think/l138/arm-2009q1/bin/../arm-none-linux-gnueabi/libc/usr/lib/crti.o
LOAD /home/think/l138/arm-2009q1/bin/../lib/gcc/arm-none-linux-gnueabi/4.3.3/crtbegin.o
LOAD bin/release/obj/arm_main.ov5T
LOAD bin/release/obj/iec101.ov5T
LOAD bin/release/obj/iec104.ov5T
LOAD bin/release/obj/sharearea.ov5T
LOAD bin/release/obj/common.ov5T
LOAD bin/release/obj/monitorpc.ov5T
LOAD bin/release/obj/readconfig.ov5T
LOAD bin/release/obj/readsysconfig.ov5T
LOAD bin/release/obj/nand_rw.ov5T
LOAD bin/release/obj/DL_101.ov5T
LOAD /home/think/ti/syslink_2_21_01_05/packages/ti/syslink/lib/syslink.a_release
LOAD /home/think/l138/arm-2009q1/bin/../arm-none-linux-gnueabi/libc/usr/lib/libpthread.so
START GROUP
LOAD /home/think/l138/arm-2009q1/bin/../arm-none-linux-gnueabi/libc/lib/libpthread.so.0
LOAD /home/think/l138/arm-2009q1/bin/../arm-none-linux-gnueabi/libc/usr/lib/libpthread_nonshared.a
END GROUP
LOAD /home/think/l138/arm-2009q1/bin/../arm-none-linux-gnueabi/libc/usr/lib/libc.so
START GROUP
LOAD /home/think/l138/arm-2009q1/bin/../arm-none-linux-gnueabi/libc/lib/libc.so.6
LOAD /home/think/l138/arm-2009q1/bin/../arm-none-linux-gnueabi/libc/usr/lib/libc_nonshared.a
LOAD /home/think/l138/arm-2009q1/bin/../arm-none-linux-gnueabi/libc/lib/ld-linux.so.3
END GROUP
LOAD /home/think/l138/arm-2009q1/bin/../arm-none-linux-gnueabi/libc/usr/lib/librt.so
LOAD /home/think/l138/arm-2009q1/bin/../lib/gcc/arm-none-linux-gnueabi/4.3.3/libgcc.a
LOAD /home/think/l138/arm-2009q1/bin/../arm-none-linux-gnueabi/libc/lib/libgcc_s.so
LOAD /home/think/l138/arm-2009q1/bin/../arm-none-linux-gnueabi/libc/usr/lib/libc.so
START GROUP
LOAD /home/think/l138/arm-2009q1/bin/../arm-none-linux-gnueabi/libc/lib/libc.so.6
LOAD /home/think/l138/arm-2009q1/bin/../arm-none-linux-gnueabi/libc/usr/lib/libc_nonshared.a
LOAD /home/think/l138/arm-2009q1/bin/../arm-none-linux-gnueabi/libc/lib/ld-linux.so.3
END GROUP
LOAD /home/think/l138/arm-2009q1/bin/../lib/gcc/arm-none-linux-gnueabi/4.3.3/libgcc.a
LOAD /home/think/l138/arm-2009q1/bin/../arm-none-linux-gnueabi/libc/lib/libgcc_s.so
LOAD /home/think/l138/arm-2009q1/bin/../lib/gcc/arm-none-linux-gnueabi/4.3.3/crtend.o
LOAD /home/think/l138/arm-2009q1/bin/../arm-none-linux-gnueabi/libc/usr/lib/crtn.o
                0x00008000                PROVIDE (__executable_start, 0x8000)
                0x00008134                . = (0x8000 + SIZEOF_HEADERS)

.interp         0x00008134       0x13
 *(.interp)
 .interp        0x00008134       0x13 /home/think/l138/arm-2009q1/bin/../arm-none-linux-gnueabi/libc/usr/lib/crti.o

.note.ABI-tag   0x00008148       0x20
 .note.ABI-tag  0x00008148       0x20 /home/think/l138/arm-2009q1/bin/../arm-none-linux-gnueabi/libc/usr/lib/crt1.o

.note.gnu.build-id
 *(.note.gnu.build-id)

.hash           0x00008168      0x37c
 *(.hash)
 .hash          0x00008168      0x37c /home/think/l138/arm-2009q1/bin/../arm-none-linux-gnueabi/libc/usr/lib/crti.o

.gnu.hash
 *(.gnu.hash)

.dynsym         0x000084e4      0x7c0
 *(.dynsym)
 .dynsym        0x000084e4      0x7c0 /home/think/l138/arm-2009q1/bin/../arm-none-linux-gnueabi/libc/usr/lib/crti.o

.dynstr         0x00008ca4      0x4fc
 *(.dynstr)
 .dynstr        0x00008ca4      0x4fc /home/think/l138/arm-2009q1/bin/../arm-none-linux-gnueabi/libc/usr/lib/crti.o

.gnu.version    0x000091a0       0xf8
 *(.gnu.version)
 .gnu.version   0x000091a0       0xf8 /home/think/l138/arm-2009q1/bin/../arm-none-linux-gnueabi/libc/usr/lib/crti.o

.gnu.version_d  0x00009298        0x0
 *(.gnu.version_d)
 .gnu.version_d
                0x00000000        0x0 /home/think/l138/arm-2009q1/bin/../arm-none-linux-gnueabi/libc/usr/lib/crti.o

.gnu.version_r  0x00009298       0x60
 *(.gnu.version_r)
 .gnu.version_r
                0x00009298       0x60 /home/think/l138/arm-2009q1/bin/../arm-none-linux-gnueabi/libc/usr/lib/crti.o

.rel.dyn        0x000092f8      0x138
 *(.rel.init)
 *(.rel.text .rel.text.* .rel.gnu.linkonce.t.*)
 *(.rel.fini)
 *(.rel.rodata .rel.rodata.* .rel.gnu.linkonce.r.*)
 *(.rel.data.rel.ro* .rel.gnu.linkonce.d.rel.ro.*)
 *(.rel.data .rel.data.* .rel.gnu.linkonce.d.*)
 *(.rel.tdata .rel.tdata.* .rel.gnu.linkonce.td.*)
 *(.rel.tbss .rel.tbss.* .rel.gnu.linkonce.tb.*)
 *(.rel.ctors)
 *(.rel.dtors)
 *(.rel.got)
 .rel.got       0x000092f8      0x130 /home/think/l138/arm-2009q1/bin/../arm-none-linux-gnueabi/libc/usr/lib/crti.o
 *(.rel.bss .rel.bss.* .rel.gnu.linkonce.b.*)
 .rel.bss       0x00009428        0x8 /home/think/l138/arm-2009q1/bin/../arm-none-linux-gnueabi/libc/usr/lib/crti.o

.rel.ifunc.dyn
 *(.rel.ifunc.*)

.rela.dyn
 *(.rela.init)
 *(.rela.text .rela.text.* .rela.gnu.linkonce.t.*)
 *(.rela.fini)
 *(.rela.rodata .rela.rodata.* .rela.gnu.linkonce.r.*)
 *(.rela.data .rela.data.* .rela.gnu.linkonce.d.*)
 *(.rela.tdata .rela.tdata.* .rela.gnu.linkonce.td.*)
 *(.rela.tbss .rela.tbss.* .rela.gnu.linkonce.tb.*)
 *(.rela.ctors)
 *(.rela.dtors)
 *(.rela.got)
 *(.rela.bss .rela.bss.* .rela.gnu.linkonce.b.*)

.rela.ifunc.dyn
 *(.rela.ifunc.*)

.rel.plt        0x00009430      0x290
 *(.rel.plt)
 .rel.plt       0x00009430      0x290 /home/think/l138/arm-2009q1/bin/../arm-none-linux-gnueabi/libc/usr/lib/crti.o

.rela.plt
 *(.rela.plt)

.init           0x000096c0        0xc
 *(.init)
 .init          0x000096c0        0x8 /home/think/l138/arm-2009q1/bin/../arm-none-linux-gnueabi/libc/usr/lib/crti.o
                0x000096c0                _init
 .init          0x000096c8        0x4 /home/think/l138/arm-2009q1/bin/../arm-none-linux-gnueabi/libc/usr/lib/crtn.o

.plt            0x000096cc      0x3ec
 *(.plt)
 .plt           0x000096cc      0x3ec /home/think/l138/arm-2009q1/bin/../arm-none-linux-gnueabi/libc/usr/lib/crti.o
                0x000096e0                open@@GLIBC_2.4
                0x000096ec                strerror@@GLIBC_2.4
                0x000096f8                mmap@@GLIBC_2.4
                0x00009704                abort@@GLIBC_2.4
                0x00009710                localtime@@GLIBC_2.4
                0x0000971c                pthread_exit@@GLIBC_2.4
                0x00009728                __libc_start_main@@GLIBC_2.4
                0x00009734                inet_ntoa@@GLIBC_2.4
                0x00009740                signal@@GLIBC_2.4
                0x00009758                strncpy@@GLIBC_2.4
                0x00009764                fclose@@GLIBC_2.4
                0x00009770                fgets@@GLIBC_2.4
                0x0000977c                recv@@GLIBC_2.4
                0x00009788                getenv@@GLIBC_2.4
                0x00009794                strtod@@GLIBC_2.4
                0x000097a0                system@@GLIBC_2.4
                0x000097ac                listen@@GLIBC_2.4
                0x000097b8                sem_init@@GLIBC_2.4
                0x000097c4                fopen@@GLIBC_2.4
                0x000097d0                mktime@@GLIBC_2.4
                0x000097dc                memset@@GLIBC_2.4
                0x000097e8                sem_destroy@@GLIBC_2.4
                0x000097f4                setitimer@@GLIBC_2.4
                0x00009800                perror@@GLIBC_2.4
                0x0000980c                wait@@GLIBC_2.4
                0x00009818                usleep@@GLIBC_2.4
                0x00009824                free@@GLIBC_2.4
                0x00009830                read@@GLIBC_2.4
                0x0000983c                write@@GLIBC_2.4
                0x00009848                gettimeofday@@GLIBC_2.4
                0x00009854                fseek@@GLIBC_2.4
                0x00009860                accept@@GLIBC_2.4
                0x0000986c                tcgetattr@@GLIBC_2.4
                0x00009878                pthread_mutex_unlock@@GLIBC_2.4
                0x00009884                tcflush@@GLIBC_2.4
                0x00009890                socket@@GLIBC_2.4
                0x0000989c                ioctl@@GLIBC_2.4
                0x000098a8                pthread_mutex_lock@@GLIBC_2.4
                0x000098b4                strlen@@GLIBC_2.4
                0x000098c0                sscanf@@GLIBC_2.4
                0x000098cc                pthread_create@@GLIBC_2.4
                0x000098d8                memcpy@@GLIBC_2.4
                0x000098e4                getppid@@GLIBC_2.4
                0x000098f0                alarm@@GLIBC_2.4
                0x000098fc                strtol@@GLIBC_2.4
                0x00009908                sem_post@@GLIBC_2.4
                0x00009914                pthread_sigmask@@GLIBC_2.4
                0x00009920                settimeofday@@GLIBC_2.4
                0x0000992c                printf@@GLIBC_2.4
                0x00009938                raise@@GLIBC_2.4
                0x00009944                pthread_mutex_init@@GLIBC_2.4
                0x00009950                bind@@GLIBC_2.4
                0x0000995c                strstr@@GLIBC_2.4
                0x00009968                select@@GLIBC_2.4
                0x00009974                close@@GLIBC_2.4
                0x00009980                fwrite@@GLIBC_2.4
                0x0000998c                time@@GLIBC_2.4
                0x00009998                malloc@@GLIBC_2.4
                0x000099a4                cfsetospeed@@GLIBC_2.4
                0x000099b0                strtok@@GLIBC_2.4
                0x000099bc                send@@GLIBC_2.4
                0x000099c8                sigfillset@@GLIBC_2.4
                0x000099d4                pause@@GLIBC_2.4
                0x000099e0                puts@@GLIBC_2.4
                0x000099ec                tcsetattr@@GLIBC_2.4
                0x000099f8                getpid@@GLIBC_2.4
                0x00009a04                fcntl@@GLIBC_2.4
                0x00009a10                fork@@GLIBC_2.4
                0x00009a1c                lseek@@GLIBC_2.4
                0x00009a28                munmap@@GLIBC_2.4
                0x00009a34                nanosleep@@GLIBC_2.4
                0x00009a40                setsockopt@@GLIBC_2.4
                0x00009a4c                sem_wait@@GLIBC_2.4
                0x00009a58                exit@@GLIBC_2.4
                0x00009a64                cfsetispeed@@GLIBC_2.4
                0x00009a70                __errno_location@@GLIBC_2.4
                0x00009a7c                pthread_self@@GLIBC_2.4
                0x00009a88                pthread_cancel@@GLIBC_2.4
                0x00009a94                sprintf@@GLIBC_2.4
                0x00009aa0                pthread_join@@GLIBC_2.4
                0x00009aac                getpagesize@@GLIBC_2.4

.text           0x00009ab8    0x1f4e0
 *(.text .stub .text.* .gnu.linkonce.t.*)
 .text          0x00009ab8       0x38 /home/think/l138/arm-2009q1/bin/../arm-none-linux-gnueabi/libc/usr/lib/crt1.o
                0x00009ab8                _start
 .text          0x00009af0       0x24 /home/think/l138/arm-2009q1/bin/../arm-none-linux-gnueabi/libc/usr/lib/crti.o
 .text          0x00009b14       0x4c /home/think/l138/arm-2009q1/bin/../lib/gcc/arm-none-linux-gnueabi/4.3.3/crtbegin.o
 .text          0x00009b60      0xd08 bin/release/obj/arm_main.ov5T
                0x00009de4                Ipc_Init
                0x0000a824                fork_child
                0x00009b7c                Ipc_Exit
                0x00009e9c                child_fun
                0x00009b60                process_reboot
                0x0000a770                main
 .text          0x0000a868     0x5054 bin/release/obj/iec101.ov5T
                0x0000b39c                IEC101_Process_Message
                0x0000b714                IEC101_Free_Buf
                0x0000f680                Iec101_Thread
                0x0000be20                BL101_Process_COS
                0x0000ab28                Uart_Thread
                0x0000aa5c                IEC101_Senddata2pc
                0x0000b9c0                QLY_101_FrameSend
                0x0000b53c                IEC101_Init_Buf
                0x0000ba04                BL101_Process_SOE
 .text          0x0000f8bc     0x3828 bin/release/obj/iec104.ov5T
                0x0000f998                PC_Send_YX
                0x00011c48                Iec104_Thread
                0x0000fdc8                sig_handler
                0x0000fd38                uninit_time
                0x000108cc                file_wc
                0x0000fb54                PC_Send_YC
                0x0000fd7c                set_timer
                0x0000f940                IEC104_Senddata2pc
                0x00010968                Send_Soe_Data
                0x0000fe04                IEC104_Init_Buf
                0x000100a4                Network_Thread
                0x000107fc                IEC104_Free_Buf
                0x00010b78                IEC104_Process_Message
 .text          0x000130e4     0x10a8 bin/release/obj/sharearea.ov5T
                0x00013154                Send_Event_By_Message
                0x0001311c                Write_Sys_Sharearea
                0x00013560                Message_Thread
                0x00013228                Write_To_Sharearea
                0x000130e4                Write_Fa_Sharearea
                0x000133b4                Read_From_Sharearea
                0x00013d30                Sharearea_Destory
                0x000131d0                Send_Event_By_Notify
                0x00013e4c                Sharearea_Creat
 .text          0x0001418c      0x3e8 bin/release/obj/common.ov5T
                0x00014468                Set_Rtc_Time
                0x00014370                Init_SOEfile
                0x000143b8                Init_Logfile
                0x00014404                Get_Rtc_Time
                0x0001418c                Log_Frame
 .text          0x00014574      0xab8 bin/release/obj/monitorpc.ov5T
                0x00014710                PC_Creat_connection
                0x00014574                PC_Check_Sum
                0x00014668                PC_Send_Data
 .text          0x0001502c      0xd00 bin/release/obj/readconfig.ov5T
                0x0001502c                Read_Faconfig_Conf
 .text          0x00015d2c      0x468 bin/release/obj/readsysconfig.ov5T
                0x00015d2c                Read_Sysconfig_Conf
 .text          0x00016194      0x1b0 bin/release/obj/nand_rw.ov5T
                0x00016194                Nand_Read_Config
                0x00016240                Nand_Write_Config
 .text          0x00016344     0x2b60 bin/release/obj/DL_101.ov5T
                0x000167b4                QLY_Fix101frame_check
                0x00016570                QLY_BL101_SpontTrans_Control
                0x00016848                QLY_101_link_Init
                0x00018e5c                QLY_101FrameProcess
                0x0001636c                QLY_101send_one_level_Data
                0x00016d2c                QLY_BL101_SpontTrans
                0x00016638                QLY_Var101frame_check
                0x0001637c                BL101_CheckSum
                0x00018b74                QLY_BL101frame_switch
                0x000167fc                QLY_101frame_check
                0x00016344                QLY_101FrameLen
                0x0001698c                QLY_101Frame_1s_RsendCheck
                0x00018c34                QLY_BL101FrameProcess
                0x00016a40                QLY_101frame_FCB_detect
                0x00016ac4                QLY_get101frame_controltype
                0x00016374                QLY_101send_two_level_Data
 .text          0x00018ea4      0xe98 /home/think/ti/syslink_2_21_01_05/packages/ti/syslink/lib/syslink.a_release(SharedRegion.o)
                0x00018ee4                SharedRegion_getPtr
                0x00019934                SharedRegion_setup
                0x00019060                SharedRegion_isCacheEnabled
                0x000193c8                SharedRegion_getRegionInfo
                0x000190c8                SharedRegion_getNumRegions
                0x0001940c                SharedRegion_getEntry
                0x00018f54                SharedRegion_getSRPtr
                0x0001921c                SharedRegion_clearEntry
                0x000197f0                SharedRegion_getConfig
                0x00019358                SharedRegion_stop
                0x0001982c                SharedRegion_destroy
                0x00019468                _SharedRegion_setRegions
                0x00019c4c                SharedRegion_getIdByName
                0x000195e8                SharedRegion_reserveMemory
                0x000196b0                SharedRegion_getHeap
                0x00019128                SharedRegion_invalidSRPtr
                0x00019390                SharedRegion_start
                0x0001931c                SharedRegion_attach
                0x00019b5c                SharedRegion_getId
                0x000192e0                SharedRegion_detach
                0x00019008                SharedRegion_getCacheLineSize
                0x00019728                SharedRegion_setEntry
                0x000190b8                SharedRegion_translateEnabled
                0x00019130                _SharedRegion_clearRegions
                0x000190d8                SharedRegion_entryInit
 .text          0x00019d3c      0x7a4 /home/think/ti/syslink_2_21_01_05/packages/ti/syslink/lib/syslink.a_release(Notify.o)
                0x0001a488                Notify_getConfig
                0x0001a29c                Notify_registerEventSingle
                0x00019e4c                Notify_restore
                0x00019ef4                Notify_sendEvent
                0x00019dc4                Notify_disableEvent
                0x00019f9c                Notify_intLineRegistered
                0x0001a354                Notify_sharedMemReq
                0x0001a094                Notify_unregisterEvent
                0x0001a410                Notify_setup
                0x0001a144                Notify_unregisterEventSingle
                0x00019ff4                Notify_eventAvailable
                0x0001a3c0                Notify_destroy
                0x0001a070                Notify_detach
                0x0001a38c                Notify_attach
                0x0001a1e4                Notify_registerEvent
                0x00019e9c                Notify_disable
                0x00019d3c                Notify_enableEvent
 .text          0x0001a4e0      0x81c /home/think/ti/syslink_2_21_01_05/packages/ti/syslink/lib/syslink.a_release(MessageQ.o)
                0x0001a6a8                MessageQ_close
                0x0001a4e0                MessageQ_setReplyQueue
                0x0001aa08                MessageQ_staticMsgInit
                0x0001a500                MessageQ_getQueueId
                0x0001a52c                MessageQ_detach
                0x0001a514                MessageQ_setMsgTrace
                0x0001a5b0                MessageQ_unregisterHeap
                0x0001acbc                MessageQ_getConfig
                0x0001a960                MessageQ_get
                0x0001a804                MessageQ_free
                0x0001ac60                MessageQ_setup
                0x0001aa58                MessageQ_open
                0x0001a87c                MessageQ_put
                0x0001a8fc                MessageQ_alloc
                0x0001ab70                MessageQ_create
                0x0001a70c                MessageQ_Params_init
                0x0001a568                MessageQ_unblock
                0x0001a650                MessageQ_count
                0x0001ac14                MessageQ_destroy
                0x0001aae4                MessageQ_delete
                0x0001a750                MessageQ_attach
                0x0001a5f0                MessageQ_registerHeap
                0x0001a7a4                MessageQ_sharedMemReq
 .text          0x0001acfc      0x798 /home/think/ti/syslink_2_21_01_05/packages/ti/syslink/lib/syslink.a_release(Ipc.o)
                0x0001ad34                Ipc_writeConfig
                0x0001acfc                Ipc_runtimeId
                0x0001b344                Ipc_control
                0x0001b020                Ipc_isAttached
                0x0001ad94                Ipc_destroy
                0x0001b11c                Ipc_setup
                0x0001b070                Ipc_getConfig
                0x0001ad64                Ipc_readConfig
 .text          0x0001b494     0x102c /home/think/ti/syslink_2_21_01_05/packages/ti/syslink/lib/syslink.a_release(RingIO.o)
                0x0001ba6c                RingIO_unregisterNotifier
                0x0001c034                RingIO_destroy
                0x0001bb94                RingIO_close
                0x0001c080                RingIO_getConfig
                0x0001b4f0                RingIO_flush
                0x0001c138                RingIO_setAttribute
                0x0001b8dc                RingIO_getValidSize
                0x0001b9b8                RingIO_sendNotify
                0x0001b494                RingIO_sharedMemReq
                0x0001bc60                RingIO_delete
                0x0001bd20                RingIO_openByAddr
                0x0001b6e4                RingIO_getWaterMark
                0x0001b974                RingIO_Params_init
                0x0001b7e0                RingIO_getEmptyAttrSize
                0x0001b65c                RingIO_release
                0x0001b78c                RingIO_getAcquiredOffset
                0x0001bad8                RingIO_registerNotifier
                0x0001b930                RingIO_setNotifyType
                0x0001bec0                RingIO_open
                0x0001b5b8                RingIO_getvAttribute
                0x0001b9e8                RingIO_acquire
                0x0001b888                RingIO_getEmptySize
                0x0001b6a0                RingIO_setWaterMark
                0x0001b618                RingIO_cancel
                0x0001c1a0                RingIO_getAttribute
                0x0001c1fc                RingIO_create
                0x0001b834                RingIO_getValidAttrSize
                0x0001c0c0                RingIO_setup
                0x0001b550                RingIO_setvAttribute
                0x0001b738                RingIO_getAcquiredSize
 .text          0x0001c4c0      0x148 /home/think/ti/syslink_2_21_01_05/packages/ti/syslink/lib/syslink.a_release(RingIOShm.o)
                0x0001c590                RingIOShm_setup
                0x0001c4c0                RingIOShm_Params_init
                0x0001c504                RingIOShm_destroy
                0x0001c550                RingIOShm_getConfig
 .text          0x0001c608     0x16a8 /home/think/ti/syslink_2_21_01_05/packages/ti/syslink/lib/syslink.a_release(FrameQ.o)
                0x0001d030                FrameQ_freev
                0x0001c91c                FrameQ_sendNotify
                0x0001d0ac                FrameQ_free
                0x0001d1dc                FrameQ_close
                0x0001ceb8                FrameQ_getv
                0x0001cac4                FrameQ_registerNotifier
                0x0001d428                FrameQ_open
                0x0001d0f8                FrameQ_allocv
                0x0001c9f4                FrameQ_unregisterNotifier
                0x0001d7c0                FrameQ_create
                0x0001d18c                FrameQ_alloc
                0x0001c6a8                FrameQ_ShMem_Params_init
                0x0001c740                FrameQ_getvNumFreeFrames
                0x0001c6f8                FrameQ_control
                0x0001c97c                FrameQ_dup
                0x0001c608                FrameQ_ShMem_sharedMemReq
                0x0001c824                FrameQ_getvNumFrames
                0x0001c65c                FrameQ_Params_init
                0x0001cdec                FrameQ_put
                0x0001dbb4                FrameQ_getConfig
                0x0001c7d0                FrameQ_getNumFreeFrames
                0x0001cbf0                FrameQ_get
                0x0001db2c                FrameQ_destroy
                0x0001c8b4                FrameQ_getNumFrames
                0x0001dbf4                FrameQ_setup
                0x0001d2f8                FrameQ_delete
                0x0001ccd4                FrameQ_putv
 .text          0x0001dcb0     0x16a4 /home/think/ti/syslink_2_21_01_05/packages/ti/syslink/lib/syslink.a_release(FrameQBufMgr.o)
                0x0001dce8                FrameQBufMgr_getKnlHandle
                0x0001e954                FrameQBufMgr_freev
                0x0001dcb0                FrameQBufMgr_add
                0x0001ee90                FrameQBufMgr_close
                0x0001e588                FrameQBufMgr_writeBackFrameBuf
                0x0001dce0                FrameQBufMgr_getId
                0x0001df18                FrameQBufMgr_translateAddr
                0x0001ed88                FrameQBufMgr_delete
                0x0001ddc4                FrameQBufMgr_getvNumFreeFrames
                0x0001e820                FrameQBufMgr_dupv
                0x0001dd0c                FrameQBufMgr_isSupportedBufInterface
                0x0001e170                FrameQBufMgr_allocv
                0x0001f1b0                FrameQBufMgr_destroy
                0x0001f248                FrameQBufMgr_getConfig
                0x0001e0c8                FrameQBufMgr_free
                0x0001e368                FrameQBufMgr_invalidate
                0x0001dea8                FrameQBufMgr_getHandle
                0x0001de58                FrameQBufMgr_getNumFreeFrames
                0x0001e4bc                FrameQBufMgr_writeBack
                0x0001dd00                FrameQBufMgr_isSupportedInterface
                0x0001dd78                FrameQBufMgr_ShMem_Params_init
                0x0001eecc                FrameQBufMgr_create
                0x0001e678                FrameQBufMgr_writeBackHeaderBuf
                0x0001dcf4                FrameQBufMgr_getBaseHeaderSize
                0x0001dfe0                FrameQBufMgr_dup
                0x0001e2a8                FrameQBufMgr_alloc
                0x0001e760                FrameQBufMgr_registerNotifier
                0x0001e444                FrameQBufMgr_invalidateFrameBuf
                0x0001f294                FrameQBufMgr_setup
                0x0001dcb8                FrameQBufMgr_remove
                0x0001dd28                FrameQBufMgr_Params_init
                0x0001e6d4                FrameQBufMgr_unregisterNotifier
                0x0001e600                FrameQBufMgr_invalidateHeaderBuf
                0x0001ea70                FrameQBufMgr_open
 .text          0x0001f354     0x1ba8 /home/think/ti/syslink_2_21_01_05/packages/ti/syslink/lib/syslink.a_release(ClientNotifyMgr.o)
                0x0001fc68                ClientNotifyMgr_sendNotification
                0x0001f4d8                ClientNotifyMgr_sendForceNotificationMulti
                0x00020568                ClientNotifyMgr_close
                0x0001f35c                ClientNotifyMgr_disableNotification
                0x00020574                ClientNotifyMgr_sharedMemReq
                0x00020ac0                ClientNotifyMgr_create
                0x000205d8                ClientNotifyMgr_destroy
                0x000207c0                ClientNotifyMgr_callBack
                0x000206a0                ClientNotifyMgr_setup
                0x0001f354                ClientNotifyMgr_sharedMemModReq
                0x0001f73c                ClientNotifyMgr_sendNotificationMulti
                0x0001ff1c                ClientNotifyMgr_unregisterClient
                0x00020660                ClientNotifyMgr_getConfig
                0x0001f418                ClientNotifyMgr_enableNotification
                0x0001faa0                ClientNotifyMgr_sendForceNotification
                0x0002033c                ClientNotifyMgr_Params_init
                0x00020380                ClientNotifyMgr_delete
                0x000200f8                ClientNotifyMgr_registerClient
                0x00020e9c                ClientNotifyMgr_open
 .text          0x00020efc      0x8e4 /home/think/ti/syslink_2_21_01_05/packages/ti/syslink/lib/syslink.a_release(HeapMemMP.o)
                0x00021558                HeapMemMP_getConfig
                0x00020ffc                HeapMemMP_getStats
                0x00021680                HeapMemMP_create
                0x00020fa8                HeapMemMP_getExtendedStats
                0x00021090                _HeapMemMP_create
                0x00020efc                HeapMemMP_getKnlHandle
                0x00021500                HeapMemMP_setup
                0x000214b4                HeapMemMP_destroy
                0x00021050                HeapMemMP_Params_init
                0x00021594                HeapMemMP_getUsrHandle
                0x00021150                HeapMemMP_close
                0x00020f58                HeapMemMP_sharedMemReq
                0x00020f2c                HeapMemMP_restore
                0x000211ec                HeapMemMP_delete
                0x00021288                HeapMemMP_free
                0x000213a0                HeapMemMP_alloc
                0x00021300                HeapMemMP_openByAddr
                0x00021418                HeapMemMP_open
 .text          0x000217e0      0x7ec /home/think/ti/syslink_2_21_01_05/packages/ti/syslink/lib/syslink.a_release(HeapBufMP.o)
                0x00021e74                HeapBufMP_create
                0x000219dc                HeapBufMP_close
                0x00021bd8                HeapBufMP_openByAddr
                0x000218e0                HeapBufMP_sharedMemReq
                0x000217e0                HeapBufMP_isBlocking
                0x00021988                HeapBufMP_getStats
                0x00021d8c                HeapBufMP_destroy
                0x00021dd8                HeapBufMP_setup
                0x0002181c                _HeapBufMP_create
                0x00021c78                HeapBufMP_alloc
                0x00021e34                HeapBufMP_getConfig
                0x00021b1c                HeapBufMP_Params_init
                0x00021a7c                HeapBufMP_delete
                0x000217ec                HeapBufMP_getKnlHandle
                0x00021b60                HeapBufMP_free
                0x00021cf0                HeapBufMP_open
                0x00021934                HeapBufMP_getExtendedStats
 .text          0x00021fcc      0xa7c /home/think/ti/syslink_2_21_01_05/packages/ti/syslink/lib/syslink.a_release(GateMP.o)
                0x00022764                GateMP_getConfig
                0x0002207c                GateMP_getDefaultRemote
                0x0002214c                GateMP_enter
                0x000221b8                GateMP_Instance_finalize
                0x00022698                GateMP_setup
                0x000227b0                GateMP_delete
                0x00022348                GateMP_openByAddr
                0x0002257c                GateMP_Instance_init
                0x00022048                GateMP_getSharedAddr
                0x0002223c                GateMP_close
                0x000221e8                GateMP_Params_init
                0x00022464                GateMP_open
                0x00021fcc                GateMP_getLocalProtect
                0x000228bc                _GateMP_create
                0x000220b8                GateMP_sharedMemReq
                0x000220e8                GateMP_leave
                0x00021fd4                GateMP_getRemoteProtect
                0x000229bc                GateMP_create
                0x00021fdc                GateMP_getKnlHandle
                0x00022618                GateMP_destroy
                0x0002201c                GateMP_setReserved
 .text          0x00022a48      0x270 /home/think/ti/syslink_2_21_01_05/packages/ti/syslink/lib/syslink.a_release(SharedRegionDrv.o)
                0x00022a48                SharedRegionDrv_ioctl
                0x00022bec                SharedRegionDrv_close
                0x00022c3c                SharedRegionDrv_open
 .text          0x00022cb8      0x384 /home/think/ti/syslink_2_21_01_05/packages/ti/syslink/lib/syslink.a_release(NotifyDrvUsr.o)
                0x00022cb8                _NotifyDrvUsr_eventWorker
                0x00022e18                NotifyDrvUsr_close
                0x00022de4                NotifyDrvUsr_ioctl
                0x00022edc                NotifyDrvUsr_open
 .text          0x0002303c      0x130 /home/think/ti/syslink_2_21_01_05/packages/ti/syslink/lib/syslink.a_release(HeapBufMPDrv.o)
                0x000230c0                HeapBufMPDrv_open
                0x0002303c                HeapBufMPDrv_ioctl
                0x00023070                HeapBufMPDrv_close
 .text          0x0002316c      0x138 /home/think/ti/syslink_2_21_01_05/packages/ti/syslink/lib/syslink.a_release(MessageQDrv.o)
                0x0002316c                MessageQDrv_ioctl
                0x000231f0                MessageQDrv_open
                0x000231a0                MessageQDrv_close
 .text          0x000232a4      0x114 /home/think/ti/syslink_2_21_01_05/packages/ti/syslink/lib/syslink.a_release(IpcDrv.o)
                0x00023328                IpcDrv_open
                0x000232a4                IpcDrv_ioctl
                0x000232d8                IpcDrv_close
 .text          0x000233b8       0xfc /home/think/ti/syslink_2_21_01_05/packages/ti/syslink/lib/syslink.a_release(FrameQDrv.o)
                0x000233b8                FrameQDrv_ioctl
                0x0002343c                FrameQDrv_open
                0x000233ec                FrameQDrv_close
 .text          0x000234b4       0xfc /home/think/ti/syslink_2_21_01_05/packages/ti/syslink/lib/syslink.a_release(FrameQBufMgrDrv.o)
                0x00023538                FrameQBufMgrDrv_open
                0x000234e8                FrameQBufMgrDrv_close
                0x000234b4                FrameQBufMgrDrv_ioctl
 .text          0x000235b0       0xfc /home/think/ti/syslink_2_21_01_05/packages/ti/syslink/lib/syslink.a_release(ClientNotifyMgrDrv.o)
                0x00023634                ClientNotifyMgrDrv_open
                0x000235b0                ClientNotifyMgrDrv_ioctl
                0x000235e4                ClientNotifyMgrDrv_close
 .text          0x000236ac       0xfc /home/think/ti/syslink_2_21_01_05/packages/ti/syslink/lib/syslink.a_release(RingIODrv.o)
                0x000236e0                RingIODrv_close
                0x000236ac                RingIODrv_ioctl
                0x00023730                RingIODrv_open
 .text          0x000237a8       0xfc /home/think/ti/syslink_2_21_01_05/packages/ti/syslink/lib/syslink.a_release(RingIOShmDrv.o)
                0x000237a8                RingIOShmDrv_ioctl
                0x000237dc                RingIOShmDrv_close
                0x0002382c                RingIOShmDrv_open
 .text          0x000238a4      0x100 /home/think/ti/syslink_2_21_01_05/packages/ti/syslink/lib/syslink.a_release(HeapMemMPDrv.o)
                0x000238d8                HeapMemMPDrv_close
                0x000238a4                HeapMemMPDrv_ioctl
                0x00023928                HeapMemMPDrv_open
 .text          0x000239a4      0x100 /home/think/ti/syslink_2_21_01_05/packages/ti/syslink/lib/syslink.a_release(GateMPDrv.o)
                0x00023a28                GateMPDrv_open
                0x000239d8                GateMPDrv_close
                0x000239a4                GateMPDrv_ioctl
 .text          0x00023aa4        0x8 /home/think/ti/syslink_2_21_01_05/packages/ti/syslink/lib/syslink.a_release(OsalProcess.o)
                0x00023aa4                OsalProcess_getTid
                0x00023aa8                OsalProcess_getPid
 .text          0x00023aac      0x1fc /home/think/ti/syslink_2_21_01_05/packages/ti/syslink/lib/syslink.a_release(GateMutex.o)
                0x00023aac                GateMutex_leave
                0x00023bd4                GateMutex_delete
                0x00023b20                GateMutex_create
                0x00023abc                GateMutex_enter
                0x00023ae8                GateMutex_Instance_init
                0x00023acc                GateMutex_Instance_finalize
 .text          0x00023ca8      0x144 /home/think/ti/syslink_2_21_01_05/packages/ti/syslink/lib/syslink.a_release(Memory.o)
                0x00023cec                Memory_getMaxDefaultTypeAlign
                0x00023ca8                Memory_getStats
                0x00023cf4                Memory_translate
                0x00023d2c                Memory_valloc
                0x00023da8                Memory_calloc
                0x00023cf8                Memory_alloc
                0x00023cc0                Memory_query
                0x00023d7c                Memory_free
 .text          0x00023dec      0x2a0 /home/think/ti/syslink_2_21_01_05/packages/ti/syslink/lib/syslink.a_release(List.o)
                0x00023fa8                List_get
                0x00023df0                List_construct
                0x00023f6c                List_put
                0x00023e58                List_insert
                0x00023dec                List_Params_init
                0x00024010                List_destruct
                0x00024064                List_create
                0x00024034                List_delete
                0x00023e84                List_remove
                0x00023ea8                List_dequeue
                0x00023fe4                List_empty
                0x00023e10                List_next
                0x00023ee0                List_enqueue
                0x00023e00                List_elemClear
                0x00023f08                List_enqueueHead
                0x00023e34                List_prev
                0x00023f34                List_putHead
 .text          0x0002408c      0x34c /home/think/ti/syslink_2_21_01_05/packages/ti/syslink/lib/syslink.a_release(String.o)
                0x0002434c                String_hash
                0x0002420c                String_cpy
                0x000240c0                String_cmp
                0x000241a4                String_ncmp
                0x000242bc                String_hexToStr
                0x00024228                String_ncpy
                0x0002408c                String_cat
                0x00024288                String_len
 .text          0x000243d8      0x8e0 /home/think/ti/syslink_2_21_01_05/packages/ti/syslink/lib/syslink.a_release(NameServer.o)
                0x00024aa4                NameServer_create
                0x00024540                NameServer_match
                0x000245c4                NameServer_getLocal
                0x00024948                NameServer_addUInt32
                0x00024498                NameServer_delete
                0x000248b8                NameServer_add
                0x00024bbc                NameServer_destroy
                0x00024994                NameServer_getHandle
                0x00024674                NameServer_getLocalUInt32
                0x00024c08                NameServer_setup
                0x000244fc                NameServer_Params_init
                0x00024438                NameServer_removeEntry
                0x00024a10                NameServer_open
                0x000246d4                NameServer_get
                0x00024b30                NameServer_close
                0x00024848                NameServer_remove
                0x000243d8                NameServer_isRegistered
                0x000247dc                NameServer_getUInt32
                0x00024c58                NameServer_getConfig
 .text          0x00024cb8      0x344 /home/think/ti/syslink_2_21_01_05/packages/ti/syslink/lib/syslink.a_release(MultiProc.o)
                0x00024ebc                MultiProc_destroy
                0x00024cfc                MultiProc_self
                0x00024cec                MultiProc_getNumProcessors
                0x00024f08                MultiProc_setup
                0x00024e40                MultiProc_setLocalId
                0x00024cb8                MultiProc_getName
                0x00024dc4                MultiProc_getId
                0x00024d10                MultiProc_getSlot
                0x00024f9c                MultiProc_getConfig
 .text          0x00024ffc       0x48 /home/think/ti/syslink_2_21_01_05/packages/ti/syslink/lib/syslink.a_release(Gate.o)
                0x00024ffc                Gate_leaveSystem
                0x00025014                Gate_enterSystem
 .text          0x00025044       0x38 /home/think/ti/syslink_2_21_01_05/packages/ti/syslink/lib/syslink.a_release(SysLink.o)
                0x00025044                SysLink_destroy
                0x00025054                SysLink_setup
 .text          0x0002507c       0xd0 /home/think/ti/syslink_2_21_01_05/packages/ti/syslink/lib/syslink.a_release(Cache.o)
                0x0002507c                Cache_setMode
                0x000250a8                Cache_wait
                0x00025120                Cache_inv
                0x000250f4                Cache_wb
                0x000250c8                Cache_wbInv
 .text          0x0002514c      0x130 /home/think/ti/syslink_2_21_01_05/packages/ti/syslink/lib/syslink.a_release(NameServerDrv.o)
                0x000251d0                NameServerDrv_open
                0x00025180                NameServerDrv_close
                0x0002514c                NameServerDrv_ioctl
 .text          0x0002527c       0xfc /home/think/ti/syslink_2_21_01_05/packages/ti/syslink/lib/syslink.a_release(MultiProcDrv.o)
                0x0002527c                MultiProcDrv_ioctl
                0x000252b0                MultiProcDrv_close
                0x00025300                MultiProcDrv_open
 .text          0x00025378       0x1c /home/think/ti/syslink_2_21_01_05/packages/ti/syslink/lib/syslink.a_release(CacheDrv.o)
                0x00025378                CacheDrv_ioctl
 .text          0x00025394       0xd0 /home/think/ti/syslink_2_21_01_05/packages/ti/syslink/lib/syslink.a_release(Dev.o)
                0x00025394                Dev_pollOpen
 .text          0x00025464      0x708 /home/think/ti/syslink_2_21_01_05/packages/ti/syslink/lib/syslink.a_release(MemoryOS.o)
                0x00025910                MemoryOS_set
                0x00025988                MemoryOS_copy
                0x00025474                MemoryOS_map
                0x00025700                MemoryOS_setup
                0x000257e0                MemoryOS_translate
                0x00025470                MemoryOS_alloc
                0x00025648                MemoryOS_destroy
                0x00025a04                MemoryOS_unmap
                0x00025624                MemoryOS_calloc
                0x00025464                MemoryOS_free
 .text          0x00025b6c      0x234 /home/think/ti/syslink_2_21_01_05/packages/ti/syslink/lib/syslink.a_release(OsalDrv.o)
                0x00025ca4                OsalDrv_close
                0x00025d08                OsalDrv_open
                0x00025ba4                OsalDrv_unmap
                0x00025b6c                OsalDrv_ioctl
                0x00025be8                OsalDrv_map
 .text          0x00025da0       0xb4 /home/think/ti/syslink_2_21_01_05/packages/ti/syslink/lib/syslink.a_release(OsalMutex.o)
                0x00025dc4                OsalMutex_delete
                0x00025e0c                OsalMutex_create
                0x00025dac                OsalMutex_enter
                0x00025da0                OsalMutex_leave
 .text          0x00025e54     0x151c /home/think/ti/syslink_2_21_01_05/packages/ti/syslink/lib/syslink.a_release(ProcMgr.o)
                0x00026074                ProcMgr_getSymbolAddress
                0x00026df8                ProcMgr_destroy
                0x00026424                ProcMgr_unmap
                0x00026374                ProcMgr_delete
                0x00026850                ProcMgr_load
                0x000262c8                ProcMgr_getStartParams
                0x00026f74                ProcMgr_detach
                0x00025f74                ProcMgr_getSectionData
                0x00026dbc                ProcMgr_getConfig
                0x0002628c                ProcMgr_start
                0x00025f34                ProcMgr_getMaxMemoryRegions
                0x00026258                ProcMgr_stop
                0x00026a44                ProcMgr_open
                0x000266ec                ProcMgr_map
                0x000263e8                ProcMgr_Params_init
                0x000262fc                ProcMgr_unload
                0x0002713c                ProcMgr_attach
                0x0002619c                ProcMgr_read
                0x00025e54                ProcMgr_translateAddr
                0x00026c44                ProcMgr_create
                0x00026214                ProcMgr_getState
                0x00025f40                ProcMgr_getLoadedFileId
                0x00026338                ProcMgr_getAttachParams
                0x00026910                ProcMgr_close
                0x00026124                ProcMgr_write
                0x000260e8                ProcMgr_control
                0x00026024                ProcMgr_getProcInfo
                0x00025fcc                ProcMgr_getSectionInfo
                0x00026d44                ProcMgr_setup
 .text          0x00027370      0x1f8 /home/think/ti/syslink_2_21_01_05/packages/ti/syslink/lib/syslink.a_release(ProcMgrDrvUsr.o)
                0x000273c8                ProcMgrDrvUsr_open
                0x00027370                ProcMgrDrvUsr_close
                0x0002744c                ProcMgrDrvUsr_ioctl
 .text          0x00027568       0xf8 /home/think/ti/syslink_2_21_01_05/packages/ti/syslink/lib/syslink.a_release(FrameQ_common.o)
                0x00027584                FrameQ_getNumFrameBuffers
                0x000275c0                FrameQ_getFrameBufValidSize
                0x00027628                FrameQ_setFrameBufDataStartOffset
                0x000275f0                FrameQ_setFrameBufValidSize
                0x00027590                FrameQ_getFrameBuffer
                0x000275a8                FrameQ_getFrameBufSize
                0x00027568                FrameQ_isSupportedInterface
                0x000275d8                FrameQ_getFrameBufDataStartOffset
                0x00027574                FrameQ_getExtendedHeaderPtr
 .text          0x00027660      0x92c /home/think/ti/syslink_2_21_01_05/packages/ti/syslink/lib/syslink.a_release(ListMP.o)
                0x00027e54                ListMP_getConfig
                0x00027e90                ListMP_create
                0x00027668                _ListMP_create
                0x000279ec                ListMP_prev
                0x000276bc                ListMP_remove
                0x00027b94                ListMP_close
                0x00027dfc                ListMP_setup
                0x00027c9c                ListMP_open
                0x00027918                ListMP_openByAddr
                0x00027c18                ListMP_delete
                0x00027660                ListMP_getGate
                0x00027adc                ListMP_getTail
                0x00027db0                ListMP_destroy
                0x00027734                ListMP_insert
                0x000279ac                ListMP_Params_init
                0x00027b38                ListMP_getHead
                0x000277d4                ListMP_putTail
                0x00027a64                ListMP_next
                0x00027d38                ListMP_sharedMemReq
                0x0002784c                ListMP_putHead
                0x000278c4                ListMP_empty
 .text          0x00027f8c      0x100 /home/think/ti/syslink_2_21_01_05/packages/ti/syslink/lib/syslink.a_release(ListMPDrv.o)
                0x00027fc0                ListMPDrv_close
                0x00027f8c                ListMPDrv_ioctl
                0x00028010                ListMPDrv_open
 .text          0x0002808c       0x70 /home/think/l138/arm-2009q1/bin/../arm-none-linux-gnueabi/libc/usr/lib/libc_nonshared.a(elf-init.oS)
                0x0002808c                __libc_csu_fini
                0x00028090                __libc_csu_init
 .text          0x000280fc      0x20c /home/think/l138/arm-2009q1/bin/../lib/gcc/arm-none-linux-gnueabi/4.3.3/libgcc.a(_udivsi3.o)
                0x000280fc                __udivsi3
                0x000280fc                __aeabi_uidiv
                0x000282e8                __aeabi_uidivmod
 .text          0x00028308      0x3b8 /home/think/l138/arm-2009q1/bin/../lib/gcc/arm-none-linux-gnueabi/4.3.3/libgcc.a(_arm_addsubdf3.o)
                0x0002864c                __floatundidf
                0x000285e4                __floatsidf
                0x000285c0                __aeabi_ui2d
                0x000285e4                __aeabi_i2d
                0x000285c0                __floatunsidf
                0x00028310                __subdf3
                0x00028660                __floatdidf
                0x00028314                __adddf3
                0x00028660                __aeabi_l2d
                0x0002860c                __aeabi_f2d
                0x0002864c                __aeabi_ul2d
                0x00028308                __aeabi_drsub
                0x0002860c                __extendsfdf2
                0x00028314                __aeabi_dadd
                0x00028310                __aeabi_dsub
 .text          0x000286c0      0x470 /home/think/l138/arm-2009q1/bin/../lib/gcc/arm-none-linux-gnueabi/4.3.3/libgcc.a(_arm_muldivdf3.o)
                0x000286c0                __muldf3
                0x0002892c                __divdf3
                0x000286c0                __aeabi_dmul
                0x0002892c                __aeabi_ddiv
 .text          0x00028b30       0x5c /home/think/l138/arm-2009q1/bin/../lib/gcc/arm-none-linux-gnueabi/4.3.3/libgcc.a(_arm_fixdfsi.o)
                0x00028b30                __fixdfsi
                0x00028b30                __aeabi_d2iz
 .text          0x00028b8c      0x250 /home/think/l138/arm-2009q1/bin/../lib/gcc/arm-none-linux-gnueabi/4.3.3/libgcc.a(_arm_addsubsf3.o)
                0x00028b98                __aeabi_fadd
                0x00028d60                __aeabi_l2f
                0x00028d50                __aeabi_ul2f
                0x00028b94                __subsf3
                0x00028d30                __floatsisf
                0x00028b98                __addsf3
                0x00028b8c                __aeabi_frsub
                0x00028d60                __floatdisf
                0x00028b94                __aeabi_fsub
                0x00028d28                __aeabi_ui2f
                0x00028d30                __aeabi_i2f
                0x00028d28                __floatunsisf
                0x00028d50                __floatundisf
 .text          0x00028ddc       0xfc /home/think/l138/arm-2009q1/bin/../lib/gcc/arm-none-linux-gnueabi/4.3.3/libgcc.a(_arm_cmpsf2.o)
                0x00028ddc                __gesf2
                0x00028eb0                __aeabi_fcmpge
                0x00028e60                __aeabi_cfcmple
                0x00028dec                __cmpsf2
                0x00028e50                __aeabi_cfrcmple
                0x00028e60                __aeabi_cfcmpeq
                0x00028de4                __lesf2
                0x00028de4                __ltsf2
                0x00028ddc                __gtsf2
                0x00028e88                __aeabi_fcmplt
                0x00028dec                __eqsf2
                0x00028e74                __aeabi_fcmpeq
                0x00028dec                __nesf2
                0x00028e9c                __aeabi_fcmple
                0x00028ec4                __aeabi_fcmpgt
 .text          0x00028ed8       0x5c /home/think/l138/arm-2009q1/bin/../lib/gcc/arm-none-linux-gnueabi/4.3.3/libgcc.a(_arm_fixsfsi.o)
                0x00028ed8                __fixsfsi
                0x00028ed8                __aeabi_f2iz
 .text          0x00028f34       0x54 /home/think/l138/arm-2009q1/bin/../lib/gcc/arm-none-linux-gnueabi/4.3.3/libgcc.a(_arm_fixunssfsi.o)
                0x00028f34                __aeabi_f2uiz
                0x00028f34                __fixunssfsi
 .text          0x00028f88       0x10 /home/think/l138/arm-2009q1/bin/../lib/gcc/arm-none-linux-gnueabi/4.3.3/libgcc.a(_dvmd_lnx.o)
                0x00028f88                __aeabi_idiv0
                0x00028f88                __aeabi_ldiv0
 .text          0x00028f98        0x0 /home/think/l138/arm-2009q1/bin/../lib/gcc/arm-none-linux-gnueabi/4.3.3/crtend.o
 .text          0x00028f98        0x0 /home/think/l138/arm-2009q1/bin/../arm-none-linux-gnueabi/libc/usr/lib/crtn.o
 *(.gnu.warning)
 *(.glue_7t)
 .glue_7t       0x00000000        0x0 linker stubs
 *(.glue_7)
 .glue_7        0x00000000        0x0 linker stubs
 *(.vfp11_veneer)
 .vfp11_veneer  0x00000000        0x0 linker stubs
 *(.v4_bx)
 .v4_bx         0x00000000        0x0 linker stubs

.fini           0x00028f98        0x8
 *(.fini)
 .fini          0x00028f98        0x4 /home/think/l138/arm-2009q1/bin/../arm-none-linux-gnueabi/libc/usr/lib/crti.o
                0x00028f98                _fini
 .fini          0x00028f9c        0x4 /home/think/l138/arm-2009q1/bin/../arm-none-linux-gnueabi/libc/usr/lib/crtn.o
                0x00028fa0                PROVIDE (__etext, .)
                0x00028fa0                PROVIDE (_etext, .)
                0x00028fa0                PROVIDE (etext, .)

.rodata         0x00028fa0     0x2294
 *(.rodata .rodata.* .gnu.linkonce.r.*)
 .rodata.cst4   0x00028fa0        0x4 /home/think/l138/arm-2009q1/bin/../arm-none-linux-gnueabi/libc/usr/lib/crt1.o
                0x00028fa0                _IO_stdin_used
 .rodata.str1.4
                0x00028fa4      0x251 bin/release/obj/arm_main.ov5T
                                0x254 (size before relaxing)
 *fill*         0x000291f5        0x3 00
 .rodata        0x000291f8       0x30 bin/release/obj/iec101.ov5T
 .rodata.str1.4
                0x00029228      0x3ca bin/release/obj/iec101.ov5T
                                0x3f8 (size before relaxing)
 *fill*         0x000295f2        0x2 00
 .rodata.str1.4
                0x000295f4      0x578 bin/release/obj/iec104.ov5T
                                0x668 (size before relaxing)
 .rodata.str1.4
                0x00029b6c      0x48b bin/release/obj/sharearea.ov5T
                                0x48c (size before relaxing)
 *fill*         0x00029ff7        0x1 00
 .rodata.str1.4
                0x00029ff8       0x77 bin/release/obj/common.ov5T
                                 0x8c (size before relaxing)
 *fill*         0x0002a06f        0x1 00
 .rodata.str1.4
                0x0002a070       0x7e bin/release/obj/monitorpc.ov5T
                                 0xf4 (size before relaxing)
 *fill*         0x0002a0ee        0x2 00
 .rodata.str1.4
                0x0002a0f0      0x428 bin/release/obj/readconfig.ov5T
                                0x440 (size before relaxing)
 .rodata.str1.4
                0x0002a518      0x120 bin/release/obj/readsysconfig.ov5T
                                0x144 (size before relaxing)
 .rodata.str1.4
                0x0002a638       0x85 bin/release/obj/nand_rw.ov5T
                                 0x98 (size before relaxing)
 *fill*         0x0002a6bd        0x3 00
 .rodata.str1.4
                0x0002a6c0      0x270 bin/release/obj/DL_101.ov5T
                                0x2dc (size before relaxing)
 .rodata.str1.4
                0x0002a930        0xa /home/think/ti/syslink_2_21_01_05/packages/ti/syslink/lib/syslink.a_release(Ipc.o)
                                  0xc (size before relaxing)
 .rodata.str1.4
                0x00000000        0xa /home/think/ti/syslink_2_21_01_05/packages/ti/syslink/lib/syslink.a_release(FrameQ.o)
                                  0x8 (size before relaxing)
 .rodata.str1.4
                0x00000000        0xa /home/think/ti/syslink_2_21_01_05/packages/ti/syslink/lib/syslink.a_release(FrameQBufMgr.o)
                                 0x10 (size before relaxing)
 *fill*         0x0002a93a        0x2 00
 .rodata.str1.4
                0x0002a93c       0x57 /home/think/ti/syslink_2_21_01_05/packages/ti/syslink/lib/syslink.a_release(SharedRegionDrv.o)
                                 0x58 (size before relaxing)
 *fill*         0x0002a993        0x1 00
 .rodata.str1.4
                0x0002a994       0x9b /home/think/ti/syslink_2_21_01_05/packages/ti/syslink/lib/syslink.a_release(NotifyDrvUsr.o)
                                 0x9c (size before relaxing)
 *fill*         0x0002aa2f        0x1 00
 .rodata.str1.4
                0x0002aa30       0x36 /home/think/ti/syslink_2_21_01_05/packages/ti/syslink/lib/syslink.a_release(HeapBufMPDrv.o)
                                 0x38 (size before relaxing)
 *fill*         0x0002aa66        0x2 00
 .rodata.str1.4
                0x0002aa68       0x31 /home/think/ti/syslink_2_21_01_05/packages/ti/syslink/lib/syslink.a_release(MessageQDrv.o)
                                 0x34 (size before relaxing)
 *fill*         0x0002aa99        0x3 00
 .rodata.str1.4
                0x0002aa9c       0x28 /home/think/ti/syslink_2_21_01_05/packages/ti/syslink/lib/syslink.a_release(IpcDrv.o)
 .rodata.str1.4
                0x0002aac4       0x2f /home/think/ti/syslink_2_21_01_05/packages/ti/syslink/lib/syslink.a_release(FrameQDrv.o)
                                 0x30 (size before relaxing)
 *fill*         0x0002aaf3        0x1 00
 .rodata.str1.4
                0x0002aaf4       0x39 /home/think/ti/syslink_2_21_01_05/packages/ti/syslink/lib/syslink.a_release(FrameQBufMgrDrv.o)
                                 0x3c (size before relaxing)
 *fill*         0x0002ab2d        0x3 00
 .rodata.str1.4
                0x0002ab30       0x40 /home/think/ti/syslink_2_21_01_05/packages/ti/syslink/lib/syslink.a_release(ClientNotifyMgrDrv.o)
 .rodata.str1.4
                0x0002ab70       0x2f /home/think/ti/syslink_2_21_01_05/packages/ti/syslink/lib/syslink.a_release(RingIODrv.o)
                                 0x30 (size before relaxing)
 *fill*         0x0002ab9f        0x1 00
 .rodata.str1.4
                0x0002aba0       0x1a /home/think/ti/syslink_2_21_01_05/packages/ti/syslink/lib/syslink.a_release(RingIOShmDrv.o)
                                 0x34 (size before relaxing)
 *fill*         0x0002abba        0x2 00
 .rodata.str1.4
                0x0002abbc       0x36 /home/think/ti/syslink_2_21_01_05/packages/ti/syslink/lib/syslink.a_release(HeapMemMPDrv.o)
                                 0x38 (size before relaxing)
 *fill*         0x0002abf2        0x2 00
 .rodata.str1.4
                0x0002abf4       0x2f /home/think/ti/syslink_2_21_01_05/packages/ti/syslink/lib/syslink.a_release(GateMPDrv.o)
                                 0x30 (size before relaxing)
 *fill*         0x0002ac23        0x1 00
 .rodata        0x0002ac24      0x400 /home/think/ti/syslink_2_21_01_05/packages/ti/syslink/lib/syslink.a_release(String.o)
 .rodata.str1.4
                0x0002b024       0x11 /home/think/ti/syslink_2_21_01_05/packages/ti/syslink/lib/syslink.a_release(String.o)
                                 0x14 (size before relaxing)
 *fill*         0x0002b035        0x3 00
 .rodata.str1.4
                0x0002b038       0x37 /home/think/ti/syslink_2_21_01_05/packages/ti/syslink/lib/syslink.a_release(NameServerDrv.o)
                                 0x38 (size before relaxing)
 *fill*         0x0002b06f        0x1 00
 .rodata.str1.4
                0x0002b070       0x36 /home/think/ti/syslink_2_21_01_05/packages/ti/syslink/lib/syslink.a_release(MultiProcDrv.o)
                                 0x38 (size before relaxing)
 *fill*         0x0002b0a6        0x2 00
 .rodata.str1.4
                0x0002b0a8       0x71 /home/think/ti/syslink_2_21_01_05/packages/ti/syslink/lib/syslink.a_release(Dev.o)
                                 0x74 (size before relaxing)
 *fill*         0x0002b119        0x3 00
 .rodata.str1.4
                0x0002b11c       0x6e /home/think/ti/syslink_2_21_01_05/packages/ti/syslink/lib/syslink.a_release(OsalDrv.o)
                                 0x70 (size before relaxing)
 *fill*         0x0002b18a        0x2 00
 .rodata.str1.4
                0x0002b18c       0x75 /home/think/ti/syslink_2_21_01_05/packages/ti/syslink/lib/syslink.a_release(ProcMgrDrvUsr.o)
                                 0x78 (size before relaxing)
 *fill*         0x0002b201        0x3 00
 .rodata.str1.4
                0x0002b204       0x30 /home/think/ti/syslink_2_21_01_05/packages/ti/syslink/lib/syslink.a_release(ListMPDrv.o)

.rodata1
 *(.rodata1)

.ARM.extab      0x0002b234        0xc
 *(.ARM.extab* .gnu.linkonce.armextab.*)
 .ARM.extab     0x0002b234        0x0 /home/think/l138/arm-2009q1/bin/../arm-none-linux-gnueabi/libc/usr/lib/crt1.o
 .ARM.extab     0x0002b234        0x0 /home/think/l138/arm-2009q1/bin/../arm-none-linux-gnueabi/libc/usr/lib/crti.o
 .ARM.extab     0x0002b234        0x0 /home/think/l138/arm-2009q1/bin/../lib/gcc/arm-none-linux-gnueabi/4.3.3/crtbegin.o
 .ARM.extab     0x0002b234        0x0 bin/release/obj/arm_main.ov5T
 .ARM.extab     0x0002b234        0x0 bin/release/obj/iec101.ov5T
 .ARM.extab     0x0002b234        0xc bin/release/obj/iec104.ov5T
 .ARM.extab     0x0002b240        0x0 bin/release/obj/sharearea.ov5T
 .ARM.extab     0x0002b240        0x0 bin/release/obj/common.ov5T
 .ARM.extab     0x0002b240        0x0 bin/release/obj/monitorpc.ov5T
 .ARM.extab     0x0002b240        0x0 bin/release/obj/readconfig.ov5T
 .ARM.extab     0x0002b240        0x0 bin/release/obj/readsysconfig.ov5T
 .ARM.extab     0x0002b240        0x0 bin/release/obj/nand_rw.ov5T
 .ARM.extab     0x0002b240        0x0 bin/release/obj/DL_101.ov5T
 .ARM.extab     0x0002b240        0x0 /home/think/ti/syslink_2_21_01_05/packages/ti/syslink/lib/syslink.a_release(SharedRegion.o)
 .ARM.extab     0x0002b240        0x0 /home/think/ti/syslink_2_21_01_05/packages/ti/syslink/lib/syslink.a_release(Notify.o)
 .ARM.extab     0x0002b240        0x0 /home/think/ti/syslink_2_21_01_05/packages/ti/syslink/lib/syslink.a_release(MessageQ.o)
 .ARM.extab     0x0002b240        0x0 /home/think/ti/syslink_2_21_01_05/packages/ti/syslink/lib/syslink.a_release(Ipc.o)
 .ARM.extab     0x0002b240        0x0 /home/think/ti/syslink_2_21_01_05/packages/ti/syslink/lib/syslink.a_release(RingIO.o)
 .ARM.extab     0x0002b240        0x0 /home/think/ti/syslink_2_21_01_05/packages/ti/syslink/lib/syslink.a_release(RingIOShm.o)
 .ARM.extab     0x0002b240        0x0 /home/think/ti/syslink_2_21_01_05/packages/ti/syslink/lib/syslink.a_release(FrameQ.o)
 .ARM.extab     0x0002b240        0x0 /home/think/ti/syslink_2_21_01_05/packages/ti/syslink/lib/syslink.a_release(FrameQBufMgr.o)
 .ARM.extab     0x0002b240        0x0 /home/think/ti/syslink_2_21_01_05/packages/ti/syslink/lib/syslink.a_release(ClientNotifyMgr.o)
 .ARM.extab     0x0002b240        0x0 /home/think/ti/syslink_2_21_01_05/packages/ti/syslink/lib/syslink.a_release(HeapMemMP.o)
 .ARM.extab     0x0002b240        0x0 /home/think/ti/syslink_2_21_01_05/packages/ti/syslink/lib/syslink.a_release(HeapBufMP.o)
 .ARM.extab     0x0002b240        0x0 /home/think/ti/syslink_2_21_01_05/packages/ti/syslink/lib/syslink.a_release(GateMP.o)
 .ARM.extab     0x0002b240        0x0 /home/think/ti/syslink_2_21_01_05/packages/ti/syslink/lib/syslink.a_release(SharedRegionDrv.o)
 .ARM.extab     0x0002b240        0x0 /home/think/ti/syslink_2_21_01_05/packages/ti/syslink/lib/syslink.a_release(NotifyDrvUsr.o)
 .ARM.extab     0x0002b240        0x0 /home/think/ti/syslink_2_21_01_05/packages/ti/syslink/lib/syslink.a_release(HeapBufMPDrv.o)
 .ARM.extab     0x0002b240        0x0 /home/think/ti/syslink_2_21_01_05/packages/ti/syslink/lib/syslink.a_release(MessageQDrv.o)
 .ARM.extab     0x0002b240        0x0 /home/think/ti/syslink_2_21_01_05/packages/ti/syslink/lib/syslink.a_release(IpcDrv.o)
 .ARM.extab     0x0002b240        0x0 /home/think/ti/syslink_2_21_01_05/packages/ti/syslink/lib/syslink.a_release(FrameQDrv.o)
 .ARM.extab     0x0002b240        0x0 /home/think/ti/syslink_2_21_01_05/packages/ti/syslink/lib/syslink.a_release(FrameQBufMgrDrv.o)
 .ARM.extab     0x0002b240        0x0 /home/think/ti/syslink_2_21_01_05/packages/ti/syslink/lib/syslink.a_release(ClientNotifyMgrDrv.o)
 .ARM.extab     0x0002b240        0x0 /home/think/ti/syslink_2_21_01_05/packages/ti/syslink/lib/syslink.a_release(RingIODrv.o)
 .ARM.extab     0x0002b240        0x0 /home/think/ti/syslink_2_21_01_05/packages/ti/syslink/lib/syslink.a_release(RingIOShmDrv.o)
 .ARM.extab     0x0002b240        0x0 /home/think/ti/syslink_2_21_01_05/packages/ti/syslink/lib/syslink.a_release(HeapMemMPDrv.o)
 .ARM.extab     0x0002b240        0x0 /home/think/ti/syslink_2_21_01_05/packages/ti/syslink/lib/syslink.a_release(GateMPDrv.o)
 .ARM.extab     0x0002b240        0x0 /home/think/ti/syslink_2_21_01_05/packages/ti/syslink/lib/syslink.a_release(OsalProcess.o)
 .ARM.extab     0x0002b240        0x0 /home/think/ti/syslink_2_21_01_05/packages/ti/syslink/lib/syslink.a_release(GateMutex.o)
 .ARM.extab     0x0002b240        0x0 /home/think/ti/syslink_2_21_01_05/packages/ti/syslink/lib/syslink.a_release(Memory.o)
 .ARM.extab     0x0002b240        0x0 /home/think/ti/syslink_2_21_01_05/packages/ti/syslink/lib/syslink.a_release(List.o)
 .ARM.extab     0x0002b240        0x0 /home/think/ti/syslink_2_21_01_05/packages/ti/syslink/lib/syslink.a_release(String.o)
 .ARM.extab     0x0002b240        0x0 /home/think/ti/syslink_2_21_01_05/packages/ti/syslink/lib/syslink.a_release(NameServer.o)
 .ARM.extab     0x0002b240        0x0 /home/think/ti/syslink_2_21_01_05/packages/ti/syslink/lib/syslink.a_release(MultiProc.o)
 .ARM.extab     0x0002b240        0x0 /home/think/ti/syslink_2_21_01_05/packages/ti/syslink/lib/syslink.a_release(Gate.o)
 .ARM.extab     0x0002b240        0x0 /home/think/ti/syslink_2_21_01_05/packages/ti/syslink/lib/syslink.a_release(SysLink.o)
 .ARM.extab     0x0002b240        0x0 /home/think/ti/syslink_2_21_01_05/packages/ti/syslink/lib/syslink.a_release(Cache.o)
 .ARM.extab     0x0002b240        0x0 /home/think/ti/syslink_2_21_01_05/packages/ti/syslink/lib/syslink.a_release(NameServerDrv.o)
 .ARM.extab     0x0002b240        0x0 /home/think/ti/syslink_2_21_01_05/packages/ti/syslink/lib/syslink.a_release(MultiProcDrv.o)
 .ARM.extab     0x0002b240        0x0 /home/think/ti/syslink_2_21_01_05/packages/ti/syslink/lib/syslink.a_release(CacheDrv.o)
 .ARM.extab     0x0002b240        0x0 /home/think/ti/syslink_2_21_01_05/packages/ti/syslink/lib/syslink.a_release(Dev.o)
 .ARM.extab     0x0002b240        0x0 /home/think/ti/syslink_2_21_01_05/packages/ti/syslink/lib/syslink.a_release(MemoryOS.o)
 .ARM.extab     0x0002b240        0x0 /home/think/ti/syslink_2_21_01_05/packages/ti/syslink/lib/syslink.a_release(OsalDrv.o)
 .ARM.extab     0x0002b240        0x0 /home/think/ti/syslink_2_21_01_05/packages/ti/syslink/lib/syslink.a_release(OsalMutex.o)
 .ARM.extab     0x0002b240        0x0 /home/think/ti/syslink_2_21_01_05/packages/ti/syslink/lib/syslink.a_release(ProcMgr.o)
 .ARM.extab     0x0002b240        0x0 /home/think/ti/syslink_2_21_01_05/packages/ti/syslink/lib/syslink.a_release(ProcMgrDrvUsr.o)
 .ARM.extab     0x0002b240        0x0 /home/think/ti/syslink_2_21_01_05/packages/ti/syslink/lib/syslink.a_release(FrameQ_common.o)
 .ARM.extab     0x0002b240        0x0 /home/think/ti/syslink_2_21_01_05/packages/ti/syslink/lib/syslink.a_release(ListMP.o)
 .ARM.extab     0x0002b240        0x0 /home/think/ti/syslink_2_21_01_05/packages/ti/syslink/lib/syslink.a_release(ListMPDrv.o)
 .ARM.extab     0x0002b240        0x0 /home/think/l138/arm-2009q1/bin/../arm-none-linux-gnueabi/libc/usr/lib/libc_nonshared.a(elf-init.oS)
 .ARM.extab.init
                0x0002b240        0x0 /home/think/l138/arm-2009q1/bin/../arm-none-linux-gnueabi/libc/usr/lib/crtn.o
 .ARM.extab.fini
                0x0002b240        0x0 /home/think/l138/arm-2009q1/bin/../arm-none-linux-gnueabi/libc/usr/lib/crtn.o
                0x0002b240                __exidx_start = .

.ARM.exidx      0x0002b240      0xc38
 *(.ARM.exidx* .gnu.linkonce.armexidx.*)
 .ARM.exidx     0x0002b250        0x0 /home/think/l138/arm-2009q1/bin/../arm-none-linux-gnueabi/libc/usr/lib/crt1.o
                                  0x8 (size before relaxing)
 .ARM.exidx     0x0002b250        0x8 /home/think/l138/arm-2009q1/bin/../arm-none-linux-gnueabi/libc/usr/lib/crti.o
 .ARM.exidx     0x0002b258        0x8 /home/think/l138/arm-2009q1/bin/../lib/gcc/arm-none-linux-gnueabi/4.3.3/crtbegin.o
                                 0x10 (size before relaxing)
 .ARM.exidx     0x0002b260       0x40 bin/release/obj/arm_main.ov5T
 .ARM.exidx     0x0002b2a0       0x68 bin/release/obj/iec101.ov5T
                                 0x80 (size before relaxing)
 .ARM.exidx     0x0002b308       0x88 bin/release/obj/iec104.ov5T
                                 0xa0 (size before relaxing)
 .ARM.exidx     0x0002b390       0x50 bin/release/obj/sharearea.ov5T
                                 0x58 (size before relaxing)
 .ARM.exidx     0x0002b3e0       0x20 bin/release/obj/common.ov5T
                                 0x28 (size before relaxing)
 .ARM.exidx     0x0002b400       0x18 bin/release/obj/monitorpc.ov5T
 .ARM.exidx     0x0002b418        0x8 bin/release/obj/readconfig.ov5T
 .ARM.exidx     0x0002b420        0x8 bin/release/obj/readsysconfig.ov5T
 .ARM.exidx     0x0002b428       0x10 bin/release/obj/nand_rw.ov5T
 .ARM.exidx     0x0002b438       0x90 bin/release/obj/DL_101.ov5T
                                 0xb8 (size before relaxing)
 .ARM.exidx     0x0002b4c8       0x78 /home/think/ti/syslink_2_21_01_05/packages/ti/syslink/lib/syslink.a_release(SharedRegion.o)
                                 0xd8 (size before relaxing)
 .ARM.exidx     0x0002b540       0x68 /home/think/ti/syslink_2_21_01_05/packages/ti/syslink/lib/syslink.a_release(Notify.o)
                                 0x88 (size before relaxing)
 .ARM.exidx     0x0002b5a8       0x80 /home/think/ti/syslink_2_21_01_05/packages/ti/syslink/lib/syslink.a_release(MessageQ.o)
                                 0xb8 (size before relaxing)
 .ARM.exidx     0x0002b628       0x30 /home/think/ti/syslink_2_21_01_05/packages/ti/syslink/lib/syslink.a_release(Ipc.o)
                                 0x40 (size before relaxing)
 .ARM.exidx     0x0002b658       0x88 /home/think/ti/syslink_2_21_01_05/packages/ti/syslink/lib/syslink.a_release(RingIO.o)
                                 0xf0 (size before relaxing)
 .ARM.exidx     0x0002b6e0       0x18 /home/think/ti/syslink_2_21_01_05/packages/ti/syslink/lib/syslink.a_release(RingIOShm.o)
                                 0x20 (size before relaxing)
 .ARM.exidx     0x0002b6f8       0xb8 /home/think/ti/syslink_2_21_01_05/packages/ti/syslink/lib/syslink.a_release(FrameQ.o)
                                 0xd8 (size before relaxing)
 .ARM.exidx     0x0002b7b0       0xd8 /home/think/ti/syslink_2_21_01_05/packages/ti/syslink/lib/syslink.a_release(FrameQBufMgr.o)
                                0x110 (size before relaxing)
 .ARM.exidx     0x0002b888       0x88 /home/think/ti/syslink_2_21_01_05/packages/ti/syslink/lib/syslink.a_release(ClientNotifyMgr.o)
                                 0x98 (size before relaxing)
 .ARM.exidx     0x0002b910       0x58 /home/think/ti/syslink_2_21_01_05/packages/ti/syslink/lib/syslink.a_release(HeapMemMP.o)
                                 0x90 (size before relaxing)
 .ARM.exidx     0x0002b968       0x58 /home/think/ti/syslink_2_21_01_05/packages/ti/syslink/lib/syslink.a_release(HeapBufMP.o)
                                 0x88 (size before relaxing)
 .ARM.exidx     0x0002b9c0       0x78 /home/think/ti/syslink_2_21_01_05/packages/ti/syslink/lib/syslink.a_release(GateMP.o)
                                 0xa8 (size before relaxing)
 .ARM.exidx     0x0002ba38       0x18 /home/think/ti/syslink_2_21_01_05/packages/ti/syslink/lib/syslink.a_release(SharedRegionDrv.o)
 .ARM.exidx     0x0002ba50       0x20 /home/think/ti/syslink_2_21_01_05/packages/ti/syslink/lib/syslink.a_release(NotifyDrvUsr.o)
 .ARM.exidx     0x0002ba70       0x10 /home/think/ti/syslink_2_21_01_05/packages/ti/syslink/lib/syslink.a_release(HeapBufMPDrv.o)
                                 0x18 (size before relaxing)
 .ARM.exidx     0x0002ba80       0x10 /home/think/ti/syslink_2_21_01_05/packages/ti/syslink/lib/syslink.a_release(MessageQDrv.o)
                                 0x18 (size before relaxing)
 .ARM.exidx     0x0002ba90       0x10 /home/think/ti/syslink_2_21_01_05/packages/ti/syslink/lib/syslink.a_release(IpcDrv.o)
                                 0x18 (size before relaxing)
 .ARM.exidx     0x0002baa0       0x10 /home/think/ti/syslink_2_21_01_05/packages/ti/syslink/lib/syslink.a_release(FrameQDrv.o)
                                 0x18 (size before relaxing)
 .ARM.exidx     0x0002bab0       0x10 /home/think/ti/syslink_2_21_01_05/packages/ti/syslink/lib/syslink.a_release(FrameQBufMgrDrv.o)
                                 0x18 (size before relaxing)
 .ARM.exidx     0x0002bac0       0x10 /home/think/ti/syslink_2_21_01_05/packages/ti/syslink/lib/syslink.a_release(ClientNotifyMgrDrv.o)
                                 0x18 (size before relaxing)
 .ARM.exidx     0x0002bad0       0x10 /home/think/ti/syslink_2_21_01_05/packages/ti/syslink/lib/syslink.a_release(RingIODrv.o)
                                 0x18 (size before relaxing)
 .ARM.exidx     0x0002bae0       0x10 /home/think/ti/syslink_2_21_01_05/packages/ti/syslink/lib/syslink.a_release(RingIOShmDrv.o)
                                 0x18 (size before relaxing)
 .ARM.exidx     0x0002baf0        0x8 /home/think/ti/syslink_2_21_01_05/packages/ti/syslink/lib/syslink.a_release(HeapMemMPDrv.o)
                                 0x18 (size before relaxing)
 .ARM.exidx     0x0002baf8        0x0 /home/think/ti/syslink_2_21_01_05/packages/ti/syslink/lib/syslink.a_release(GateMPDrv.o)
                                 0x18 (size before relaxing)
 .ARM.exidx     0x0002baf8        0x8 /home/think/ti/syslink_2_21_01_05/packages/ti/syslink/lib/syslink.a_release(OsalProcess.o)
                                 0x10 (size before relaxing)
 .ARM.exidx     0x0002bb00       0x18 /home/think/ti/syslink_2_21_01_05/packages/ti/syslink/lib/syslink.a_release(GateMutex.o)
                                 0x30 (size before relaxing)
 .ARM.exidx     0x0002bb18       0x20 /home/think/ti/syslink_2_21_01_05/packages/ti/syslink/lib/syslink.a_release(Memory.o)
                                 0x40 (size before relaxing)
 .ARM.exidx     0x0002bb38       0x18 /home/think/ti/syslink_2_21_01_05/packages/ti/syslink/lib/syslink.a_release(List.o)
                                 0x88 (size before relaxing)
 .ARM.exidx     0x0002bb50       0x38 /home/think/ti/syslink_2_21_01_05/packages/ti/syslink/lib/syslink.a_release(String.o)
                                 0x40 (size before relaxing)
 .ARM.exidx     0x0002bb88       0x88 /home/think/ti/syslink_2_21_01_05/packages/ti/syslink/lib/syslink.a_release(NameServer.o)
                                 0x98 (size before relaxing)
 .ARM.exidx     0x0002bc10       0x38 /home/think/ti/syslink_2_21_01_05/packages/ti/syslink/lib/syslink.a_release(MultiProc.o)
                                 0x48 (size before relaxing)
 .ARM.exidx     0x0002bc48       0x10 /home/think/ti/syslink_2_21_01_05/packages/ti/syslink/lib/syslink.a_release(Gate.o)
                                 0x20 (size before relaxing)
 .ARM.exidx     0x0002bc58        0x8 /home/think/ti/syslink_2_21_01_05/packages/ti/syslink/lib/syslink.a_release(SysLink.o)
                                 0x10 (size before relaxing)
 .ARM.exidx     0x0002bc60        0x8 /home/think/ti/syslink_2_21_01_05/packages/ti/syslink/lib/syslink.a_release(Cache.o)
                                 0x28 (size before relaxing)
 .ARM.exidx     0x0002bc68       0x10 /home/think/ti/syslink_2_21_01_05/packages/ti/syslink/lib/syslink.a_release(NameServerDrv.o)
                                 0x18 (size before relaxing)
 .ARM.exidx     0x0002bc78       0x10 /home/think/ti/syslink_2_21_01_05/packages/ti/syslink/lib/syslink.a_release(MultiProcDrv.o)
                                 0x18 (size before relaxing)
 .ARM.exidx     0x0002bc88        0x8 /home/think/ti/syslink_2_21_01_05/packages/ti/syslink/lib/syslink.a_release(CacheDrv.o)
 .ARM.exidx     0x0002bc90        0x8 /home/think/ti/syslink_2_21_01_05/packages/ti/syslink/lib/syslink.a_release(Dev.o)
 .ARM.exidx     0x0002bc98       0x30 /home/think/ti/syslink_2_21_01_05/packages/ti/syslink/lib/syslink.a_release(MemoryOS.o)
                                 0x50 (size before relaxing)
 .ARM.exidx     0x0002bcc8       0x20 /home/think/ti/syslink_2_21_01_05/packages/ti/syslink/lib/syslink.a_release(OsalDrv.o)
                                 0x28 (size before relaxing)
 .ARM.exidx     0x0002bce8       0x18 /home/think/ti/syslink_2_21_01_05/packages/ti/syslink/lib/syslink.a_release(OsalMutex.o)
                                 0x20 (size before relaxing)
 .ARM.exidx     0x0002bd00       0xb8 /home/think/ti/syslink_2_21_01_05/packages/ti/syslink/lib/syslink.a_release(ProcMgr.o)
                                 0xe8 (size before relaxing)
 .ARM.exidx     0x0002bdb8       0x10 /home/think/ti/syslink_2_21_01_05/packages/ti/syslink/lib/syslink.a_release(ProcMgrDrvUsr.o)
                                 0x18 (size before relaxing)
 .ARM.exidx     0x0002bdc8       0x10 /home/think/ti/syslink_2_21_01_05/packages/ti/syslink/lib/syslink.a_release(FrameQ_common.o)
                                 0x48 (size before relaxing)
 .ARM.exidx     0x0002bdd8       0x70 /home/think/ti/syslink_2_21_01_05/packages/ti/syslink/lib/syslink.a_release(ListMP.o)
                                 0xa8 (size before relaxing)
 .ARM.exidx     0x0002be48        0x8 /home/think/ti/syslink_2_21_01_05/packages/ti/syslink/lib/syslink.a_release(ListMPDrv.o)
                                 0x18 (size before relaxing)
 .ARM.exidx     0x0002be50       0x18 /home/think/l138/arm-2009q1/bin/../arm-none-linux-gnueabi/libc/usr/lib/libc_nonshared.a(elf-init.oS)
                                 0x10 (size before relaxing)
 .ARM.exidx.init
                0x0002b240       0x10 /home/think/l138/arm-2009q1/bin/../arm-none-linux-gnueabi/libc/usr/lib/crtn.o
                                  0x8 (size before relaxing)
 .ARM.exidx.fini
                0x0002be68       0x10 /home/think/l138/arm-2009q1/bin/../arm-none-linux-gnueabi/libc/usr/lib/crtn.o
                                  0x8 (size before relaxing)
                0x0002be78                __exidx_end = .

.eh_frame_hdr
 *(.eh_frame_hdr)

.eh_frame       0x0002be78        0x4
 *(.eh_frame)
 .eh_frame      0x0002be78        0x4 /home/think/l138/arm-2009q1/bin/../lib/gcc/arm-none-linux-gnueabi/4.3.3/crtend.o

.gcc_except_table
 *(.gcc_except_table .gcc_except_table.*)
                0x0002be7c                . = (ALIGN (0x8000) - ((0x8000 - .) & 0x7fff))
                0x00034000                . = (0x8000 DATA_SEGMENT_ALIGN 0x1000)

.eh_frame
 *(.eh_frame)

.gcc_except_table
 *(.gcc_except_table .gcc_except_table.*)

.tdata
 *(.tdata .tdata.* .gnu.linkonce.td.*)

.tbss
 *(.tbss .tbss.* .gnu.linkonce.tb.*)
 *(.tcommon)

.preinit_array  0x00034000        0x0
                0x00034000                PROVIDE (__preinit_array_start, .)
 *(.preinit_array)
                0x00034000                PROVIDE (__preinit_array_end, .)

.init_array     0x00034000        0x4
                0x00034000                PROVIDE (__init_array_start, .)
 *(SORT(.init_array.*))
 *(.init_array)
 .init_array    0x00034000        0x4 /home/think/l138/arm-2009q1/bin/../lib/gcc/arm-none-linux-gnueabi/4.3.3/crtbegin.o
                0x00034004                PROVIDE (__init_array_end, .)

.fini_array     0x00034004        0x4
                0x00034004                PROVIDE (__fini_array_start, .)
 *(.fini_array)
 .fini_array    0x00034004        0x4 /home/think/l138/arm-2009q1/bin/../lib/gcc/arm-none-linux-gnueabi/4.3.3/crtbegin.o
 *(SORT(.fini_array.*))
                0x00034008                PROVIDE (__fini_array_end, .)

.ctors
 *crtbegin.o(.ctors)
 *crtbegin?.o(.ctors)
 *(EXCLUDE_FILE(*crtend?.o *crtend.o) .ctors)
 *(SORT(.ctors.*))
 *(.ctors)

.dtors
 *crtbegin.o(.dtors)
 *crtbegin?.o(.dtors)
 *(EXCLUDE_FILE(*crtend?.o *crtend.o) .dtors)
 *(SORT(.dtors.*))
 *(.dtors)

.jcr            0x00034008        0x4
 *(.jcr)
 .jcr           0x00034008        0x0 /home/think/l138/arm-2009q1/bin/../lib/gcc/arm-none-linux-gnueabi/4.3.3/crtbegin.o
 .jcr           0x00034008        0x4 /home/think/l138/arm-2009q1/bin/../lib/gcc/arm-none-linux-gnueabi/4.3.3/crtend.o

.data.rel.ro
 *(.data.rel.ro.local* .gnu.linkonce.d.rel.ro.local.*)
 *(.data.rel.ro* .gnu.linkonce.d.rel.ro.*)

.dynamic        0x0003400c      0x100
 *(.dynamic)
 .dynamic       0x0003400c      0x100 /home/think/l138/arm-2009q1/bin/../arm-none-linux-gnueabi/libc/usr/lib/crti.o
                0x0003400c                _DYNAMIC
                0x0003410c                . = (. DATA_SEGMENT_RELRO_END 0x0)

.got            0x0003410c      0x1ec
 *(.got.plt)
 .got.plt       0x0003410c      0x154 /home/think/l138/arm-2009q1/bin/../arm-none-linux-gnueabi/libc/usr/lib/crti.o
                0x0003410c                _GLOBAL_OFFSET_TABLE_
 *(.got)
 .got           0x00034260       0x98 /home/think/l138/arm-2009q1/bin/../arm-none-linux-gnueabi/libc/usr/lib/crti.o

.data           0x000342f8       0x30
                0x000342f8                __data_start = .
 *(.data .data.* .gnu.linkonce.d.*)
 .data          0x000342f8        0x4 /home/think/l138/arm-2009q1/bin/../arm-none-linux-gnueabi/libc/usr/lib/crt1.o
                0x000342f8                data_start
 .data          0x000342fc        0x0 /home/think/l138/arm-2009q1/bin/../arm-none-linux-gnueabi/libc/usr/lib/crti.o
 .data          0x000342fc        0x4 /home/think/l138/arm-2009q1/bin/../lib/gcc/arm-none-linux-gnueabi/4.3.3/crtbegin.o
                0x000342fc                __dso_handle
 .data          0x00034300        0x0 bin/release/obj/arm_main.ov5T
 .data          0x00034300        0x0 bin/release/obj/iec101.ov5T
 .data          0x00034300        0x8 bin/release/obj/iec104.ov5T
 .data          0x00034308        0x0 bin/release/obj/sharearea.ov5T
 .data          0x00034308        0x0 bin/release/obj/common.ov5T
 .data          0x00034308        0x0 bin/release/obj/monitorpc.ov5T
 .data          0x00034308        0x0 bin/release/obj/readconfig.ov5T
 .data          0x00034308        0x0 bin/release/obj/readsysconfig.ov5T
 .data          0x00034308        0x0 bin/release/obj/nand_rw.ov5T
 .data          0x00034308        0x2 bin/release/obj/DL_101.ov5T
                0x00034309                QLY_LinkAddress_Len_temp
                0x00034308                Balance101_Mask_temp
 *fill*         0x0003430a        0x2 00
 .data.rel      0x0003430c        0x4 bin/release/obj/DL_101.ov5T
                0x0003430c                Q_control_101
 .data          0x00034310        0x0 /home/think/ti/syslink_2_21_01_05/packages/ti/syslink/lib/syslink.a_release(SharedRegion.o)
 .data          0x00034310        0x0 /home/think/ti/syslink_2_21_01_05/packages/ti/syslink/lib/syslink.a_release(Notify.o)
 .data          0x00034310        0x0 /home/think/ti/syslink_2_21_01_05/packages/ti/syslink/lib/syslink.a_release(MessageQ.o)
 .data          0x00034310        0x0 /home/think/ti/syslink_2_21_01_05/packages/ti/syslink/lib/syslink.a_release(Ipc.o)
 .data          0x00034310        0x0 /home/think/ti/syslink_2_21_01_05/packages/ti/syslink/lib/syslink.a_release(RingIO.o)
 .data          0x00034310        0x0 /home/think/ti/syslink_2_21_01_05/packages/ti/syslink/lib/syslink.a_release(RingIOShm.o)
 .data          0x00034310        0x0 /home/think/ti/syslink_2_21_01_05/packages/ti/syslink/lib/syslink.a_release(FrameQ.o)
 .data          0x00034310        0x0 /home/think/ti/syslink_2_21_01_05/packages/ti/syslink/lib/syslink.a_release(FrameQBufMgr.o)
 .data          0x00034310        0x0 /home/think/ti/syslink_2_21_01_05/packages/ti/syslink/lib/syslink.a_release(ClientNotifyMgr.o)
 .data          0x00034310        0x0 /home/think/ti/syslink_2_21_01_05/packages/ti/syslink/lib/syslink.a_release(HeapMemMP.o)
 .data          0x00034310        0x0 /home/think/ti/syslink_2_21_01_05/packages/ti/syslink/lib/syslink.a_release(HeapBufMP.o)
 .data          0x00034310        0x0 /home/think/ti/syslink_2_21_01_05/packages/ti/syslink/lib/syslink.a_release(GateMP.o)
 .data          0x00034310        0x0 /home/think/ti/syslink_2_21_01_05/packages/ti/syslink/lib/syslink.a_release(SharedRegionDrv.o)
 .data          0x00034310        0x4 /home/think/ti/syslink_2_21_01_05/packages/ti/syslink/lib/syslink.a_release(NotifyDrvUsr.o)
 .data          0x00034314        0x0 /home/think/ti/syslink_2_21_01_05/packages/ti/syslink/lib/syslink.a_release(HeapBufMPDrv.o)
 .data          0x00034314        0x0 /home/think/ti/syslink_2_21_01_05/packages/ti/syslink/lib/syslink.a_release(MessageQDrv.o)
 .data          0x00034314        0x0 /home/think/ti/syslink_2_21_01_05/packages/ti/syslink/lib/syslink.a_release(IpcDrv.o)
 .data          0x00034314        0x0 /home/think/ti/syslink_2_21_01_05/packages/ti/syslink/lib/syslink.a_release(FrameQDrv.o)
 .data          0x00034314        0x0 /home/think/ti/syslink_2_21_01_05/packages/ti/syslink/lib/syslink.a_release(FrameQBufMgrDrv.o)
 .data          0x00034314        0x0 /home/think/ti/syslink_2_21_01_05/packages/ti/syslink/lib/syslink.a_release(ClientNotifyMgrDrv.o)
 .data          0x00034314        0x0 /home/think/ti/syslink_2_21_01_05/packages/ti/syslink/lib/syslink.a_release(RingIODrv.o)
 .data          0x00034314        0x0 /home/think/ti/syslink_2_21_01_05/packages/ti/syslink/lib/syslink.a_release(RingIOShmDrv.o)
 .data          0x00034314        0x0 /home/think/ti/syslink_2_21_01_05/packages/ti/syslink/lib/syslink.a_release(HeapMemMPDrv.o)
 .data          0x00034314        0x0 /home/think/ti/syslink_2_21_01_05/packages/ti/syslink/lib/syslink.a_release(GateMPDrv.o)
 .data          0x00034314        0x0 /home/think/ti/syslink_2_21_01_05/packages/ti/syslink/lib/syslink.a_release(OsalProcess.o)
 .data          0x00034314        0x0 /home/think/ti/syslink_2_21_01_05/packages/ti/syslink/lib/syslink.a_release(GateMutex.o)
 .data          0x00034314        0x0 /home/think/ti/syslink_2_21_01_05/packages/ti/syslink/lib/syslink.a_release(Memory.o)
 .data          0x00034314        0x0 /home/think/ti/syslink_2_21_01_05/packages/ti/syslink/lib/syslink.a_release(List.o)
 .data          0x00034314        0x0 /home/think/ti/syslink_2_21_01_05/packages/ti/syslink/lib/syslink.a_release(String.o)
 .data          0x00034314        0x0 /home/think/ti/syslink_2_21_01_05/packages/ti/syslink/lib/syslink.a_release(NameServer.o)
 .data          0x00034314        0x0 /home/think/ti/syslink_2_21_01_05/packages/ti/syslink/lib/syslink.a_release(MultiProc.o)
 .data          0x00034314        0xc /home/think/ti/syslink_2_21_01_05/packages/ti/syslink/lib/syslink.a_release(Gate.o)
                0x0003431c                Gate_systemHandle
                0x00034314                Gate_systemObject
 .data          0x00034320        0x0 /home/think/ti/syslink_2_21_01_05/packages/ti/syslink/lib/syslink.a_release(SysLink.o)
 .data          0x00034320        0x0 /home/think/ti/syslink_2_21_01_05/packages/ti/syslink/lib/syslink.a_release(Cache.o)
 .data          0x00034320        0x0 /home/think/ti/syslink_2_21_01_05/packages/ti/syslink/lib/syslink.a_release(NameServerDrv.o)
 .data          0x00034320        0x0 /home/think/ti/syslink_2_21_01_05/packages/ti/syslink/lib/syslink.a_release(MultiProcDrv.o)
 .data          0x00034320        0x0 /home/think/ti/syslink_2_21_01_05/packages/ti/syslink/lib/syslink.a_release(CacheDrv.o)
 .data          0x00034320        0x0 /home/think/ti/syslink_2_21_01_05/packages/ti/syslink/lib/syslink.a_release(Dev.o)
 .data          0x00034320        0x0 /home/think/ti/syslink_2_21_01_05/packages/ti/syslink/lib/syslink.a_release(MemoryOS.o)
 .data          0x00034320        0x4 /home/think/ti/syslink_2_21_01_05/packages/ti/syslink/lib/syslink.a_release(OsalDrv.o)
 .data          0x00034324        0x0 /home/think/ti/syslink_2_21_01_05/packages/ti/syslink/lib/syslink.a_release(OsalMutex.o)
 .data          0x00034324        0x0 /home/think/ti/syslink_2_21_01_05/packages/ti/syslink/lib/syslink.a_release(ProcMgr.o)
 .data          0x00034324        0x4 /home/think/ti/syslink_2_21_01_05/packages/ti/syslink/lib/syslink.a_release(ProcMgrDrvUsr.o)
 .data          0x00034328        0x0 /home/think/ti/syslink_2_21_01_05/packages/ti/syslink/lib/syslink.a_release(FrameQ_common.o)
 .data          0x00034328        0x0 /home/think/ti/syslink_2_21_01_05/packages/ti/syslink/lib/syslink.a_release(ListMP.o)
 .data          0x00034328        0x0 /home/think/ti/syslink_2_21_01_05/packages/ti/syslink/lib/syslink.a_release(ListMPDrv.o)
 .data          0x00034328        0x0 /home/think/l138/arm-2009q1/bin/../arm-none-linux-gnueabi/libc/usr/lib/libc_nonshared.a(elf-init.oS)
 .data          0x00034328        0x0 /home/think/l138/arm-2009q1/bin/../lib/gcc/arm-none-linux-gnueabi/4.3.3/libgcc.a(_udivsi3.o)
 .data          0x00034328        0x0 /home/think/l138/arm-2009q1/bin/../lib/gcc/arm-none-linux-gnueabi/4.3.3/libgcc.a(_arm_addsubdf3.o)
 .data          0x00034328        0x0 /home/think/l138/arm-2009q1/bin/../lib/gcc/arm-none-linux-gnueabi/4.3.3/libgcc.a(_arm_muldivdf3.o)
 .data          0x00034328        0x0 /home/think/l138/arm-2009q1/bin/../lib/gcc/arm-none-linux-gnueabi/4.3.3/libgcc.a(_arm_fixdfsi.o)
 .data          0x00034328        0x0 /home/think/l138/arm-2009q1/bin/../lib/gcc/arm-none-linux-gnueabi/4.3.3/libgcc.a(_arm_addsubsf3.o)
 .data          0x00034328        0x0 /home/think/l138/arm-2009q1/bin/../lib/gcc/arm-none-linux-gnueabi/4.3.3/libgcc.a(_arm_cmpsf2.o)
 .data          0x00034328        0x0 /home/think/l138/arm-2009q1/bin/../lib/gcc/arm-none-linux-gnueabi/4.3.3/libgcc.a(_arm_fixsfsi.o)
 .data          0x00034328        0x0 /home/think/l138/arm-2009q1/bin/../lib/gcc/arm-none-linux-gnueabi/4.3.3/libgcc.a(_arm_fixunssfsi.o)
 .data          0x00034328        0x0 /home/think/l138/arm-2009q1/bin/../lib/gcc/arm-none-linux-gnueabi/4.3.3/libgcc.a(_dvmd_lnx.o)
 .data          0x00034328        0x0 /home/think/l138/arm-2009q1/bin/../lib/gcc/arm-none-linux-gnueabi/4.3.3/crtend.o
 .data          0x00034328        0x0 /home/think/l138/arm-2009q1/bin/../arm-none-linux-gnueabi/libc/usr/lib/crtn.o

.data1
 *(.data1)
                0x00034328                _edata = .
                0x00034328                PROVIDE (edata, .)
                0x00034328                __bss_start = .
                0x00034328                __bss_start__ = .

.bss            0x00034328    0x2ebd0
 *(.dynbss)
 .dynbss        0x00034328        0x4 /home/think/l138/arm-2009q1/bin/../arm-none-linux-gnueabi/libc/usr/lib/crti.o
                0x00034328                stderr@@GLIBC_2.4
 *(.bss .bss.* .gnu.linkonce.b.*)
 .bss           0x0003432c        0x0 /home/think/l138/arm-2009q1/bin/../arm-none-linux-gnueabi/libc/usr/lib/crt1.o
 .bss           0x0003432c        0x0 /home/think/l138/arm-2009q1/bin/../arm-none-linux-gnueabi/libc/usr/lib/crti.o
 .bss           0x0003432c        0x1 /home/think/l138/arm-2009q1/bin/../lib/gcc/arm-none-linux-gnueabi/4.3.3/crtbegin.o
 *fill*         0x0003432d        0x3 00
 .bss           0x00034330       0x18 bin/release/obj/arm_main.ov5T
 .bss           0x00034348      0x520 bin/release/obj/iec101.ov5T
 .bss           0x00034868      0x534 bin/release/obj/iec104.ov5T
 .bss           0x00034d9c       0x8c bin/release/obj/sharearea.ov5T
                0x00034e24                INDEX
 .bss           0x00034e28        0x2 bin/release/obj/common.ov5T
 .bss           0x00034e2a        0x0 bin/release/obj/monitorpc.ov5T
 .bss           0x00034e2a        0x0 bin/release/obj/readconfig.ov5T
 .bss           0x00034e2a        0x0 bin/release/obj/readsysconfig.ov5T
 .bss           0x00034e2a        0x0 bin/release/obj/nand_rw.ov5T
 *fill*         0x00034e2a        0x2 00
 .bss           0x00034e2c      0x424 bin/release/obj/DL_101.ov5T
 .bss           0x00035250      0x120 /home/think/ti/syslink_2_21_01_05/packages/ti/syslink/lib/syslink.a_release(SharedRegion.o)
 .bss           0x00035370       0x14 /home/think/ti/syslink_2_21_01_05/packages/ti/syslink/lib/syslink.a_release(Notify.o)
 .bss           0x00035384        0x4 /home/think/ti/syslink_2_21_01_05/packages/ti/syslink/lib/syslink.a_release(MessageQ.o)
 .bss           0x00035388       0x5c /home/think/ti/syslink_2_21_01_05/packages/ti/syslink/lib/syslink.a_release(Ipc.o)
                0x000353d8                SysLinkCfg_sysMemMap
                0x000353e0                SysLink_params
 .bss           0x000353e4        0xc /home/think/ti/syslink_2_21_01_05/packages/ti/syslink/lib/syslink.a_release(RingIO.o)
 .bss           0x000353f0        0x8 /home/think/ti/syslink_2_21_01_05/packages/ti/syslink/lib/syslink.a_release(RingIOShm.o)
 .bss           0x000353f8       0x20 /home/think/ti/syslink_2_21_01_05/packages/ti/syslink/lib/syslink.a_release(FrameQ.o)
 .bss           0x00035418       0x20 /home/think/ti/syslink_2_21_01_05/packages/ti/syslink/lib/syslink.a_release(FrameQBufMgr.o)
 .bss           0x00035438    0x2d024 /home/think/ti/syslink_2_21_01_05/packages/ti/syslink/lib/syslink.a_release(ClientNotifyMgr.o)