Archive member included because of file (symbol)

/home/think/ti/syslink_2_21_01_05/packages/ti/syslink/lib/syslink.a_release(SharedRegion.o)
                              bin/release/obj/sharearea.ov5T (SharedRegion_getSRPtr)
/home/think/ti/syslink_2_21_01_05/packages/ti/syslink/lib/syslink.a_release(Notify.o)
                              bin/release/obj/sharearea.ov5T (Notify_sendEvent)
/home/think/ti/syslink_2_21_01_05/packages/ti/syslink/lib/syslink.a_release(MessageQ.o)
                              bin/release/obj/sharearea.ov5T (MessageQ_setReplyQueue)
/home/think/ti/syslink_2_21_01_05/packages/ti/syslink/lib/syslink.a_release(Ipc.o)
                              bin/release/obj/arm_main.ov5T (Ipc_control)
/home/think/ti/syslink_2_21_01_05/packages/ti/syslink/lib/syslink.a_release(RingIO.o)
                              /home/think/ti/syslink_2_21_01_05/packages/ti/syslink/lib/syslink.a_release(Ipc.o) (RingIO_destroy)
/home/think/ti/syslink_2_21_01_05/packages/ti/syslink/lib/syslink.a_release(RingIOShm.o)
                              /home/think/ti/syslink_2_21_01_05/packages/ti/syslink/lib/syslink.a_release(Ipc.o) (RingIOShm_destroy)
/home/think/ti/syslink_2_21_01_05/packages/ti/syslink/lib/syslink.a_release(FrameQ.o)
                              /home/think/ti/syslink_2_21_01_05/packages/ti/syslink/lib/syslink.a_release(Ipc.o) (FrameQ_destroy)
/home/think/ti/syslink_2_21_01_05/packages/ti/syslink/lib/syslink.a_release(FrameQBufMgr.o)
                              /home/think/ti/syslink_2_21_01_05/packages/ti/syslink/lib/syslink.a_release(FrameQ.o) (FrameQBufMgr_getHandle)
/home/think/ti/syslink_2_21_01_05/packages/ti/syslink/lib/syslink.a_release(ClientNotifyMgr.o)
                              /home/think/ti/syslink_2_21_01_05/packages/ti/syslink/lib/syslink.a_release(RingIO.o) (ClientNotifyMgr_sendForceNotificationMulti)
/home/think/ti/syslink_2_21_01_05/packages/ti/syslink/lib/syslink.a_release(HeapMemMP.o)
                              /home/think/ti/syslink_2_21_01_05/packages/ti/syslink/lib/syslink.a_release(Ipc.o) (HeapMemMP_destroy)
/home/think/ti/syslink_2_21_01_05/packages/ti/syslink/lib/syslink.a_release(HeapBufMP.o)
                              bin/release/obj/sharearea.ov5T (HeapBufMP_delete)
/home/think/ti/syslink_2_21_01_05/packages/ti/syslink/lib/syslink.a_release(GateMP.o)
                              /home/think/ti/syslink_2_21_01_05/packages/ti/syslink/lib/syslink.a_release(RingIO.o) (GateMP_getKnlHandle)
/home/think/ti/syslink_2_21_01_05/packages/ti/syslink/lib/syslink.a_release(SharedRegionDrv.o)
                              /home/think/ti/syslink_2_21_01_05/packages/ti/syslink/lib/syslink.a_release(SharedRegion.o) (SharedRegionDrv_ioctl)
/home/think/ti/syslink_2_21_01_05/packages/ti/syslink/lib/syslink.a_release(NotifyDrvUsr.o)
                              /home/think/ti/syslink_2_21_01_05/packages/ti/syslink/lib/syslink.a_release(Notify.o) (NotifyDrvUsr_ioctl)
/home/think/ti/syslink_2_21_01_05/packages/ti/syslink/lib/syslink.a_release(HeapBufMPDrv.o)
                              /home/think/ti/syslink_2_21_01_05/packages/ti/syslink/lib/syslink.a_release(HeapBufMP.o) (HeapBufMPDrv_ioctl)
/home/think/ti/syslink_2_21_01_05/packages/ti/syslink/lib/syslink.a_release(MessageQDrv.o)
                              /home/think/ti/syslink_2_21_01_05/packages/ti/syslink/lib/syslink.a_release(MessageQ.o) (MessageQDrv_ioctl)
/home/think/ti/syslink_2_21_01_05/packages/ti/syslink/lib/syslink.a_release(IpcDrv.o)
                              /home/think/ti/syslink_2_21_01_05/packages/ti/syslink/lib/syslink.a_release(Ipc.o) (IpcDrv_ioctl)
/home/think/ti/syslink_2_21_01_05/packages/ti/syslink/lib/syslink.a_release(FrameQDrv.o)
                              /home/think/ti/syslink_2_21_01_05/packages/ti/syslink/lib/syslink.a_release(FrameQ.o) (FrameQDrv_ioctl)
/home/think/ti/syslink_2_21_01_05/packages/ti/syslink/lib/syslink.a_release(FrameQBufMgrDrv.o)
                              /home/think/ti/syslink_2_21_01_05/packages/ti/syslink/lib/syslink.a_release(FrameQBufMgr.o) (FrameQBufMgrDrv_ioctl)
/home/think/ti/syslink_2_21_01_05/packages/ti/syslink/lib/syslink.a_release(ClientNotifyMgrDrv.o)
                              /home/think/ti/syslink_2_21_01_05/packages/ti/syslink/lib/syslink.a_release(ClientNotifyMgr.o) (ClientNotifyMgrDrv_ioctl)
/home/think/ti/syslink_2_21_01_05/packages/ti/syslink/lib/syslink.a_release(RingIODrv.o)
                              /home/think/ti/syslink_2_21_01_05/packages/ti/syslink/lib/syslink.a_release(RingIO.o) (RingIODrv_ioctl)
/home/think/ti/syslink_2_21_01_05/packages/ti/syslink/lib/syslink.a_release(RingIOShmDrv.o)
                              /home/think/ti/syslink_2_21_01_05/packages/ti/syslink/lib/syslink.a_release(RingIOShm.o) (RingIOShmDrv_ioctl)
/home/think/ti/syslink_2_21_01_05/packages/ti/syslink/lib/syslink.a_release(HeapMemMPDrv.o)
[...]
Memory Configuration

Name             Origin             Length             Attributes
*default*        0x00000000         0xffffffff

Linker script and memory map

LOAD /home/think/l138/arm-2009q1/bin/../arm-none-linux-gnueabi/libc/usr/lib/crt1.o
LOAD /home/think/l138/arm-2009q1/bin/../arm-none-linux-gnueabi/libc/usr/lib/crti.o
LOAD /home/think/l138/arm-2009q1/bin/../lib/gcc/arm-none-linux-gnueabi/4.3.3/crtbegin.o
LOAD bin/release/obj/arm_main.ov5T
LOAD bin/release/obj/iec101.ov5T
LOAD bin/release/obj/iec104.ov5T
LOAD bin/release/obj/sharearea.ov5T
LOAD bin/release/obj/common.ov5T
LOAD bin/release/obj/monitorpc.ov5T
LOAD bin/release/obj/readconfig.ov5T
LOAD bin/release/obj/readsysconfig.ov5T
LOAD bin/release/obj/nand_rw.ov5T
LOAD /home/think/ti/syslink_2_21_01_05/packages/ti/syslink/lib/syslink.a_release
LOAD /home/think/l138/arm-2009q1/bin/../arm-none-linux-gnueabi/libc/usr/lib/libpthread.so
START GROUP
LOAD /home/think/l138/arm-2009q1/bin/../arm-none-linux-gnueabi/libc/lib/libpthread.so.0
LOAD /home/think/l138/arm-2009q1/bin/../arm-none-linux-gnueabi/libc/usr/lib/libpthread_nonshared.a
END GROUP
LOAD /home/think/l138/arm-2009q1/bin/../arm-none-linux-gnueabi/libc/usr/lib/libc.so
START GROUP
LOAD /home/think/l138/arm-2009q1/bin/../arm-none-linux-gnueabi/libc/lib/libc.so.6
LOAD /home/think/l138/arm-2009q1/bin/../arm-none-linux-gnueabi/libc/usr/lib/libc_nonshared.a
LOAD /home/think/l138/arm-2009q1/bin/../arm-none-linux-gnueabi/libc/lib/ld-linux.so.3
END GROUP
LOAD /home/think/l138/arm-2009q1/bin/../arm-none-linux-gnueabi/libc/usr/lib/librt.so
LOAD /home/think/l138/arm-2009q1/bin/../lib/gcc/arm-none-linux-gnueabi/4.3.3/libgcc.a
LOAD /home/think/l138/arm-2009q1/bin/../arm-none-linux-gnueabi/libc/lib/libgcc_s.so
LOAD /home/think/l138/arm-2009q1/bin/../arm-none-linux-gnueabi/libc/usr/lib/libc.so
START GROUP
LOAD /home/think/l138/arm-2009q1/bin/../arm-none-linux-gnueabi/libc/lib/libc.so.6
LOAD /home/think/l138/arm-2009q1/bin/../arm-none-linux-gnueabi/libc/usr/lib/libc_nonshared.a
LOAD /home/think/l138/arm-2009q1/bin/../arm-none-linux-gnueabi/libc/lib/ld-linux.so.3
END GROUP
LOAD /home/think/l138/arm-2009q1/bin/../lib/gcc/arm-none-linux-gnueabi/4.3.3/libgcc.a
LOAD /home/think/l138/arm-2009q1/bin/../arm-none-linux-gnueabi/libc/lib/libgcc_s.so
LOAD /home/think/l138/arm-2009q1/bin/../lib/gcc/arm-none-linux-gnueabi/4.3.3/crtend.o
LOAD /home/think/l138/arm-2009q1/bin/../arm-none-linux-gnueabi/libc/usr/lib/crtn.o
                0x00008000                PROVIDE (__executable_start, 0x8000)
                0x00008134                . = (0x8000 + SIZEOF_HEADERS)

.interp         0x00008134       0x13
 *(.interp)
 .interp        0x00008134       0x13 /home/think/l138/arm-2009q1/bin/../arm-none-linux-gnueabi/libc/usr/lib/crti.o

.note.ABI-tag   0x00008148       0x20
 .note.ABI-tag  0x00008148       0x20 /home/think/l138/arm-2009q1/bin/../arm-none-linux-gnueabi/libc/usr/lib/crt1.o

.note.gnu.build-id
 *(.note.gnu.build-id)

.hash           0x00008168      0x360
 *(.hash)
 .hash          0x00008168      0x360 /home/think/l138/arm-2009q1/bin/../arm-none-linux-gnueabi/libc/usr/lib/crti.o

.gnu.hash
 *(.gnu.hash)

.dynsym         0x000084c8      0x750
 *(.dynsym)
 .dynsym        0x000084c8      0x750 /home/think/l138/arm-2009q1/bin/../arm-none-linux-gnueabi/libc/usr/lib/crti.o

.dynstr         0x00008c18      0x47c
 *(.dynstr)
 .dynstr        0x00008c18      0x47c /home/think/l138/arm-2009q1/bin/../arm-none-linux-gnueabi/libc/usr/lib/crti.o

.gnu.version    0x00009094       0xea
 *(.gnu.version)
 .gnu.version   0x00009094       0xea /home/think/l138/arm-2009q1/bin/../arm-none-linux-gnueabi/libc/usr/lib/crti.o

.gnu.version_d  0x00009180        0x0 load address 0x0000917e
 *(.gnu.version_d)
 .gnu.version_d
                0x00000000        0x0 /home/think/l138/arm-2009q1/bin/../arm-none-linux-gnueabi/libc/usr/lib/crti.o

.gnu.version_r  0x00009180       0x60
 *(.gnu.version_r)
 .gnu.version_r
                0x00009180       0x60 /home/think/l138/arm-2009q1/bin/../arm-none-linux-gnueabi/libc/usr/lib/crti.o

.rel.dyn        0x000091e0      0x100
 *(.rel.init)
 *(.rel.text .rel.text.* .rel.gnu.linkonce.t.*)
 *(.rel.fini)
 *(.rel.rodata .rel.rodata.* .rel.gnu.linkonce.r.*)
 *(.rel.data.rel.ro* .rel.gnu.linkonce.d.rel.ro.*)
 *(.rel.data .rel.data.* .rel.gnu.linkonce.d.*)
 *(.rel.tdata .rel.tdata.* .rel.gnu.linkonce.td.*)
 *(.rel.tbss .rel.tbss.* .rel.gnu.linkonce.tb.*)
 *(.rel.ctors)
 *(.rel.dtors)
 *(.rel.got)
 .rel.got       0x000091e0       0xf8 /home/think/l138/arm-2009q1/bin/../arm-none-linux-gnueabi/libc/usr/lib/crti.o
 *(.rel.bss .rel.bss.* .rel.gnu.linkonce.b.*)
 .rel.bss       0x000092d8        0x8 /home/think/l138/arm-2009q1/bin/../arm-none-linux-gnueabi/libc/usr/lib/crti.o

.rel.ifunc.dyn
 *(.rel.ifunc.*)

.rela.dyn
 *(.rela.init)
 *(.rela.text .rela.text.* .rela.gnu.linkonce.t.*)
 *(.rela.fini)
 *(.rela.rodata .rela.rodata.* .rela.gnu.linkonce.r.*)
 *(.rela.data .rela.data.* .rela.gnu.linkonce.d.*)
 *(.rela.tdata .rela.tdata.* .rela.gnu.linkonce.td.*)
 *(.rela.tbss .rela.tbss.* .rela.gnu.linkonce.tb.*)
 *(.rela.ctors)
 *(.rela.dtors)
 *(.rela.got)
 *(.rela.bss .rela.bss.* .rela.gnu.linkonce.b.*)

.rela.ifunc.dyn
 *(.rela.ifunc.*)

.rel.plt        0x000092e0      0x290
 *(.rel.plt)
 .rel.plt       0x000092e0      0x290 /home/think/l138/arm-2009q1/bin/../arm-none-linux-gnueabi/libc/usr/lib/crti.o

.rela.plt
 *(.rela.plt)

.init           0x00009570        0xc
 *(.init)
 .init          0x00009570        0x8 /home/think/l138/arm-2009q1/bin/../arm-none-linux-gnueabi/libc/usr/lib/crti.o
                0x00009570                _init
 .init          0x00009578        0x4 /home/think/l138/arm-2009q1/bin/../arm-none-linux-gnueabi/libc/usr/lib/crtn.o

.plt            0x0000957c      0x3ec
 *(.plt)
 .plt           0x0000957c      0x3ec /home/think/l138/arm-2009q1/bin/../arm-none-linux-gnueabi/libc/usr/lib/crti.o
                0x00009590                open@@GLIBC_2.4
                0x0000959c                strerror@@GLIBC_2.4
                0x000095a8                mmap@@GLIBC_2.4
                0x000095b4                abort@@GLIBC_2.4
                0x000095c0                localtime@@GLIBC_2.4
                0x000095cc                pthread_exit@@GLIBC_2.4
                0x000095d8                __libc_start_main@@GLIBC_2.4
                0x000095e4                inet_ntoa@@GLIBC_2.4
                0x000095f0                signal@@GLIBC_2.4
                0x00009608                strncpy@@GLIBC_2.4
                0x00009614                fclose@@GLIBC_2.4
                0x00009620                fgets@@GLIBC_2.4
                0x0000962c                recv@@GLIBC_2.4
                0x00009638                getenv@@GLIBC_2.4
                0x00009644                strtod@@GLIBC_2.4
                0x00009650                system@@GLIBC_2.4
                0x0000965c                listen@@GLIBC_2.4
                0x00009668                sem_init@@GLIBC_2.4
                0x00009674                fopen@@GLIBC_2.4
                0x00009680                mktime@@GLIBC_2.4
                0x0000968c                memset@@GLIBC_2.4
                0x00009698                sem_destroy@@GLIBC_2.4
                0x000096a4                setitimer@@GLIBC_2.4
                0x000096b0                perror@@GLIBC_2.4
                0x000096bc                wait@@GLIBC_2.4
                0x000096c8                usleep@@GLIBC_2.4
                0x000096d4                free@@GLIBC_2.4
                0x000096e0                read@@GLIBC_2.4
                0x000096ec                write@@GLIBC_2.4
                0x000096f8                gettimeofday@@GLIBC_2.4
                0x00009704                fseek@@GLIBC_2.4
                0x00009710                accept@@GLIBC_2.4
                0x0000971c                tcgetattr@@GLIBC_2.4
                0x00009728                pthread_mutex_unlock@@GLIBC_2.4
                0x00009734                tcflush@@GLIBC_2.4
                0x00009740                socket@@GLIBC_2.4
                0x0000974c                ioctl@@GLIBC_2.4
                0x00009758                pthread_mutex_lock@@GLIBC_2.4
                0x00009764                strlen@@GLIBC_2.4
                0x00009770                sscanf@@GLIBC_2.4
                0x0000977c                pthread_create@@GLIBC_2.4
                0x00009788                memcpy@@GLIBC_2.4
                0x00009794                getppid@@GLIBC_2.4
                0x000097a0                alarm@@GLIBC_2.4
                0x000097ac                strtol@@GLIBC_2.4
                0x000097b8                sem_post@@GLIBC_2.4
                0x000097c4                pthread_sigmask@@GLIBC_2.4
                0x000097d0                settimeofday@@GLIBC_2.4
                0x000097dc                printf@@GLIBC_2.4
                0x000097e8                raise@@GLIBC_2.4
                0x000097f4                pthread_mutex_init@@GLIBC_2.4
                0x00009800                bind@@GLIBC_2.4
                0x0000980c                strstr@@GLIBC_2.4
                0x00009818                select@@GLIBC_2.4
                0x00009824                close@@GLIBC_2.4
                0x00009830                fwrite@@GLIBC_2.4
                0x0000983c                time@@GLIBC_2.4
                0x00009848                malloc@@GLIBC_2.4
                0x00009854                cfsetospeed@@GLIBC_2.4
                0x00009860                strtok@@GLIBC_2.4
                0x0000986c                send@@GLIBC_2.4
                0x00009878                sigfillset@@GLIBC_2.4
                0x00009884                pause@@GLIBC_2.4
                0x00009890                puts@@GLIBC_2.4
                0x0000989c                tcsetattr@@GLIBC_2.4
                0x000098a8                getpid@@GLIBC_2.4
                0x000098b4                fcntl@@GLIBC_2.4
                0x000098c0                fork@@GLIBC_2.4
                0x000098cc                lseek@@GLIBC_2.4
                0x000098d8                munmap@@GLIBC_2.4
                0x000098e4                nanosleep@@GLIBC_2.4
                0x000098f0                setsockopt@@GLIBC_2.4
                0x000098fc                sem_wait@@GLIBC_2.4
                0x00009908                exit@@GLIBC_2.4
                0x00009914                cfsetispeed@@GLIBC_2.4
                0x00009920                __errno_location@@GLIBC_2.4
                0x0000992c                pthread_self@@GLIBC_2.4
                0x00009938                pthread_cancel@@GLIBC_2.4
                0x00009944                sprintf@@GLIBC_2.4
                0x00009950                pthread_join@@GLIBC_2.4
                0x0000995c                getpagesize@@GLIBC_2.4

.text           0x00009968    0x1bde8
 *(.text .stub .text.* .gnu.linkonce.t.*)
 .text          0x00009968       0x38 /home/think/l138/arm-2009q1/bin/../arm-none-linux-gnueabi/libc/usr/lib/crt1.o
                0x00009968                _start
 .text          0x000099a0       0x24 /home/think/l138/arm-2009q1/bin/../arm-none-linux-gnueabi/libc/usr/lib/crti.o
 .text          0x000099c4       0x4c /home/think/l138/arm-2009q1/bin/../lib/gcc/arm-none-linux-gnueabi/4.3.3/crtbegin.o
 .text          0x00009a10      0xd08 bin/release/obj/arm_main.ov5T
                0x00009c94                Ipc_Init
                0x0000a6d4                fork_child
                0x00009a2c                Ipc_Exit
                0x00009d4c                child_fun
                0x00009a10                process_reboot
                0x0000a620                main
 .text          0x0000a718     0x451c bin/release/obj/iec101.ov5T
                0x0000b1f0                IEC101_Process_Message
                0x0000b554                IEC101_Free_Buf
                0x0000eb78                Iec101_Thread
                0x0000a9d8                Uart_Thread
                0x0000a90c                IEC101_Senddata2pc
                0x0000b37c                IEC101_Init_Buf
 .text          0x0000ec34     0x37d8 bin/release/obj/iec104.ov5T
                0x0000ed10                PC_Send_YX
                0x00010f70                Iec104_Thread
                0x0000f13c                sig_handler
                0x0000f0b0                uninit_time
                0x0000fc3c                file_wc
                0x0000eecc                PC_Send_YC
                0x0000f0f4                set_timer
                0x0000ecb8                IEC104_Senddata2pc
                0x0000fce8                Send_Soe_Data
                0x0000f178                IEC104_Init_Buf
                0x0000f418                Network_Thread
                0x0000fb6c                IEC104_Free_Buf
                0x0000feec                IEC104_Process_Message
 .text          0x0001240c     0x1078 bin/release/obj/sharearea.ov5T
                0x0001247c                Send_Event_By_Message
                0x00012444                Write_Sys_Sharearea
                0x00012888                Message_Thread
                0x00012550                Write_To_Sharearea
                0x0001240c                Write_Fa_Sharearea
                0x000126dc                Read_From_Sharearea
                0x00013040                Sharearea_Destory
                0x000124f8                Send_Event_By_Notify
                0x0001315c                Sharearea_Creat
 .text          0x00013484      0x3e8 bin/release/obj/common.ov5T
                0x00013760                Set_Rtc_Time
                0x00013668                Init_SOEfile
                0x000136b0                Init_Logfile
                0x000136fc                Get_Rtc_Time
                0x00013484                Log_Frame
 .text          0x0001386c      0xab8 bin/release/obj/monitorpc.ov5T
                0x00013a08                PC_Creat_connection
                0x0001386c                PC_Check_Sum
                0x00013960                PC_Send_Data
 .text          0x00014324      0xd20 bin/release/obj/readconfig.ov5T
                0x00014324                Read_Faconfig_Conf
 .text          0x00015044      0x468 bin/release/obj/readsysconfig.ov5T
                0x00015044                Read_Sysconfig_Conf
 .text          0x000154ac      0x1b0 bin/release/obj/nand_rw.ov5T
                0x000154ac                Nand_Read_Config
                0x00015558                Nand_Write_Config
 .text          0x0001565c      0xe98 /home/think/ti/syslink_2_21_01_05/packages/ti/syslink/lib/syslink.a_release(SharedRegion.o)
                0x0001569c                SharedRegion_getPtr
                0x000160ec                SharedRegion_setup
                0x00015818                SharedRegion_isCacheEnabled
                0x00015b80                SharedRegion_getRegionInfo
                0x00015880                SharedRegion_getNumRegions
                0x00015bc4                SharedRegion_getEntry
                0x0001570c                SharedRegion_getSRPtr
                0x000159d4                SharedRegion_clearEntry
                0x00015fa8                SharedRegion_getConfig
                0x00015b10                SharedRegion_stop
                0x00015fe4                SharedRegion_destroy
                0x00015c20                _SharedRegion_setRegions
                0x00016404                SharedRegion_getIdByName
                0x00015da0                SharedRegion_reserveMemory
                0x00015e68                SharedRegion_getHeap
                0x000158e0                SharedRegion_invalidSRPtr
                0x00015b48                SharedRegion_start
                0x00015ad4                SharedRegion_attach
                0x00016314                SharedRegion_getId
                0x00015a98                SharedRegion_detach
                0x000157c0                SharedRegion_getCacheLineSize
                0x00015ee0                SharedRegion_setEntry
                0x00015870                SharedRegion_translateEnabled
                0x000158e8                _SharedRegion_clearRegions
                0x00015890                SharedRegion_entryInit
 .text          0x000164f4      0x7a4 /home/think/ti/syslink_2_21_01_05/packages/ti/syslink/lib/syslink.a_release(Notify.o)
                0x00016c40                Notify_getConfig
                0x00016a54                Notify_registerEventSingle
                0x00016604                Notify_restore
                0x000166ac                Notify_sendEvent
                0x0001657c                Notify_disableEvent
                0x00016754                Notify_intLineRegistered
                0x00016b0c                Notify_sharedMemReq
                0x0001684c                Notify_unregisterEvent
                0x00016bc8                Notify_setup
                0x000168fc                Notify_unregisterEventSingle
                0x000167ac                Notify_eventAvailable
                0x00016b78                Notify_destroy
                0x00016828                Notify_detach
                0x00016b44                Notify_attach
                0x0001699c                Notify_registerEvent
                0x00016654                Notify_disable
                0x000164f4                Notify_enableEvent
 .text          0x00016c98      0x81c /home/think/ti/syslink_2_21_01_05/packages/ti/syslink/lib/syslink.a_release(MessageQ.o)
                0x00016e60                MessageQ_close
                0x00016c98                MessageQ_setReplyQueue
                0x000171c0                MessageQ_staticMsgInit
                0x00016cb8                MessageQ_getQueueId
                0x00016ce4                MessageQ_detach
                0x00016ccc                MessageQ_setMsgTrace
                0x00016d68                MessageQ_unregisterHeap
                0x00017474                MessageQ_getConfig
                0x00017118                MessageQ_get
                0x00016fbc                MessageQ_free
                0x00017418                MessageQ_setup
                0x00017210                MessageQ_open
                0x00017034                MessageQ_put
                0x000170b4                MessageQ_alloc
                0x00017328                MessageQ_create
                0x00016ec4                MessageQ_Params_init
                0x00016d20                MessageQ_unblock
                0x00016e08                MessageQ_count
                0x000173cc                MessageQ_destroy
                0x0001729c                MessageQ_delete
                0x00016f08                MessageQ_attach
                0x00016da8                MessageQ_registerHeap
                0x00016f5c                MessageQ_sharedMemReq
 .text          0x000174b4      0x798 /home/think/ti/syslink_2_21_01_05/packages/ti/syslink/lib/syslink.a_release(Ipc.o)
                0x000174ec                Ipc_writeConfig
                0x000174b4                Ipc_runtimeId
                0x00017afc                Ipc_control
                0x000177d8                Ipc_isAttached
                0x0001754c                Ipc_destroy
                0x000178d4                Ipc_setup
                0x00017828                Ipc_getConfig
                0x0001751c                Ipc_readConfig
 .text          0x00017c4c     0x102c /home/think/ti/syslink_2_21_01_05/packages/ti/syslink/lib/syslink.a_release(RingIO.o)
                0x00018224                RingIO_unregisterNotifier
                0x000187ec                RingIO_destroy
                0x0001834c                RingIO_close
                0x00018838                RingIO_getConfig
                0x00017ca8                RingIO_flush
                0x000188f0                RingIO_setAttribute
                0x00018094                RingIO_getValidSize
                0x00018170                RingIO_sendNotify
                0x00017c4c                RingIO_sharedMemReq
                0x00018418                RingIO_delete
                0x000184d8                RingIO_openByAddr
                0x00017e9c                RingIO_getWaterMark
                0x0001812c                RingIO_Params_init
                0x00017f98                RingIO_getEmptyAttrSize
                0x00017e14                RingIO_release
                0x00017f44                RingIO_getAcquiredOffset
                0x00018290                RingIO_registerNotifier
                0x000180e8                RingIO_setNotifyType
                0x00018678                RingIO_open
                0x00017d70                RingIO_getvAttribute
                0x000181a0                RingIO_acquire
                0x00018040                RingIO_getEmptySize
                0x00017e58                RingIO_setWaterMark
                0x00017dd0                RingIO_cancel
                0x00018958                RingIO_getAttribute
                0x000189b4                RingIO_create
                0x00017fec                RingIO_getValidAttrSize
                0x00018878                RingIO_setup
                0x00017d08                RingIO_setvAttribute
                0x00017ef0                RingIO_getAcquiredSize
 .text          0x00018c78      0x148 /home/think/ti/syslink_2_21_01_05/packages/ti/syslink/lib/syslink.a_release(RingIOShm.o)
                0x00018d48                RingIOShm_setup
                0x00018c78                RingIOShm_Params_init
                0x00018cbc                RingIOShm_destroy
                0x00018d08                RingIOShm_getConfig
 .text          0x00018dc0     0x16a8 /home/think/ti/syslink_2_21_01_05/packages/ti/syslink/lib/syslink.a_release(FrameQ.o)
                0x000197e8                FrameQ_freev
                0x000190d4                FrameQ_sendNotify
                0x00019864                FrameQ_free
                0x00019994                FrameQ_close
                0x00019670                FrameQ_getv
                0x0001927c                FrameQ_registerNotifier
                0x00019be0                FrameQ_open
                0x000198b0                FrameQ_allocv
                0x000191ac                FrameQ_unregisterNotifier
                0x00019f78                FrameQ_create
                0x00019944                FrameQ_alloc
                0x00018e60                FrameQ_ShMem_Params_init
                0x00018ef8                FrameQ_getvNumFreeFrames
                0x00018eb0                FrameQ_control
                0x00019134                FrameQ_dup
                0x00018dc0                FrameQ_ShMem_sharedMemReq
                0x00018fdc                FrameQ_getvNumFrames
                0x00018e14                FrameQ_Params_init
                0x000195a4                FrameQ_put
                0x0001a36c                FrameQ_getConfig
                0x00018f88                FrameQ_getNumFreeFrames
                0x000193a8                FrameQ_get
                0x0001a2e4                FrameQ_destroy
                0x0001906c                FrameQ_getNumFrames
                0x0001a3ac                FrameQ_setup
                0x00019ab0                FrameQ_delete
                0x0001948c                FrameQ_putv
 .text          0x0001a468     0x16a4 /home/think/ti/syslink_2_21_01_05/packages/ti/syslink/lib/syslink.a_release(FrameQBufMgr.o)
                0x0001a4a0                FrameQBufMgr_getKnlHandle
                0x0001b10c                FrameQBufMgr_freev
                0x0001a468                FrameQBufMgr_add
                0x0001b648                FrameQBufMgr_close
                0x0001ad40                FrameQBufMgr_writeBackFrameBuf
                0x0001a498                FrameQBufMgr_getId
                0x0001a6d0                FrameQBufMgr_translateAddr
                0x0001b540                FrameQBufMgr_delete
                0x0001a57c                FrameQBufMgr_getvNumFreeFrames
                0x0001afd8                FrameQBufMgr_dupv
                0x0001a4c4                FrameQBufMgr_isSupportedBufInterface
                0x0001a928                FrameQBufMgr_allocv
                0x0001b968                FrameQBufMgr_destroy
                0x0001ba00                FrameQBufMgr_getConfig
                0x0001a880                FrameQBufMgr_free
                0x0001ab20                FrameQBufMgr_invalidate
                0x0001a660                FrameQBufMgr_getHandle
                0x0001a610                FrameQBufMgr_getNumFreeFrames
                0x0001ac74                FrameQBufMgr_writeBack
                0x0001a4b8                FrameQBufMgr_isSupportedInterface
                0x0001a530                FrameQBufMgr_ShMem_Params_init
                0x0001b684                FrameQBufMgr_create
                0x0001ae30                FrameQBufMgr_writeBackHeaderBuf
                0x0001a4ac                FrameQBufMgr_getBaseHeaderSize
                0x0001a798                FrameQBufMgr_dup
                0x0001aa60                FrameQBufMgr_alloc
                0x0001af18                FrameQBufMgr_registerNotifier
                0x0001abfc                FrameQBufMgr_invalidateFrameBuf
                0x0001ba4c                FrameQBufMgr_setup
                0x0001a470                FrameQBufMgr_remove
                0x0001a4e0                FrameQBufMgr_Params_init
                0x0001ae8c                FrameQBufMgr_unregisterNotifier
                0x0001adb8                FrameQBufMgr_invalidateHeaderBuf
                0x0001b228                FrameQBufMgr_open
 .text          0x0001bb0c     0x1ba8 /home/think/ti/syslink_2_21_01_05/packages/ti/syslink/lib/syslink.a_release(ClientNotifyMgr.o)
                0x0001c420                ClientNotifyMgr_sendNotification
                0x0001bc90                ClientNotifyMgr_sendForceNotificationMulti
                0x0001cd20                ClientNotifyMgr_close
                0x0001bb14                ClientNotifyMgr_disableNotification
                0x0001cd2c                ClientNotifyMgr_sharedMemReq
                0x0001d278                ClientNotifyMgr_create
                0x0001cd90                ClientNotifyMgr_destroy
                0x0001cf78                ClientNotifyMgr_callBack
                0x0001ce58                ClientNotifyMgr_setup
                0x0001bb0c                ClientNotifyMgr_sharedMemModReq
                0x0001bef4                ClientNotifyMgr_sendNotificationMulti
                0x0001c6d4                ClientNotifyMgr_unregisterClient
                0x0001ce18                ClientNotifyMgr_getConfig
                0x0001bbd0                ClientNotifyMgr_enableNotification
                0x0001c258                ClientNotifyMgr_sendForceNotification
                0x0001caf4                ClientNotifyMgr_Params_init
                0x0001cb38                ClientNotifyMgr_delete
                0x0001c8b0                ClientNotifyMgr_registerClient
                0x0001d654                ClientNotifyMgr_open
 .text          0x0001d6b4      0x8e4 /home/think/ti/syslink_2_21_01_05/packages/ti/syslink/lib/syslink.a_release(HeapMemMP.o)
                0x0001dd10                HeapMemMP_getConfig
                0x0001d7b4                HeapMemMP_getStats
                0x0001de38                HeapMemMP_create
                0x0001d760                HeapMemMP_getExtendedStats
                0x0001d848                _HeapMemMP_create
                0x0001d6b4                HeapMemMP_getKnlHandle
                0x0001dcb8                HeapMemMP_setup
                0x0001dc6c                HeapMemMP_destroy
                0x0001d808                HeapMemMP_Params_init
                0x0001dd4c                HeapMemMP_getUsrHandle
                0x0001d908                HeapMemMP_close
                0x0001d710                HeapMemMP_sharedMemReq
                0x0001d6e4                HeapMemMP_restore
                0x0001d9a4                HeapMemMP_delete
                0x0001da40                HeapMemMP_free
                0x0001db58                HeapMemMP_alloc
                0x0001dab8                HeapMemMP_openByAddr
                0x0001dbd0                HeapMemMP_open
 .text          0x0001df98      0x7ec /home/think/ti/syslink_2_21_01_05/packages/ti/syslink/lib/syslink.a_release(HeapBufMP.o)
                0x0001e62c                HeapBufMP_create
                0x0001e194                HeapBufMP_close
                0x0001e390                HeapBufMP_openByAddr
                0x0001e098                HeapBufMP_sharedMemReq
                0x0001df98                HeapBufMP_isBlocking
                0x0001e140                HeapBufMP_getStats
                0x0001e544                HeapBufMP_destroy
                0x0001e590                HeapBufMP_setup
                0x0001dfd4                _HeapBufMP_create
                0x0001e430                HeapBufMP_alloc
                0x0001e5ec                HeapBufMP_getConfig
                0x0001e2d4                HeapBufMP_Params_init
                0x0001e234                HeapBufMP_delete
                0x0001dfa4                HeapBufMP_getKnlHandle
                0x0001e318                HeapBufMP_free
                0x0001e4a8                HeapBufMP_open
                0x0001e0ec                HeapBufMP_getExtendedStats
 .text          0x0001e784      0xa7c /home/think/ti/syslink_2_21_01_05/packages/ti/syslink/lib/syslink.a_release(GateMP.o)
                0x0001ef1c                GateMP_getConfig
                0x0001e834                GateMP_getDefaultRemote
                0x0001e904                GateMP_enter
                0x0001e970                GateMP_Instance_finalize
                0x0001ee50                GateMP_setup
                0x0001ef68                GateMP_delete
                0x0001eb00                GateMP_openByAddr
                0x0001ed34                GateMP_Instance_init
                0x0001e800                GateMP_getSharedAddr
                0x0001e9f4                GateMP_close
                0x0001e9a0                GateMP_Params_init
                0x0001ec1c                GateMP_open
                0x0001e784                GateMP_getLocalProtect
                0x0001f074                _GateMP_create
                0x0001e870                GateMP_sharedMemReq
                0x0001e8a0                GateMP_leave
                0x0001e78c                GateMP_getRemoteProtect
                0x0001f174                GateMP_create
                0x0001e794                GateMP_getKnlHandle
                0x0001edd0                GateMP_destroy
                0x0001e7d4                GateMP_setReserved
 .text          0x0001f200      0x270 /home/think/ti/syslink_2_21_01_05/packages/ti/syslink/lib/syslink.a_release(SharedRegionDrv.o)
                0x0001f200                SharedRegionDrv_ioctl
                0x0001f3a4                SharedRegionDrv_close
                0x0001f3f4                SharedRegionDrv_open
 .text          0x0001f470      0x384 /home/think/ti/syslink_2_21_01_05/packages/ti/syslink/lib/syslink.a_release(NotifyDrvUsr.o)
                0x0001f470                _NotifyDrvUsr_eventWorker
                0x0001f5d0                NotifyDrvUsr_close
                0x0001f59c                NotifyDrvUsr_ioctl
                0x0001f694                NotifyDrvUsr_open
 .text          0x0001f7f4      0x130 /home/think/ti/syslink_2_21_01_05/packages/ti/syslink/lib/syslink.a_release(HeapBufMPDrv.o)
                0x0001f878                HeapBufMPDrv_open
                0x0001f7f4                HeapBufMPDrv_ioctl
                0x0001f828                HeapBufMPDrv_close
 .text          0x0001f924      0x138 /home/think/ti/syslink_2_21_01_05/packages/ti/syslink/lib/syslink.a_release(MessageQDrv.o)
                0x0001f924                MessageQDrv_ioctl
                0x0001f9a8                MessageQDrv_open
                0x0001f958                MessageQDrv_close
 .text          0x0001fa5c      0x114 /home/think/ti/syslink_2_21_01_05/packages/ti/syslink/lib/syslink.a_release(IpcDrv.o)
                0x0001fae0                IpcDrv_open
                0x0001fa5c                IpcDrv_ioctl
                0x0001fa90                IpcDrv_close
 .text          0x0001fb70       0xfc /home/think/ti/syslink_2_21_01_05/packages/ti/syslink/lib/syslink.a_release(FrameQDrv.o)
                0x0001fb70                FrameQDrv_ioctl
                0x0001fbf4                FrameQDrv_open
                0x0001fba4                FrameQDrv_close
 .text          0x0001fc6c       0xfc /home/think/ti/syslink_2_21_01_05/packages/ti/syslink/lib/syslink.a_release(FrameQBufMgrDrv.o)
                0x0001fcf0                FrameQBufMgrDrv_open
                0x0001fca0                FrameQBufMgrDrv_close
                0x0001fc6c                FrameQBufMgrDrv_ioctl
 .text          0x0001fd68       0xfc /home/think/ti/syslink_2_21_01_05/packages/ti/syslink/lib/syslink.a_release(ClientNotifyMgrDrv.o)
                0x0001fdec                ClientNotifyMgrDrv_open
                0x0001fd68                ClientNotifyMgrDrv_ioctl
                0x0001fd9c                ClientNotifyMgrDrv_close
 .text          0x0001fe64       0xfc /home/think/ti/syslink_2_21_01_05/packages/ti/syslink/lib/syslink.a_release(RingIODrv.o)
                0x0001fe98                RingIODrv_close
                0x0001fe64                RingIODrv_ioctl
                0x0001fee8                RingIODrv_open
 .text          0x0001ff60       0xfc /home/think/ti/syslink_2_21_01_05/packages/ti/syslink/lib/syslink.a_release(RingIOShmDrv.o)
                0x0001ff60                RingIOShmDrv_ioctl
                0x0001ff94                RingIOShmDrv_close
                0x0001ffe4                RingIOShmDrv_open
 .text          0x0002005c      0x100 /home/think/ti/syslink_2_21_01_05/packages/ti/syslink/lib/syslink.a_release(HeapMemMPDrv.o)
                0x00020090                HeapMemMPDrv_close
                0x0002005c                HeapMemMPDrv_ioctl
                0x000200e0                HeapMemMPDrv_open
 .text          0x0002015c      0x100 /home/think/ti/syslink_2_21_01_05/packages/ti/syslink/lib/syslink.a_release(GateMPDrv.o)
                0x000201e0                GateMPDrv_open
                0x00020190                GateMPDrv_close
                0x0002015c                GateMPDrv_ioctl
 .text          0x0002025c        0x8 /home/think/ti/syslink_2_21_01_05/packages/ti/syslink/lib/syslink.a_release(OsalProcess.o)
                0x0002025c                OsalProcess_getTid
                0x00020260                OsalProcess_getPid
 .text          0x00020264      0x1fc /home/think/ti/syslink_2_21_01_05/packages/ti/syslink/lib/syslink.a_release(GateMutex.o)
                0x00020264                GateMutex_leave
                0x0002038c                GateMutex_delete
                0x000202d8                GateMutex_create
                0x00020274                GateMutex_enter
                0x000202a0                GateMutex_Instance_init
                0x00020284                GateMutex_Instance_finalize
 .text          0x00020460      0x144 /home/think/ti/syslink_2_21_01_05/packages/ti/syslink/lib/syslink.a_release(Memory.o)
                0x000204a4                Memory_getMaxDefaultTypeAlign
                0x00020460                Memory_getStats
                0x000204ac                Memory_translate
                0x000204e4                Memory_valloc
                0x00020560                Memory_calloc
                0x000204b0                Memory_alloc
                0x00020478                Memory_query
                0x00020534                Memory_free
 .text          0x000205a4      0x2a0 /home/think/ti/syslink_2_21_01_05/packages/ti/syslink/lib/syslink.a_release(List.o)
                0x00020760                List_get
                0x000205a8                List_construct
                0x00020724                List_put
                0x00020610                List_insert
                0x000205a4                List_Params_init
                0x000207c8                List_destruct
                0x0002081c                List_create
                0x000207ec                List_delete
                0x0002063c                List_remove
                0x00020660                List_dequeue
                0x0002079c                List_empty
                0x000205c8                List_next
                0x00020698                List_enqueue
                0x000205b8                List_elemClear
                0x000206c0                List_enqueueHead
                0x000205ec                List_prev
                0x000206ec                List_putHead
 .text          0x00020844      0x34c /home/think/ti/syslink_2_21_01_05/packages/ti/syslink/lib/syslink.a_release(String.o)
                0x00020b04                String_hash
                0x000209c4                String_cpy
                0x00020878                String_cmp
                0x0002095c                String_ncmp
                0x00020a74                String_hexToStr
                0x000209e0                String_ncpy
                0x00020844                String_cat
                0x00020a40                String_len
 .text          0x00020b90      0x8e0 /home/think/ti/syslink_2_21_01_05/packages/ti/syslink/lib/syslink.a_release(NameServer.o)
                0x0002125c                NameServer_create
                0x00020cf8                NameServer_match
                0x00020d7c                NameServer_getLocal
                0x00021100                NameServer_addUInt32
                0x00020c50                NameServer_delete
                0x00021070                NameServer_add
                0x00021374                NameServer_destroy
                0x0002114c                NameServer_getHandle
                0x00020e2c                NameServer_getLocalUInt32
                0x000213c0                NameServer_setup
                0x00020cb4                NameServer_Params_init
                0x00020bf0                NameServer_removeEntry
                0x000211c8                NameServer_open
                0x00020e8c                NameServer_get
                0x000212e8                NameServer_close
                0x00021000                NameServer_remove
                0x00020b90                NameServer_isRegistered
                0x00020f94                NameServer_getUInt32
                0x00021410                NameServer_getConfig
 .text          0x00021470      0x344 /home/think/ti/syslink_2_21_01_05/packages/ti/syslink/lib/syslink.a_release(MultiProc.o)
                0x00021674                MultiProc_destroy
                0x000214b4                MultiProc_self
                0x000214a4                MultiProc_getNumProcessors
                0x000216c0                MultiProc_setup
                0x000215f8                MultiProc_setLocalId
                0x00021470                MultiProc_getName
                0x0002157c                MultiProc_getId
                0x000214c8                MultiProc_getSlot
                0x00021754                MultiProc_getConfig
 .text          0x000217b4       0x48 /home/think/ti/syslink_2_21_01_05/packages/ti/syslink/lib/syslink.a_release(Gate.o)
                0x000217b4                Gate_leaveSystem
                0x000217cc                Gate_enterSystem
 .text          0x000217fc       0x38 /home/think/ti/syslink_2_21_01_05/packages/ti/syslink/lib/syslink.a_release(SysLink.o)
                0x000217fc                SysLink_destroy
                0x0002180c                SysLink_setup
 .text          0x00021834       0xd0 /home/think/ti/syslink_2_21_01_05/packages/ti/syslink/lib/syslink.a_release(Cache.o)
                0x00021834                Cache_setMode
                0x00021860                Cache_wait
                0x000218d8                Cache_inv
                0x000218ac                Cache_wb
                0x00021880                Cache_wbInv
 .text          0x00021904      0x130 /home/think/ti/syslink_2_21_01_05/packages/ti/syslink/lib/syslink.a_release(NameServerDrv.o)
                0x00021988                NameServerDrv_open
                0x00021938                NameServerDrv_close
                0x00021904                NameServerDrv_ioctl
 .text          0x00021a34       0xfc /home/think/ti/syslink_2_21_01_05/packages/ti/syslink/lib/syslink.a_release(MultiProcDrv.o)
                0x00021a34                MultiProcDrv_ioctl
                0x00021a68                MultiProcDrv_close
                0x00021ab8                MultiProcDrv_open
 .text          0x00021b30       0x1c /home/think/ti/syslink_2_21_01_05/packages/ti/syslink/lib/syslink.a_release(CacheDrv.o)
                0x00021b30                CacheDrv_ioctl
 .text          0x00021b4c       0xd0 /home/think/ti/syslink_2_21_01_05/packages/ti/syslink/lib/syslink.a_release(Dev.o)
                0x00021b4c                Dev_pollOpen
 .text          0x00021c1c      0x708 /home/think/ti/syslink_2_21_01_05/packages/ti/syslink/lib/syslink.a_release(MemoryOS.o)
                0x000220c8                MemoryOS_set
                0x00022140                MemoryOS_copy
                0x00021c2c                MemoryOS_map
                0x00021eb8                MemoryOS_setup
                0x00021f98                MemoryOS_translate
                0x00021c28                MemoryOS_alloc
                0x00021e00                MemoryOS_destroy
                0x000221bc                MemoryOS_unmap
                0x00021ddc                MemoryOS_calloc
                0x00021c1c                MemoryOS_free
 .text          0x00022324      0x234 /home/think/ti/syslink_2_21_01_05/packages/ti/syslink/lib/syslink.a_release(OsalDrv.o)
                0x0002245c                OsalDrv_close
                0x000224c0                OsalDrv_open
                0x0002235c                OsalDrv_unmap
                0x00022324                OsalDrv_ioctl
                0x000223a0                OsalDrv_map
 .text          0x00022558       0xb4 /home/think/ti/syslink_2_21_01_05/packages/ti/syslink/lib/syslink.a_release(OsalMutex.o)
                0x0002257c                OsalMutex_delete
                0x000225c4                OsalMutex_create
                0x00022564                OsalMutex_enter
                0x00022558                OsalMutex_leave
 .text          0x0002260c     0x151c /home/think/ti/syslink_2_21_01_05/packages/ti/syslink/lib/syslink.a_release(ProcMgr.o)
                0x0002282c                ProcMgr_getSymbolAddress
                0x000235b0                ProcMgr_destroy
                0x00022bdc                ProcMgr_unmap
                0x00022b2c                ProcMgr_delete
                0x00023008                ProcMgr_load
                0x00022a80                ProcMgr_getStartParams
                0x0002372c                ProcMgr_detach
                0x0002272c                ProcMgr_getSectionData
                0x00023574                ProcMgr_getConfig
                0x00022a44                ProcMgr_start
                0x000226ec                ProcMgr_getMaxMemoryRegions
                0x00022a10                ProcMgr_stop
                0x000231fc                ProcMgr_open
                0x00022ea4                ProcMgr_map
                0x00022ba0                ProcMgr_Params_init
                0x00022ab4                ProcMgr_unload
                0x000238f4                ProcMgr_attach
                0x00022954                ProcMgr_read
                0x0002260c                ProcMgr_translateAddr
                0x000233fc                ProcMgr_create
                0x000229cc                ProcMgr_getState
                0x000226f8                ProcMgr_getLoadedFileId
                0x00022af0                ProcMgr_getAttachParams
                0x000230c8                ProcMgr_close
                0x000228dc                ProcMgr_write
                0x000228a0                ProcMgr_control
                0x000227dc                ProcMgr_getProcInfo
                0x00022784                ProcMgr_getSectionInfo
                0x000234fc                ProcMgr_setup
 .text          0x00023b28      0x1f8 /home/think/ti/syslink_2_21_01_05/packages/ti/syslink/lib/syslink.a_release(ProcMgrDrvUsr.o)
                0x00023b80                ProcMgrDrvUsr_open
                0x00023b28                ProcMgrDrvUsr_close
                0x00023c04                ProcMgrDrvUsr_ioctl
 .text          0x00023d20       0xf8 /home/think/ti/syslink_2_21_01_05/packages/ti/syslink/lib/syslink.a_release(FrameQ_common.o)
                0x00023d3c                FrameQ_getNumFrameBuffers
                0x00023d78                FrameQ_getFrameBufValidSize
                0x00023de0                FrameQ_setFrameBufDataStartOffset
                0x00023da8                FrameQ_setFrameBufValidSize
                0x00023d48                FrameQ_getFrameBuffer
                0x00023d60                FrameQ_getFrameBufSize
                0x00023d20                FrameQ_isSupportedInterface
                0x00023d90                FrameQ_getFrameBufDataStartOffset
                0x00023d2c                FrameQ_getExtendedHeaderPtr
 .text          0x00023e18      0x92c /home/think/ti/syslink_2_21_01_05/packages/ti/syslink/lib/syslink.a_release(ListMP.o)
                0x0002460c                ListMP_getConfig
                0x00024648                ListMP_create
                0x00023e20                _ListMP_create
                0x000241a4                ListMP_prev
                0x00023e74                ListMP_remove
                0x0002434c                ListMP_close
                0x000245b4                ListMP_setup
                0x00024454                ListMP_open
                0x000240d0                ListMP_openByAddr
                0x000243d0                ListMP_delete
                0x00023e18                ListMP_getGate
                0x00024294                ListMP_getTail
                0x00024568                ListMP_destroy
                0x00023eec                ListMP_insert
                0x00024164                ListMP_Params_init
                0x000242f0                ListMP_getHead
                0x00023f8c                ListMP_putTail
                0x0002421c                ListMP_next
                0x000244f0                ListMP_sharedMemReq
                0x00024004                ListMP_putHead
                0x0002407c                ListMP_empty
 .text          0x00024744      0x100 /home/think/ti/syslink_2_21_01_05/packages/ti/syslink/lib/syslink.a_release(ListMPDrv.o)
                0x00024778                ListMPDrv_close
                0x00024744                ListMPDrv_ioctl
                0x000247c8                ListMPDrv_open
 .text          0x00024844       0x70 /home/think/l138/arm-2009q1/bin/../arm-none-linux-gnueabi/libc/usr/lib/libc_nonshared.a(elf-init.oS)
                0x00024844                __libc_csu_fini
                0x00024848                __libc_csu_init
 .text          0x000248b4      0x20c /home/think/l138/arm-2009q1/bin/../lib/gcc/arm-none-linux-gnueabi/4.3.3/libgcc.a(_udivsi3.o)
                0x000248b4                __udivsi3
                0x000248b4                __aeabi_uidiv
                0x00024aa0                __aeabi_uidivmod
 .text          0x00024ac0      0x3b8 /home/think/l138/arm-2009q1/bin/../lib/gcc/arm-none-linux-gnueabi/4.3.3/libgcc.a(_arm_addsubdf3.o)
                0x00024e04                __floatundidf
                0x00024d9c                __floatsidf
                0x00024d78                __aeabi_ui2d
                0x00024d9c                __aeabi_i2d
                0x00024d78                __floatunsidf
                0x00024ac8                __subdf3
                0x00024e18                __floatdidf
                0x00024acc                __adddf3
                0x00024e18                __aeabi_l2d
                0x00024dc4                __aeabi_f2d
                0x00024e04                __aeabi_ul2d
                0x00024ac0                __aeabi_drsub
                0x00024dc4                __extendsfdf2
                0x00024acc                __aeabi_dadd
                0x00024ac8                __aeabi_dsub
 .text          0x00024e78      0x470 /home/think/l138/arm-2009q1/bin/../lib/gcc/arm-none-linux-gnueabi/4.3.3/libgcc.a(_arm_muldivdf3.o)
                0x00024e78                __muldf3
                0x000250e4                __divdf3
                0x00024e78                __aeabi_dmul
                0x000250e4                __aeabi_ddiv
 .text          0x000252e8       0x5c /home/think/l138/arm-2009q1/bin/../lib/gcc/arm-none-linux-gnueabi/4.3.3/libgcc.a(_arm_fixdfsi.o)
                0x000252e8                __fixdfsi
                0x000252e8                __aeabi_d2iz
 .text          0x00025344      0x250 /home/think/l138/arm-2009q1/bin/../lib/gcc/arm-none-linux-gnueabi/4.3.3/libgcc.a(_arm_addsubsf3.o)
                0x00025350                __aeabi_fadd
                0x00025518                __aeabi_l2f
                0x00025508                __aeabi_ul2f
                0x0002534c                __subsf3
                0x000254e8                __floatsisf
                0x00025350                __addsf3
                0x00025344                __aeabi_frsub
                0x00025518                __floatdisf
                0x0002534c                __aeabi_fsub
                0x000254e0                __aeabi_ui2f
                0x000254e8                __aeabi_i2f
                0x000254e0                __floatunsisf
                0x00025508                __floatundisf
 .text          0x00025594       0xfc /home/think/l138/arm-2009q1/bin/../lib/gcc/arm-none-linux-gnueabi/4.3.3/libgcc.a(_arm_cmpsf2.o)
                0x00025594                __gesf2
                0x00025668                __aeabi_fcmpge
                0x00025618                __aeabi_cfcmple
                0x000255a4                __cmpsf2
                0x00025608                __aeabi_cfrcmple
                0x00025618                __aeabi_cfcmpeq
                0x0002559c                __lesf2
                0x0002559c                __ltsf2
                0x00025594                __gtsf2
                0x00025640                __aeabi_fcmplt
                0x000255a4                __eqsf2
                0x0002562c                __aeabi_fcmpeq
                0x000255a4                __nesf2
                0x00025654                __aeabi_fcmple
                0x0002567c                __aeabi_fcmpgt
 .text          0x00025690       0x5c /home/think/l138/arm-2009q1/bin/../lib/gcc/arm-none-linux-gnueabi/4.3.3/libgcc.a(_arm_fixsfsi.o)
                0x00025690                __fixsfsi
                0x00025690                __aeabi_f2iz
 .text          0x000256ec       0x54 /home/think/l138/arm-2009q1/bin/../lib/gcc/arm-none-linux-gnueabi/4.3.3/libgcc.a(_arm_fixunssfsi.o)
                0x000256ec                __aeabi_f2uiz
                0x000256ec                __fixunssfsi
 .text          0x00025740       0x10 /home/think/l138/arm-2009q1/bin/../lib/gcc/arm-none-linux-gnueabi/4.3.3/libgcc.a(_dvmd_lnx.o)
                0x00025740                __aeabi_idiv0
                0x00025740                __aeabi_ldiv0
 .text          0x00025750        0x0 /home/think/l138/arm-2009q1/bin/../lib/gcc/arm-none-linux-gnueabi/4.3.3/crtend.o
 .text          0x00025750        0x0 /home/think/l138/arm-2009q1/bin/../arm-none-linux-gnueabi/libc/usr/lib/crtn.o
 *(.gnu.warning)
 *(.glue_7t)
 .glue_7t       0x00000000        0x0 linker stubs
 *(.glue_7)
 .glue_7        0x00000000        0x0 linker stubs
 *(.vfp11_veneer)
 .vfp11_veneer  0x00000000        0x0 linker stubs
 *(.v4_bx)
 .v4_bx         0x00000000        0x0 linker stubs

.fini           0x00025750        0x8
 *(.fini)
 .fini          0x00025750        0x4 /home/think/l138/arm-2009q1/bin/../arm-none-linux-gnueabi/libc/usr/lib/crti.o
                0x00025750                _fini
 .fini          0x00025754        0x4 /home/think/l138/arm-2009q1/bin/../arm-none-linux-gnueabi/libc/usr/lib/crtn.o
                0x00025758                PROVIDE (__etext, .)
                0x00025758                PROVIDE (_etext, .)
                0x00025758                PROVIDE (etext, .)

.rodata         0x00025758     0x1fc4
 *(.rodata .rodata.* .gnu.linkonce.r.*)
 .rodata.cst4   0x00025758        0x4 /home/think/l138/arm-2009q1/bin/../arm-none-linux-gnueabi/libc/usr/lib/crt1.o
                0x00025758                _IO_stdin_used
 .rodata.str1.4
                0x0002575c      0x251 bin/release/obj/arm_main.ov5T
                                0x254 (size before relaxing)
 *fill*         0x000259ad        0x3 00
 .rodata        0x000259b0       0x30 bin/release/obj/iec101.ov5T
 .rodata.str1.4
                0x000259e0      0x380 bin/release/obj/iec101.ov5T
                                0x39c (size before relaxing)
 .rodata.str1.4
                0x00025d60      0x564 bin/release/obj/iec104.ov5T
                                0x654 (size before relaxing)
 .rodata.str1.4
                0x000262c4      0x48b bin/release/obj/sharearea.ov5T
                                0x48c (size before relaxing)
 *fill*         0x0002674f        0x1 00
 .rodata.str1.4
                0x00026750       0x77 bin/release/obj/common.ov5T
                                 0x8c (size before relaxing)
 *fill*         0x000267c7        0x1 00
 .rodata.str1.4
                0x000267c8       0x7e bin/release/obj/monitorpc.ov5T
                                 0xf4 (size before relaxing)
 *fill*         0x00026846        0x2 00
 .rodata.str1.4
                0x00026848      0x428 bin/release/obj/readconfig.ov5T
                                0x440 (size before relaxing)
 .rodata.str1.4
                0x00026c70      0x120 bin/release/obj/readsysconfig.ov5T
                                0x144 (size before relaxing)
 .rodata.str1.4
                0x00026d90       0x85 bin/release/obj/nand_rw.ov5T
                                 0x98 (size before relaxing)
 *fill*         0x00026e15        0x3 00
 .rodata.str1.4
                0x00026e18        0xa /home/think/ti/syslink_2_21_01_05/packages/ti/syslink/lib/syslink.a_release(Ipc.o)
                                  0xc (size before relaxing)
 .rodata.str1.4
                0x00000000        0xa /home/think/ti/syslink_2_21_01_05/packages/ti/syslink/lib/syslink.a_release(FrameQ.o)
                                  0x8 (size before relaxing)
 .rodata.str1.4
                0x00000000        0xa /home/think/ti/syslink_2_21_01_05/packages/ti/syslink/lib/syslink.a_release(FrameQBufMgr.o)
                                 0x10 (size before relaxing)
 *fill*         0x00026e22        0x2 00
 .rodata.str1.4
                0x00026e24       0x57 /home/think/ti/syslink_2_21_01_05/packages/ti/syslink/lib/syslink.a_release(SharedRegionDrv.o)
                                 0x58 (size before relaxing)
 *fill*         0x00026e7b        0x1 00
 .rodata.str1.4
                0x00026e7c       0x9b /home/think/ti/syslink_2_21_01_05/packages/ti/syslink/lib/syslink.a_release(NotifyDrvUsr.o)
                                 0x9c (size before relaxing)
 *fill*         0x00026f17        0x1 00
 .rodata.str1.4
                0x00026f18       0x36 /home/think/ti/syslink_2_21_01_05/packages/ti/syslink/lib/syslink.a_release(HeapBufMPDrv.o)
                                 0x38 (size before relaxing)
 *fill*         0x00026f4e        0x2 00
 .rodata.str1.4
                0x00026f50       0x31 /home/think/ti/syslink_2_21_01_05/packages/ti/syslink/lib/syslink.a_release(MessageQDrv.o)
                                 0x34 (size before relaxing)
 *fill*         0x00026f81        0x3 00
 .rodata.str1.4
                0x00026f84       0x28 /home/think/ti/syslink_2_21_01_05/packages/ti/syslink/lib/syslink.a_release(IpcDrv.o)
 .rodata.str1.4
                0x00026fac       0x2f /home/think/ti/syslink_2_21_01_05/packages/ti/syslink/lib/syslink.a_release(FrameQDrv.o)
                                 0x30 (size before relaxing)
 *fill*         0x00026fdb        0x1 00
 .rodata.str1.4
                0x00026fdc       0x39 /home/think/ti/syslink_2_21_01_05/packages/ti/syslink/lib/syslink.a_release(FrameQBufMgrDrv.o)
                                 0x3c (size before relaxing)
 *fill*         0x00027015        0x3 00
 .rodata.str1.4
                0x00027018       0x40 /home/think/ti/syslink_2_21_01_05/packages/ti/syslink/lib/syslink.a_release(ClientNotifyMgrDrv.o)
 .rodata.str1.4
                0x00027058       0x2f /home/think/ti/syslink_2_21_01_05/packages/ti/syslink/lib/syslink.a_release(RingIODrv.o)
                                 0x30 (size before relaxing)
 *fill*         0x00027087        0x1 00
 .rodata.str1.4
                0x00027088       0x1a /home/think/ti/syslink_2_21_01_05/packages/ti/syslink/lib/syslink.a_release(RingIOShmDrv.o)
                                 0x34 (size before relaxing)
 *fill*         0x000270a2        0x2 00
 .rodata.str1.4
                0x000270a4       0x36 /home/think/ti/syslink_2_21_01_05/packages/ti/syslink/lib/syslink.a_release(HeapMemMPDrv.o)
                                 0x38 (size before relaxing)
 *fill*         0x000270da        0x2 00
 .rodata.str1.4
                0x000270dc       0x2f /home/think/ti/syslink_2_21_01_05/packages/ti/syslink/lib/syslink.a_release(GateMPDrv.o)
                                 0x30 (size before relaxing)
 *fill*         0x0002710b        0x1 00
 .rodata        0x0002710c      0x400 /home/think/ti/syslink_2_21_01_05/packages/ti/syslink/lib/syslink.a_release(String.o)
 .rodata.str1.4
                0x0002750c       0x11 /home/think/ti/syslink_2_21_01_05/packages/ti/syslink/lib/syslink.a_release(String.o)
                                 0x14 (size before relaxing)
 *fill*         0x0002751d        0x3 00
 .rodata.str1.4
                0x00027520       0x37 /home/think/ti/syslink_2_21_01_05/packages/ti/syslink/lib/syslink.a_release(NameServerDrv.o)
                                 0x38 (size before relaxing)
 *fill*         0x00027557        0x1 00
 .rodata.str1.4
                0x00027558       0x36 /home/think/ti/syslink_2_21_01_05/packages/ti/syslink/lib/syslink.a_release(MultiProcDrv.o)
                                 0x38 (size before relaxing)
 *fill*         0x0002758e        0x2 00
 .rodata.str1.4
                0x00027590       0x71 /home/think/ti/syslink_2_21_01_05/packages/ti/syslink/lib/syslink.a_release(Dev.o)
                                 0x74 (size before relaxing)
 *fill*         0x00027601        0x3 00
 .rodata.str1.4
                0x00027604       0x6e /home/think/ti/syslink_2_21_01_05/packages/ti/syslink/lib/syslink.a_release(OsalDrv.o)
                                 0x70 (size before relaxing)
 *fill*         0x00027672        0x2 00
 .rodata.str1.4
                0x00027674       0x75 /home/think/ti/syslink_2_21_01_05/packages/ti/syslink/lib/syslink.a_release(ProcMgrDrvUsr.o)
                                 0x78 (size before relaxing)
 *fill*         0x000276e9        0x3 00
 .rodata.str1.4
                0x000276ec       0x30 /home/think/ti/syslink_2_21_01_05/packages/ti/syslink/lib/syslink.a_release(ListMPDrv.o)

.rodata1
 *(.rodata1)

.ARM.extab      0x0002771c        0xc
 *(.ARM.extab* .gnu.linkonce.armextab.*)
 .ARM.extab     0x0002771c        0x0 /home/think/l138/arm-2009q1/bin/../arm-none-linux-gnueabi/libc/usr/lib/crt1.o
 .ARM.extab     0x0002771c        0x0 /home/think/l138/arm-2009q1/bin/../arm-none-linux-gnueabi/libc/usr/lib/crti.o
 .ARM.extab     0x0002771c        0x0 /home/think/l138/arm-2009q1/bin/../lib/gcc/arm-none-linux-gnueabi/4.3.3/crtbegin.o
 .ARM.extab     0x0002771c        0x0 bin/release/obj/arm_main.ov5T
 .ARM.extab     0x0002771c        0x0 bin/release/obj/iec101.ov5T
 .ARM.extab     0x0002771c        0xc bin/release/obj/iec104.ov5T
 .ARM.extab     0x00027728        0x0 bin/release/obj/sharearea.ov5T
 .ARM.extab     0x00027728        0x0 bin/release/obj/common.ov5T
 .ARM.extab     0x00027728        0x0 bin/release/obj/monitorpc.ov5T
 .ARM.extab     0x00027728        0x0 bin/release/obj/readconfig.ov5T
 .ARM.extab     0x00027728        0x0 bin/release/obj/readsysconfig.ov5T
 .ARM.extab     0x00027728        0x0 bin/release/obj/nand_rw.ov5T
 .ARM.extab     0x00027728        0x0 /home/think/ti/syslink_2_21_01_05/packages/ti/syslink/lib/syslink.a_release(SharedRegion.o)
 .ARM.extab     0x00027728        0x0 /home/think/ti/syslink_2_21_01_05/packages/ti/syslink/lib/syslink.a_release(Notify.o)
 .ARM.extab     0x00027728        0x0 /home/think/ti/syslink_2_21_01_05/packages/ti/syslink/lib/syslink.a_release(MessageQ.o)
 .ARM.extab     0x00027728        0x0 /home/think/ti/syslink_2_21_01_05/packages/ti/syslink/lib/syslink.a_release(Ipc.o)
 .ARM.extab     0x00027728        0x0 /home/think/ti/syslink_2_21_01_05/packages/ti/syslink/lib/syslink.a_release(RingIO.o)
 .ARM.extab     0x00027728        0x0 /home/think/ti/syslink_2_21_01_05/packages/ti/syslink/lib/syslink.a_release(RingIOShm.o)
 .ARM.extab     0x00027728        0x0 /home/think/ti/syslink_2_21_01_05/packages/ti/syslink/lib/syslink.a_release(FrameQ.o)
 .ARM.extab     0x00027728        0x0 /home/think/ti/syslink_2_21_01_05/packages/ti/syslink/lib/syslink.a_release(FrameQBufMgr.o)
 .ARM.extab     0x00027728        0x0 /home/think/ti/syslink_2_21_01_05/packages/ti/syslink/lib/syslink.a_release(ClientNotifyMgr.o)
 .ARM.extab     0x00027728        0x0 /home/think/ti/syslink_2_21_01_05/packages/ti/syslink/lib/syslink.a_release(HeapMemMP.o)
 .ARM.extab     0x00027728        0x0 /home/think/ti/syslink_2_21_01_05/packages/ti/syslink/lib/syslink.a_release(HeapBufMP.o)
 .ARM.extab     0x00027728        0x0 /home/think/ti/syslink_2_21_01_05/packages/ti/syslink/lib/syslink.a_release(GateMP.o)
 .ARM.extab     0x00027728        0x0 /home/think/ti/syslink_2_21_01_05/packages/ti/syslink/lib/syslink.a_release(SharedRegionDrv.o)
 .ARM.extab     0x00027728        0x0 /home/think/ti/syslink_2_21_01_05/packages/ti/syslink/lib/syslink.a_release(NotifyDrvUsr.o)
 .ARM.extab     0x00027728        0x0 /home/think/ti/syslink_2_21_01_05/packages/ti/syslink/lib/syslink.a_release(HeapBufMPDrv.o)
 .ARM.extab     0x00027728        0x0 /home/think/ti/syslink_2_21_01_05/packages/ti/syslink/lib/syslink.a_release(MessageQDrv.o)
 .ARM.extab     0x00027728        0x0 /home/think/ti/syslink_2_21_01_05/packages/ti/syslink/lib/syslink.a_release(IpcDrv.o)
 .ARM.extab     0x00027728        0x0 /home/think/ti/syslink_2_21_01_05/packages/ti/syslink/lib/syslink.a_release(FrameQDrv.o)
 .ARM.extab     0x00027728        0x0 /home/think/ti/syslink_2_21_01_05/packages/ti/syslink/lib/syslink.a_release(FrameQBufMgrDrv.o)
 .ARM.extab     0x00027728        0x0 /home/think/ti/syslink_2_21_01_05/packages/ti/syslink/lib/syslink.a_release(ClientNotifyMgrDrv.o)
 .ARM.extab     0x00027728        0x0 /home/think/ti/syslink_2_21_01_05/packages/ti/syslink/lib/syslink.a_release(RingIODrv.o)
 .ARM.extab     0x00027728        0x0 /home/think/ti/syslink_2_21_01_05/packages/ti/syslink/lib/syslink.a_release(RingIOShmDrv.o)
 .ARM.extab     0x00027728        0x0 /home/think/ti/syslink_2_21_01_05/packages/ti/syslink/lib/syslink.a_release(HeapMemMPDrv.o)
 .ARM.extab     0x00027728        0x0 /home/think/ti/syslink_2_21_01_05/packages/ti/syslink/lib/syslink.a_release(GateMPDrv.o)
 .ARM.extab     0x00027728        0x0 /home/think/ti/syslink_2_21_01_05/packages/ti/syslink/lib/syslink.a_release(OsalProcess.o)
 .ARM.extab     0x00027728        0x0 /home/think/ti/syslink_2_21_01_05/packages/ti/syslink/lib/syslink.a_release(GateMutex.o)
 .ARM.extab     0x00027728        0x0 /home/think/ti/syslink_2_21_01_05/packages/ti/syslink/lib/syslink.a_release(Memory.o)
 .ARM.extab     0x00027728        0x0 /home/think/ti/syslink_2_21_01_05/packages/ti/syslink/lib/syslink.a_release(List.o)
 .ARM.extab     0x00027728        0x0 /home/think/ti/syslink_2_21_01_05/packages/ti/syslink/lib/syslink.a_release(String.o)
 .ARM.extab     0x00027728        0x0 /home/think/ti/syslink_2_21_01_05/packages/ti/syslink/lib/syslink.a_release(NameServer.o)
 .ARM.extab     0x00027728        0x0 /home/think/ti/syslink_2_21_01_05/packages/ti/syslink/lib/syslink.a_release(MultiProc.o)
 .ARM.extab     0x00027728        0x0 /home/think/ti/syslink_2_21_01_05/packages/ti/syslink/lib/syslink.a_release(Gate.o)
 .ARM.extab     0x00027728        0x0 /home/think/ti/syslink_2_21_01_05/packages/ti/syslink/lib/syslink.a_release(SysLink.o)
 .ARM.extab     0x00027728        0x0 /home/think/ti/syslink_2_21_01_05/packages/ti/syslink/lib/syslink.a_release(Cache.o)
 .ARM.extab     0x00027728        0x0 /home/think/ti/syslink_2_21_01_05/packages/ti/syslink/lib/syslink.a_release(NameServerDrv.o)
 .ARM.extab     0x00027728        0x0 /home/think/ti/syslink_2_21_01_05/packages/ti/syslink/lib/syslink.a_release(MultiProcDrv.o)
 .ARM.extab     0x00027728        0x0 /home/think/ti/syslink_2_21_01_05/packages/ti/syslink/lib/syslink.a_release(CacheDrv.o)
 .ARM.extab     0x00027728        0x0 /home/think/ti/syslink_2_21_01_05/packages/ti/syslink/lib/syslink.a_release(Dev.o)
 .ARM.extab     0x00027728        0x0 /home/think/ti/syslink_2_21_01_05/packages/ti/syslink/lib/syslink.a_release(MemoryOS.o)
 .ARM.extab     0x00027728        0x0 /home/think/ti/syslink_2_21_01_05/packages/ti/syslink/lib/syslink.a_release(OsalDrv.o)
 .ARM.extab     0x00027728        0x0 /home/think/ti/syslink_2_21_01_05/packages/ti/syslink/lib/syslink.a_release(OsalMutex.o)
 .ARM.extab     0x00027728        0x0 /home/think/ti/syslink_2_21_01_05/packages/ti/syslink/lib/syslink.a_release(ProcMgr.o)
 .ARM.extab     0x00027728        0x0 /home/think/ti/syslink_2_21_01_05/packages/ti/syslink/lib/syslink.a_release(ProcMgrDrvUsr.o)
 .ARM.extab     0x00027728        0x0 /home/think/ti/syslink_2_21_01_05/packages/ti/syslink/lib/syslink.a_release(FrameQ_common.o)
 .ARM.extab     0x00027728        0x0 /home/think/ti/syslink_2_21_01_05/packages/ti/syslink/lib/syslink.a_release(ListMP.o)
 .ARM.extab     0x00027728        0x0 /home/think/ti/syslink_2_21_01_05/packages/ti/syslink/lib/syslink.a_release(ListMPDrv.o)
 .ARM.extab     0x00027728        0x0 /home/think/l138/arm-2009q1/bin/../arm-none-linux-gnueabi/libc/usr/lib/libc_nonshared.a(elf-init.oS)
 .ARM.extab.init
                0x00027728        0x0 /home/think/l138/arm-2009q1/bin/../arm-none-linux-gnueabi/libc/usr/lib/crtn.o
 .ARM.extab.fini
                0x00027728        0x0 /home/think/l138/arm-2009q1/bin/../arm-none-linux-gnueabi/libc/usr/lib/crtn.o
                0x00027728                __exidx_start = .

.ARM.exidx      0x00027728      0xb98
 *(.ARM.exidx* .gnu.linkonce.armexidx.*)
 .ARM.exidx     0x00027738        0x0 /home/think/l138/arm-2009q1/bin/../arm-none-linux-gnueabi/libc/usr/lib/crt1.o
                                  0x8 (size before relaxing)
 .ARM.exidx     0x00027738        0x8 /home/think/l138/arm-2009q1/bin/../arm-none-linux-gnueabi/libc/usr/lib/crti.o
 .ARM.exidx     0x00027740        0x8 /home/think/l138/arm-2009q1/bin/../lib/gcc/arm-none-linux-gnueabi/4.3.3/crtbegin.o
                                 0x10 (size before relaxing)
 .ARM.exidx     0x00027748       0x40 bin/release/obj/arm_main.ov5T
 .ARM.exidx     0x00027788       0x50 bin/release/obj/iec101.ov5T
                                 0x60 (size before relaxing)
 .ARM.exidx     0x000277d8       0x88 bin/release/obj/iec104.ov5T
                                 0xa0 (size before relaxing)
 .ARM.exidx     0x00027860       0x50 bin/release/obj/sharearea.ov5T
                                 0x58 (size before relaxing)
 .ARM.exidx     0x000278b0       0x20 bin/release/obj/common.ov5T
                                 0x28 (size before relaxing)
 .ARM.exidx     0x000278d0       0x18 bin/release/obj/monitorpc.ov5T
 .ARM.exidx     0x000278e8        0x8 bin/release/obj/readconfig.ov5T
 .ARM.exidx     0x000278f0        0x8 bin/release/obj/readsysconfig.ov5T
 .ARM.exidx     0x000278f8       0x10 bin/release/obj/nand_rw.ov5T
 .ARM.exidx     0x00027908       0x80 /home/think/ti/syslink_2_21_01_05/packages/ti/syslink/lib/syslink.a_release(SharedRegion.o)
                                 0xd8 (size before relaxing)
 .ARM.exidx     0x00027988       0x68 /home/think/ti/syslink_2_21_01_05/packages/ti/syslink/lib/syslink.a_release(Notify.o)
                                 0x88 (size before relaxing)
 .ARM.exidx     0x000279f0       0x80 /home/think/ti/syslink_2_21_01_05/packages/ti/syslink/lib/syslink.a_release(MessageQ.o)
                                 0xb8 (size before relaxing)
 .ARM.exidx     0x00027a70       0x30 /home/think/ti/syslink_2_21_01_05/packages/ti/syslink/lib/syslink.a_release(Ipc.o)
                                 0x40 (size before relaxing)
 .ARM.exidx     0x00027aa0       0x88 /home/think/ti/syslink_2_21_01_05/packages/ti/syslink/lib/syslink.a_release(RingIO.o)
                                 0xf0 (size before relaxing)
 .ARM.exidx     0x00027b28       0x18 /home/think/ti/syslink_2_21_01_05/packages/ti/syslink/lib/syslink.a_release(RingIOShm.o)
                                 0x20 (size before relaxing)
 .ARM.exidx     0x00027b40       0xb8 /home/think/ti/syslink_2_21_01_05/packages/ti/syslink/lib/syslink.a_release(FrameQ.o)
                                 0xd8 (size before relaxing)
 .ARM.exidx     0x00027bf8       0xd8 /home/think/ti/syslink_2_21_01_05/packages/ti/syslink/lib/syslink.a_release(FrameQBufMgr.o)
                                0x110 (size before relaxing)
 .ARM.exidx     0x00027cd0       0x88 /home/think/ti/syslink_2_21_01_05/packages/ti/syslink/lib/syslink.a_release(ClientNotifyMgr.o)
                                 0x98 (size before relaxing)
 .ARM.exidx     0x00027d58       0x58 /home/think/ti/syslink_2_21_01_05/packages/ti/syslink/lib/syslink.a_release(HeapMemMP.o)
                                 0x90 (size before relaxing)
 .ARM.exidx     0x00027db0       0x58 /home/think/ti/syslink_2_21_01_05/packages/ti/syslink/lib/syslink.a_release(HeapBufMP.o)
                                 0x88 (size before relaxing)
 .ARM.exidx     0x00027e08       0x78 /home/think/ti/syslink_2_21_01_05/packages/ti/syslink/lib/syslink.a_release(GateMP.o)
                                 0xa8 (size before relaxing)
 .ARM.exidx     0x00027e80       0x18 /home/think/ti/syslink_2_21_01_05/packages/ti/syslink/lib/syslink.a_release(SharedRegionDrv.o)
 .ARM.exidx     0x00027e98       0x20 /home/think/ti/syslink_2_21_01_05/packages/ti/syslink/lib/syslink.a_release(NotifyDrvUsr.o)
 .ARM.exidx     0x00027eb8       0x10 /home/think/ti/syslink_2_21_01_05/packages/ti/syslink/lib/syslink.a_release(HeapBufMPDrv.o)
                                 0x18 (size before relaxing)
 .ARM.exidx     0x00027ec8       0x10 /home/think/ti/syslink_2_21_01_05/packages/ti/syslink/lib/syslink.a_release(MessageQDrv.o)
                                 0x18 (size before relaxing)
 .ARM.exidx     0x00027ed8       0x10 /home/think/ti/syslink_2_21_01_05/packages/ti/syslink/lib/syslink.a_release(IpcDrv.o)
                                 0x18 (size before relaxing)
 .ARM.exidx     0x00027ee8       0x10 /home/think/ti/syslink_2_21_01_05/packages/ti/syslink/lib/syslink.a_release(FrameQDrv.o)
                                 0x18 (size before relaxing)
 .ARM.exidx     0x00027ef8       0x10 /home/think/ti/syslink_2_21_01_05/packages/ti/syslink/lib/syslink.a_release(FrameQBufMgrDrv.o)
                                 0x18 (size before relaxing)
 .ARM.exidx     0x00027f08       0x10 /home/think/ti/syslink_2_21_01_05/packages/ti/syslink/lib/syslink.a_release(ClientNotifyMgrDrv.o)
                                 0x18 (size before relaxing)
 .ARM.exidx     0x00027f18       0x10 /home/think/ti/syslink_2_21_01_05/packages/ti/syslink/lib/syslink.a_release(RingIODrv.o)
                                 0x18 (size before relaxing)
 .ARM.exidx     0x00027f28       0x10 /home/think/ti/syslink_2_21_01_05/packages/ti/syslink/lib/syslink.a_release(RingIOShmDrv.o)
                                 0x18 (size before relaxing)
 .ARM.exidx     0x00027f38        0x8 /home/think/ti/syslink_2_21_01_05/packages/ti/syslink/lib/syslink.a_release(HeapMemMPDrv.o)
                                 0x18 (size before relaxing)
 .ARM.exidx     0x00027f40        0x0 /home/think/ti/syslink_2_21_01_05/packages/ti/syslink/lib/syslink.a_release(GateMPDrv.o)
                                 0x18 (size before relaxing)
 .ARM.exidx     0x00027f40        0x8 /home/think/ti/syslink_2_21_01_05/packages/ti/syslink/lib/syslink.a_release(OsalProcess.o)
                                 0x10 (size before relaxing)
 .ARM.exidx     0x00027f48       0x18 /home/think/ti/syslink_2_21_01_05/packages/ti/syslink/lib/syslink.a_release(GateMutex.o)
                                 0x30 (size before relaxing)
 .ARM.exidx     0x00027f60       0x20 /home/think/ti/syslink_2_21_01_05/packages/ti/syslink/lib/syslink.a_release(Memory.o)
                                 0x40 (size before relaxing)
 .ARM.exidx     0x00027f80       0x18 /home/think/ti/syslink_2_21_01_05/packages/ti/syslink/lib/syslink.a_release(List.o)
                                 0x88 (size before relaxing)
 .ARM.exidx     0x00027f98       0x38 /home/think/ti/syslink_2_21_01_05/packages/ti/syslink/lib/syslink.a_release(String.o)
                                 0x40 (size before relaxing)
 .ARM.exidx     0x00027fd0       0x88 /home/think/ti/syslink_2_21_01_05/packages/ti/syslink/lib/syslink.a_release(NameServer.o)
                                 0x98 (size before relaxing)
 .ARM.exidx     0x00028058       0x38 /home/think/ti/syslink_2_21_01_05/packages/ti/syslink/lib/syslink.a_release(MultiProc.o)
                                 0x48 (size before relaxing)
 .ARM.exidx     0x00028090       0x10 /home/think/ti/syslink_2_21_01_05/packages/ti/syslink/lib/syslink.a_release(Gate.o)
                                 0x20 (size before relaxing)
 .ARM.exidx     0x000280a0        0x8 /home/think/ti/syslink_2_21_01_05/packages/ti/syslink/lib/syslink.a_release(SysLink.o)
                                 0x10 (size before relaxing)
 .ARM.exidx     0x000280a8        0x8 /home/think/ti/syslink_2_21_01_05/packages/ti/syslink/lib/syslink.a_release(Cache.o)
                                 0x28 (size before relaxing)
 .ARM.exidx     0x000280b0       0x10 /home/think/ti/syslink_2_21_01_05/packages/ti/syslink/lib/syslink.a_release(NameServerDrv.o)
                                 0x18 (size before relaxing)
 .ARM.exidx     0x000280c0       0x10 /home/think/ti/syslink_2_21_01_05/packages/ti/syslink/lib/syslink.a_release(MultiProcDrv.o)
                                 0x18 (size before relaxing)
 .ARM.exidx     0x000280d0        0x8 /home/think/ti/syslink_2_21_01_05/packages/ti/syslink/lib/syslink.a_release(CacheDrv.o)
 .ARM.exidx     0x000280d8        0x8 /home/think/ti/syslink_2_21_01_05/packages/ti/syslink/lib/syslink.a_release(Dev.o)
 .ARM.exidx     0x000280e0       0x30 /home/think/ti/syslink_2_21_01_05/packages/ti/syslink/lib/syslink.a_release(MemoryOS.o)
                                 0x50 (size before relaxing)
 .ARM.exidx     0x00028110       0x20 /home/think/ti/syslink_2_21_01_05/packages/ti/syslink/lib/syslink.a_release(OsalDrv.o)
                                 0x28 (size before relaxing)
 .ARM.exidx     0x00028130       0x18 /home/think/ti/syslink_2_21_01_05/packages/ti/syslink/lib/syslink.a_release(OsalMutex.o)
                                 0x20 (size before relaxing)
 .ARM.exidx     0x00028148       0xb8 /home/think/ti/syslink_2_21_01_05/packages/ti/syslink/lib/syslink.a_release(ProcMgr.o)
                                 0xe8 (size before relaxing)
 .ARM.exidx     0x00028200       0x10 /home/think/ti/syslink_2_21_01_05/packages/ti/syslink/lib/syslink.a_release(ProcMgrDrvUsr.o)
                                 0x18 (size before relaxing)
 .ARM.exidx     0x00028210       0x10 /home/think/ti/syslink_2_21_01_05/packages/ti/syslink/lib/syslink.a_release(FrameQ_common.o)
                                 0x48 (size before relaxing)
 .ARM.exidx     0x00028220       0x70 /home/think/ti/syslink_2_21_01_05/packages/ti/syslink/lib/syslink.a_release(ListMP.o)
                                 0xa8 (size before relaxing)
 .ARM.exidx     0x00028290        0x8 /home/think/ti/syslink_2_21_01_05/packages/ti/syslink/lib/syslink.a_release(ListMPDrv.o)
                                 0x18 (size before relaxing)
 .ARM.exidx     0x00028298       0x18 /home/think/l138/arm-2009q1/bin/../arm-none-linux-gnueabi/libc/usr/lib/libc_nonshared.a(elf-init.oS)
                                 0x10 (size before relaxing)
 .ARM.exidx.init
                0x00027728       0x10 /home/think/l138/arm-2009q1/bin/../arm-none-linux-gnueabi/libc/usr/lib/crtn.o
                                  0x8 (size before relaxing)
 .ARM.exidx.fini
                0x000282b0       0x10 /home/think/l138/arm-2009q1/bin/../arm-none-linux-gnueabi/libc/usr/lib/crtn.o
                                  0x8 (size before relaxing)
                0x000282c0                __exidx_end = .

.eh_frame_hdr
 *(.eh_frame_hdr)

.eh_frame       0x000282c0        0x4
 *(.eh_frame)
 .eh_frame      0x000282c0        0x4 /home/think/l138/arm-2009q1/bin/../lib/gcc/arm-none-linux-gnueabi/4.3.3/crtend.o

.gcc_except_table
 *(.gcc_except_table .gcc_except_table.*)
                0x000282c4                . = (ALIGN (0x8000) - ((0x8000 - .) & 0x7fff))
                0x000302c4                . = (0x8000 DATA_SEGMENT_ALIGN 0x1000)

.eh_frame
 *(.eh_frame)

.gcc_except_table
 *(.gcc_except_table .gcc_except_table.*)

.tdata
 *(.tdata .tdata.* .gnu.linkonce.td.*)

.tbss
 *(.tbss .tbss.* .gnu.linkonce.tb.*)
 *(.tcommon)

.preinit_array  0x000302c4        0x0
                0x000302c4                PROVIDE (__preinit_array_start, .)
 *(.preinit_array)
                0x000302c4                PROVIDE (__preinit_array_end, .)

.init_array     0x000302c4        0x4
                0x000302c4                PROVIDE (__init_array_start, .)
 *(SORT(.init_array.*))
 *(.init_array)
 .init_array    0x000302c4        0x4 /home/think/l138/arm-2009q1/bin/../lib/gcc/arm-none-linux-gnueabi/4.3.3/crtbegin.o
                0x000302c8                PROVIDE (__init_array_end, .)

.fini_array     0x000302c8        0x4
                0x000302c8                PROVIDE (__fini_array_start, .)
 *(.fini_array)
 .fini_array    0x000302c8        0x4 /home/think/l138/arm-2009q1/bin/../lib/gcc/arm-none-linux-gnueabi/4.3.3/crtbegin.o
 *(SORT(.fini_array.*))
                0x000302cc                PROVIDE (__fini_array_end, .)

.ctors
 *crtbegin.o(.ctors)
 *crtbegin?.o(.ctors)
 *(EXCLUDE_FILE(*crtend?.o *crtend.o) .ctors)
 *(SORT(.ctors.*))
 *(.ctors)

.dtors
 *crtbegin.o(.dtors)
 *crtbegin?.o(.dtors)
 *(EXCLUDE_FILE(*crtend?.o *crtend.o) .dtors)
 *(SORT(.dtors.*))
 *(.dtors)

.jcr            0x000302cc        0x4
 *(.jcr)
 .jcr           0x000302cc        0x0 /home/think/l138/arm-2009q1/bin/../lib/gcc/arm-none-linux-gnueabi/4.3.3/crtbegin.o
 .jcr           0x000302cc        0x4 /home/think/l138/arm-2009q1/bin/../lib/gcc/arm-none-linux-gnueabi/4.3.3/crtend.o

.data.rel.ro
 *(.data.rel.ro.local* .gnu.linkonce.d.rel.ro.local.*)
 *(.data.rel.ro* .gnu.linkonce.d.rel.ro.*)

.dynamic        0x000302d0      0x100
 *(.dynamic)
 .dynamic       0x000302d0      0x100 /home/think/l138/arm-2009q1/bin/../arm-none-linux-gnueabi/libc/usr/lib/crti.o
                0x000302d0                _DYNAMIC
                0x000303d0                . = (. DATA_SEGMENT_RELRO_END 0x0)

.got            0x000303d0      0x1d0
 *(.got.plt)
 .got.plt       0x000303d0      0x154 /home/think/l138/arm-2009q1/bin/../arm-none-linux-gnueabi/libc/usr/lib/crti.o
                0x000303d0                _GLOBAL_OFFSET_TABLE_
 *(.got)
 .got           0x00030524       0x7c /home/think/l138/arm-2009q1/bin/../arm-none-linux-gnueabi/libc/usr/lib/crti.o

.data           0x000305a0       0x28
                0x000305a0                __data_start = .
 *(.data .data.* .gnu.linkonce.d.*)
 .data          0x000305a0        0x4 /home/think/l138/arm-2009q1/bin/../arm-none-linux-gnueabi/libc/usr/lib/crt1.o
                0x000305a0                data_start
 .data          0x000305a4        0x0 /home/think/l138/arm-2009q1/bin/../arm-none-linux-gnueabi/libc/usr/lib/crti.o
 .data          0x000305a4        0x4 /home/think/l138/arm-2009q1/bin/../lib/gcc/arm-none-linux-gnueabi/4.3.3/crtbegin.o
                0x000305a4                __dso_handle
 .data          0x000305a8        0x0 bin/release/obj/arm_main.ov5T
 .data          0x000305a8        0x0 bin/release/obj/iec101.ov5T
 .data          0x000305a8        0x8 bin/release/obj/iec104.ov5T
 .data          0x000305b0        0x0 bin/release/obj/sharearea.ov5T
 .data          0x000305b0        0x0 bin/release/obj/common.ov5T
 .data          0x000305b0        0x0 bin/release/obj/monitorpc.ov5T
 .data          0x000305b0        0x0 bin/release/obj/readconfig.ov5T
 .data          0x000305b0        0x0 bin/release/obj/readsysconfig.ov5T
 .data          0x000305b0        0x0 bin/release/obj/nand_rw.ov5T
 .data          0x000305b0        0x0 /home/think/ti/syslink_2_21_01_05/packages/ti/syslink/lib/syslink.a_release(SharedRegion.o)
 .data          0x000305b0        0x0 /home/think/ti/syslink_2_21_01_05/packages/ti/syslink/lib/syslink.a_release(Notify.o)
 .data          0x000305b0        0x0 /home/think/ti/syslink_2_21_01_05/packages/ti/syslink/lib/syslink.a_release(MessageQ.o)
 .data          0x000305b0        0x0 /home/think/ti/syslink_2_21_01_05/packages/ti/syslink/lib/syslink.a_release(Ipc.o)
 .data          0x000305b0        0x0 /home/think/ti/syslink_2_21_01_05/packages/ti/syslink/lib/syslink.a_release(RingIO.o)
 .data          0x000305b0        0x0 /home/think/ti/syslink_2_21_01_05/packages/ti/syslink/lib/syslink.a_release(RingIOShm.o)
 .data          0x000305b0        0x0 /home/think/ti/syslink_2_21_01_05/packages/ti/syslink/lib/syslink.a_release(FrameQ.o)
 .data          0x000305b0        0x0 /home/think/ti/syslink_2_21_01_05/packages/ti/syslink/lib/syslink.a_release(FrameQBufMgr.o)
 .data          0x000305b0        0x0 /home/think/ti/syslink_2_21_01_05/packages/ti/syslink/lib/syslink.a_release(ClientNotifyMgr.o)
 .data          0x000305b0        0x0 /home/think/ti/syslink_2_21_01_05/packages/ti/syslink/lib/syslink.a_release(HeapMemMP.o)
 .data          0x000305b0        0x0 /home/think/ti/syslink_2_21_01_05/packages/ti/syslink/lib/syslink.a_release(HeapBufMP.o)
 .data          0x000305b0        0x0 /home/think/ti/syslink_2_21_01_05/packages/ti/syslink/lib/syslink.a_release(GateMP.o)
 .data          0x000305b0        0x0 /home/think/ti/syslink_2_21_01_05/packages/ti/syslink/lib/syslink.a_release(SharedRegionDrv.o)
 .data          0x000305b0        0x4 /home/think/ti/syslink_2_21_01_05/packages/ti/syslink/lib/syslink.a_release(NotifyDrvUsr.o)
 .data          0x000305b4        0x0 /home/think/ti/syslink_2_21_01_05/packages/ti/syslink/lib/syslink.a_release(HeapBufMPDrv.o)
 .data          0x000305b4        0x0 /home/think/ti/syslink_2_21_01_05/packages/ti/syslink/lib/syslink.a_release(MessageQDrv.o)
 .data          0x000305b4        0x0 /home/think/ti/syslink_2_21_01_05/packages/ti/syslink/lib/syslink.a_release(IpcDrv.o)
 .data          0x000305b4        0x0 /home/think/ti/syslink_2_21_01_05/packages/ti/syslink/lib/syslink.a_release(FrameQDrv.o)
 .data          0x000305b4        0x0 /home/think/ti/syslink_2_21_01_05/packages/ti/syslink/lib/syslink.a_release(FrameQBufMgrDrv.o)
 .data          0x000305b4        0x0 /home/think/ti/syslink_2_21_01_05/packages/ti/syslink/lib/syslink.a_release(ClientNotifyMgrDrv.o)
 .data          0x000305b4        0x0 /home/think/ti/syslink_2_21_01_05/packages/ti/syslink/lib/syslink.a_release(RingIODrv.o)
 .data          0x000305b4        0x0 /home/think/ti/syslink_2_21_01_05/packages/ti/syslink/lib/syslink.a_release(RingIOShmDrv.o)
 .data          0x000305b4        0x0 /home/think/ti/syslink_2_21_01_05/packages/ti/syslink/lib/syslink.a_release(HeapMemMPDrv.o)
 .data          0x000305b4        0x0 /home/think/ti/syslink_2_21_01_05/packages/ti/syslink/lib/syslink.a_release(GateMPDrv.o)
 .data          0x000305b4        0x0 /home/think/ti/syslink_2_21_01_05/packages/ti/syslink/lib/syslink.a_release(OsalProcess.o)
 .data          0x000305b4        0x0 /home/think/ti/syslink_2_21_01_05/packages/ti/syslink/lib/syslink.a_release(GateMutex.o)
 .data          0x000305b4        0x0 /home/think/ti/syslink_2_21_01_05/packages/ti/syslink/lib/syslink.a_release(Memory.o)
 .data          0x000305b4        0x0 /home/think/ti/syslink_2_21_01_05/packages/ti/syslink/lib/syslink.a_release(List.o)
 .data          0x000305b4        0x0 /home/think/ti/syslink_2_21_01_05/packages/ti/syslink/lib/syslink.a_release(String.o)
 .data          0x000305b4        0x0 /home/think/ti/syslink_2_21_01_05/packages/ti/syslink/lib/syslink.a_release(NameServer.o)
 .data          0x000305b4        0x0 /home/think/ti/syslink_2_21_01_05/packages/ti/syslink/lib/syslink.a_release(MultiProc.o)
 .data          0x000305b4        0xc /home/think/ti/syslink_2_21_01_05/packages/ti/syslink/lib/syslink.a_release(Gate.o)
                0x000305bc                Gate_systemHandle
                0x000305b4                Gate_systemObject
 .data          0x000305c0        0x0 /home/think/ti/syslink_2_21_01_05/packages/ti/syslink/lib/syslink.a_release(SysLink.o)
 .data          0x000305c0        0x0 /home/think/ti/syslink_2_21_01_05/packages/ti/syslink/lib/syslink.a_release(Cache.o)
 .data          0x000305c0        0x0 /home/think/ti/syslink_2_21_01_05/packages/ti/syslink/lib/syslink.a_release(NameServerDrv.o)
 .data          0x000305c0        0x0 /home/think/ti/syslink_2_21_01_05/packages/ti/syslink/lib/syslink.a_release(MultiProcDrv.o)
 .data          0x000305c0        0x0 /home/think/ti/syslink_2_21_01_05/packages/ti/syslink/lib/syslink.a_release(CacheDrv.o)
 .data          0x000305c0        0x0 /home/think/ti/syslink_2_21_01_05/packages/ti/syslink/lib/syslink.a_release(Dev.o)
 .data          0x000305c0        0x0 /home/think/ti/syslink_2_21_01_05/packages/ti/syslink/lib/syslink.a_release(MemoryOS.o)
 .data          0x000305c0        0x4 /home/think/ti/syslink_2_21_01_05/packages/ti/syslink/lib/syslink.a_release(OsalDrv.o)
 .data          0x000305c4        0x0 /home/think/ti/syslink_2_21_01_05/packages/ti/syslink/lib/syslink.a_release(OsalMutex.o)
 .data          0x000305c4        0x0 /home/think/ti/syslink_2_21_01_05/packages/ti/syslink/lib/syslink.a_release(ProcMgr.o)
 .data          0x000305c4        0x4 /home/think/ti/syslink_2_21_01_05/packages/ti/syslink/lib/syslink.a_release(ProcMgrDrvUsr.o)
 .data          0x000305c8        0x0 /home/think/ti/syslink_2_21_01_05/packages/ti/syslink/lib/syslink.a_release(FrameQ_common.o)
 .data          0x000305c8        0x0 /home/think/ti/syslink_2_21_01_05/packages/ti/syslink/lib/syslink.a_release(ListMP.o)
 .data          0x000305c8        0x0 /home/think/ti/syslink_2_21_01_05/packages/ti/syslink/lib/syslink.a_release(ListMPDrv.o)
 .data          0x000305c8        0x0 /home/think/l138/arm-2009q1/bin/../arm-none-linux-gnueabi/libc/usr/lib/libc_nonshared.a(elf-init.oS)
 .data          0x000305c8        0x0 /home/think/l138/arm-2009q1/bin/../lib/gcc/arm-none-linux-gnueabi/4.3.3/libgcc.a(_udivsi3.o)
 .data          0x000305c8        0x0 /home/think/l138/arm-2009q1/bin/../lib/gcc/arm-none-linux-gnueabi/4.3.3/libgcc.a(_arm_addsubdf3.o)
 .data          0x000305c8        0x0 /home/think/l138/arm-2009q1/bin/../lib/gcc/arm-none-linux-gnueabi/4.3.3/libgcc.a(_arm_muldivdf3.o)
 .data          0x000305c8        0x0 /home/think/l138/arm-2009q1/bin/../lib/gcc/arm-none-linux-gnueabi/4.3.3/libgcc.a(_arm_fixdfsi.o)
 .data          0x000305c8        0x0 /home/think/l138/arm-2009q1/bin/../lib/gcc/arm-none-linux-gnueabi/4.3.3/libgcc.a(_arm_addsubsf3.o)
 .data          0x000305c8        0x0 /home/think/l138/arm-2009q1/bin/../lib/gcc/arm-none-linux-gnueabi/4.3.3/libgcc.a(_arm_cmpsf2.o)
 .data          0x000305c8        0x0 /home/think/l138/arm-2009q1/bin/../lib/gcc/arm-none-linux-gnueabi/4.3.3/libgcc.a(_arm_fixsfsi.o)
 .data          0x000305c8        0x0 /home/think/l138/arm-2009q1/bin/../lib/gcc/arm-none-linux-gnueabi/4.3.3/libgcc.a(_arm_fixunssfsi.o)
 .data          0x000305c8        0x0 /home/think/l138/arm-2009q1/bin/../lib/gcc/arm-none-linux-gnueabi/4.3.3/libgcc.a(_dvmd_lnx.o)
 .data          0x000305c8        0x0 /home/think/l138/arm-2009q1/bin/../lib/gcc/arm-none-linux-gnueabi/4.3.3/crtend.o
 .data          0x000305c8        0x0 /home/think/l138/arm-2009q1/bin/../arm-none-linux-gnueabi/libc/usr/lib/crtn.o

.data1
 *(.data1)
                0x000305c8                _edata = .
                0x000305c8                PROVIDE (edata, .)
                0x000305c8                __bss_start = .
                0x000305c8                __bss_start__ = .

.bss            0x000305c8    0x2e288
 *(.dynbss)
 *fill*         0x000305c8        0x0 00
 .dynbss        0x000305c8        0x4 /home/think/l138/arm-2009q1/bin/../arm-none-linux-gnueabi/libc/usr/lib/crti.o
                0x000305c8                stderr@@GLIBC_2.4
 *(.bss .bss.* .gnu.linkonce.b.*)
 .bss           0x000305cc        0x0 /home/think/l138/arm-2009q1/bin/../arm-none-linux-gnueabi/libc/usr/lib/crt1.o
 .bss           0x000305cc        0x0 /home/think/l138/arm-2009q1/bin/../arm-none-linux-gnueabi/libc/usr/lib/crti.o
 .bss           0x000305cc        0x1 /home/think/l138/arm-2009q1/bin/../lib/gcc/arm-none-linux-gnueabi/4.3.3/crtbegin.o
 *fill*         0x000305cd        0x3 00
 .bss           0x000305d0       0x18 bin/release/obj/arm_main.ov5T
 .bss           0x000305e8      0x520 bin/release/obj/iec101.ov5T
 .bss           0x00030b08      0x534 bin/release/obj/iec104.ov5T
 .bss           0x0003103c       0x8c bin/release/obj/sharearea.ov5T
                0x000310c4                INDEX
 .bss           0x000310c8        0x2 bin/release/obj/common.ov5T
 .bss           0x000310ca        0x0 bin/release/obj/monitorpc.ov5T
 .bss           0x000310ca        0x0 bin/release/obj/readconfig.ov5T
 .bss           0x000310ca        0x0 bin/release/obj/readsysconfig.ov5T
 .bss           0x000310ca        0x0 bin/release/obj/nand_rw.ov5T
 *fill*         0x000310ca        0x2 00
 .bss           0x000310cc      0x120 /home/think/ti/syslink_2_21_01_05/packages/ti/syslink/lib/syslink.a_release(SharedRegion.o)
 .bss           0x000311ec       0x14 /home/think/ti/syslink_2_21_01_05/packages/ti/syslink/lib/syslink.a_release(Notify.o)
 .bss           0x00031200        0x4 /home/think/ti/syslink_2_21_01_05/packages/ti/syslink/lib/syslink.a_release(MessageQ.o)
 .bss           0x00031204       0x5c /home/think/ti/syslink_2_21_01_05/packages/ti/syslink/lib/syslink.a_release(Ipc.o)
                0x00031254                SysLinkCfg_sysMemMap
                0x0003125c                SysLink_params
 .bss           0x00031260        0xc /home/think/ti/syslink_2_21_01_05/packages/ti/syslink/lib/syslink.a_release(RingIO.o)
 .bss           0x0003126c        0x8 /home/think/ti/syslink_2_21_01_05/packages/ti/syslink/lib/syslink.a_release(RingIOShm.o)
 .bss           0x00031274       0x20 /home/think/ti/syslink_2_21_01_05/packages/ti/syslink/lib/syslink.a_release(FrameQ.o)
 .bss           0x00031294       0x20 /home/think/ti/syslink_2_21_01_05/packages/ti/syslink/lib/syslink.a_release(FrameQBufMgr.o)
 .bss           0x000312b4    0x2d024 /home/think/ti/syslink_2_21_01_05/packages/ti/syslink/lib/syslink.a_release(ClientNotifyMgr.o)
 .bss           0x0005e2d8        0x4 /home/think/ti/syslink_2_21_01_05/packages/ti/syslink/lib/syslink.a_release(HeapMemMP.o)
 .bss           0x0005e2dc        0x4 /home/think/ti/syslink_2_21_01_05/packages/ti/syslink/lib/syslink.a_release(HeapBufMP.o)
 .bss           0x0005e2e0       0x1c /home/think/ti/syslink_2_21_01_05/packages/ti/syslink/lib/syslink.a_release(GateMP.o)
 .bss           0x0005e2fc        0x8 /home/think/ti/syslink_2_21_01_05/packages/ti/syslink/lib/syslink.a_release(SharedRegionDrv.o)
 .bss           0x0005e304        0xc /home/think/ti/syslink_2_21_01_05/packages/ti/syslink/lib/syslink.a_release(NotifyDrvUsr.o)
 .bss           0x0005e310        0x8 /home/think/ti/syslink_2_21_01_05/packages/ti/syslink/lib/syslink.a_release(HeapBufMPDrv.o)
 .bss           0x0005e318        0x8 /home/think/ti/syslink_2_21_01_05/packages/ti/syslink/lib/syslink.a_release(MessageQDrv.o)
 .bss           0x0005e320        0x8 /home/think/ti/syslink_2_21_01_05/packages/ti/syslink/lib/syslink.a_release(IpcDrv.o)
 .bss           0x0005e328        0x8 /home/think/ti/syslink_2_21_01_05/packages/ti/syslink/lib/syslink.a_release(FrameQDrv.o)
 .bss           0x0005e330        0x8 /home/think/ti/syslink_2_21_01_05/packages/ti/syslink/lib/syslink.a_release(FrameQBufMgrDrv.o)
 .bss           0x0005e338        0x8 /home/think/ti/syslink_2_21_01_05/packages/ti/syslink/lib/syslink.a_release(ClientNotifyMgrDrv.o)
 .bss           0x0005e340        0x8 /home/think/ti/syslink_2_21_01_05/packages/ti/syslink/lib/syslink.a_release(RingIODrv.o)
 .bss           0x0005e348        0x8 /home/think/ti/syslink_2_21_01_05/packages/ti/syslink/lib/syslink.a_release(RingIOShmDrv.o)
 .bss           0x0005e350        0x8 /home/think/ti/syslink_2_21_01_05/packages/ti/syslink/lib/syslink.a_release(HeapMemMPDrv.o)
 .bss           0x0005e358        0x8 /home/think/ti/syslink_2_21_01_05/packages/ti/syslink/lib/syslink.a_release(GateMPDrv.o)
 .bss           0x0005e360        0x0 /home/think/ti/syslink_2_21_01_05/packages/ti/syslink/lib/syslink.a_release(OsalProcess.o)