******************************************************************************
               TMS320C6x Linker Unix v7.4.4                    
******************************************************************************
>> Linked Wed Feb 24 09:09:55 2016

OUTPUT FILE NAME:   <bin/debug/server_dsp.xe674>
ENTRY POINT SYMBOL: "ti_sysbios_family_c64p_Hwi0"  address: c303e000


MEMORY CONFIGURATION

         name            origin    length      used     unused   attr    fill
----------------------  --------  ---------  --------  --------  ----  --------
  IROM                  11700000   00100000  00000000  00100000  R  X
  IRAM                  11800000   00038000  00000000  00038000  RW X
  L3_CBA_RAM            80000000   00020000  00000000  00020000  RW X
  SR_0                  c2000000   00010000  00010000  00000000  RW X
  SR_1                  c2010000   00ff0000  00ff0000  00000000  RW X
  DSP_PROG              c3000000   00800000  0003e2b5  007c1d4b  RW X


SEGMENT ALLOCATION MAP

run origin  load origin   length   init length attrs members
----------  ----------- ---------- ----------- ----- -------
c3000000    c3000000    00028e20   00028e20    r-x
  c3000000    c3000000    00028e20   00028e20    r-x .text
c3028e20    c3028e20    0000d3b8   00000000    rw-
  c3028e20    c3028e20    0000d3b8   00000000    rw- .far
c30361d8    c30361d8    000054d6   000054d6    r--
  c30361d8    c30361d8    000054d6   000054d6    r-- .const
c303b6b0    c303b6b0    0000163b   0000163b    rw-
  c303b6b0    c303b6b0    0000163b   0000163b    rw- .fardata
c303ccf0    c303ccf0    00001000   00000000    rw-
  c303ccf0    c303ccf0    00001000   00000000    rw- .stack
c303dcf0    c303dcf0    00000180   00000180    r--
  c303dcf0    c303dcf0    00000180   00000180    r-- .switch
c303de70    c303de70    00000120   00000000    rw-
  c303de70    c303de70    00000120   00000000    rw- .cio
c303df90    c303df90    00000064   00000064    rw-
  c303df90    c303df90    00000064   00000064    rw- .args
c303e000    c303e000    00000200   00000200    r-x
  c303e000    c303e000    00000200   00000200    r-x .vecs
c303e200    c303e200    00000014   00000000    rw-
  c303e200    c303e200    00000014   00000000    rw- .bss
c303e214    c303e214    00000028   00000028    rw-
  c303e214    c303e214    00000028   00000028    rw- .neardata
c303e400    c303e400    0000008c   0000008c    r--
  c303e400    c303e400    0000008c   0000008c    r-- ti_sdo_ipc_init


SECTION ALLOCATION MAP

 output                                  attributes/
section   page    origin      length       input sections
--------  ----  ----------  ----------   ----------------
.cinit     0    c3000000    00000000     UNINITIALIZED

.init_array 
*          0    c3000000    00000000     UNINITIALIZED

ti.sdo.ipc.SharedRegion_0 
*          0    c2000000    00010000     NOLOAD SECTION
                  c2000000    00010000     --HOLE--

ti.sdo.ipc.SharedRegion_1 
*          0    c2010000    00ff0000     NOLOAD SECTION
                  c2010000    00ff0000     --HOLE--

xdc.meta   0    c3000000    00000100     COPY SECTION
                  c3000000    00000100     dsp_pe674.oe674 (xdc.meta)

.text      0    c3000000    00028e20     
                  c3000000    00002220     IPCServer.oe674 (.text)
                  c3002220    00001d60     fa.oe674 (.text)
                  c3003f80    00001000     fft.oe674 (.text)
                  c3004f80    00000c40     utils.lib : uartStdio.obj (.text)
                  c3005bc0    00000b40     ipc.ae674 : Ipc.obj (.text:ti_sdo_ipc_GateMP_Instance_init__F)
                  c3006700    00000ae0     drivers.lib : emifa.obj (.text)
                  c30071e0    00000ac0     communicate.oe674 (.text)
                  c3007ca0    000008a0     sysbios.ae674 : BIOS.obj (.text:ti_sysbios_family_c64p_Exception_handler__I)
                  c3008540    000008a0     ti.targets.rts6000.ae674 : System.oe674 (.text:xdc_runtime_System_doPrint__I)
                  c3008de0    00000820     sht11.oe674 (.text)
                  c3009600    000007c0     ipc.ae674 : Ipc.obj (.text:Ipc_attach)
                  c3009dc0    00000700               : Ipc.obj (.text:Ipc_detach)
                  c300a4c0    00000700               : Ipc.obj (.text:ti_sdo_ipc_transports_TransportShm_Instance_init__F)
                  c300abc0    00000640     ad7606.oe674 (.text)
                  c300b200    00000620     sysbios.ae674 : BIOS.obj (.text:ti_sysbios_timers_timer64_Timer_Instance_init__F)
                  c300b820    000005a0     rts6740_elf.lib : divd.obj (.text:__c6xabi_divd)
                  c300bdc0    00000580     dsp.oe674 (.text)
                  c300c340    00000560     ipc.ae674 : Ipc.obj (.text:ti_sdo_ipc_heaps_HeapBufMP_Instance_init__F)
                  c300c8a0    00000520     led.oe674 (.text)
                  c300cdc0    000004e0     sys.oe674 (.text)
                  c300d2a0    000004e0     ipc.ae674 : Ipc.obj (.text:ti_sdo_ipc_heaps_HeapMemMP_Instance_init__F)
                  c300d780    000004c0               : Ipc.obj (.text:ti_sdo_ipc_ListMP_Instance_init__F)
                  c300dc40    00000460               : Ipc.obj (.text:ti_sdo_ipc_GateMP_setRegion0Reserved__F)
                  c300e0a0    00000460               : Ipc.obj (.text:ti_sdo_ipc_MessageQ_Instance_init__F)
                  c300e500    00000460               : Ipc.obj (.text:ti_sdo_ipc_nsremote_NameServerRemoteNotify_get__F)
                  c300e960    00000420               : Ipc.obj (.text:ti_sdo_ipc_GateMP_Instance_finalize__F)
                  c300ed80    000003c0               : Ipc.obj (.text:ti_sdo_ipc_heaps_HeapMemMP_alloc__E)
                  c300f140    000003c0               : Ipc.obj (.text:ti_sdo_ipc_heaps_HeapMemMP_free__E)
                  c300f500    000003a0               : Ipc.obj (.text:NameServer_add)
                  c300f8a0    000003a0     dsplib.ae674 : DSPF_sp_fftSPxSP.obj (.text:optimized)
                  c300fc40    00000380     collect.oe674 (.text)
                  c300ffc0    00000380     ti.targets.rts6000.ae674 : Diags.oe674 (.text:xdc_runtime_Diags_setMask__F)
                  c3010340    00000340     drivers.lib : uart.obj (.text)
                  c3010680    00000300     ipc.ae674 : Ipc.obj (.text:Ipc_writeConfig)
                  c3010980    00000300               : Ipc.obj (.text:ti_sdo_ipc_heaps_HeapBufMP_postInit__I)
                  c3010c80    00000300     sysbios.ae674 : BIOS.obj (.text:ti_sysbios_knl_Semaphore_pend__E)
                  c3010f80    00000300                   : BIOS.obj (.text:ti_sysbios_knl_Task_Instance_finalize__F)
                  c3011280    000002e0     ipc.ae674 : Ipc.obj (.text:ListMP_getHead)
                  c3011560    000002e0               : Ipc.obj (.text:ti_sdo_ipc_Ipc_procSyncStart__I)
                  c3011840    000002e0               : Ipc.obj (.text:ti_sdo_ipc_nsremote_NameServerRemoteNotify_Instance_init__F)
                  c3011b20    000002c0               : Ipc.obj (.text:NameServer_get)
                  c3011de0    000002c0     drivers.lib : gpio.obj (.text)
                  c30120a0    000002c0     sysbios.ae674 : BIOS.obj (.text:ti_sysbios_timers_timer64_Timer_Module_startup__F)
                  c3012360    000002a0     ipc.ae674 : Ipc.obj (.text:ti_sdo_ipc_transports_TransportShm_Instance_finalize__F)
                  c3012600    000002a0     sysbios.ae674 : BIOS.obj (.text:ti_sysbios_timers_timer64_Timer_deviceConfig__I)
                  c30128a0    00000280     ipc.ae674 : Ipc.obj (.text:ListMP_putTail)
                  c3012b20    00000280               : Ipc.obj (.text:ListMP_remove)
                  c3012da0    00000280     rts6740_elf.lib : divf.obj (.text:__c6xabi_divf)
                  c3013020    00000280     ipc.ae674 : Ipc.obj (.text:ti_sdo_ipc_gates_GatePeterson_Instance_init__F)
                  c30132a0    00000280     ti.targets.rts6000.ae674 : Error.oe674 (.text:xdc_runtime_Error_raiseX__F)
                  c3013520    00000260     ipc.ae674 : Ipc.obj (.text:GateMP_openByAddr)
                  c3013780    00000260               : Ipc.obj (.text:Ipc_start)
                  c30139e0    00000260     rts6740_elf.lib : imath64.obj (.text:__c6xabi_divull)
                  c3013c40    00000260     sysbios.ae674 : BIOS.obj (.text:ti_sysbios_family_c64p_Exception_internalHandler__I)
                  c3013ea0    00000260                   : BIOS.obj (.text:ti_sysbios_timers_timer64_Timer_setPeriodMicroSecs__E)
                  c3014100    00000260     ti.targets.rts6000.ae674 : Startup.oe674 (.text:xdc_runtime_Startup_startMods__I)
                  c3014360    00000260     dsp_pe674.oe674 (.text:xdc_runtime_System_printfExtend__I)
                  c30145c0    00000240     ipc.ae674 : Ipc.obj (.text:Notify_unregisterEvent)
                  c3014800    00000240               : Ipc.obj (.text:ti_sdo_ipc_family_da830_NotifySetup_attach__E)
                  c3014a40    00000240               : Ipc.obj (.text:ti_sdo_ipc_heaps_HeapMemMP_getStats__E)
                  c3014c80    00000240     ti.targets.rts6000.ae674 : LoggerBuf.oe674 (.text:xdc_runtime_LoggerBuf_write8__F)
                  c3014ec0    00000220     ipc.ae674 : Ipc.obj (.text:ti_sdo_ipc_nsremote_NameServerRemoteNotify_swiFxn__I)
                  c30150e0    00000220     sysbios.ae674 : BIOS.obj (.text:ti_sysbios_family_c64p_Hwi_reconfig__E)
                  c3015300    00000220                   : BIOS.obj (.text:ti_sysbios_gates_GateMutexPri_enter__E)
                  c3015520    00000220     ti.targets.rts6000.ae674 : Core-mem.oe674 (.text:xdc_runtime_Core_createObject__I)
                  c3015740    00000200     sysbios.ae674 : c64p_Hwi_disp_always.obj (.text:_ti_sysbios_family_c64p_Hwi_dispatchAlways)
                  c3015940    00000200     ipc.ae674 : Ipc.obj (.text:ti_sdo_ipc_Ipc_procSyncFinish__I)
                  c3015b40    00000200               : Ipc.obj (.text:ti_sdo_ipc_heaps_HeapBufMP_alloc__E)
                  c3015d40    00000200               : Ipc.obj (.text:ti_sdo_ipc_notifyDrivers_NotifyDriverShm_Instance_init__F)
                  c3015f40    00000200               : Ipc.obj (.text:ti_sdo_ipc_notifyDrivers_NotifyDriverShm_sendEvent__E)
                  c3016140    000001e0               : Ipc.obj (.text:GateMP_sharedMemReq)
                  c3016320    000001e0               : Ipc.obj (.text:ListMP_openByAddr)
                  c3016500    000001e0     Platform.lib : GPIO.obj (.text)
                  c30166e0    000001e0     sysbios.ae674 : BIOS.obj (.text:ti_sysbios_family_c64p_Exception_externalHandler__I)
                  c30168c0    000001e0                   : BIOS.obj (.text:ti_sysbios_knl_Task_Instance_init__F)
                  c3016aa0    000001e0                   : BIOS.obj (.text:ti_sysbios_knl_Task_checkStacks__E)
                  c3016c80    000001c0     mathlib.ae674 : atan2sp.obj (.text:optasm)
                  c3016e40    000001c0     ipc.ae674 : Ipc.obj (.text:ti_sdo_ipc_GateMP_getFreeResource__I)
                  c3017000    000001c0               : Ipc.obj (.text:ti_sdo_ipc_heaps_HeapMemMP_postInit__I)
                  c30171c0    000001c0     sysbios.ae674 : BIOS.obj (.text:ti_sysbios_family_c64p_Cache_block__I)
                  c3017380    000001c0                   : BIOS.obj (.text:ti_sysbios_family_c64p_Exception_decodeMpfsr__I)
                  c3017540    000001c0                   : BIOS.obj (.text:ti_sysbios_knl_Task_exit__E)
                  c3017700    000001c0                   : BIOS.obj (.text:ti_sysbios_knl_Task_postInit__I)
                  c30178c0    000001c0     ti.targets.rts6000.ae674 : Text.oe674 (.text:xdc_runtime_Text_putSite__F)
                  c3017a80    000001a0     ipc.ae674 : Ipc.obj (.text:ti_sdo_ipc_notifyDrivers_NotifyDriverShm_registerEvent__E)
                  c3017c20    000001a0               : Ipc.obj (.text:ti_sdo_ipc_notifyDrivers_NotifyDriverShm_unregisterEvent__E)
                  c3017dc0    000001a0     sysbios.ae674 : BIOS.obj (.text:ti_sysbios_timers_timer64_Timer_start__E)
                  c3017f60    000001a0     ti.targets.rts6000.ae674 : LoggerBuf.oe674 (.text:xdc_runtime_LoggerBuf_write4__F)
                  c3018100    00000180     ipc.ae674 : Ipc.obj (.text:HeapBufMP_sharedMemReq)
                  c3018280    00000180               : Ipc.obj (.text:NameServer_getHandle)
                  c3018400    00000180     Platform.lib : UART.obj (.text)
                  c3018580    00000180     drivers.lib : psc.obj (.text)
                  c3018700    00000180     sysbios.ae674 : c64p_Exception_asm.obj (.text)
                  c3018880    00000180     ipc.ae674 : Ipc.obj (.text:ti_sdo_ipc_gates_GatePeterson_enter__E)
                  c3018a00    00000180               : Ipc.obj (.text:ti_sdo_ipc_heaps_HeapBufMP_Instance_finalize__F)
                  c3018b80    00000180               : Ipc.obj (.text:ti_sdo_ipc_notifyDrivers_NotifyDriverShm_isr__I)
                  c3018d00    00000180     sysbios.ae674 : BIOS.obj (.text:ti_sysbios_heaps_HeapMem_alloc__E)
                  c3018e80    00000180                   : BIOS.obj (.text:ti_sysbios_knl_Swi_schedule__I)
                  c3019000    00000180                   : BIOS.obj (.text:ti_sysbios_knl_Task_setPri__E)
                  c3019180    00000160     EMIFAPinmuxSetup.oe674 (.text)
                  c30192e0    00000160     ipc.ae674 : Ipc.obj (.text:ti_sdo_ipc_GateMP_openRegion0Reserved__F)
                  c3019440    00000160               : Ipc.obj (.text:ti_sdo_ipc_ListMP_Instance_finalize__F)
                  c30195a0    00000160               : Ipc.obj (.text:ti_sdo_ipc_Notify_Instance_init__F)
                  c3019700    00000160               : Ipc.obj (.text:ti_sdo_ipc_heaps_HeapMemMP_Instance_finalize__F)
                  c3019860    00000160               : Ipc.obj (.text:ti_sdo_utils_NameServer_removeLocal__I)
                  c30199c0    00000160     sysbios.ae674 : BIOS.obj (.text:ti_sysbios_knl_Task_schedule__I)
                  c3019b20    00000160                   : BIOS.obj (.text:ti_sysbios_knl_Task_startCore__E)
                  c3019c80    00000140     ipc.ae674 : Ipc.obj (.text:HeapBufMP_openByAddr)
                  c3019dc0    00000140               : Ipc.obj (.text:HeapMemMP_openByAddr)
                  c3019f00    00000140               : Ipc.obj (.text:MessageQ_put)
                  c301a040    00000140               : Ipc.obj (.text:Notify_registerEvent)
                  c301a180    00000140     boot.ae674 : autoinit.oe674 (.text:_auto_init_elf)
                  c301a2c0    00000140     ipc.ae674 : Ipc.obj (.text:ti_sdo_ipc_SharedRegion_start__F)
                  c301a400    00000140               : Ipc.obj (.text:ti_sdo_ipc_notifyDrivers_NotifyDriverShm_disableEvent__E)
                  c301a540    00000140               : Ipc.obj (.text:ti_sdo_ipc_transports_TransportShm_openByAddr__F)
                  c301a680    00000140               : Ipc.obj (.text:ti_sdo_ipc_transports_TransportShm_put__E)
                  c301a7c0    00000140     sysbios.ae674 : BIOS.obj (.text:ti_sysbios_heaps_HeapMem_free__E)
                  c301a900    00000140                   : BIOS.obj (.text:ti_sysbios_knl_Task_Module_startup__F)
                  c301aa40    00000140                   : BIOS.obj (.text:ti_sysbios_knl_Task_sleep__E)
                  c301ab80    00000140     ti.targets.rts6000.ae674 : Text.oe674 (.text:xdc_runtime_Text_putLab__F)
                  c301acc0    00000120     ipc.ae674 : Ipc.obj (.text:HeapMemMP_sharedMemReq)
                  c301ade0    00000120     mathlib.ae674 : cossp.obj (.text:optasm)
                  c301af00    00000120                   : sinsp.obj (.text:optasm)
                  c301b020    00000120     ipc.ae674 : Ipc.obj (.text:ti_sdo_ipc_MessageQ_Module_startup__F)
                  c301b140    00000120               : Ipc.obj (.text:ti_sdo_ipc_transports_TransportShm_sharedMemReq__F)
                  c301b260    00000120     sysbios.ae674 : BIOS.obj (.text:ti_sysbios_family_c64p_Exception_Module_startup__F)
                  c301b380    00000120                   : BIOS.obj (.text:ti_sysbios_knl_Clock_workFunc__E)
                  c301b4a0    00000120     ti.targets.rts6000.ae674 : LoggerBuf.oe674 (.text:xdc_runtime_LoggerBuf_setFilterLevel__F)
                  c301b5c0    00000120                              : Text.oe674 (.text:xdc_runtime_Text_putMod__F)
                  c301b6e0    00000100     ipc.ae674 : Ipc.obj (.text:HeapBufMP_open)
                  c301b7e0    00000100               : Ipc.obj (.text:ListMP_sharedMemReq)
                  c301b8e0    00000100               : Ipc.obj (.text:Notify_registerEventSingle)
                  c301b9e0    00000100               : Ipc.obj (.text:Notify_sendEvent)
                  c301bae0    00000100               : Ipc.obj (.text:Notify_unregisterEventSingle)
                  c301bbe0    00000100               : Ipc.obj (.text:ti_sdo_ipc_GateMP_start__F)
                  c301bce0    00000100               : Ipc.obj (.text:ti_sdo_ipc_MessageQ_Instance_finalize__F)
                  c301bde0    00000100     dsp_pe674.oe674 (.text:ti_sdo_ipc_MessageQ_Object__create__S)
                  c301bee0    00000100     ipc.ae674 : Ipc.obj (.text:ti_sdo_ipc_Notify_Instance_finalize__F)
                  c301bfe0    00000100     dsp_pe674.oe674 (.text:ti_sdo_ipc_Notify_Object__create__S)
                  c301c0e0    00000100     ipc.ae674 : Ipc.obj (.text:ti_sdo_ipc_SharedRegion_attach__F)
                  c301c1e0    00000100               : Ipc.obj (.text:ti_sdo_ipc_SharedRegion_clearReservedMemory__F)
                  c301c2e0    00000100     dsp_pe674.oe674 (.text:ti_sdo_ipc_gates_GatePeterson_Object__create__S)
                  c301c3e0    00000100     ipc.ae674 : Ipc.obj (.text:ti_sdo_ipc_nsremote_NameServerRemoteNotify_Instance_finalize__F)
                  c301c4e0    00000100     dsp_pe674.oe674 (.text:ti_sdo_ipc_nsremote_NameServerRemoteNotify_Object__create__S)
                  c301c5e0    00000100     ipc.ae674 : Ipc.obj (.text:ti_sdo_ipc_transports_TransportShmSetup_attach__E)
                  c301c6e0    00000100     dsp_pe674.oe674 (.text:ti_sdo_ipc_transports_TransportShm_Object__create__S)
                  c301c7e0    00000100     ipc.ae674 : Ipc.obj (.text:ti_sdo_utils_NameServer_findLocal__I)
                  c301c8e0    00000100     sysbios.ae674 : BIOS.obj (.text:ti_sysbios_family_c64p_Hwi_Module_startup__F)
                  c301c9e0    00000100     dsp_pe674.oe674 (.text:ti_sysbios_family_c64p_Hwi_Object__create__S)
                  c301cae0    00000100     sysbios.ae674 : BIOS.obj (.text:ti_sysbios_family_c64p_Hwi_dispatchC__I)
                  c301cbe0    00000100                   : BIOS.obj (.text:ti_sysbios_gates_GateMutexPri_leave__E)
                  c301cce0    00000100     dsp_pe674.oe674 (.text:ti_sysbios_hal_Hwi_Object__create__S)
                  c301cde0    00000100     sysbios.ae674 : BIOS.obj (.text:ti_sysbios_knl_Clock_startI__E)
                  c301cee0    00000100                   : BIOS.obj (.text:ti_sysbios_knl_Semaphore_post__E)
                  c301cfe0    00000100     dsp_pe674.oe674 (.text:ti_sysbios_knl_Swi_Object__create__S)
                  c301d0e0    00000100     sysbios.ae674 : BIOS.obj (.text:ti_sysbios_knl_Swi_restoreHwi__E)
                  c301d1e0    00000100     dsp_pe674.oe674 (.text:ti_sysbios_knl_Task_Object__create__S)
                  c301d2e0    00000100     dsp_pe674.oe674 (.text:ti_sysbios_timers_timer64_Timer_Object__create__S)
                  c301d3e0    00000100     sysbios.ae674 : BIOS.obj (.text:ti_sysbios_timers_timer64_Timer_initDevice__I)
                  c301d4e0    00000100     ti.targets.rts6000.ae674 : Core-mem.oe674 (.text:xdc_runtime_Core_deleteObject__I)
                  c301d5e0    00000100                              : LoggerBuf.oe674 (.text:xdc_runtime_LoggerBuf_getFilterLevel__F)
                  c301d6e0    00000100                              : Startup.oe674 (.text:xdc_runtime_Startup_exec__F)
                  c301d7e0    00000100                              : Text.oe674 (.text:xdc_runtime_Text_visitRope2__I)
                  c301d8e0    000000e0     ipc.ae674 : Ipc.obj (.text:MessageQ_get)
                  c301d9c0    000000e0               : Ipc.obj (.text:NameServer_getLocal)
                  c301daa0    000000e0     Platform.lib : UARTConsole.obj (.text)
                  c301db80    000000e0     rts6740_elf.lib : memset.obj (.text:memset)
                  c301dc60    000000e0     dsp_pe674.oe674 (.text:ti_sdo_ipc_GateMP_Object__create__S)
                  c301dd40    000000e0     ipc.ae674 : Ipc.obj (.text:ti_sdo_ipc_Ipc_getMasterAddr__I)
                  c301de20    000000e0               : Ipc.obj (.text:ti_sdo_ipc_Ipc_getSlaveAddr__I)
                  c301df00    000000e0     dsp_pe674.oe674 (.text:ti_sdo_ipc_ListMP_Object__create__S)
                  c301dfe0    000000e0     ipc.ae674 : Ipc.obj (.text:ti_sdo_ipc_MessageQ_grow__I)
                  c301e0c0    000000e0               : Ipc.obj (.text:ti_sdo_ipc_Notify_detach__F)
                  c301e1a0    000000e0               : Ipc.obj (.text:ti_sdo_ipc_SharedRegion_reserveMemory__F)
                  c301e280    000000e0               : Ipc.obj (.text:ti_sdo_ipc_SharedRegion_stop__F)
                  c301e360    000000e0               : Ipc.obj (.text:ti_sdo_ipc_gates_GatePeterson_sharedMemReq__E)
                  c301e440    000000e0     dsp_pe674.oe674 (.text:ti_sdo_ipc_heaps_HeapBufMP_Object__create__S)
                  c301e520    000000e0     ipc.ae674 : Ipc.obj (.text:ti_sdo_ipc_heaps_HeapBufMP_free__E)
                  c301e600    000000e0               : Ipc.obj (.text:ti_sdo_ipc_heaps_HeapBufMP_getStats__F)
                  c301e6e0    000000e0     dsp_pe674.oe674 (.text:ti_sdo_ipc_heaps_HeapMemMP_Object__create__S)
                  c301e7c0    000000e0     dsp_pe674.oe674 (.text:ti_sdo_ipc_notifyDrivers_NotifyDriverShm_Object__create__S)
                  c301e8a0    000000e0     ipc.ae674 : Ipc.obj (.text:ti_sdo_utils_NameServer_Module_startup__F)
                  c301e980    000000e0     sysbios.ae674 : BIOS.obj (.text:ti_sysbios_family_c64p_Cache_Module_startup__F)
                  c301ea60    000000e0                   : BIOS.obj (.text:ti_sysbios_family_c64p_Hwi_Instance_finalize__F)
                  c301eb40    000000e0                   : BIOS.obj (.text:ti_sysbios_family_c64p_Hwi_Instance_init__F)
                  c301ec20    000000e0                   : BIOS.obj (.text:ti_sysbios_knl_Task_unblockI__E)
                  c301ed00    000000e0     dsp_pe674.oe674 (.text:ti_sysbios_syncs_SyncSem_Object__create__S)
                  c301ede0    000000e0     ti.targets.rts6000.ae674 : Error.oe674 (.text:xdc_runtime_Error_print__F)
                  c301eec0    000000e0     dsp_pe674.oe674 (.text:xdc_runtime_LoggerBuf_Object__create__S)
                  c301efa0    000000e0     ti.targets.rts6000.ae674 : Memory.oe674 (.text:xdc_runtime_Memory_alloc__F)
                  c301f080    000000e0     dsp_pe674.oe674 (.text:xdc_runtime_Registry_addModule__E)
                  c301f160    000000e0     dsp_pe674.oe674 (.text:xdc_runtime_Registry_findByNamePattern__E)
                  c301f240    000000e0     dsp_pe674.oe674 (.text:xdc_runtime_knl_GateThread_Object__create__S)
                  c301f320    000000c0     rts6740_elf.lib : trgdrv.obj (.text:HOSTwrite)
                  c301f3e0    000000c0     ipc.ae674 : Ipc.obj (.text:HeapMemMP_create)
                  c301f4a0    000000c0               : Ipc.obj (.text:Ipc_stop)
                  c301f560    000000c0               : Ipc.obj (.text:ListMP_create)
                  c301f620    000000c0               : Ipc.obj (.text:MessageQ_create2)
                  c301f6e0    000000c0               : Ipc.obj (.text:MultiProc_getId)
                  c301f7a0    000000c0               : Ipc.obj (.text:SharedRegion_getId)
                  c301f860    000000c0     rts6740_elf.lib : dtor_list.obj (.text:_Z11__TI_atexitPFYvPvES_S_)
                  c301f920    000000c0                     : dtor_list.obj (.text:__cxa_finalize)
                  c301f9e0    000000c0                     : divu.obj (.text:__divu)
                  c301faa0    000000c0                     : exit.obj (.text:exit)
                  c301fb60    000000c0     ipc.ae674 : Ipc.obj (.text:ti_sdo_ipc_GateMP_attach__F)
                  c301fc20    000000c0               : Ipc.obj (.text:ti_sdo_ipc_ListMP_elemClear__I)
                  c301fce0    000000c0               : Ipc.obj (.text:ti_sdo_ipc_Notify_execMany__I)
                  c301fda0    000000c0               : Ipc.obj (.text:ti_sdo_ipc_SharedRegion_detach__F)
                  c301fe60    000000c0               : Ipc.obj (.text:ti_sdo_ipc_family_da830_InterruptDsp_intRegister__E)
                  c301ff20    000000c0               : Ipc.obj (.text:ti_sdo_ipc_gates_GatePeterson_postInit__I)
                  c301ffe0    000000c0               : Ipc.obj (.text:ti_sdo_ipc_nsremote_NameServerRemoteNotify_attach__E)
                  c30200a0    000000c0               : Ipc.obj (.text:ti_sdo_utils_NameServer_postInit__I)
                  c3020160    000000c0     sysbios.ae674 : BIOS.obj (.text:ti_sysbios_heaps_HeapMem_getStats__E)
                  c3020220    000000c0                   : BIOS.obj (.text:ti_sysbios_knl_Swi_Instance_init__F)
                  c30202e0    000000c0                   : BIOS.obj (.text:ti_sysbios_knl_Swi_run__I)
                  c30203a0    000000c0                   : BIOS.obj (.text:ti_sysbios_knl_Task_allBlockedFunction__I)
                  c3020460    000000c0                   : BIOS.obj (.text:ti_sysbios_syncs_SyncSem_Instance_init__F)
                  c3020520    000000c0                   : BIOS.obj (.text:ti_sysbios_timers_timer64_Timer_startup__E)
                  c30205e0    000000c0     ti.targets.rts6000.ae674 : LoggerBuf.oe674 (.text:xdc_runtime_LoggerBuf_Instance_init__F)
                  c30206a0    000000c0     dsp_pe674.oe674 (.text:xdc_runtime_Registry_findById__E)
                  c3020760    000000c0     ti.targets.rts6000.ae674 : System.oe674 (.text:xdc_runtime_System_formatNum__I)
                  c3020820    000000c0                              : Text.oe674 (.text:xdc_runtime_Text_matchVisFxn__I)
                  c30208e0    000000a0     ipc.ae674 : Ipc.obj (.text:SharedRegion_getPtr)
                  c3020980    000000a0               : Ipc.obj (.text:SharedRegion_getSRPtr)
                  c3020a20    000000a0     rts6740_elf.lib : remu.obj (.text:__remu)
                  c3020ac0    000000a0     boot.ae674 : boot.oe674 (.text:_c_int00)
                  c3020b60    000000a0     sysbios.ae674 : c64p_Hwi_asm.obj (.text:_ti_sysbios_family_c64p_Hwi_plug__E)
                  c3020c00    000000a0     rts6740_elf.lib : memcpy64.obj (.text:memcpy)
                  c3020ca0    000000a0     mathlib.ae674 : sqrtsp.obj (.text:optasm)
                  c3020d40    000000a0     ipc.ae674 : Ipc.obj (.text:ti_sdo_ipc_GateMP_detach__F)
                  c3020de0    000000a0               : Ipc.obj (.text:ti_sdo_ipc_GateMP_getRegion0ReservedSize__F)
                  c3020e80    000000a0               : Ipc.obj (.text:ti_sdo_ipc_GateMP_stop__F)
                  c3020f20    000000a0               : Ipc.obj (.text:ti_sdo_ipc_gates_GatePeterson_leave__E)
                  c3020fc0    000000a0               : Ipc.obj (.text:ti_sdo_ipc_notifyDrivers_NotifyDriverShm_Instance_finalize__F)
                  c3021060    000000a0               : Ipc.obj (.text:ti_sdo_ipc_transports_TransportShmSetup_detach__E)
                  c3021100    000000a0     sysbios.ae674 : BIOS.obj (.text:ti_sysbios_family_c64p_Hwi_eventMap__E)
                  c30211a0    000000a0                   : BIOS.obj (.text:ti_sysbios_family_c64p_Hwi_getStackInfo__E)
                  c3021240    000000a0                   : BIOS.obj (.text:ti_sysbios_gates_GateMutex_enter__E)
                  c30212e0    000000a0                   : BIOS.obj (.text:ti_sysbios_heaps_HeapMem_init__I)
                  c3021380    000000a0                   : BIOS.obj (.text:ti_sysbios_knl_Clock_Instance_init__F)
                  c3021420    000000a0     dsp_pe674.oe674 (.text:ti_sysbios_knl_Clock_Object__create__S)
                  c30214c0    000000a0     sysbios.ae674 : BIOS.obj (.text:ti_sysbios_knl_Idle_run__E)
                  c3021560    000000a0                   : BIOS.obj (.text:ti_sysbios_knl_Semaphore_pendTimeout__I)
                  c3021600    000000a0                   : BIOS.obj (.text:ti_sysbios_knl_Swi_restore__E)
                  c30216a0    000000a0                   : BIOS.obj (.text:ti_sysbios_syncs_SyncSem_wait__F)
                  c3021740    000000a0                   : BIOS.obj (.text:ti_sysbios_timers_timer64_Timer_Instance_finalize__F)
                  c30217e0    000000a0                   : BIOS.obj (.text:ti_sysbios_timers_timer64_Timer_stop__E)
                  c3021880    000000a0     ti.targets.rts6000.ae674 : Assert.oe674 (.text:xdc_runtime_Assert_raise__I)
                  c3021920    000000a0                              : LoggerBuf.oe674 (.text:xdc_runtime_LoggerBuf_Module_startup__F)
                  c30219c0    000000a0                              : Registry.oe674 (.text:xdc_runtime_Registry_addModule__F)
                  c3021a60    000000a0                              : Registry.oe674 (.text:xdc_runtime_Registry_findByName__F)
                  c3021b00    000000a0                              : SysMin.oe674 (.text:xdc_runtime_SysMin_abort__F)
                  c3021ba0    000000a0                              : SysMin.oe674 (.text:xdc_runtime_SysMin_flush__F)
                  c3021c40    000000a0                              : SysMin.oe674 (.text:xdc_runtime_SysMin_putch__F)
                  c3021ce0    000000a0                              : Text.oe674 (.text:xdc_runtime_Text_xprintf__I)
                  c3021d80    00000080     ipc.ae674 : Ipc.obj (.text:GateMP_close)
                  c3021e00    00000080               : Ipc.obj (.text:HeapBufMP_Params_init)
                  c3021e80    00000080               : Ipc.obj (.text:HeapMemMP_restore)
                  c3021f00    00000080               : Ipc.obj (.text:MessageQ_alloc)
                  c3021f80    00000080               : Ipc.obj (.text:MessageQ_free)
                  c3022000    00000080     rts6740_elf.lib : fixfu.obj (.text:__c6xabi_fixfu)
                  c3022080    00000080                     : llshift.obj (.text:__c6xabi_llshl)
                  c3022100    00000080     sysbios.ae674 : c62_TaskSupport_asm.obj (.text:_ti_sysbios_family_c62_TaskSupport_swap__E)
                  c3022180    00000080     dsp_pe674.oe674 (.text:malloc)
                  c3022200    00000080     rts6740_elf.lib : trgmsg.obj (.text:readmsg)
                  c3022280    00000080     ipc.ae674 : Ipc.obj (.text:ti_sdo_ipc_Notify_Module_startup__F)
                  c3022300    00000080               : Ipc.obj (.text:ti_sdo_ipc_family_da830_NotifySetup_sharedMemReq__E)
                  c3022380    00000080     dsp_pe674.oe674 (.text:ti_sdo_ipc_gates_GateMPSupportNull_Object__create__S)
                  c3022400    00000080     ipc.ae674 : Ipc.obj (.text:ti_sdo_ipc_notifyDrivers_NotifyDriverShm_sharedMemReq__F)
                  c3022480    00000080               : Ipc.obj (.text:ti_sdo_ipc_nsremote_NameServerRemoteNotify_detach__E)
                  c3022500    00000080               : Ipc.obj (.text:ti_sdo_ipc_transports_TransportShm_swiFxn__I)
                  c3022580    00000080     dsp_pe674.oe674 (.text:ti_sdo_utils_List_Object__create__S)
                  c3022600    00000080     sysbios.ae674 : BIOS.obj (.text:ti_sysbios_BIOS_errorRaiseHook__I)
                  c3022680    00000080     dsp_pe674.oe674 (.text:ti_sysbios_BIOS_exitFunc__I)
                  c3022700    00000080     dsp_pe674.oe674 (.text:ti_sysbios_gates_GateAll_Object__create__S)
                  c3022780    00000080     dsp_pe674.oe674 (.text:ti_sysbios_gates_GateHwi_Object__create__S)
                  c3022800    00000080     dsp_pe674.oe674 (.text:ti_sysbios_gates_GateMutexPri_Object__create__S)
                  c3022880    00000080     dsp_pe674.oe674 (.text:ti_sysbios_gates_GateMutex_Object__create__S)
                  c3022900    00000080     dsp_pe674.oe674 (.text:ti_sysbios_gates_GateSwi_Object__create__S)
                  c3022980    00000080     sysbios.ae674 : BIOS.obj (.text:ti_sysbios_hal_Hwi_checkStack:ti_sysbios_hal_Hwi_checkStack)
                  c3022a00    00000080                   : BIOS.obj (.text:ti_sysbios_hal_Hwi_initStack:ti_sysbios_hal_Hwi_initStack)
                  c3022a80    00000080                   : BIOS.obj (.text:ti_sysbios_heaps_HeapMem_Instance_init__F)
                  c3022b00    00000080     dsp_pe674.oe674 (.text:ti_sysbios_heaps_HeapMem_Object__create__S)
                  c3022b80    00000080     sysbios.ae674 : BIOS.obj (.text:ti_sysbios_knl_Clock_Module_startup__F)
                  c3022c00    00000080     dsp_pe674.oe674 (.text:ti_sysbios_knl_Clock_doTick__I)
                  c3022c80    00000080     sysbios.ae674 : BIOS.obj (.text:ti_sysbios_knl_Clock_getTicks__E)
                  c3022d00    00000080     dsp_pe674.oe674 (.text:ti_sysbios_knl_Queue_Object__create__S)
                  c3022d80    00000080     dsp_pe674.oe674 (.text:ti_sysbios_knl_Semaphore_Object__create__S)
                  c3022e00    00000080     sysbios.ae674 : BIOS.obj (.text:ti_sysbios_knl_Swi_post__E)
                  c3022e80    00000080                   : BIOS.obj (.text:ti_sysbios_knl_Task_processVitalTaskFlag__I)
                  c3022f00    00000080                   : BIOS.obj (.text:ti_sysbios_knl_Task_restoreHwi__E)
                  c3022f80    00000080                   : BIOS.obj (.text:ti_sysbios_knl_Task_restore__E)
                  c3023000    00000080                   : BIOS.obj (.text:ti_sysbios_knl_Task_yield__E)
                  c3023080    00000080                   : BIOS.obj (.text:ti_sysbios_timers_timer64_Timer_getExpiredCounts__E)
                  c3023100    00000080                   : BIOS.obj (.text:ti_sysbios_timers_timer64_Timer_getPeriod__E)
                  c3023180    00000080     dsp_pe674.oe674 (.text:ti_sysbios_xdcruntime_GateThreadSupport_Object__create__S)
                  c3023200    00000080     ti.targets.rts6000.ae674 : Core-label.oe674 (.text:xdc_runtime_Core_assignLabel__I)
                  c3023280    00000080                              : Core-params.oe674 (.text:xdc_runtime_Core_assignParams__I)
                  c3023300    00000080                              : LoggerBuf.oe674 (.text:xdc_runtime_LoggerBuf_filterOutEvent__I)
                  c3023380    00000080                              : Registry.oe674 (.text:xdc_runtime_Registry_findByNamePattern__F)
                  c3023400    00000080                              : Registry.oe674 (.text:xdc_runtime_Registry_matchPattern__I)
                  c3023480    00000080                              : System.oe674 (.text:xdc_runtime_System_atexit__F)
                  c3023500    00000080                              : System.oe674 (.text:xdc_runtime_System_putchar__I)
                  c3023580    00000080                              : System.oe674 (.text:xdc_runtime_System_rtsExit__I)
                  c3023600    00000080                              : Text.oe674 (.text:xdc_runtime_Text_printVisFxn__I)
                  c3023680    00000060     ipc.ae674 : Ipc.obj (.text:GateMP_Params_init)
                  c30236e0    00000060               : Ipc.obj (.text:HeapMemMP_Params_init)
                  c3023740    00000060               : Ipc.obj (.text:MessageQ_msgInit$4)
                  c30237a0    00000060               : Ipc.obj (.text:MessageQ_open)
                  c3023800    00000060               : Ipc.obj (.text:Notify_numIntLines)
                  c3023860    00000060               : Ipc.obj (.text:Notify_sharedMemReq)
                  c30238c0    00000060     rts6740_elf.lib : imath64.obj (.text:_subcull)
                  c3023920    00000060                     : strpbrk.obj (.text:strpbrk)
                  c3023980    00000060     dsp_pe674.oe674 (.text:ti_sdo_ipc_GateMP_Object__delete__S)
                  c30239e0    00000060     ipc.ae674 : Ipc.obj (.text:ti_sdo_ipc_GateMP_createLocal__F)
                  c3023a40    00000060               : Ipc.obj (.text:ti_sdo_ipc_Ipc_getRegion0ReservedSize__I)
                  c3023aa0    00000060     dsp_pe674.oe674 (.text:ti_sdo_ipc_ListMP_Object__delete__S)
                  c3023b00    00000060     dsp_pe674.oe674 (.text:ti_sdo_ipc_MessageQ_Object__delete__S)
                  c3023b60    00000060     dsp_pe674.oe674 (.text:ti_sdo_ipc_Notify_Object__delete__S)
                  c3023bc0    00000060     ipc.ae674 : Ipc.obj (.text:ti_sdo_ipc_gates_GatePeterson_Instance_finalize__F)
                  c3023c20    00000060     dsp_pe674.oe674 (.text:ti_sdo_ipc_gates_GatePeterson_Object__delete__S)
                  c3023c80    00000060     dsp_pe674.oe674 (.text:ti_sdo_ipc_heaps_HeapBufMP_Object__delete__S)
                  c3023ce0    00000060     dsp_pe674.oe674 (.text:ti_sdo_ipc_heaps_HeapMemMP_Object__delete__S)
                  c3023d40    00000060     dsp_pe674.oe674 (.text:ti_sdo_ipc_notifyDrivers_NotifyDriverShm_Object__delete__S)
                  c3023da0    00000060     ipc.ae674 : Ipc.obj (.text:ti_sdo_ipc_notifyDrivers_NotifyDriverShm_enableEvent__E)
                  c3023e00    00000060               : Ipc.obj (.text:ti_sdo_ipc_notifyDrivers_NotifyDriverShm_setNotifyHandle__E)
                  c3023e60    00000060     dsp_pe674.oe674 (.text:ti_sdo_ipc_nsremote_NameServerRemoteNotify_Object__delete__S)
                  c3023ec0    00000060     ipc.ae674 : Ipc.obj (.text:ti_sdo_ipc_transports_TransportShmSetup_sharedMemReq__E)
                  c3023f20    00000060     dsp_pe674.oe674 (.text:ti_sdo_ipc_transports_TransportShm_Object__delete__S)
                  c3023f80    00000060     sysbios.ae674 : BIOS.obj (.text:ti_sysbios_BIOS_registerRTSLock__I)
                  c3023fe0    00000060                   : BIOS.obj (.text:ti_sysbios_BIOS_removeRTSLock__I)
                  c3024040    00000060                   : BIOS.obj (.text:ti_sysbios_BIOS_rtsLock__I)
                  c30240a0    00000060                   : BIOS.obj (.text:ti_sysbios_family_c62_TaskSupport_start__E)
                  c3024100    00000060                   : BIOS.obj (.text:ti_sysbios_family_c64p_Cache_all__I)
                  c3024160    00000060                   : BIOS.obj (.text:ti_sysbios_family_c64p_Cache_marInit__I)
                  c30241c0    00000060                   : BIOS.obj (.text:ti_sysbios_family_c64p_Cache_setMar__E)
                  c3024220    00000060                   : BIOS.obj (.text:ti_sysbios_family_c64p_Cache_setSize__E)
                  c3024280    00000060                   : BIOS.obj (.text:ti_sysbios_family_c64p_Cache_wait__E)
                  c30242e0    00000060     dsp_pe674.oe674 (.text:ti_sysbios_family_c64p_Hwi_Object__delete__S)
                  c3024340    00000060     sysbios.ae674 : BIOS.obj (.text:ti_sysbios_gates_GateAll_enter__E)
                  c30243a0    00000060                   : BIOS.obj (.text:ti_sysbios_gates_GateAll_leave__E)
                  c3024400    00000060     dsp_pe674.oe674 (.text:ti_sysbios_gates_GateMutexPri_Object__delete__S)
                  c3024460    00000060     sysbios.ae674 : BIOS.obj (.text:ti_sysbios_gates_GateMutex_Instance_init__F)
                  c30244c0    00000060     dsp_pe674.oe674 (.text:ti_sysbios_gates_GateMutex_Object__delete__S)
                  c3024520    00000060     sysbios.ae674 : BIOS.obj (.text:ti_sysbios_hal_Hwi_Instance_init__F)
                  c3024580    00000060     dsp_pe674.oe674 (.text:ti_sysbios_hal_Hwi_Object__delete__S)
                  c30245e0    00000060     sysbios.ae674 : BIOS.obj (.text:ti_sysbios_knl_Clock_setupTimerToSkipTicks__E)
                  c3024640    00000060                   : BIOS.obj (.text:ti_sysbios_knl_Semaphore_Instance_init__F)
                  c30246a0    00000060     dsp_pe674.oe674 (.text:ti_sysbios_knl_Semaphore_Object__delete__S)
                  c3024700    00000060     sysbios.ae674 : BIOS.obj (.text:ti_sysbios_knl_Swi_Module_startup__F)
                  c3024760    00000060                   : BIOS.obj (.text:ti_sysbios_knl_Task_enter__I)
                  c30247c0    00000060                   : BIOS.obj (.text:ti_sysbios_knl_Task_sleepTimeout__I)
                  c3024820    00000060     dsp_pe674.oe674 (.text:ti_sysbios_syncs_SyncSem_Object__delete__S)
                  c3024880    00000060     dsp_pe674.oe674 (.text:ti_sysbios_timers_timer64_Timer_Object__delete__S)
                  c30248e0    00000060     dsp_pe674.oe674 (.text:ti_sysbios_xdcruntime_GateThreadSupport_Object__delete__S)
                  c3024940    00000060     ti.syslink.ipc.rtos.ae674 : Syslink.oe674 (.text:ti_syslink_ipc_rtos_Syslink_attach)
                  c30249a0    00000060     rts6740_elf.lib : trgmsg.obj (.text:writemsg)
                  c3024a00    00000060     dsp_pe674.oe674 (.text:xdc_runtime_GateNull_Object__create__S)
                  c3024a60    00000060     dsp_pe674.oe674 (.text:xdc_runtime_LoggerBuf_Object__delete__S)
                  c3024ac0    00000060     ti.targets.rts6000.ae674 : Memory.oe674 (.text:xdc_runtime_Memory_calloc__F)
                  c3024b20    00000060                              : Memory.oe674 (.text:xdc_runtime_Memory_valloc__F)
                  c3024b80    00000060                              : SysMin.oe674 (.text:xdc_runtime_SysMin_Module_startup__F)
                  c3024be0    00000060                              : SysMin.oe674 (.text:xdc_runtime_SysMin_exit__F)
                  c3024c40    00000060     dsp_pe674.oe674 (.text:xdc_runtime_SysMin_output__I)
                  c3024ca0    00000060     ti.targets.rts6000.ae674 : System.oe674 (.text:xdc_runtime_System_aprintf_va__F)
                  c3024d00    00000060                              : System.oe674 (.text:xdc_runtime_System_printf_va__F)
                  c3024d60    00000060                              : Text.oe674 (.text:xdc_runtime_Text_cordText__F)
                  c3024dc0    00000060     dsp_pe674.oe674 (.text:xdc_runtime_knl_GateThread_Object__delete__S)
                  c3024e20    00000040     ipc.ae674 : Ipc.obj (.text:MessageQ_create)
                  c3024e60    00000040               : Ipc.obj (.text:MessageQ_registerHeap)
                  c3024ea0    00000040               : Ipc.obj (.text:MessageQ_unregisterHeap)
                  c3024ee0    00000040               : Ipc.obj (.text:Notify_intLineRegistered)
                  c3024f20    00000040     rts6740_elf.lib : frcmpyd_div.obj (.text:__c6xabi_frcmpyd_div)
                  c3024f60    00000040                     : llshift.obj (.text:__c6xabi_llshru)
                  c3024fa0    00000040                     : args_main.obj (.text:_args_main)
                  c3024fe0    00000040     sysbios.ae674 : c62_TaskSupport_asm.obj (.text:_ti_sysbios_family_c62_TaskSupport_buildTaskStack)
                  c3025020    00000040                   : c64p_Hwi_asm_switch.obj (.text:_ti_sysbios_family_xxx_Hwi_switchToIsrStack)
                  c3025060    00000040     dsp_pe674.oe674 (.text:free)
                  c30250a0    00000040     ipc.ae674 : Ipc.obj (.text:ti_sdo_ipc_MessageQ_registerTransport__F)
                  c30250e0    00000040               : Ipc.obj (.text:ti_sdo_ipc_MessageQ_unregisterTransport__F)
                  c3025120    00000040               : Ipc.obj (.text:ti_sdo_ipc_Notify_exec__F)
                  c3025160    00000040               : Ipc.obj (.text:ti_sdo_ipc_SharedRegion_resetInternalFields__F)
                  c30251a0    00000040               : Ipc.obj (.text:ti_sdo_ipc_family_da830_InterruptDsp_intClear__E)
                  c30251e0    00000040               : Ipc.obj (.text:ti_sdo_ipc_family_da830_InterruptDsp_intSend__E)
                  c3025220    00000040     dsp_pe674.oe674 (.text:ti_sdo_ipc_gates_GateMPSupportNull_Handle__label__S)
                  c3025260    00000040     dsp_pe674.oe674 (.text:ti_sdo_ipc_gates_GateMPSupportNull_Object__delete__S)
                  c30252a0    00000040     dsp_pe674.oe674 (.text:ti_sdo_ipc_gates_GatePeterson_Handle__label__S)
                  c30252e0    00000040     dsp_pe674.oe674 (.text:ti_sdo_ipc_heaps_HeapBufMP_Handle__label__S)
                  c3025320    00000040     dsp_pe674.oe674 (.text:ti_sdo_ipc_heaps_HeapMemMP_Handle__label__S)
                  c3025360    00000040     dsp_pe674.oe674 (.text:ti_sdo_ipc_notifyDrivers_NotifyDriverShm_Handle__label__S)
                  c30253a0    00000040     dsp_pe674.oe674 (.text:ti_sdo_ipc_nsremote_NameServerRemoteNotify_Handle__label__S)
                  c30253e0    00000040     ipc.ae674 : Ipc.obj (.text:ti_sdo_ipc_nsremote_NameServerRemoteNotify_sharedMemReq__E)
                  c3025420    00000040     dsp_pe674.oe674 (.text:ti_sdo_ipc_transports_TransportShm_Handle__label__S)
                  c3025460    00000040     ipc.ae674 : Ipc.obj (.text:ti_sdo_utils_List_get__E)
                  c30254a0    00000040               : Ipc.obj (.text:ti_sdo_utils_List_putHead__E)
                  c30254e0    00000040               : Ipc.obj (.text:ti_sdo_utils_List_put__E)
                  c3025520    00000040     dsp_pe674.oe674 (.text:ti_sdo_utils_NameServer_Module__startupDone__F)
                  c3025560    00000040     dsp_pe674.oe674 (.text:ti_sdo_utils_NameServer_Object__get__S)
                  c30255a0    00000040     ipc.ae674 : Ipc.obj (.text:ti_sdo_utils_NameServer_registerRemoteDriver__E)
                  c30255e0    00000040               : Ipc.obj (.text:ti_sdo_utils_NameServer_unregisterRemoteDriver__E)
                  c3025620    00000040     sysbios.ae674 : BIOS.obj (.text:ti_sysbios_BIOS_rtsUnlock__I)
                  c3025660    00000040     dsp_pe674.oe674 (.text:ti_sysbios_BIOS_startFunc__I)
                  c30256a0    00000040     dsp_pe674.oe674 (.text:ti_sysbios_family_c64p_Hwi_Module__startupDone__F)
                  c30256e0    00000040     sysbios.ae674 : BIOS.obj (.text:ti_sysbios_family_c64p_Hwi_disableInterrupt__E)
                  c3025720    00000040                   : BIOS.obj (.text:ti_sysbios_family_c64p_Hwi_enableInterrupt__E)
                  c3025760    00000040                   : BIOS.obj (.text:ti_sysbios_family_c64p_primus_TimerSupport_enable__E)
                  c30257a0    00000040     dsp_pe674.oe674 (.text:ti_sysbios_gates_GateAll_Handle__label__S)
                  c30257e0    00000040     dsp_pe674.oe674 (.text:ti_sysbios_gates_GateAll_Object__delete__S)
                  c3025820    00000040     dsp_pe674.oe674 (.text:ti_sysbios_gates_GateHwi_Handle__label__S)
                  c3025860    00000040     dsp_pe674.oe674 (.text:ti_sysbios_gates_GateHwi_Object__delete__S)
                  c30258a0    00000040     dsp_pe674.oe674 (.text:ti_sysbios_gates_GateMutexPri_Handle__label__S)
                  c30258e0    00000040     sysbios.ae674 : BIOS.obj (.text:ti_sysbios_gates_GateMutexPri_Instance_init__F)
                  c3025920    00000040     dsp_pe674.oe674 (.text:ti_sysbios_gates_GateMutexPri_Object__destruct__S)
                  c3025960    00000040     dsp_pe674.oe674 (.text:ti_sysbios_gates_GateMutex_Handle__label__S)
                  c30259a0    00000040     sysbios.ae674 : BIOS.obj (.text:ti_sysbios_gates_GateMutex_leave__E)
                  c30259e0    00000040     dsp_pe674.oe674 (.text:ti_sysbios_gates_GateSwi_Handle__label__S)
                  c3025a20    00000040     dsp_pe674.oe674 (.text:ti_sysbios_gates_GateSwi_Object__delete__S)
                  c3025a60    00000040     dsp_pe674.oe674 (.text:ti_sysbios_hal_Timer_Module__startupDone__F)
                  c3025aa0    00000040     dsp_pe674.oe674 (.text:ti_sysbios_heaps_HeapMem_Handle__label__S)
                  c3025ae0    00000040     dsp_pe674.oe674 (.text:ti_sysbios_heaps_HeapMem_Object__delete__S)
                  c3025b20    00000040     dsp_pe674.oe674 (.text:ti_sysbios_heaps_HeapMem_Object__get__S)
                  c3025b60    00000040     sysbios.ae674 : BIOS.obj (.text:ti_sysbios_knl_Clock_start__E)
                  c3025ba0    00000040                   : BIOS.obj (.text:ti_sysbios_knl_Queue_put__E)
                  c3025be0    00000040     dsp_pe674.oe674 (.text:ti_sysbios_knl_Semaphore_Object__destruct__S)
                  c3025c20    00000040     dsp_pe674.oe674 (.text:ti_sysbios_knl_Swi_Object__destruct__S)
                  c3025c60    00000040     dsp_pe674.oe674 (.text:ti_sysbios_knl_Swi_Object__get__S)
                  c3025ca0    00000040     dsp_pe674.oe674 (.text:ti_sysbios_knl_Task_Object__get__S)
                  c3025ce0    00000040     dsp_pe674.oe674 (.text:ti_sysbios_syncs_SyncSem_Handle__label__S)
                  c3025d20    00000040     dsp_pe674.oe674 (.text:ti_sysbios_timers_timer64_Timer_Module__startupDone__F)
                  c3025d60    00000040     sysbios.ae674 : BIOS.obj (.text:ti_sysbios_xdcruntime_GateThreadSupport_Instance_init__F)
                  c3025da0    00000040     ti.syslink.ipc.rtos.ae674 : Syslink.oe674 (.text:ti_syslink_ipc_rtos_Syslink_detach)
                  c3025de0    00000040     ti.targets.rts6000.ae674 : Error.oe674 (.text:xdc_runtime_Error_check__F)
                  c3025e20    00000040                              : Error.oe674 (.text:xdc_runtime_Error_init__F)
                  c3025e60    00000040     dsp_pe674.oe674 (.text:xdc_runtime_GateNull_Handle__label__S)
                  c3025ea0    00000040     dsp_pe674.oe674 (.text:xdc_runtime_GateNull_Object__delete__S)
                  c3025ee0    00000040     dsp_pe674.oe674 (.text:xdc_runtime_LoggerBuf_Handle__label__S)
                  c3025f20    00000040     ti.targets.rts6000.ae674 : LoggerBuf.oe674 (.text:xdc_runtime_LoggerBuf_Instance_finalize__F)
                  c3025f60    00000040     dsp_pe674.oe674 (.text:xdc_runtime_LoggerBuf_Object__get__S)
                  c3025fa0    00000040     ti.targets.rts6000.ae674 : LoggerBuf.oe674 (.text:xdc_runtime_LoggerBuf_write0__F)
                  c3025fe0    00000040     dsp_pe674.oe674 (.text:xdc_runtime_LoggerBuf_write8__E)
                  c3026020    00000040     ti.targets.rts6000.ae674 : Memory.oe674 (.text:xdc_runtime_Memory_free__F)
                  c3026060    00000040                              : Registry.oe674 (.text:xdc_runtime_Registry_findById__F)
                  c30260a0    00000040                              : System.oe674 (.text:xdc_runtime_System_abort__F)
                  c30260e0    00000040     dsp_pe674.oe674 (.text:xdc_runtime_System_aprintf__E)
                  c3026120    00000040     dsp_pe674.oe674 (.text:xdc_runtime_System_printf__E)
                  c3026160    00000040     ti.targets.rts6000.ae674 : Text.oe674 (.text:xdc_runtime_Text_matchRope__F)
                  c30261a0    00000040                              : Text.oe674 (.text:xdc_runtime_Text_ropeText__F)
                  c30261e0    00000040     dsp_pe674.oe674 (.text:xdc_runtime_knl_GateThread_Handle__label__S)
                  c3026220    00000040     ti.targets.rts6000.ae674 : GateThread.oe674 (.text:xdc_runtime_knl_GateThread_Instance_finalize__F)
                  c3026260    00000040                              : GateThread.oe674 (.text:xdc_runtime_knl_GateThread_Instance_init__F)
                  c30262a0    00000020     ipc.ae674 : Ipc.obj (.text:GateMP_enter)
                  c30262c0    00000020               : Ipc.obj (.text:GateMP_leave)
                  c30262e0    00000020               : Ipc.obj (.text:HeapBufMP_close)
                  c3026300    00000020               : Ipc.obj (.text:ListMP_close)
                  c3026320    00000020               : Ipc.obj (.text:ListMP_delete)
                  c3026340    00000020               : Ipc.obj (.text:MessageQ_Params_init)
                  c3026360    00000020               : Ipc.obj (.text:MessageQ_close)
                  c3026380    00000020               : Ipc.obj (.text:MessageQ_delete)
                  c30263a0    00000020               : Ipc.obj (.text:NameServer_addUInt32)
                  c30263c0    00000020               : Ipc.obj (.text:NameServer_getUInt32)
                  c30263e0    00000020               : Ipc.obj (.text:NameServer_removeEntry)
                  c3026400    00000020     utils.lib : uartStdio.obj (.text:UARTGetc)
                  c3026420    00000020               : uartStdio.obj (.text:UARTPutc)
                  c3026440    00000020               : uartStdio.obj (.text:UARTStdioInit)
                  c3026460    00000020     rts6740_elf.lib : dtor_list.obj (.text:__cxa_atexit)
                  c3026480    00000020                     : dtor_list.obj (.text:__cxa_ia64_exit)
                  c30264a0    00000020     ti.targets.rts6000.ae674 : xdc_noinit.oe674 (.text:__xdc__init)
                  c30264c0    00000020     rts6740_elf.lib : _lock.obj (.text:_nop)
                  c30264e0    00000020                     : _lock.obj (.text:_register_lock)
                  c3026500    00000020                     : _lock.obj (.text:_register_unlock)
                  c3026520    00000020     sysbios.ae674 : c62_TaskSupport_asm.obj (.text:_ti_sysbios_family_c62_TaskSupport_glue)
                  c3026540    00000020                   : c64p_Hwi_asm_switch.obj (.text:_ti_sysbios_family_xxx_Hwi_switchToTaskStack)
                  c3026560    00000020     rts6740_elf.lib : exit.obj (.text:abort)
                  c3026580    00000020                     : dtor_list.obj (.text:atexit)
                  c30265a0    00000020     dsp_pe674.oe674 (.text:ti_sdo_ipc_GateMP_Params__init__S)
                  c30265c0    00000020     dsp_pe674.oe674 (.text:ti_sdo_ipc_GateMP_RemoteCustom1Proxy_Object__create__S)
                  c30265e0    00000020     dsp_pe674.oe674 (.text:ti_sdo_ipc_GateMP_RemoteCustom1Proxy_Object__delete__S)
                  c3026600    00000020     dsp_pe674.oe674 (.text:ti_sdo_ipc_GateMP_RemoteCustom1Proxy_Params__init__S)
                  c3026620    00000020     dsp_pe674.oe674 (.text:ti_sdo_ipc_GateMP_RemoteCustom1Proxy_Proxy__abstract__S)
                  c3026640    00000020     dsp_pe674.oe674 (.text:ti_sdo_ipc_GateMP_RemoteCustom1Proxy_Proxy__delegate__S)
                  c3026660    00000020     dsp_pe674.oe674 (.text:ti_sdo_ipc_GateMP_RemoteCustom1Proxy_getReservedMask__E)
                  c3026680    00000020     dsp_pe674.oe674 (.text:ti_sdo_ipc_GateMP_RemoteCustom1Proxy_sharedMemReq__E)
                  c30266a0    00000020     dsp_pe674.oe674 (.text:ti_sdo_ipc_GateMP_RemoteCustom2Proxy_Object__create__S)
                  c30266c0    00000020     dsp_pe674.oe674 (.text:ti_sdo_ipc_GateMP_RemoteCustom2Proxy_Object__delete__S)
                  c30266e0    00000020     dsp_pe674.oe674 (.text:ti_sdo_ipc_GateMP_RemoteCustom2Proxy_Params__init__S)
                  c3026700    00000020     dsp_pe674.oe674 (.text:ti_sdo_ipc_GateMP_RemoteCustom2Proxy_Proxy__abstract__S)
                  c3026720    00000020     dsp_pe674.oe674 (.text:ti_sdo_ipc_GateMP_RemoteCustom2Proxy_Proxy__delegate__S)
                  c3026740    00000020     dsp_pe674.oe674 (.text:ti_sdo_ipc_GateMP_RemoteCustom2Proxy_getReservedMask__E)
                  c3026760    00000020     dsp_pe674.oe674 (.text:ti_sdo_ipc_GateMP_RemoteCustom2Proxy_sharedMemReq__E)
                  c3026780    00000020     dsp_pe674.oe674 (.text:ti_sdo_ipc_GateMP_RemoteSystemProxy_Object__create__S)
                  c30267a0    00000020     dsp_pe674.oe674 (.text:ti_sdo_ipc_GateMP_RemoteSystemProxy_Object__delete__S)
                  c30267c0    00000020     dsp_pe674.oe674 (.text:ti_sdo_ipc_GateMP_RemoteSystemProxy_Params__init__S)
                  c30267e0    00000020     dsp_pe674.oe674 (.text:ti_sdo_ipc_GateMP_RemoteSystemProxy_Proxy__abstract__S)
                  c3026800    00000020     dsp_pe674.oe674 (.text:ti_sdo_ipc_GateMP_RemoteSystemProxy_Proxy__delegate__S)
                  c3026820    00000020     dsp_pe674.oe674 (.text:ti_sdo_ipc_GateMP_RemoteSystemProxy_getReservedMask__E)
                  c3026840    00000020     dsp_pe674.oe674 (.text:ti_sdo_ipc_GateMP_RemoteSystemProxy_sharedMemReq__E)
                  c3026860    00000020     dsp_pe674.oe674 (.text:ti_sdo_ipc_GateMP_attach__E)
                  c3026880    00000020     dsp_pe674.oe674 (.text:ti_sdo_ipc_GateMP_detach__E)
                  c30268a0    00000020     dsp_pe674.oe674 (.text:ti_sdo_ipc_GateMP_getRegion0ReservedSize__E)
                  c30268c0    00000020     dsp_pe674.oe674 (.text:ti_sdo_ipc_GateMP_getSharedAddr__E)
                  c30268e0    00000020     ipc.ae674 : Ipc.obj (.text:ti_sdo_ipc_GateMP_getSharedAddr__F)
                  c3026900    00000020     dsp_pe674.oe674 (.text:ti_sdo_ipc_GateMP_start__E)
                  c3026920    00000020     dsp_pe674.oe674 (.text:ti_sdo_ipc_GateMP_stop__E)
                  c3026940    00000020     dsp_pe674.oe674 (.text:ti_sdo_ipc_ListMP_Params__init__S)
                  c3026960    00000020     dsp_pe674.oe674 (.text:ti_sdo_ipc_MessageQ_Module_startup__E)
                  c3026980    00000020     dsp_pe674.oe674 (.text:ti_sdo_ipc_MessageQ_Object__get__S)
                  c30269a0    00000020     dsp_pe674.oe674 (.text:ti_sdo_ipc_MessageQ_Params__init__S)
                  c30269c0    00000020     dsp_pe674.oe674 (.text:ti_sdo_ipc_MessageQ_SetupTransportProxy_attach__E)
                  c30269e0    00000020     dsp_pe674.oe674 (.text:ti_sdo_ipc_MessageQ_SetupTransportProxy_detach__E)
                  c3026a00    00000020     dsp_pe674.oe674 (.text:ti_sdo_ipc_MessageQ_SetupTransportProxy_isRegistered__E)
                  c3026a20    00000020     dsp_pe674.oe674 (.text:ti_sdo_ipc_MessageQ_SetupTransportProxy_sharedMemReq__E)
                  c3026a40    00000020     dsp_pe674.oe674 (.text:ti_sdo_ipc_MessageQ_registerTransport__E)
                  c3026a60    00000020     dsp_pe674.oe674 (.text:ti_sdo_ipc_MessageQ_unregisterTransport__E)
                  c3026a80    00000020     dsp_pe674.oe674 (.text:ti_sdo_ipc_Notify_Module_GateProxy_enter__E)
                  c3026aa0    00000020     dsp_pe674.oe674 (.text:ti_sdo_ipc_Notify_Module_GateProxy_leave__E)
                  c3026ac0    00000020     dsp_pe674.oe674 (.text:ti_sdo_ipc_Notify_Module_startup__E)
                  c3026ae0    00000020     dsp_pe674.oe674 (.text:ti_sdo_ipc_Notify_SetupProxy_attach__E)
                  c3026b00    00000020     dsp_pe674.oe674 (.text:ti_sdo_ipc_Notify_SetupProxy_numIntLines__E)
                  c3026b20    00000020     dsp_pe674.oe674 (.text:ti_sdo_ipc_Notify_SetupProxy_sharedMemReq__E)
                  c3026b40    00000020     dsp_pe674.oe674 (.text:ti_sdo_ipc_Notify_detach__E)
                  c3026b60    00000020     dsp_pe674.oe674 (.text:ti_sdo_ipc_Notify_exec__E)
                  c3026b80    00000020     dsp_pe674.oe674 (.text:ti_sdo_ipc_SharedRegion_attach__E)
                  c3026ba0    00000020     dsp_pe674.oe674 (.text:ti_sdo_ipc_SharedRegion_clearReservedMemory__E)
                  c3026bc0    00000020     dsp_pe674.oe674 (.text:ti_sdo_ipc_SharedRegion_detach__E)
                  c3026be0    00000020     dsp_pe674.oe674 (.text:ti_sdo_ipc_SharedRegion_reserveMemory__E)
                  c3026c00    00000020     dsp_pe674.oe674 (.text:ti_sdo_ipc_SharedRegion_resetInternalFields__E)
                  c3026c20    00000020     dsp_pe674.oe674 (.text:ti_sdo_ipc_SharedRegion_start__E)
                  c3026c40    00000020     dsp_pe674.oe674 (.text:ti_sdo_ipc_SharedRegion_stop__E)
                  c3026c60    00000020     ipc.ae674 : Ipc.obj (.text:ti_sdo_ipc_family_da830_InterruptDsp_intDisable__E)
                  c3026c80    00000020               : Ipc.obj (.text:ti_sdo_ipc_family_da830_InterruptDsp_intEnable__E)
                  c3026ca0    00000020               : Ipc.obj (.text:ti_sdo_ipc_family_da830_InterruptDsp_intUnregister__E)
                  c3026cc0    00000020               : Ipc.obj (.text:ti_sdo_ipc_family_da830_NotifySetup_numIntLines__E)
                  c3026ce0    00000020               : Ipc.obj (.text:ti_sdo_ipc_gates_GateMPSupportNull_Instance_init__F)
                  c3026d00    00000020     dsp_pe674.oe674 (.text:ti_sdo_ipc_gates_GateMPSupportNull_Params__init__S)
                  c3026d20    00000020     ipc.ae674 : Ipc.obj (.text:ti_sdo_ipc_gates_GateMPSupportNull_enter__E)
                  c3026d40    00000020               : Ipc.obj (.text:ti_sdo_ipc_gates_GateMPSupportNull_getReservedMask__E)
                  c3026d60    00000020               : Ipc.obj (.text:ti_sdo_ipc_gates_GateMPSupportNull_leave__E)
                  c3026d80    00000020     dsp_pe674.oe674 (.text:ti_sdo_ipc_gates_GateMPSupportNull_query__E)
                  c3026da0    00000020     ipc.ae674 : Ipc.obj (.text:ti_sdo_ipc_gates_GateMPSupportNull_query__F)
                  c3026dc0    00000020               : Ipc.obj (.text:ti_sdo_ipc_gates_GateMPSupportNull_sharedMemReq__E)
                  c3026de0    00000020     dsp_pe674.oe674 (.text:ti_sdo_ipc_gates_GatePeterson_Params__init__S)
                  c3026e00    00000020     ipc.ae674 : Ipc.obj (.text:ti_sdo_ipc_gates_GatePeterson_getReservedMask__E)
                  c3026e20    00000020     dsp_pe674.oe674 (.text:ti_sdo_ipc_gates_GatePeterson_query__E)
                  c3026e40    00000020     ipc.ae674 : Ipc.obj (.text:ti_sdo_ipc_gates_GatePeterson_query__F)
                  c3026e60    00000020     dsp_pe674.oe674 (.text:ti_sdo_ipc_heaps_HeapBufMP_Params__init__S)
                  c3026e80    00000020     dsp_pe674.oe674 (.text:ti_sdo_ipc_heaps_HeapBufMP_getStats__E)
                  c3026ea0    00000020     dsp_pe674.oe674 (.text:ti_sdo_ipc_heaps_HeapBufMP_isBlocking__E)
                  c3026ec0    00000020     ipc.ae674 : Ipc.obj (.text:ti_sdo_ipc_heaps_HeapBufMP_isBlocking__F)
                  c3026ee0    00000020     dsp_pe674.oe674 (.text:ti_sdo_ipc_heaps_HeapMemMP_Params__init__S)
                  c3026f00    00000020     dsp_pe674.oe674 (.text:ti_sdo_ipc_heaps_HeapMemMP_isBlocking__E)
                  c3026f20    00000020     ipc.ae674 : Ipc.obj (.text:ti_sdo_ipc_heaps_HeapMemMP_isBlocking__F)
                  c3026f40    00000020     dsp_pe674.oe674 (.text:ti_sdo_ipc_notifyDrivers_NotifyDriverShm_InterruptProxy_intClear__E)
                  c3026f60    00000020     dsp_pe674.oe674 (.text:ti_sdo_ipc_notifyDrivers_NotifyDriverShm_InterruptProxy_intDisable__E)
                  c3026f80    00000020     dsp_pe674.oe674 (.text:ti_sdo_ipc_notifyDrivers_NotifyDriverShm_InterruptProxy_intEnable__E)
                  c3026fa0    00000020     dsp_pe674.oe674 (.text:ti_sdo_ipc_notifyDrivers_NotifyDriverShm_InterruptProxy_intRegister__E)
                  c3026fc0    00000020     dsp_pe674.oe674 (.text:ti_sdo_ipc_notifyDrivers_NotifyDriverShm_InterruptProxy_intSend__E)
                  c3026fe0    00000020     dsp_pe674.oe674 (.text:ti_sdo_ipc_notifyDrivers_NotifyDriverShm_InterruptProxy_intUnregister__E)
                  c3027000    00000020     dsp_pe674.oe674 (.text:ti_sdo_ipc_notifyDrivers_NotifyDriverShm_Params__init__S)
                  c3027020    00000020     ipc.ae674 : Ipc.obj (.text:ti_sdo_ipc_notifyDrivers_NotifyDriverShm_disable__E)
                  c3027040    00000020               : Ipc.obj (.text:ti_sdo_ipc_notifyDrivers_NotifyDriverShm_enable__E)
                  c3027060    00000020     dsp_pe674.oe674 (.text:ti_sdo_ipc_notifyDrivers_NotifyDriverShm_sharedMemReq__E)
                  c3027080    00000020     dsp_pe674.oe674 (.text:ti_sdo_ipc_nsremote_NameServerRemoteNotify_Object__first__S)
                  c30270a0    00000020     dsp_pe674.oe674 (.text:ti_sdo_ipc_nsremote_NameServerRemoteNotify_Object__next__S)
                  c30270c0    00000020     dsp_pe674.oe674 (.text:ti_sdo_ipc_nsremote_NameServerRemoteNotify_Params__init__S)
                  c30270e0    00000020     ipc.ae674 : Ipc.obj (.text:ti_sdo_ipc_nsremote_NameServerRemoteNotify_cbFxn__I)
                  c3027100    00000020     dsp_pe674.oe674 (.text:ti_sdo_ipc_nsremote_NameServerRemoteNotify_get__E)
                  c3027120    00000020     ipc.ae674 : Ipc.obj (.text:ti_sdo_ipc_transports_TransportShmSetup_isRegistered__E)
                  c3027140    00000020     dsp_pe674.oe674 (.text:ti_sdo_ipc_transports_TransportShm_Params__init__S)
                  c3027160    00000020     dsp_pe674.oe674 (.text:ti_sdo_ipc_transports_TransportShm_close__E)
                  c3027180    00000020     ipc.ae674 : Ipc.obj (.text:ti_sdo_ipc_transports_TransportShm_close__F)
                  c30271a0    00000020               : Ipc.obj (.text:ti_sdo_ipc_transports_TransportShm_control__E)
                  c30271c0    00000020               : Ipc.obj (.text:ti_sdo_ipc_transports_TransportShm_getStatus__E)
                  c30271e0    00000020               : Ipc.obj (.text:ti_sdo_ipc_transports_TransportShm_notifyFxn__I)
                  c3027200    00000020     dsp_pe674.oe674 (.text:ti_sdo_ipc_transports_TransportShm_openByAddr__E)
                  c3027220    00000020     dsp_pe674.oe674 (.text:ti_sdo_ipc_transports_TransportShm_setErrFxn__E)
                  c3027240    00000020     ipc.ae674 : Ipc.obj (.text:ti_sdo_ipc_transports_TransportShm_setErrFxn__F)
                  c3027260    00000020     dsp_pe674.oe674 (.text:ti_sdo_ipc_transports_TransportShm_sharedMemReq__E)
                  c3027280    00000020     ipc.ae674 : Ipc.obj (.text:ti_sdo_utils_List_Instance_init__F)
                  c30272a0    00000020     dsp_pe674.oe674 (.text:ti_sdo_utils_List_Object__destruct__S)
                  c30272c0    00000020     dsp_pe674.oe674 (.text:ti_sdo_utils_List_Object__get__S)
                  c30272e0    00000020     dsp_pe674.oe674 (.text:ti_sdo_utils_MultiProc_getClusterId__E)
                  c3027300    00000020     ipc.ae674 : Ipc.obj (.text:ti_sdo_utils_MultiProc_getClusterId__F)
                  c3027320    00000020     dsp_pe674.oe674 (.text:ti_sdo_utils_NameServer_Module__startupDone__S)
                  c3027340    00000020     dsp_pe674.oe674 (.text:ti_sdo_utils_NameServer_Module_startup__E)
                  c3027360    00000020     dsp_pe674.oe674 (.text:ti_sdo_utils_NameServer_Object__first__S)
                  c3027380    00000020     dsp_pe674.oe674 (.text:ti_sdo_utils_NameServer_Object__next__S)
                  c30273a0    00000020     dsp_pe674.oe674 (.text:ti_sdo_utils_NameServer_SetupProxy_attach__E)
                  c30273c0    00000020     dsp_pe674.oe674 (.text:ti_sdo_utils_NameServer_SetupProxy_detach__E)
                  c30273e0    00000020     dsp_pe674.oe674 (.text:ti_sdo_utils_NameServer_SetupProxy_sharedMemReq__E)
                  c3027400    00000020     dsp_pe674.oe674 (.text:ti_sysbios_BIOS_RtsGateProxy_enter__E)
                  c3027420    00000020     dsp_pe674.oe674 (.text:ti_sysbios_BIOS_RtsGateProxy_leave__E)
                  c3027440    00000020     sysbios.ae674 : BIOS.obj (.text:ti_sysbios_BIOS_getThreadType__E)
                  c3027460    00000020                   : BIOS.obj (.text:ti_sysbios_BIOS_nullFunc__I)
                  c3027480    00000020                   : BIOS.obj (.text:ti_sysbios_BIOS_setThreadType__E)
                  c30274a0    00000020                   : BIOS.obj (.text:ti_sysbios_BIOS_start__E)
                  c30274c0    00000020     dsp_pe674.oe674 (.text:ti_sysbios_family_c62_TaskSupport_Module__startupDone__S)
                  c30274e0    00000020     sysbios.ae674 : BIOS.obj (.text:ti_sysbios_family_c62_TaskSupport_checkStack__E)
                  c3027500    00000020                   : BIOS.obj (.text:ti_sysbios_family_c62_TaskSupport_getStackAlignment__E)
                  c3027520    00000020     dsp_pe674.oe674 (.text:ti_sysbios_family_c64p_Cache_Module_startup__E)
                  c3027540    00000020     sysbios.ae674 : BIOS.obj (.text:ti_sysbios_family_c64p_Cache_invL1pAll__E)
                  c3027560    00000020                   : BIOS.obj (.text:ti_sysbios_family_c64p_Cache_inv__E)
                  c3027580    00000020                   : BIOS.obj (.text:ti_sysbios_family_c64p_Cache_wbInv__E)
                  c30275a0    00000020                   : BIOS.obj (.text:ti_sysbios_family_c64p_Cache_wb__E)
                  c30275c0    00000020     dsp_pe674.oe674 (.text:ti_sysbios_family_c64p_Exception_Module_startup__E)
                  c30275e0    00000020     dsp_pe674.oe674 (.text:ti_sysbios_family_c64p_Hwi_Module__startupDone__S)
                  c3027600    00000020     dsp_pe674.oe674 (.text:ti_sysbios_family_c64p_Hwi_Module_startup__E)
                  c3027620    00000020     dsp_pe674.oe674 (.text:ti_sysbios_family_c64p_Hwi_Params__init__S)
                  c3027640    00000020     sysbios.ae674 : BIOS.obj (.text:ti_sysbios_family_c64p_Hwi_clearInterrupt__E)
                  c3027660    00000020                   : BIOS.obj (.text:ti_sysbios_family_c64p_Hwi_getHandle__E)
                  c3027680    00000020                   : BIOS.obj (.text:ti_sysbios_family_c64p_Hwi_startup__E)
                  c30276a0    00000020                   : BIOS.obj (.text:ti_sysbios_family_c64p_Hwi_switchFromBootStack__E)
                  c30276c0    00000020                   : BIOS.obj (.text:ti_sysbios_family_c64p_Hwi_unPluggedInterrupt__I)
                  c30276e0    00000020     dsp_pe674.oe674 (.text:ti_sysbios_family_c64p_TimestampProvider_Module_startup__E)
                  c3027700    00000020     sysbios.ae674 : BIOS.obj (.text:ti_sysbios_family_c64p_TimestampProvider_Module_startup__F)
                  c3027720    00000020                   : BIOS.obj (.text:ti_sysbios_family_c64p_TimestampProvider_get64__E)
                  c3027740    00000020                   : BIOS.obj (.text:ti_sysbios_gates_GateAll_Instance_init__F)
                  c3027760    00000020     dsp_pe674.oe674 (.text:ti_sysbios_gates_GateAll_query__E)
                  c3027780    00000020     sysbios.ae674 : BIOS.obj (.text:ti_sysbios_gates_GateAll_query__F)
                  c30277a0    00000020                   : BIOS.obj (.text:ti_sysbios_gates_GateHwi_Instance_init__F)
                  c30277c0    00000020                   : BIOS.obj (.text:ti_sysbios_gates_GateHwi_enter__E)
                  c30277e0    00000020                   : BIOS.obj (.text:ti_sysbios_gates_GateHwi_leave__E)
                  c3027800    00000020     dsp_pe674.oe674 (.text:ti_sysbios_gates_GateHwi_query__E)
                  c3027820    00000020     sysbios.ae674 : BIOS.obj (.text:ti_sysbios_gates_GateHwi_query__F)
                  c3027840    00000020                   : BIOS.obj (.text:ti_sysbios_gates_GateMutexPri_Instance_finalize__F)
                  c3027860    00000020     dsp_pe674.oe674 (.text:ti_sysbios_gates_GateMutexPri_query__E)
                  c3027880    00000020     sysbios.ae674 : BIOS.obj (.text:ti_sysbios_gates_GateMutexPri_query__F)
                  c30278a0    00000020                   : BIOS.obj (.text:ti_sysbios_gates_GateMutex_Instance_finalize__F)
                  c30278c0    00000020     dsp_pe674.oe674 (.text:ti_sysbios_gates_GateMutex_query__E)
                  c30278e0    00000020     sysbios.ae674 : BIOS.obj (.text:ti_sysbios_gates_GateMutex_query__F)
                  c3027900    00000020                   : BIOS.obj (.text:ti_sysbios_gates_GateSwi_Instance_init__F)
                  c3027920    00000020                   : BIOS.obj (.text:ti_sysbios_gates_GateSwi_enter__E)
                  c3027940    00000020                   : BIOS.obj (.text:ti_sysbios_gates_GateSwi_leave__E)
                  c3027960    00000020     dsp_pe674.oe674 (.text:ti_sysbios_gates_GateSwi_query__E)
                  c3027980    00000020     sysbios.ae674 : BIOS.obj (.text:ti_sysbios_gates_GateSwi_query__F)
                  c30279a0    00000020     dsp_pe674.oe674 (.text:ti_sysbios_hal_Cache_CacheProxy_inv__E)
                  c30279c0    00000020     dsp_pe674.oe674 (.text:ti_sysbios_hal_Cache_CacheProxy_wbInv__E)
                  c30279e0    00000020     dsp_pe674.oe674 (.text:ti_sysbios_hal_Cache_CacheProxy_wb__E)
                  c3027a00    00000020     sysbios.ae674 : BIOS.obj (.text:ti_sysbios_hal_Cache_inv__E)
                  c3027a20    00000020                   : BIOS.obj (.text:ti_sysbios_hal_Cache_wbInv__E)
                  c3027a40    00000020                   : BIOS.obj (.text:ti_sysbios_hal_Cache_wb__E)
                  c3027a60    00000020     dsp_pe674.oe674 (.text:ti_sysbios_hal_Hwi_HwiProxy_Module__startupDone__S)
                  c3027a80    00000020     dsp_pe674.oe674 (.text:ti_sysbios_hal_Hwi_HwiProxy_Object__create__S)
                  c3027aa0    00000020     dsp_pe674.oe674 (.text:ti_sysbios_hal_Hwi_HwiProxy_Object__delete__S)
                  c3027ac0    00000020     dsp_pe674.oe674 (.text:ti_sysbios_hal_Hwi_HwiProxy_clearInterrupt__E)
                  c3027ae0    00000020     dsp_pe674.oe674 (.text:ti_sysbios_hal_Hwi_HwiProxy_disableInterrupt__E)
                  c3027b00    00000020     dsp_pe674.oe674 (.text:ti_sysbios_hal_Hwi_HwiProxy_enableInterrupt__E)
                  c3027b20    00000020     dsp_pe674.oe674 (.text:ti_sysbios_hal_Hwi_HwiProxy_getStackInfo__E)
                  c3027b40    00000020     dsp_pe674.oe674 (.text:ti_sysbios_hal_Hwi_HwiProxy_startup__E)
                  c3027b60    00000020     dsp_pe674.oe674 (.text:ti_sysbios_hal_Hwi_HwiProxy_switchFromBootStack__E)
                  c3027b80    00000020     sysbios.ae674 : BIOS.obj (.text:ti_sysbios_hal_Hwi_Instance_finalize__F)
                  c3027ba0    00000020     dsp_pe674.oe674 (.text:ti_sysbios_hal_Hwi_Module_startup__E)
                  c3027bc0    00000020     sysbios.ae674 : BIOS.obj (.text:ti_sysbios_hal_Hwi_Module_startup__F)
                  c3027be0    00000020     dsp_pe674.oe674 (.text:ti_sysbios_hal_Hwi_Params__init__S)
                  c3027c00    00000020     sysbios.ae674 : BIOS.obj (.text:ti_sysbios_hal_Hwi_enableInterrupt__E)
                  c3027c20    00000020                   : BIOS.obj (.text:ti_sysbios_hal_Hwi_startup__E)
                  c3027c40    00000020     dsp_pe674.oe674 (.text:ti_sysbios_hal_Timer_Module__startupDone__S)
                  c3027c60    00000020     dsp_pe674.oe674 (.text:ti_sysbios_hal_Timer_Module_startup__E)
                  c3027c80    00000020     sysbios.ae674 : BIOS.obj (.text:ti_sysbios_hal_Timer_Module_startup__F)
                  c3027ca0    00000020     dsp_pe674.oe674 (.text:ti_sysbios_hal_Timer_TimerProxy_Module__startupDone__S)
                  c3027cc0    00000020     dsp_pe674.oe674 (.text:ti_sysbios_hal_Timer_TimerProxy_getExpiredCounts__E)
                  c3027ce0    00000020     dsp_pe674.oe674 (.text:ti_sysbios_hal_Timer_TimerProxy_getPeriod__E)
                  c3027d00    00000020     dsp_pe674.oe674 (.text:ti_sysbios_hal_Timer_TimerProxy_setNextTick__E)
                  c3027d20    00000020     dsp_pe674.oe674 (.text:ti_sysbios_hal_Timer_TimerProxy_startup__E)
                  c3027d40    00000020     sysbios.ae674 : BIOS.obj (.text:ti_sysbios_hal_Timer_startup__E)
                  c3027d60    00000020     dsp_pe674.oe674 (.text:ti_sysbios_heaps_HeapMem_Module_GateProxy_enter__E)
                  c3027d80    00000020     dsp_pe674.oe674 (.text:ti_sysbios_heaps_HeapMem_Module_GateProxy_leave__E)
                  c3027da0    00000020     dsp_pe674.oe674 (.text:ti_sysbios_heaps_HeapMem_Module_GateProxy_query__E)
                  c3027dc0    00000020     sysbios.ae674 : BIOS.obj (.text:ti_sysbios_heaps_HeapMem_isBlocking__E)
                  c3027de0    00000020     dsp_pe674.oe674 (.text:ti_sysbios_knl_Clock_Module_startup__E)
                  c3027e00    00000020     dsp_pe674.oe674 (.text:ti_sysbios_knl_Clock_Params__init__S)
                  c3027e20    00000020     sysbios.ae674 : BIOS.obj (.text:ti_sysbios_knl_Clock_logTick__E)
                  c3027e40    00000020                   : BIOS.obj (.text:ti_sysbios_knl_Idle_loop__E)
                  c3027e60    00000020                   : BIOS.obj (.text:ti_sysbios_knl_Queue_Instance_init__F)
                  c3027e80    00000020     dsp_pe674.oe674 (.text:ti_sysbios_knl_Queue_Object__destruct__S)
                  c3027ea0    00000020     dsp_pe674.oe674 (.text:ti_sysbios_knl_Queue_Object__get__S)
                  c3027ec0    00000020     sysbios.ae674 : BIOS.obj (.text:ti_sysbios_knl_Queue_empty__E)
                  c3027ee0    00000020                   : BIOS.obj (.text:ti_sysbios_knl_Semaphore_Instance_finalize__F)
                  c3027f00    00000020     dsp_pe674.oe674 (.text:ti_sysbios_knl_Semaphore_Params__init__S)
                  c3027f20    00000020     sysbios.ae674 : BIOS.obj (.text:ti_sysbios_knl_Swi_Instance_finalize__F)
                  c3027f40    00000020     dsp_pe674.oe674 (.text:ti_sysbios_knl_Swi_Module_startup__E)
                  c3027f60    00000020     dsp_pe674.oe674 (.text:ti_sysbios_knl_Swi_Params__init__S)
                  c3027f80    00000020     sysbios.ae674 : BIOS.obj (.text:ti_sysbios_knl_Swi_disable__E)
                  c3027fa0    00000020                   : BIOS.obj (.text:ti_sysbios_knl_Swi_startup__E)
                  c3027fc0    00000020     dsp_pe674.oe674 (.text:ti_sysbios_knl_Task_Module_startup__E)
                  c3027fe0    00000020     dsp_pe674.oe674 (.text:ti_sysbios_knl_Task_Object__first__S)
                  c3028000    00000020     dsp_pe674.oe674 (.text:ti_sysbios_knl_Task_Object__next__S)
                  c3028020    00000020     dsp_pe674.oe674 (.text:ti_sysbios_knl_Task_Params__init__S)
                  c3028040    00000020     dsp_pe674.oe674 (.text:ti_sysbios_knl_Task_SupportProxy_Module__startupDone__S)
                  c3028060    00000020     dsp_pe674.oe674 (.text:ti_sysbios_knl_Task_SupportProxy_checkStack__E)
                  c3028080    00000020     dsp_pe674.oe674 (.text:ti_sysbios_knl_Task_SupportProxy_getStackAlignment__E)
                  c30280a0    00000020     dsp_pe674.oe674 (.text:ti_sysbios_knl_Task_SupportProxy_start__E)
                  c30280c0    00000020     dsp_pe674.oe674 (.text:ti_sysbios_knl_Task_SupportProxy_swap__E)
                  c30280e0    00000020     sysbios.ae674 : BIOS.obj (.text:ti_sysbios_knl_Task_disable__E)
                  c3028100    00000020                   : BIOS.obj (.text:ti_sysbios_knl_Task_getPri__E)
                  c3028120    00000020                   : BIOS.obj (.text:ti_sysbios_knl_Task_self__E)
                  c3028140    00000020                   : BIOS.obj (.text:ti_sysbios_knl_Task_startup__E)
                  c3028160    00000020                   : BIOS.obj (.text:ti_sysbios_syncs_SyncSem_Instance_finalize__F)
                  c3028180    00000020     dsp_pe674.oe674 (.text:ti_sysbios_syncs_SyncSem_query__E)
                  c30281a0    00000020     sysbios.ae674 : BIOS.obj (.text:ti_sysbios_syncs_SyncSem_query__F)
                  c30281c0    00000020     dsp_pe674.oe674 (.text:ti_sysbios_syncs_SyncSem_signal__E)
[...]
c303b2be   ti_sdo_ipc_gates_GatePeterson_Module__id__C
c303b2ce   ti_sdo_ipc_heaps_HeapBufMP_Module__id__C
c303b2dc   ti_sdo_ipc_Ipc_E_internal__C
c303b2e0   ti_sdo_ipc_Ipc_userFxns__A
c303b2ec   ti_sysbios_family_c64p_Cache_initSize__C
c303b304   ti_sdo_ipc_Ipc_E_nameFailed__C
c303b314   ti_sdo_ipc_Ipc_E_versionMismatch__C
c303b324   ti_sdo_ipc_Ipc_numUserFxns__C
c303b334   ti_sdo_ipc_Ipc_procSync__C
c303b344   ti_sdo_ipc_Ipc_userFxns__C
c303b354   ti_sdo_ipc_MessageQ_E_indexNotAvailable__C
c303b362   ti_sdo_ipc_heaps_HeapBufMP_trackAllocs__C
c303b364   ti_sdo_ipc_MessageQ_E_maxReached__C
c303b372   ti_sdo_ipc_heaps_HeapMemMP_Module__id__C
c303b374   ti_sdo_ipc_MessageQ_E_nameFailed__C
c303b382   ti_sdo_ipc_nsremote_NameServerRemoteNotify_Module__id__C
c303b384   ti_sdo_ipc_MessageQ_Instance_State_highList__O
c303b392   ti_sdo_ipc_transports_TransportShm_Module__id__C
c303b394   ti_sdo_ipc_MessageQ_Instance_State_normalList__O
c303b3a2   ti_sdo_ipc_transports_TransportShm_notifyEventId__C
c303b3a4   ti_sdo_ipc_MessageQ_Object__count__C
c303b3b2   ti_sdo_utils_MultiProc_numProcessors__C
c303b3b4   ti_sdo_ipc_MessageQ_Object__heap__C
c303b3c2   ti_sdo_utils_MultiProc_numProcsInCluster__C
c303b3c4   ti_sdo_ipc_MessageQ_maxRuntimeEntries__C
c303b3e0   ti_sdo_utils_MultiProc_nameList__A
c303b3e8   ti_sysbios_knl_Idle_coreList__C
c303b3f0   ti_sysbios_knl_Idle_funcList__C
c303b3f8   ti_sysbios_knl_Task_hooks__C
c303b400   xdc_runtime_Startup_firstFxns__A
c303b408   xdc_runtime_Startup_firstFxns__C
c303b410   xdc_runtime_Startup_lastFxns__C
c303b418   ti_sdo_ipc_MessageQ_numReservedEntries__C
c303b41c   ti_sdo_ipc_Notify_Module__gateObj__C
c303b420   ti_sdo_ipc_Notify_Object__heap__C
c303b424   ti_sdo_ipc_Notify_numEvents__C
c303b428   ti_sdo_ipc_Notify_sendEventPollCount__C
c303b42c   ti_sdo_ipc_SharedRegion_INVALIDSRPTR__C
c303b430   ti_sdo_ipc_SharedRegion_numOffsetBits__C
c303b434   ti_sdo_ipc_SharedRegion_offsetMask__C
c303b438   ti_sdo_ipc_family_da830_NotifySetup_armRecvIntId0__C
c303b43c   ti_sdo_ipc_family_da830_NotifySetup_armRecvIntId1__C
c303b440   ti_sdo_ipc_family_da830_NotifySetup_dspIntVectId0__C
c303b444   ti_sdo_ipc_family_da830_NotifySetup_dspIntVectId1__C
c303b448   ti_sdo_ipc_family_da830_NotifySetup_dspRecvIntId0__C
c303b44c   ti_sdo_ipc_family_da830_NotifySetup_dspRecvIntId1__C
c303b450   ti_sdo_ipc_gates_GatePeterson_E_gateRemotelyOpened__C
c303b454   ti_sdo_ipc_heaps_HeapBufMP_E_alignTooLarge__C
c303b458   ti_sdo_ipc_heaps_HeapBufMP_E_exactFail__C
c303b45c   ti_sdo_ipc_heaps_HeapBufMP_E_noBlocksLeft__C
c303b460   ti_sdo_ipc_heaps_HeapBufMP_E_sizeTooLarge__C
c303b464   ti_sdo_ipc_heaps_HeapMemMP_E_memory__C
c303b468   ti_sdo_ipc_interfaces_IGateMPSupport_Interface__BASE__C
c303b46c   ti_sdo_ipc_interfaces_IMessageQTransport_Interface__BASE__C
c303b470   ti_sdo_ipc_interfaces_INotifyDriver_Interface__BASE__C
c303b474   ti_sdo_ipc_notifyDrivers_NotifyDriverShm_Object__heap__C
c303b478   ti_sdo_ipc_nsremote_NameServerRemoteNotify_Instance_State_semMultiBlock__O
c303b47c   ti_sdo_ipc_nsremote_NameServerRemoteNotify_Instance_State_semRemoteWait__O
c303b480   ti_sdo_ipc_nsremote_NameServerRemoteNotify_Instance_State_swiObj__O
c303b484   ti_sdo_ipc_nsremote_NameServerRemoteNotify_notifyEventId__C
c303b488   ti_sdo_ipc_nsremote_NameServerRemoteNotify_timeout__C
c303b48c   ti_sdo_ipc_transports_TransportShmSetup_priority__C
c303b490   ti_sdo_ipc_transports_TransportShm_Instance_State_swiObj__O
c303b494   ti_sdo_utils_INameServerRemote_Interface__BASE__C
c303b498   ti_sdo_utils_MultiProc_nameList__C
c303b49c   ti_sdo_utils_MultiProc_procIdList__C
c303b4a0   ti_sdo_utils_MultiProc_procIdList__A
c303b4a4   ti_sdo_utils_NameServer_E_entryExists__C
c303b4a8   ti_sdo_utils_NameServer_E_maxReached__C
c303b4ac   ti_sdo_utils_NameServer_Instance_State_freeList__O
c303b4b0   ti_sdo_utils_NameServer_Instance_State_nameList__O
c303b4b4   ti_sdo_utils_NameServer_Object__count__C
c303b4b8   ti_sysbios_BIOS_installedErrorHook__C
c303b4bc   ti_sysbios_family_c62_TaskSupport_stackAlignment__C
c303b4c0   ti_sysbios_family_c64p_Cache_EMIFA_BASE__C
c303b4c4   ti_sysbios_family_c64p_Cache_EMIFA_CFG__C
c303b4c8   ti_sysbios_family_c64p_Cache_EMIFA_LENGTH__C
c303b4cc   ti_sysbios_family_c64p_Cache_EMIFB_BASE__C
c303b4d0   ti_sysbios_family_c64p_Cache_EMIFB_CFG__C
c303b4d4   ti_sysbios_family_c64p_Cache_EMIFB_LENGTH__C
c303b4d8   ti_sysbios_family_c64p_Cache_EMIFC_BASE__C
c303b4dc   ti_sysbios_family_c64p_Cache_EMIFC_CFG__C
c303b4e0   ti_sysbios_family_c64p_Cache_EMIFC_LENGTH__C
c303b4e4   ti_sysbios_family_c64p_Cache_MAR0_31__C
c303b4e8   ti_sysbios_family_c64p_Cache_MAR128_159__C
c303b4ec   ti_sysbios_family_c64p_Cache_MAR160_191__C
c303b4f0   ti_sysbios_family_c64p_Cache_MAR192_223__C
c303b4f4   ti_sysbios_family_c64p_Cache_MAR224_255__C
c303b4f8   ti_sysbios_family_c64p_Cache_MAR32_63__C
c303b4fc   ti_sysbios_family_c64p_Cache_MAR64_95__C
c303b500   ti_sysbios_family_c64p_Cache_MAR96_127__C
c303b504   ti_sysbios_family_c64p_Exception_E_exceptionMax__C
c303b508   ti_sysbios_family_c64p_Exception_E_exceptionMin__C
c303b50c   ti_sysbios_family_c64p_Exception_exceptionHook__C
c303b510   ti_sysbios_family_c64p_Exception_externalHook__C
c303b514   ti_sysbios_family_c64p_Exception_internalHook__C
c303b518   ti_sysbios_family_c64p_Exception_nmiHook__C
c303b51c   ti_sysbios_family_c64p_Hwi_E_alreadyDefined__C
c303b520   ti_sysbios_family_c64p_Hwi_E_handleNotFound__C
c303b524   ti_sysbios_gates_GateMutexPri_Instance_State_pendQ__O
c303b528   ti_sysbios_gates_GateMutex_Instance_State_sem__O
c303b52c   ti_sysbios_hal_Hwi_E_stackOverflow__C
c303b530   ti_sysbios_heaps_HeapMem_E_memory__C
c303b534   ti_sysbios_heaps_HeapMem_Module__gateObj__C
c303b538   ti_sysbios_heaps_HeapMem_Object__count__C
c303b53c   ti_sysbios_heaps_HeapMem_reqAlign__C
c303b540   ti_sysbios_knl_Clock_Module_State_clockQ__O
c303b544   ti_sysbios_knl_Clock_tickMode__C
c303b548   ti_sysbios_knl_Clock_tickPeriod__C
c303b54c   ti_sysbios_knl_Clock_tickSource__C
c303b550   ti_sysbios_knl_Idle_coreList__A
c303b554   ti_sysbios_knl_Semaphore_Instance_State_pendQ__O
c303b558   ti_sysbios_knl_Idle_funcList__A
c303b55c   ti_sysbios_knl_Swi_Object__count__C
c303b560   ti_sysbios_knl_Swi_numPriorities__C
c303b564   ti_sysbios_knl_Task_E_deleteNotAllowed__C
c303b568   ti_sysbios_knl_Task_E_spOutOfBounds__C
c303b56c   ti_sysbios_knl_Task_E_stackOverflow__C
c303b570   ti_sysbios_knl_Task_Module_State_inactiveQ__O
c303b574   ti_sysbios_knl_Task_Module_State_terminatedQ__O
c303b578   ti_sysbios_knl_Task_Object__count__C
c303b57c   ti_sysbios_knl_Task_Object__heap__C
c303b580   ti_sysbios_knl_Task_allBlockedFunc__C
c303b584   ti_sysbios_knl_Task_defaultStackHeap__C
c303b588   ti_sysbios_knl_Task_defaultStackSize__C
c303b58c   ti_sysbios_knl_Task_numConstructedTasks__C
c303b590   ti_sysbios_timers_timer64_Timer_E_cannotSupport__C
c303b594   ti_sysbios_timers_timer64_Timer_E_invalidTimer__C
c303b598   ti_sysbios_timers_timer64_Timer_E_notAvailable__C
c303b59c   ti_sysbios_timers_timer64_Timer_anyMask__C
c303b5a0   ti_sysbios_timers_timer64_Timer_defaultHalf__C
c303b5a4   ti_sysbios_timers_timer64_Timer_freqDivisor__C
c303b5a8   ti_sysbios_timers_timer64_Timer_numLocalTimers__C
c303b5ac   ti_sysbios_timers_timer64_Timer_numTimerDevices__C
c303b5b0   ti_sysbios_xdcruntime_GateThreadSupport_Instance_State_gate__O
c303b5b4   xdc_runtime_Assert_E_assertFailed__C
c303b5b8   xdc_runtime_Core_A_initializedParams__C
c303b5bc   xdc_runtime_Core_Module__diagsEnabled__C
c303b5c0   xdc_runtime_Core_Module__diagsIncluded__C
c303b5c4   xdc_runtime_Core_Module__diagsMask__C
c303b5c8   xdc_runtime_Diags_dictBase__C
c303b5cc   xdc_runtime_Error_E_memory__C
c303b5d0   xdc_runtime_Error_Module__diagsEnabled__C
c303b5d4   xdc_runtime_Error_Module__diagsIncluded__C
c303b5d8   xdc_runtime_Error_Module__diagsMask__C
c303b5dc   xdc_runtime_Error_Module__loggerFxn8__C
c303b5e0   xdc_runtime_Error_Module__loggerObj__C
c303b5e4   xdc_runtime_Error_policy__C
c303b5e8   xdc_runtime_Error_raiseHook__C
c303b5ec   xdc_runtime_IFilterLogger_Interface__BASE__C
c303b5f0   xdc_runtime_IGateProvider_Interface__BASE__C
c303b5f4   xdc_runtime_IHeap_Interface__BASE__C
c303b5f8   xdc_runtime_ILogger_Interface__BASE__C
c303b5fc   xdc_runtime_IModule_Interface__BASE__C
c303b600   xdc_runtime_Log_L_error__C
c303b604   xdc_runtime_LoggerBuf_E_badLevel__C
c303b608   xdc_runtime_LoggerBuf_Module__gateObj__C
c303b60c   xdc_runtime_LoggerBuf_Object__count__C
c303b610   xdc_runtime_LoggerBuf_statusLogger__C
c303b614   xdc_runtime_Memory_defaultHeapInstance__C
c303b618   xdc_runtime_Registry_Module__diagsEnabled__C
c303b61c   xdc_runtime_Registry_Module__diagsIncluded__C
c303b620   xdc_runtime_Registry_Module__diagsMask__C
c303b624   xdc_runtime_Registry_Module__loggerFxn1__C
c303b628   xdc_runtime_Registry_Module__loggerFxn2__C
c303b62c   xdc_runtime_Registry_Module__loggerFxn4__C
c303b630   xdc_runtime_Registry_Module__loggerObj__C
c303b634   xdc_runtime_Startup_execImpl__C
c303b638   xdc_runtime_Startup_lastFxns__A
c303b63c   xdc_runtime_Startup_maxPasses__C
c303b640   xdc_runtime_Startup_sfxnRts__C
c303b644   xdc_runtime_Startup_sfxnTab__C
c303b648   xdc_runtime_SysMin_bufSize__C
c303b64c   xdc_runtime_SysMin_outputFunc__C
c303b650   xdc_runtime_System_Module__gateObj__C
c303b654   xdc_runtime_System_extendFxn__C
c303b658   xdc_runtime_System_maxAtexitHandlers__C
c303b65c   xdc_runtime_Text_charTab__C
c303b660   xdc_runtime_Text_nameEmpty__C
c303b664   xdc_runtime_Text_nameStatic__C
c303b668   xdc_runtime_Text_nameUnknown__C
c303b66c   xdc_runtime_Text_nodeTab__C
c303b670   xdc_runtime_Text_visitRopeFxn__C
c303b674   xdc_runtime_knl_ISync_Interface__BASE__C
c303b678   ti_sdo_utils_NameServer_Module__id__C
c303b67a   ti_sdo_utils_NameServer_singleProcessor__C
c303b67c   ti_sysbios_family_c64p_Exception_Module__id__C
c303b67e   ti_sysbios_family_c64p_Exception_enableExternalMPC__C
c303b680   ti_sysbios_family_c64p_Exception_enablePrint__C
c303b682   ti_sysbios_family_c64p_Exception_useInternalBuffer__C
c303b684   ti_sysbios_family_c64p_Hwi_Module__id__C
c303b686   ti_sysbios_hal_Hwi_Module__id__C
c303b688   ti_sysbios_heaps_HeapMem_Module__id__C
c303b68a   ti_sysbios_knl_Task_Module__id__C
c303b68c   ti_sysbios_knl_Task_deleteTerminatedTasks__C
c303b68e   ti_sysbios_knl_Task_initStackFlag__C
c303b690   ti_sysbios_timers_timer64_Timer_Module__id__C
c303b692   ti_sysbios_timers_timer64_Timer_startupNeeded__C
c303b694   xdc_runtime_Core_Module__id__C
c303b696   xdc_runtime_Diags_setMaskEnabled__C
c303b698   xdc_runtime_Error_Module__loggerDefined__C
c303b69a   xdc_runtime_Error_maxDepth__C
c303b69c   xdc_runtime_LoggerBuf_Module__id__C
c303b69e   xdc_runtime_LoggerBuf_filterByLevel__C
c303b6a0   xdc_runtime_Memory_Module__id__C
c303b6a2   xdc_runtime_Registry_Module__loggerDefined__C
c303b6a4   xdc_runtime_SysMin_flushAtExit__C
c303b6a6   xdc_runtime_Text_charCnt__C
c303b6a8   xdc_runtime_Text_isLoaded__C
c303b6aa   xdc_runtime_Text_registryModsLastId__C
c303b6ac   xdc_runtime_Text_unnamedModsLastId__C
c303b6b0   ti_sdo_ipc_GateMP_Module_State_0_remoteSystemGates__A
c303beb0   ti_sdo_ipc_GateMP_Module__root__V
c303bebc   ti_sdo_ipc_GateMP_Module__state__V
c303bf04   ti_sdo_ipc_Ipc_Module__root__V
c303bf08   ti_sdo_ipc_Ipc_Module__state__V
c303bf14   ti_sdo_ipc_ListMP_Module__root__V
c303bf20   ti_sdo_ipc_ListMP_Module__state__V
c303bf24   ti_sdo_ipc_MessageQ_Module__root__V
c303bf30   ti_sdo_ipc_MessageQ_Module__state__V
c303bf50   ti_sdo_ipc_Notify_Module__root__V
c303bf5c   ti_sdo_ipc_Notify_Module__state__V
c303bf64   ti_sdo_ipc_SharedRegion_Module__root__V
c303bf68   ti_sdo_ipc_SharedRegion_Module__state__V
c303bf6c   ti_sdo_ipc_family_da830_InterruptDsp_Module__root__V
c303bf6e   ti_sdo_ipc_family_da830_NotifySetup_Module__root__V
c303bf70   ti_sdo_ipc_gates_GateMPSupportNull_Module__root__V
c303bf7c   ti_sdo_ipc_gates_GatePeterson_Module__root__V
c303bf88   ti_sdo_ipc_heaps_HeapBufMP_Module__root__V
c303bf94   ti_sdo_ipc_heaps_HeapBufMP_Module__state__V
c303bf98   ti_sdo_ipc_heaps_HeapMemMP_Module__root__V
c303bfa4   ti_sdo_ipc_heaps_HeapMemMP_Module__state__V
c303bfa8   ti_sdo_ipc_notifyDrivers_NotifyDriverShm_Module__root__V
c303bfb4   ti_sdo_ipc_nsremote_NameServerRemoteNotify_Module__root__V
c303bfc0   ti_sdo_ipc_transports_TransportShm_Module__root__V
c303bfcc   ti_sdo_ipc_transports_TransportShmSetup_Module__root__V
c303bfd0   ti_sdo_ipc_transports_TransportShmSetup_Module__state__V
c303bfd4   ti_sdo_utils_List_Module__root__V
c303bfe0   ti_sdo_utils_MultiProc_Module__root__V
c303bfe2   ti_sdo_utils_MultiProc_Module__state__V
c303bfe8   ti_sdo_utils_NameServer_Module__root__V
c303bff4   ti_sdo_utils_NameServer_Module__state__V
c303bffc   ti_sdo_utils_NameServerRemoteNull_Module__root__V
c303c008   ti_sysbios_BIOS_Module__root__V
c303c00c   ti_sysbios_BIOS_Module__state__V
c303c02c   ti_sysbios_family_c62_IntrinsicsSupport_Module__root__V
c303c02e   ti_sysbios_family_c62_TaskSupport_Module__root__V
c303c030   ti_sysbios_family_c64p_Cache_Module__root__V
c303c034   ti_sysbios_family_c64p_Cache_Module__state__V
c303c038   ti_sysbios_family_c64p_Exception_Module__root__V
c303c03c   ti_sysbios_family_c64p_Exception_Module__state__V
c303c06c   ti_sysbios_family_c64p_Hwi_Module__root__V
c303c078   ti_sysbios_family_c64p_Hwi_Module__state__V
c303c0e0   ti_sysbios_family_c64p_primus_TimerSupport_Module__root__V
c303c0e4   ti_sysbios_family_c64p_primus_TimerSupport_Module__state__V
c303c0e8   ti_sysbios_gates_GateAll_Module__root__V
c303c0f4   ti_sysbios_gates_GateHwi_Module__root__V
c303c100   ti_sysbios_gates_GateMutex_Module__root__V
c303c10c   ti_sysbios_gates_GateMutexPri_Module__root__V
c303c118   ti_sysbios_gates_GateSwi_Module__root__V
c303c124   ti_sysbios_hal_Cache_Module__root__V
c303c128   ti_sysbios_hal_Hwi_Module__root__V
c303c134   ti_sysbios_hal_Timer_Module__root__V
c303c140   ti_sysbios_heaps_HeapMem_Module__root__V
c303c14c   ti_sysbios_knl_Clock_Module__root__V
c303c158   ti_sysbios_knl_Clock_Module__state__V
c303c180   ti_sysbios_knl_Idle_Module__root__V
c303c182   ti_sysbios_knl_Intrinsics_Module__root__V
c303c184   ti_sysbios_knl_Queue_Module__root__V
c303c190   ti_sysbios_knl_Semaphore_Module__root__V
c303c19c   ti_sysbios_knl_Swi_Module__root__V
c303c1a8   ti_sysbios_knl_Swi_Module__state__V
c303c1c4   ti_sysbios_knl_Task_Module__root__V
c303c1d0   ti_sysbios_knl_Task_Module__state__V
c303c214   ti_sysbios_syncs_SyncSem_Module__root__V
c303c220   ti_sysbios_timers_timer64_Timer_Module__root__V
c303c22c   ti_sysbios_timers_timer64_Timer_Module__state__V
c303c240   ti_sysbios_xdcruntime_GateThreadSupport_Module__root__V
c303c24c   xdc_runtime_Defaults_Module__root__V
c303c24e   xdc_runtime_Error_Module__root__V
c303c250   xdc_runtime_Error_Module__state__V
c303c254   xdc_runtime_GateNull_Module__root__V
c303c25c   xdc_runtime_LoggerBuf_Module__root__V
c303c264   xdc_runtime_LoggerBuf_Module__state__V
c303c26a   xdc_runtime_Main_Module__root__V
c303c26c   xdc_runtime_Memory_Module__state__V
c303c270   xdc_runtime_Registry_Module__root__V
c303c274   xdc_runtime_Registry_Module__state__V
c303c27c   xdc_runtime_Startup_Module__state__V
c303c284   xdc_runtime_SysMin_Module__state__V
c303c290   xdc_runtime_System_Module__state__V
c303c29c   xdc_runtime_Text_Module__state__V
c303c2a4   xdc_runtime_knl_GateThread_Module__root__V
c303c2b0   __xdc__init__addr
c303c2b8   Cw
c303c4b8   xdc_runtime_Diags_dictElems
c303c658   ti_sdo_utils_NameServer_Object__table__V
c303c770   ti_sdo_ipc_SharedRegion_Module_State_0_regions__A
c303c800   ti_sysbios_knl_Swi_Module_State_0_readyQ__A
c303c880   ti_sysbios_knl_Task_Module_State_0_readyQ__A
c303c900   ti_sysbios_timers_timer64_Timer_Module_State_0_device__A
c303c960   TSK_idle
c303c960   ti_sysbios_knl_Task_Object__table__V
c303c9ac   __errno
c303c9ac   errno
c303c9b0   ti_sysbios_timers_timer64_Timer_Object__table__V
c303ca00   brev
c303ca40   ti_sysbios_gates_GateMutex_Object__table__V
c303ca80   ti_sysbios_knl_Swi_Object__table__V
c303cab0   ti_sdo_ipc_Ipc_Module_State_0_procEntry__A
c303cad8   xdc_runtime_LoggerBuf_Object__table__V
c303cb00   ti_sdo_ipc_MessageQ_Module_State_0_heaps__A
c303cb20   ti_sysbios_timers_timer64_Timer_Module_State_0_gctrl__A
c303cb40   ti_sysbios_timers_timer64_Timer_Module_State_0_handles__A
c303cb60   ti_sysbios_timers_timer64_Timer_Module_State_0_intFreqs__A
c303cb80   xdc_runtime_System_Module_State_0_atexitHandlers__A
c303cba0   ti_sysbios_family_c64p_Hwi_Object__table__V
c303cbb8   ti_sysbios_gates_GateMutexPri_Object__table__V
c303cbd0   ti_sysbios_heaps_HeapMem_Object__table__V
c303cbe8   findindex
c303cbf8   ti_sdo_ipc_MessageQ_Module_State_0_transports__A
c303cc08   ti_sysbios_gates_GateAll_Object__table__V
c303cc54   _cleanup_ptr
c303cc58   _dtors_ptr
c303cc5c   __TI_enable_exit_profile_output
c303cc60   ti_sysbios_gates_GateSwi_Object__table__V
c303cc6c   _lock
c303cc70   _unlock
c303cc78   ti_sdo_ipc_Notify_Module_State_0_notifyHandles__A
c303cc80   ti_sdo_ipc_transports_TransportShmSetup_Module_State_0_handles__A
c303cc88   ti_sysbios_family_c64p_primus_TimerSupport_Module_State_0_suspSrc__A
c303cc90   ti_sysbios_hal_Hwi_Object__table__V
c303cc98   ti_sysbios_hal_Timer_Object__table__V
c303cca0   ti_sdo_ipc_GateMP_Module_State_0_remoteCustom2Gates__A
c303cca8   ti_sdo_ipc_Notify_Module_State_0_notifyHandles_0__A
c303ccb0   ti_sdo_ipc_Notify_Module_State_0_notifyHandles_1__A
c303ccb8   ti_sysbios_gates_GateHwi_Object__table__V
c303ccc0   ti_sysbios_knl_Task_Module_State_0_idleTask__A
c303ccc8   xdc_runtime_GateNull_Object__table__V
c303ccf0   _stack
c303dcf0   __TI_STACK_END
c303de70   __CIOBUF_
c303df90   __c_args__
c303e000   ti_sysbios_family_c64p_Hwi0
c303e000   ti_sysbios_family_c64p_Hwi_int0
c303e020   ti_sysbios_family_c64p_Hwi_int1
c303e040   ti_sysbios_family_c64p_Hwi_int2
c303e060   ti_sysbios_family_c64p_Hwi_int3
c303e080   ti_sysbios_family_c64p_Hwi_int4
c303e0a0   ti_sysbios_family_c64p_Hwi_int5
c303e0c0   ti_sysbios_family_c64p_Hwi_int6
c303e0e0   ti_sysbios_family_c64p_Hwi_int7
c303e100   ti_sysbios_family_c64p_Hwi_int8
c303e120   ti_sysbios_family_c64p_Hwi_int9
c303e140   ti_sysbios_family_c64p_Hwi_int10
c303e160   ti_sysbios_family_c64p_Hwi_int11
c303e180   ti_sysbios_family_c64p_Hwi_int12
c303e1a0   ti_sysbios_family_c64p_Hwi_int13
c303e1c0   ti_sysbios_family_c64p_Hwi_int14
c303e1e0   ti_sysbios_family_c64p_Hwi_int15
c303e200   LEDDATA
c303e200   __TI_STATIC_BASE
c303e204   Timer3
c303e208   SecondClock
c303e20c   faqueue
c303e210   fasem
c303e214   tickets
c303e218   distance
c303e21c   towards
c303e220   FGflag
c303e224   yxstatus
c303e228   Syslink_terminateEventId
c303e22c   Syslink_terminateEventLineId
c303e400   _Ipc_ResetVector
c303e408   Ipc_sr0MemorySetup
ffffffff   __TI_pprof_out_hndl
ffffffff   __TI_prof_data_size
ffffffff   __TI_prof_data_start
ffffffff   __binit__
ffffffff   binit
UNDEFED    __TI_CINIT_Base
UNDEFED    __TI_CINIT_Limit
UNDEFED    __TI_Handler_Table_Base
UNDEFED    __TI_Handler_Table_Limit
UNDEFED    __TI_INITARRAY_Base
UNDEFED    __TI_INITARRAY_Limit

[1443 symbols]


DYNAMIC SYMBOLS: SORTED ALPHABETICALLY BY Name 

address    name
--------   ----
UNDEFED    
c303c960   TSK_idle
c303e400   _Ipc_ResetVector
c303dcf0   __TI_STACK_END
00001000   __TI_STACK_SIZE
c303e200   __TI_STATIC_BASE
ffffffff   __TI_pprof_out_hndl
ffffffff   __TI_prof_data_size
ffffffff   __TI_prof_data_start
ffffffff   __binit__
c303df90   __c_args__
00000064   _argsize
ffffffff   binit
00000001   xdc_runtime_Startup__EXECFXN__C
00000001   xdc_runtime_Startup__RESETFXN__C

[15 symbols]


IMPORTED and EXPORTED SYMBOLS: SORTED ALPHABETICALLY BY Name 

IMPORTED SYMBOLS

name                           size      Imported from
-----------------------------  --------  -------------

[0 symbols]


EXPORTED SYMBOLS

address    name
--------   ----
c303e400   _Ipc_ResetVector
